 aectest

 Timestamp is 57d7f162 (Tue Sep 13 20:30:26 2016)

 Preferred load address is 00400000

 Start         Length     Name                   Class
 0001:00000000 0001f05eH .text                   CODE
 0002:00000000 00000258H .idata$5                DATA
 0002:00000258 00000004H .CRT$XCA                DATA
 0002:0000025c 00000004H .CRT$XCAA               DATA
 0002:00000260 00000004H .CRT$XCZ                DATA
 0002:00000264 00000004H .CRT$XIA                DATA
 0002:00000268 00000004H .CRT$XIAA               DATA
 0002:0000026c 00000004H .CRT$XIC                DATA
 0002:00000270 00000004H .CRT$XIY                DATA
 0002:00000274 00000004H .CRT$XIZ                DATA
 0002:00000278 0000d248H .rdata                  DATA
 0002:0000d4c0 00000004H .rdata$sxdata           DATA
 0002:0000d4c4 00000004H .rtc$IAA                DATA
 0002:0000d4c8 00000004H .rtc$IZZ                DATA
 0002:0000d4cc 00000004H .rtc$TAA                DATA
 0002:0000d4d0 00000004H .rtc$TZZ                DATA
 0002:0000d4d8 0000007cH .xdata$x                DATA
 0002:0000d554 00000064H .idata$2                DATA
 0002:0000d5b8 00000014H .idata$3                DATA
 0002:0000d5cc 00000258H .idata$4                DATA
 0002:0000d824 00000870H .idata$6                DATA
 0002:0000e094 00000000H .edata                  DATA
 0003:00000000 00003720H .data                   DATA
 0003:00003720 0000163cH .bss                    DATA

  Address         Publics by Value              Rva+Base       Lib:Object

 0000:00000000       __except_list              00000000     <absolute>
 0000:00000001       ___safe_se_handler_count   00000001     <absolute>
 0000:00009876       __fltused                  00009876     <absolute>
 0000:00009876       __ldused                   00009876     <absolute>
 0000:00000000       ___ImageBase               00400000     <linker-defined>
 0001:00000160       _main                      00401160 f   aectest.obj
 0001:00000720       _pjmedia_aud_subsys_init   00401720 f   pjmedia-audiodev-i386-win32-vc8-release:audiodev.obj
 0001:000007c0       _pjmedia_aud_subsys_shutdown 004017c0 f   pjmedia-audiodev-i386-win32-vc8-release:audiodev.obj
 0001:000008c0       _pjmedia_wmme_factory      004018c0 f   pjmedia-audiodev-i386-win32-vc8-release:wmme_dev.obj
 0001:00001e20       _pjmedia_audiodev_strerror 00402e20 f   pjmedia-audiodev-i386-win32-vc8-release:errno.obj
 0001:00001f90       _pjmedia_endpt_stop_threads 00402f90 f   pjmedia-i386-win32-vc8-release:endpoint.obj
 0001:00002040       _pjmedia_endpt_create2     00403040 f   pjmedia-i386-win32-vc8-release:endpoint.obj
 0001:00002200       _pjmedia_endpt_destroy2    00403200 f   pjmedia-i386-win32-vc8-release:endpoint.obj
 0001:00002280       _pjmedia_echo_create2      00403280 f   pjmedia-i386-win32-vc8-release:echo_common.obj
 0001:00002480       _pjmedia_echo_destroy      00403480 f   pjmedia-i386-win32-vc8-release:echo_common.obj
 0001:000024c0       _pjmedia_echo_playback     004034c0 f   pjmedia-i386-win32-vc8-release:echo_common.obj
 0001:00002570       _pjmedia_echo_capture      00403570 f   pjmedia-i386-win32-vc8-release:echo_common.obj
 0001:00002640       _pjmedia_port_info_init    00403640 f   pjmedia-i386-win32-vc8-release:port.obj
 0001:000026d0       _pjmedia_port_get_frame    004036d0 f   pjmedia-i386-win32-vc8-release:port.obj
 0001:00002710       _pjmedia_port_put_frame    00403710 f   pjmedia-i386-win32-vc8-release:port.obj
 0001:00002740       _pjmedia_port_destroy      00403740 f   pjmedia-i386-win32-vc8-release:port.obj
 0001:00002760       _pjmedia_wav_writer_port_get_pos 00403760 f   pjmedia-i386-win32-vc8-release:wav_writer.obj
 0001:00002a30       _pjmedia_wav_writer_port_create 00403a30 f   pjmedia-i386-win32-vc8-release:wav_writer.obj
 0001:00002e70       _pjmedia_wav_player_port_set_pos 00403e70 f   pjmedia-i386-win32-vc8-release:wav_player.obj
 0001:000031e0       _pjmedia_wav_player_port_create 004041e0 f   pjmedia-i386-win32-vc8-release:wav_player.obj
 0001:000036e0       _pjmedia_get_aud_subsys    004046e0 f   pjmedia-i386-win32-vc8-release:audiodev.obj
 0001:000036f0       _pjmedia_aud_driver_init   004046f0 f   pjmedia-i386-win32-vc8-release:audiodev.obj
 0001:00003920       _pjmedia_aud_driver_deinit 00404920 f   pjmedia-i386-win32-vc8-release:audiodev.obj
 0001:00003970       _pjmedia_sdp_attr_create   00404970 f   pjmedia-i386-win32-vc8-release:sdp.obj
 0001:000039d0       _pjmedia_sdp_attr_find     004049d0 f   pjmedia-i386-win32-vc8-release:sdp.obj
 0001:00003a60       _pjmedia_sdp_media_find_attr 00404a60 f   pjmedia-i386-win32-vc8-release:sdp.obj
 0001:00003a90       _pjmedia_sdp_media_deactivate 00404a90 f   pjmedia-i386-win32-vc8-release:sdp.obj
 0001:00003ab0       _pjmedia_codec_mgr_init    00404ab0 f   pjmedia-i386-win32-vc8-release:codec.obj
 0001:00003b20       _pjmedia_codec_mgr_destroy 00404b20 f   pjmedia-i386-win32-vc8-release:codec.obj
 0001:00003bb0       _pjmedia_strerror          00404bb0 f   pjmedia-i386-win32-vc8-release:errno.obj
 0001:00003ce0       _speex_aec_create          00404ce0 f   pjmedia-i386-win32-vc8-release:echo_speex.obj
 0001:00003e10       _speex_aec_destroy         00404e10 f   pjmedia-i386-win32-vc8-release:echo_speex.obj
 0001:00003e50       _speex_aec_reset           00404e50 f   pjmedia-i386-win32-vc8-release:echo_speex.obj
 0001:00003e60       _speex_aec_cancel_echo     00404e60 f   pjmedia-i386-win32-vc8-release:echo_speex.obj
 0001:00003ed0       _speex_aec_playback        00404ed0 f   pjmedia-i386-win32-vc8-release:echo_speex.obj
 0001:00003f00       _speex_aec_capture         00404f00 f   pjmedia-i386-win32-vc8-release:echo_speex.obj
 0001:00003f50       _echo_supp_reset           00404f50 f   pjmedia-i386-win32-vc8-release:echo_suppress.obj
 0001:00003fe0       _echo_supp_soft_reset      00404fe0 f   pjmedia-i386-win32-vc8-release:echo_suppress.obj
 0001:00004650       _echo_supp_cancel_echo     00405650 f   pjmedia-i386-win32-vc8-release:echo_suppress.obj
 0001:00004950       _echo_supp_create          00405950 f   pjmedia-i386-win32-vc8-release:echo_suppress.obj
 0001:00004ba0       _pjmedia_delay_buf_create  00405ba0 f   pjmedia-i386-win32-vc8-release:delaybuf.obj
 0001:00004d00       _pjmedia_delay_buf_destroy 00405d00 f   pjmedia-i386-win32-vc8-release:delaybuf.obj
 0001:00004ec0       _pjmedia_delay_buf_put     00405ec0 f   pjmedia-i386-win32-vc8-release:delaybuf.obj
 0001:00004fd0       _pjmedia_delay_buf_get     00405fd0 f   pjmedia-i386-win32-vc8-release:delaybuf.obj
 0001:00005130       _pjmedia_format_get_audio_format_detail 00406130 f   pjmedia-i386-win32-vc8-release:format.obj
 0001:00005150       _pjmedia_wave_hdr_host_to_file 00406150 f   pjmedia-i386-win32-vc8-release:wave.obj
 0001:00005150       _pjmedia_wave_hdr_file_to_host 00406150 f   pjmedia-i386-win32-vc8-release:wave.obj
 0001:00005160       _get_libsrtp_errstr        00406160 f   pjmedia-i386-win32-vc8-release:transport_srtp.obj
 0001:00005200       _pjmedia_transport_srtp_stop 00406200 f   pjmedia-i386-win32-vc8-release:transport_srtp.obj
 0001:00006430       _pjmedia_transport_srtp_start 00407430 f   pjmedia-i386-win32-vc8-release:transport_srtp.obj
 0001:00007120       _pjmedia_calc_avg_signal   00408120 f   pjmedia-i386-win32-vc8-release:silencedet.obj
 0001:00007a40       _pjmedia_wsola_create      00408a40 f   pjmedia-i386-win32-vc8-release:wsola.obj
 0001:00007e50       _pjmedia_wsola_save        00408e50 f   pjmedia-i386-win32-vc8-release:wsola.obj
 0001:000080f0       _pjmedia_wsola_generate    004090f0 f   pjmedia-i386-win32-vc8-release:wsola.obj
 0001:000081a0       _pjmedia_wsola_discard     004091a0 f   pjmedia-i386-win32-vc8-release:wsola.obj
 0001:00008c90       _pj_getopt                 00409c90 f   pjlib-util-i386-win32-vc8-release:getopt.obj
 0001:00008cb0       _pj_base64_encode          00409cb0 f   pjlib-util-i386-win32-vc8-release:base64.obj
 0001:00008e40       _pj_base64_decode          00409e40 f   pjlib-util-i386-win32-vc8-release:base64.obj
 0001:00009020       _pj_log_init               0040a020 f   pjlib-i386-win32-vc8-release:log.obj
 0001:00009090       _pj_log_get_decor          0040a090 f   pjlib-i386-win32-vc8-release:log.obj
 0001:000090a0       _pj_log_get_color          0040a0a0 f   pjlib-i386-win32-vc8-release:log.obj
 0001:00009100       _pj_log_get_level          0040a100 f   pjlib-i386-win32-vc8-release:log.obj
 0001:00009110       _pj_log                    0040a110 f   pjlib-i386-win32-vc8-release:log.obj
 0001:00009570       _pj_log_1                  0040a570 f   pjlib-i386-win32-vc8-release:log.obj
 0001:00009590       _pj_log_2                  0040a590 f   pjlib-i386-win32-vc8-release:log.obj
 0001:000095b0       _pj_log_3                  0040a5b0 f   pjlib-i386-win32-vc8-release:log.obj
 0001:000095d0       _pj_log_4                  0040a5d0 f   pjlib-i386-win32-vc8-release:log.obj
 0001:000095f0       _pj_log_5                  0040a5f0 f   pjlib-i386-win32-vc8-release:log.obj
 0001:00009680       _pj_register_strerror      0040a680 f   pjlib-i386-win32-vc8-release:errno.obj
 0001:00009760       _pj_errno_clear_handlers   0040a760 f   pjlib-i386-win32-vc8-release:errno.obj
 0001:00009780       _pj_strerror               0040a780 f   pjlib-i386-win32-vc8-release:errno.obj
 0001:00009850       _pj_atexit                 0040a850 f   pjlib-i386-win32-vc8-release:os_core_win32.obj
 0001:00009880       _pj_atomic_destroy         0040a880 f   pjlib-i386-win32-vc8-release:os_core_win32.obj
 0001:000098a0       _pj_thread_local_alloc     0040a8a0 f   pjlib-i386-win32-vc8-release:os_core_win32.obj
 0001:000098f0       _pj_thread_local_set       0040a8f0 f   pjlib-i386-win32-vc8-release:os_core_win32.obj
 0001:00009930       _pj_thread_local_get       0040a930 f   pjlib-i386-win32-vc8-release:os_core_win32.obj
 0001:00009940       _pj_thread_register        0040a940 f   pjlib-i386-win32-vc8-release:os_core_win32.obj
 0001:00009a10       _pj_thread_init            0040aa10 f   pjlib-i386-win32-vc8-release:os_core_win32.obj
 0001:00009af0       _pj_thread_this            0040aaf0 f   pjlib-i386-win32-vc8-release:os_core_win32.obj
 0001:00009b00       _pj_thread_check_stack     0040ab00 f   pjlib-i386-win32-vc8-release:os_core_win32.obj
 0001:00009b40       _pj_atomic_inc             0040ab40 f   pjlib-i386-win32-vc8-release:os_core_win32.obj
 0001:00009b90       _pj_atomic_dec_and_get     0040ab90 f   pjlib-i386-win32-vc8-release:os_core_win32.obj
 0001:00009be0       _pj_thread_local_free      0040abe0 f   pjlib-i386-win32-vc8-release:os_core_win32.obj
 0001:00009cd0       _pj_mutex_create           0040acd0 f   pjlib-i386-win32-vc8-release:os_core_win32.obj
 0001:00009d20       _pj_mutex_create_simple    0040ad20 f   pjlib-i386-win32-vc8-release:os_core_win32.obj
 0001:00009d20       _pj_mutex_create_recursive 0040ad20 f   pjlib-i386-win32-vc8-release:os_core_win32.obj
 0001:00009d70       _pj_mutex_lock             0040ad70 f   pjlib-i386-win32-vc8-release:os_core_win32.obj
 0001:00009dd0       _pj_mutex_unlock           0040add0 f   pjlib-i386-win32-vc8-release:os_core_win32.obj
 0001:00009e30       _pj_mutex_trylock          0040ae30 f   pjlib-i386-win32-vc8-release:os_core_win32.obj
 0001:00009ea0       _pj_mutex_destroy          0040aea0 f   pjlib-i386-win32-vc8-release:os_core_win32.obj
 0001:00009f00       _pj_enter_critical_section 0040af00 f   pjlib-i386-win32-vc8-release:os_core_win32.obj
 0001:00009f10       _pj_leave_critical_section 0040af10 f   pjlib-i386-win32-vc8-release:os_core_win32.obj
 0001:00009fc0       _pj_sem_wait               0040afc0 f   pjlib-i386-win32-vc8-release:os_core_win32.obj
 0001:0000a020       _pj_sem_trywait            0040b020 f   pjlib-i386-win32-vc8-release:os_core_win32.obj
 0001:0000a080       _pj_sem_post               0040b080 f   pjlib-i386-win32-vc8-release:os_core_win32.obj
 0001:0000a110       _pj_sem_destroy            0040b110 f   pjlib-i386-win32-vc8-release:os_core_win32.obj
 0001:0000a190       _pj_term_set_color         0040b190 f   pjlib-i386-win32-vc8-release:os_core_win32.obj
 0001:0000a230       _pj_init                   0040b230 f   pjlib-i386-win32-vc8-release:os_core_win32.obj
 0001:0000a390       _pj_shutdown               0040b390 f   pjlib-i386-win32-vc8-release:os_core_win32.obj
 0001:0000a4d0       _pj_thread_create          0040b4d0 f   pjlib-i386-win32-vc8-release:os_core_win32.obj
 0001:0000a630       _pj_thread_get_name        0040b630 f   pjlib-i386-win32-vc8-release:os_core_win32.obj
 0001:0000a680       _pj_thread_join            0040b680 f   pjlib-i386-win32-vc8-release:os_core_win32.obj
 0001:0000a730       _pj_thread_destroy         0040b730 f   pjlib-i386-win32-vc8-release:os_core_win32.obj
 0001:0000a7b0       _pj_thread_sleep           0040b7b0 f   pjlib-i386-win32-vc8-release:os_core_win32.obj
 0001:0000a800       _pj_caching_pool_destroy   0040b800 f   pjlib-i386-win32-vc8-release:pool_caching.obj
 0001:0000ac50       _pj_caching_pool_init      0040bc50 f   pjlib-i386-win32-vc8-release:pool_caching.obj
 0001:0000ad10       _pj_pool_get_capacity      0040bd10 f   pjlib-i386-win32-vc8-release:pool.obj
 0001:0000ad20       _pj_pool_get_used_size     0040bd20 f   pjlib-i386-win32-vc8-release:pool.obj
 0001:0000ad50       _pj_pool_alloc_from_block  0040bd50 f   pjlib-i386-win32-vc8-release:pool.obj
 0001:0000ad80       _pj_pool_getobjname        0040bd80 f   pjlib-i386-win32-vc8-release:pool.obj
 0001:0000ad90       _pj_pool_create            0040bd90 f   pjlib-i386-win32-vc8-release:pool.obj
 0001:0000ada0       _pj_pool_release           0040bda0 f   pjlib-i386-win32-vc8-release:pool.obj
 0001:0000ae30       _pj_pool_allocate_find     0040be30 f   pjlib-i386-win32-vc8-release:pool.obj
 0001:0000aee0       _pj_pool_init_int          0040bee0 f   pjlib-i386-win32-vc8-release:pool.obj
 0001:0000af50       _pj_pool_create_int        0040bf50 f   pjlib-i386-win32-vc8-release:pool.obj
 0001:0000b060       _pj_pool_reset             0040c060 f   pjlib-i386-win32-vc8-release:pool.obj
 0001:0000b070       _pj_pool_destroy_int       0040c070 f   pjlib-i386-win32-vc8-release:pool.obj
 0001:0000b0b0       _pj_pool_alloc             0040c0b0 f   pjlib-i386-win32-vc8-release:pool.obj
 0001:0000b0f0       _pj_pool_calloc            0040c0f0 f   pjlib-i386-win32-vc8-release:pool.obj
 0001:0000b150       _pj_elapsed_msec           0040c150 f   pjlib-i386-win32-vc8-release:os_timestamp_common.obj
 0001:0000b1d0       _pj_elapsed_time           0040c1d0 f   pjlib-i386-win32-vc8-release:os_timestamp_common.obj
 0001:0000b260       _pj_gettickcount           0040c260 f   pjlib-i386-win32-vc8-release:os_timestamp_common.obj
 0001:0000b2a0       _pj_get_timestamp          0040c2a0 f   pjlib-i386-win32-vc8-release:os_timestamp_win32.obj
 0001:0000b300       _pj_get_timestamp_freq     0040c300 f   pjlib-i386-win32-vc8-release:os_timestamp_win32.obj
 0001:0000b420       _pj_get_os_error           0040c420 f   pjlib-i386-win32-vc8-release:os_error_win32.obj
 0001:0000b440       _pj_get_netos_error        0040c440 f   pjlib-i386-win32-vc8-release:os_error_win32.obj
 0001:0000b460       _platform_strerror         0040c460 f   pjlib-i386-win32-vc8-release:os_error_win32.obj
 0001:0000b5d0       _pj_str                    0040c5d0 f   pjlib-i386-win32-vc8-release:string.obj
 0001:0000b5f0       _pj_strdup_with_null       0040c5f0 f   pjlib-i386-win32-vc8-release:string.obj
 0001:0000b640       _pj_strdup2                0040c640 f   pjlib-i386-win32-vc8-release:string.obj
 0001:0000b6a0       _pj_strncpy_with_null      0040c6a0 f   pjlib-i386-win32-vc8-release:string.obj
 0001:0000b6e0       _pj_strcmp                 0040c6e0 f   pjlib-i386-win32-vc8-release:string.obj
 0001:0000b740       _pj_stricmp                0040c740 f   pjlib-i386-win32-vc8-release:string.obj
 0001:0000b7b0       _pj_stricmp2               0040c7b0 f   pjlib-i386-win32-vc8-release:string.obj
 0001:0000b810       _pj_strtoul                0040c810 f   pjlib-i386-win32-vc8-release:string.obj
 0001:0000b870       _pj_strtoul2               0040c870 f   pjlib-i386-win32-vc8-release:string.obj
 0001:0000b930       _pj_utoa_pad               0040c930 f   pjlib-i386-win32-vc8-release:string.obj
 0001:0000b9b0       _pj_utoa                   0040c9b0 f   pjlib-i386-win32-vc8-release:string.obj
 0001:0000b9d0       _pj_list_insert_after      0040c9d0 f   pjlib-i386-win32-vc8-release:list.obj
 0001:0000b9f0       _pj_list_insert_before     0040c9f0 f   pjlib-i386-win32-vc8-release:list.obj
 0001:0000ba10       _pj_list_erase             0040ca10 f   pjlib-i386-win32-vc8-release:list.obj
 0001:0000ba30       _pj_ioqueue_set_lock       0040ca30 f   pjlib-i386-win32-vc8-release:ioqueue_select.obj
 0001:0000ba70       _pj_ioqueue_unlock_key     0040ca70 f   pjlib-i386-win32-vc8-release:ioqueue_select.obj
 0001:0000ba90       _pj_ioqueue_create         0040ca90 f   pjlib-i386-win32-vc8-release:ioqueue_select.obj
 0001:0000bc40       _pj_ioqueue_destroy        0040cc40 f   pjlib-i386-win32-vc8-release:ioqueue_select.obj
 0001:0000be40       _ioqueue_dispatch_write_event 0040ce40 f   pjlib-i386-win32-vc8-release:ioqueue_select.obj
 0001:0000c120       _ioqueue_dispatch_read_event 0040d120 f   pjlib-i386-win32-vc8-release:ioqueue_select.obj
 0001:0000c350       _ioqueue_dispatch_exception_event 0040d350 f   pjlib-i386-win32-vc8-release:ioqueue_select.obj
 0001:0000c4b0       _pj_ioqueue_poll           0040d4b0 f   pjlib-i386-win32-vc8-release:ioqueue_select.obj
 0001:0000c790       _pj_ntohs                  0040d790 f   pjlib-i386-win32-vc8-release:sock_bsd.obj
 0001:0000c7a0       _pj_ntohl                  0040d7a0 f   pjlib-i386-win32-vc8-release:sock_bsd.obj
 0001:0000c7b0       _pj_sock_getsockname       0040d7b0 f   pjlib-i386-win32-vc8-release:sock_bsd.obj
 0001:0000c810       _pj_sock_send              0040d810 f   pjlib-i386-win32-vc8-release:sock_bsd.obj
 0001:0000c880       _pj_sock_sendto            0040d880 f   pjlib-i386-win32-vc8-release:sock_bsd.obj
 0001:0000c8f0       _pj_sock_recv              0040d8f0 f   pjlib-i386-win32-vc8-release:sock_bsd.obj
 0001:0000c960       _pj_sock_recvfrom          0040d960 f   pjlib-i386-win32-vc8-release:sock_bsd.obj
 0001:0000c9e0       _pj_sock_getsockopt        0040d9e0 f   pjlib-i386-win32-vc8-release:sock_bsd.obj
 0001:0000ca50       _pj_sock_accept            0040da50 f   pjlib-i386-win32-vc8-release:sock_bsd.obj
 0001:0000cb30       _pj_gettimeofday           0040db30 f   pjlib-i386-win32-vc8-release:os_time_win32.obj
 0001:0000cba0       _pj_time_decode            0040dba0 f   pjlib-i386-win32-vc8-release:os_time_win32.obj
 0001:0000cc30       _pj_file_close             0040dc30 f   pjlib-i386-win32-vc8-release:file_io_win32.obj
 0001:0000cc70       _pj_file_write             0040dc70 f   pjlib-i386-win32-vc8-release:file_io_win32.obj
 0001:0000ccd0       _pj_file_read              0040dcd0 f   pjlib-i386-win32-vc8-release:file_io_win32.obj
 0001:0000cd30       _pj_file_setpos            0040dd30 f   pjlib-i386-win32-vc8-release:file_io_win32.obj
 0001:0000cda0       _pj_file_getpos            0040dda0 f   pjlib-i386-win32-vc8-release:file_io_win32.obj
 0001:0000ce00       _pj_file_open              0040de00 f   pjlib-i386-win32-vc8-release:file_io_win32.obj
 0001:0000cf20       _pj_file_exists            0040df20 f   pjlib-i386-win32-vc8-release:file_access_win32.obj
 0001:0000cf60       _pj_file_size              0040df60 f   pjlib-i386-win32-vc8-release:file_access_win32.obj
 0001:0000cff0       _pj_array_erase            0040dff0 f   pjlib-i386-win32-vc8-release:array.obj
 0001:0000d030       _pj_exception_id_alloc     0040e030 f   pjlib-i386-win32-vc8-release:except.obj
 0001:0000d080       _pj_exception_id_free      0040e080 f   pjlib-i386-win32-vc8-release:except.obj
 0001:0000d0b0       _pj_throw_exception_       0040e0b0 f   pjlib-i386-win32-vc8-release:except.obj
 0001:0000d1d0       _pj_lock_create_simple_mutex 0040e1d0 f   pjlib-i386-win32-vc8-release:lock.obj
 0001:0000d1f0       _pj_lock_create_recursive_mutex 0040e1f0 f   pjlib-i386-win32-vc8-release:lock.obj
 0001:0000d210       _pj_lock_create_null_mutex 0040e210 f   pjlib-i386-win32-vc8-release:lock.obj
 0001:0000d230       _pj_lock_acquire           0040e230 f   pjlib-i386-win32-vc8-release:lock.obj
 0001:0000d250       _pj_lock_tryacquire        0040e250 f   pjlib-i386-win32-vc8-release:lock.obj
 0001:0000d270       _pj_lock_release           0040e270 f   pjlib-i386-win32-vc8-release:lock.obj
 0001:0000d290       _pj_lock_destroy           0040e290 f   pjlib-i386-win32-vc8-release:lock.obj
 0001:0000d360       _pj_grp_lock_add_ref       0040e360 f   pjlib-i386-win32-vc8-release:lock.obj
 0001:0000d420       _pj_grp_lock_tryacquire    0040e420 f   pjlib-i386-win32-vc8-release:lock.obj
 0001:0000d430       _pj_grp_lock_dec_ref       0040e430 f   pjlib-i386-win32-vc8-release:lock.obj
 0001:0000d4d0       _pj_grp_lock_release       0040e4d0 f   pjlib-i386-win32-vc8-release:lock.obj
 0001:0000d4e0       _pj_log_write              0040e4e0 f   pjlib-i386-win32-vc8-release:log_writer_stdout.obj
 0001:0000d630       _pj_generate_unique_string 0040e630 f   pjlib-i386-win32-vc8-release:guid_win32.obj
 0001:0000d700       _pj_pool_create_on_buf     0040e700 f   pjlib-i386-win32-vc8-release:pool_buf.obj
 0001:0000d7a0       _PJ_FD_ZERO                0040e7a0 f   pjlib-i386-win32-vc8-release:sock_select.obj
 0001:0000d7d0       _PJ_FD_ISSET               0040e7d0 f   pjlib-i386-win32-vc8-release:sock_select.obj
 0001:0000d800       _rdb_get_value             0040e800 f   libsrtp-i386-win32-vc8-release:rdb.obj
 0001:0000d800       _PJ_FD_COUNT               0040e800 f   pjlib-i386-win32-vc8-release:sock_select.obj
 0001:0000d810       _pj_sock_select            0040e810 f   pjlib-i386-win32-vc8-release:sock_select.obj
 0001:0000d8a0       _PJ_FD_CLR                 0040e8a0 f   pjlib-i386-win32-vc8-release:sock_select.obj
 0001:0000d920       _pj_time_val_normalize     0040e920 f   pjlib-i386-win32-vc8-release:types.obj
 0001:0000dbf0       _speex_preprocess_state_init 0040ebf0 f   libspeex-i386-win32-vc8-release:preprocess.obj
 0001:0000e330       _speex_preprocess_state_destroy 0040f330 f   libspeex-i386-win32-vc8-release:preprocess.obj
 0001:0000f060       _speex_preprocess_run      00410060 f   libspeex-i386-win32-vc8-release:preprocess.obj
 0001:000100c0       _speex_preprocess_ctl      004110c0 f   libspeex-i386-win32-vc8-release:preprocess.obj
 0001:00010c90       _speex_echo_state_init     00411c90 f   libspeex-i386-win32-vc8-release:mdf.obj
 0001:000110b0       _speex_echo_state_reset    004120b0 f   libspeex-i386-win32-vc8-release:mdf.obj
 0001:000112c0       _speex_echo_state_destroy  004122c0 f   libspeex-i386-win32-vc8-release:mdf.obj
 0001:00011380       _speex_echo_playback       00412380 f   libspeex-i386-win32-vc8-release:mdf.obj
 0001:00011490       _speex_echo_cancellation   00412490 f   libspeex-i386-win32-vc8-release:mdf.obj
 0001:00012730       _speex_echo_get_residual   00413730 f   libspeex-i386-win32-vc8-release:mdf.obj
 0001:000128a0       _speex_echo_ctl            004138a0 f   libspeex-i386-win32-vc8-release:mdf.obj
 0001:00012990       _speex_echo_capture        00413990 f   libspeex-i386-win32-vc8-release:mdf.obj
 0001:00012a80       _spx_fft_init              00413a80 f   libspeex-i386-win32-vc8-release:fftwrap.obj
 0001:00012aa0       _spx_fft_destroy           00413aa0 f   libspeex-i386-win32-vc8-release:fftwrap.obj
 0001:00012ac0       _spx_fft                   00413ac0 f   libspeex-i386-win32-vc8-release:fftwrap.obj
 0001:00012b70       _spx_ifft                  00413b70 f   libspeex-i386-win32-vc8-release:fftwrap.obj
 0001:00012be0       _filterbank_new            00413be0 f   libspeex-i386-win32-vc8-release:filterbank.obj
 0001:00012e40       _filterbank_destroy        00413e40 f   libspeex-i386-win32-vc8-release:filterbank.obj
 0001:00012e80       _filterbank_compute_bank32 00413e80 f   libspeex-i386-win32-vc8-release:filterbank.obj
 0001:00012ef0       _filterbank_compute_psd16  00413ef0 f   libspeex-i386-win32-vc8-release:filterbank.obj
 0001:00018190       _spx_drft_forward          00419190 f   libspeex-i386-win32-vc8-release:smallft.obj
 0001:000181c0       _spx_drft_backward         004191c0 f   libspeex-i386-win32-vc8-release:smallft.obj
 0001:000181f0       _spx_drft_init             004191f0 f   libspeex-i386-win32-vc8-release:smallft.obj
 0001:00018240       _spx_drft_clear            00419240 f   libspeex-i386-win32-vc8-release:smallft.obj
 0001:000182a0       _srtp_stream_alloc         004192a0 f   libsrtp-i386-win32-vc8-release:srtp.obj
 0001:00018480       _srtp_stream_dealloc       00419480 f   libsrtp-i386-win32-vc8-release:srtp.obj
 0001:00018570       _srtp_stream_clone         00419570 f   libsrtp-i386-win32-vc8-release:srtp.obj
 0001:00018680       _srtp_kdf_generate         00419680 f   libsrtp-i386-win32-vc8-release:srtp.obj
 0001:00018720       _srtp_kdf_clear            00419720 f   libsrtp-i386-win32-vc8-release:srtp.obj
 0001:00018780       _srtp_stream_init_keys     00419780 f   libsrtp-i386-win32-vc8-release:srtp.obj
 0001:00018cd0       _srtp_stream_init          00419cd0 f   libsrtp-i386-win32-vc8-release:srtp.obj
 0001:00018df0       _srtp_event_reporter       00419df0 f   libsrtp-i386-win32-vc8-release:srtp.obj
 0001:000194c0       _srtp_dealloc              0041a4c0 f   libsrtp-i386-win32-vc8-release:srtp.obj
 0001:00019580       _srtp_add_stream           0041a580 f   libsrtp-i386-win32-vc8-release:srtp.obj
 0001:00019650       _srtp_create               0041a650 f   libsrtp-i386-win32-vc8-release:srtp.obj
 0001:00019ce0       _srtp_protect_rtcp         0041ace0 f   libsrtp-i386-win32-vc8-release:srtp.obj
 0001:0001a050       _srtp_unprotect_rtcp       0041b050 f   libsrtp-i386-win32-vc8-release:srtp.obj
 0001:0001a4f0       _srtp_protect              0041b4f0 f   libsrtp-i386-win32-vc8-release:srtp.obj
 0001:0001aa40       _srtp_unprotect            0041ba40 f   libsrtp-i386-win32-vc8-release:srtp.obj
 0001:0001b000       _crypto_kernel_alloc_cipher 0041c000 f   libsrtp-i386-win32-vc8-release:crypto_kernel.obj
 0001:0001b060       _crypto_kernel_alloc_auth  0041c060 f   libsrtp-i386-win32-vc8-release:crypto_kernel.obj
 0001:0001b0c0       _crypto_get_random         0041c0c0 f   libsrtp-i386-win32-vc8-release:crypto_kernel.obj
 0001:0001b0e0       _ekt_octets_after_base_tag 0041c0e0 f   libsrtp-i386-win32-vc8-release:ekt.obj
 0001:0001b100       _ekt_alloc                 0041c100 f   libsrtp-i386-win32-vc8-release:ekt.obj
 0001:0001b130       _aes_decrypt_with_raw_key  0041c130 f   libsrtp-i386-win32-vc8-release:ekt.obj
 0001:0001b190       _srtp_stream_init_from_ekt 0041c190 f   libsrtp-i386-win32-vc8-release:ekt.obj
 0001:0001b210       _ekt_write_data            0041c210 f   libsrtp-i386-win32-vc8-release:ekt.obj
 0001:0001b360       _crypto_alloc              0041c360 f   libsrtp-i386-win32-vc8-release:alloc.obj
 0001:0001b3c0       _crypto_free               0041c3c0 f   libsrtp-i386-win32-vc8-release:alloc.obj
 0001:0001b3f0       _index_guess               0041c3f0 f   libsrtp-i386-win32-vc8-release:rdbx.obj
 0001:0001b470       _rdbx_init                 0041c470 f   libsrtp-i386-win32-vc8-release:rdbx.obj
 0001:0001b4b0       _rdbx_dealloc              0041c4b0 f   libsrtp-i386-win32-vc8-release:rdbx.obj
 0001:0001b4d0       _rdbx_set_roc              0041c4d0 f   libsrtp-i386-win32-vc8-release:rdbx.obj
 0001:0001b530       _rdbx_get_packet_index     0041c530 f   libsrtp-i386-win32-vc8-release:rdbx.obj
 0001:0001b540       _rdbx_check                0041c540 f   libsrtp-i386-win32-vc8-release:rdbx.obj
 0001:0001b590       _rdbx_add_index            0041c590 f   libsrtp-i386-win32-vc8-release:rdbx.obj
 0001:0001b600       _rdbx_estimate_index       0041c600 f   libsrtp-i386-win32-vc8-release:rdbx.obj
 0001:0001b650       _rdb_init                  0041c650 f   libsrtp-i386-win32-vc8-release:rdb.obj
 0001:0001b670       _rdb_check                 0041c670 f   libsrtp-i386-win32-vc8-release:rdb.obj
 0001:0001b6c0       _rdb_add_index             0041c6c0 f   libsrtp-i386-win32-vc8-release:rdb.obj
 0001:0001b710       _rdb_increment             0041c710 f   libsrtp-i386-win32-vc8-release:rdb.obj
 0001:0001b730       _key_limit_set             0041c730 f   libsrtp-i386-win32-vc8-release:key.obj
 0001:0001b760       _key_limit_clone           0041c760 f   libsrtp-i386-win32-vc8-release:key.obj
 0001:0001b780       _key_limit_update          0041c780 f   libsrtp-i386-win32-vc8-release:key.obj
 0001:0001b7d0       _err_report                0041c7d0 f   libsrtp-i386-win32-vc8-release:srtp_err.obj
 0001:0001b800       _nibble_to_hex_char        0041c800 f   libsrtp-i386-win32-vc8-release:datatypes.obj
 0001:0001b880       _octet_string_hex_string   0041c880 f   libsrtp-i386-win32-vc8-release:datatypes.obj
 0001:0001b900       _v128_hex_string           0041c900 f   libsrtp-i386-win32-vc8-release:datatypes.obj
 0001:0001b960       _v128_copy_octet_string    0041c960 f   libsrtp-i386-win32-vc8-release:datatypes.obj
 0001:0001b9e0       _v128_left_shift           0041c9e0 f   libsrtp-i386-win32-vc8-release:datatypes.obj
 0001:0001bac0       _bitvector_dealloc         0041cac0 f   libsrtp-i386-win32-vc8-release:datatypes.obj
 0001:0001baf0       _bitvector_set_to_zero     0041caf0 f   libsrtp-i386-win32-vc8-release:datatypes.obj
 0001:0001bb10       _bitvector_left_shift      0041cb10 f   libsrtp-i386-win32-vc8-release:datatypes.obj
 0001:0001bc10       _octet_string_is_eq        0041cc10 f   libsrtp-i386-win32-vc8-release:datatypes.obj
 0001:0001bc40       _octet_string_set_to_zero  0041cc40 f   libsrtp-i386-win32-vc8-release:datatypes.obj
 0001:0001bc60       _bitvector_alloc           0041cc60 f   libsrtp-i386-win32-vc8-release:datatypes.obj
 0001:0001bcc0       _auth_get_key_length       0041ccc0 f   libsrtp-i386-win32-vc8-release:auth.obj
 0001:0001bcd0       _rdbx_get_window_size      0041ccd0 f   libsrtp-i386-win32-vc8-release:rdbx.obj
 0001:0001bcd0       _auth_get_tag_length       0041ccd0 f   libsrtp-i386-win32-vc8-release:auth.obj
 0001:0001bcd0       _cipher_get_key_length     0041ccd0 f   libsrtp-i386-win32-vc8-release:cipher.obj
 0001:0001bce0       _auth_get_prefix_length    0041cce0 f   libsrtp-i386-win32-vc8-release:auth.obj
 0001:0001bcf0       _cipher_output             0041ccf0 f   libsrtp-i386-win32-vc8-release:cipher.obj
 0001:0001bd20       _ctr_prng_init             0041cd20 f   libsrtp-i386-win32-vc8-release:ctr_prng.obj
 0001:0001bd80       _ctr_prng_get_octet_string 0041cd80 f   libsrtp-i386-win32-vc8-release:ctr_prng.obj
 0001:0001bdd0       _hmac_alloc                0041cdd0 f   libsrtp-i386-win32-vc8-release:hmac.obj
 0001:0001be80       _hmac_dealloc              0041ce80 f   libsrtp-i386-win32-vc8-release:hmac.obj
 0001:0001beb0       _hmac_init                 0041ceb0 f   libsrtp-i386-win32-vc8-release:hmac.obj
 0001:0001bfb0       _hmac_start                0041cfb0 f   libsrtp-i386-win32-vc8-release:hmac.obj
 0001:0001bfd0       _hmac_update               0041cfd0 f   libsrtp-i386-win32-vc8-release:hmac.obj
 0001:0001c020       _hmac_compute              0041d020 f   libsrtp-i386-win32-vc8-release:hmac.obj
 0001:0001c130       _null_auth_alloc           0041d130 f   libsrtp-i386-win32-vc8-release:null_auth.obj
 0001:0001c1c0       _null_auth_dealloc         0041d1c0 f   libsrtp-i386-win32-vc8-release:null_auth.obj
 0001:0001c1e0       _null_auth_start           0041d1e0 f   libsrtp-i386-win32-vc8-release:null_auth.obj
 0001:0001c1e0       _null_cipher_set_iv        0041d1e0 f   libsrtp-i386-win32-vc8-release:null_cipher.obj
 0001:0001c1e0       _pjmedia_wsola_destroy     0041d1e0 f   pjmedia-i386-win32-vc8-release:wsola.obj
 0001:0001c1e0       _null_auth_update          0041d1e0 f   libsrtp-i386-win32-vc8-release:null_auth.obj
 0001:0001c1e0       _null_auth_init            0041d1e0 f   libsrtp-i386-win32-vc8-release:null_auth.obj
 0001:0001c1e0       _ekt_stream_init_from_policy 0041d1e0 f   libsrtp-i386-win32-vc8-release:ekt.obj
 0001:0001c1e0       _null_auth_compute         0041d1e0 f   libsrtp-i386-win32-vc8-release:null_auth.obj
 0001:0001c1e0       _echo_supp_destroy         0041d1e0 f   pjmedia-i386-win32-vc8-release:echo_suppress.obj
 0001:0001c1e0       _null_cipher_encrypt       0041d1e0 f   libsrtp-i386-win32-vc8-release:null_cipher.obj
 0001:0001c1f0       _aes_cbc_alloc             0041d1f0 f   libsrtp-i386-win32-vc8-release:aes_cbc.obj
 0001:0001c270       _aes_cbc_dealloc           0041d270 f   libsrtp-i386-win32-vc8-release:aes_cbc.obj
 0001:0001c2a0       _aes_cbc_context_init      0041d2a0 f   libsrtp-i386-win32-vc8-release:aes_cbc.obj
 0001:0001c300       _aes_cbc_set_iv            0041d300 f   libsrtp-i386-win32-vc8-release:aes_cbc.obj
 0001:0001c3d0       _aes_cbc_encrypt           0041d3d0 f   libsrtp-i386-win32-vc8-release:aes_cbc.obj
 0001:0001c4d0       _aes_cbc_decrypt           0041d4d0 f   libsrtp-i386-win32-vc8-release:aes_cbc.obj
 0001:0001c680       _aes_cbc_nist_encrypt      0041d680 f   libsrtp-i386-win32-vc8-release:aes_cbc.obj
 0001:0001c6d0       _aes_cbc_nist_decrypt      0041d6d0 f   libsrtp-i386-win32-vc8-release:aes_cbc.obj
 0001:0001c710       _aes_icm_alloc             0041d710 f   libsrtp-i386-win32-vc8-release:aes_icm.obj
 0001:0001c7b0       _aes_icm_dealloc           0041d7b0 f   libsrtp-i386-win32-vc8-release:aes_icm.obj
 0001:0001c7e0       _aes_icm_context_init      0041d7e0 f   libsrtp-i386-win32-vc8-release:aes_icm.obj
 0001:0001c8f0       _aes_icm_set_iv            0041d8f0 f   libsrtp-i386-win32-vc8-release:aes_icm.obj
 0001:0001ca60       _aes_icm_encrypt           0041da60 f   libsrtp-i386-win32-vc8-release:aes_icm.obj
 0001:0001cc50       _aes_icm_output            0041dc50 f   libsrtp-i386-win32-vc8-release:aes_icm.obj
 0001:0001cc80       _aes_icm_bytes_encrypted   0041dc80 f   libsrtp-i386-win32-vc8-release:aes_icm.obj
 0001:0001cc90       _null_cipher_alloc         0041dc90 f   libsrtp-i386-win32-vc8-release:null_cipher.obj
 0001:0001cd00       _null_cipher_dealloc       0041dd00 f   libsrtp-i386-win32-vc8-release:null_cipher.obj
 0001:0001cd20       _null_cipher_init          0041dd20 f   libsrtp-i386-win32-vc8-release:null_cipher.obj
 0001:0001d090       _aes_expand_encryption_key 0041e090 f   libsrtp-i386-win32-vc8-release:aes.obj
 0001:0001d0d0       _aes_expand_decryption_key 0041e0d0 f   libsrtp-i386-win32-vc8-release:aes.obj
 0001:0001d690       _aes_encrypt               0041e690 f   libsrtp-i386-win32-vc8-release:aes.obj
 0001:0001d780       _aes_decrypt               0041e780 f   libsrtp-i386-win32-vc8-release:aes.obj
 0001:0001d870       _sha1_core                 0041e870 f   libsrtp-i386-win32-vc8-release:sha1.obj
 0001:0001dd50       _sha1_init                 0041ed50 f   libsrtp-i386-win32-vc8-release:sha1.obj
 0001:0001dd80       _sha1_update               0041ed80 f   libsrtp-i386-win32-vc8-release:sha1.obj
 0001:0001de50       _sha1_final                0041ee50 f   libsrtp-i386-win32-vc8-release:sha1.obj
 0001:0001e528       ___WSAFDIsSet@8            0041f528 f   ws2_32:WS2_32.dll
 0001:0001e530       __aulldiv                  0041f530 f   MSVCRT:ulldiv.obj
 0001:0001e5a0       __allmul                   0041f5a0 f   MSVCRT:llmul.obj
 0001:0001e5d4       @__security_check_cookie@4 0041f5d4 f   MSVCRT:secchk.obj
 0001:0001e885       _mainCRTStartup            0041f885 f   MSVCRT:crtexe.obj
 0001:0001e890       _memset                    0041f890 f   MSVCRT:MSVCR90.dll
 0001:0001e896       _memcpy                    0041f896 f   MSVCRT:MSVCR90.dll
 0001:0001e8a0       __alldiv                   0041f8a0 f   MSVCRT:lldiv.obj
 0001:0001e950       __ftol2_sse                0041f950 f   MSVCRT:ftol2.obj
 0001:0001e959       __ftol2_pentium4           0041f959 f   MSVCRT:ftol2.obj
 0001:0001e96c       __ftol2_sse_excpt          0041f96c f   MSVCRT:ftol2.obj
 0001:0001e986       __ftol2                    0041f986 f   MSVCRT:ftol2.obj
 0001:0001e9fc       __CIcos                    0041f9fc f   MSVCRT:MSVCR90.dll
 0001:0001ea02       __CIfmod                   0041fa02 f   MSVCRT:MSVCR90.dll
 0001:0001ea08       __CIsqrt                   0041fa08 f   MSVCRT:MSVCR90.dll
 0001:0001ea0e       _floor                     0041fa0e f   MSVCRT:MSVCR90.dll
 0001:0001ea14       __CIexp                    0041fa14 f   MSVCRT:MSVCR90.dll
 0001:0001ea1a       __CIpow                    0041fa1a f   MSVCRT:MSVCR90.dll
 0001:0001ea20       __CIlog                    0041fa20 f   MSVCRT:MSVCR90.dll
 0001:0001ea26       __CIatan                   0041fa26 f   MSVCRT:MSVCR90.dll
 0001:0001ea2c       __CIsin                    0041fa2c f   MSVCRT:MSVCR90.dll
 0001:0001ea40       __allshl                   0041fa40 f   MSVCRT:llshl.obj
 0001:0001ea5f       ___report_gsfailure        0041fa5f f   MSVCRT:gs_report.obj
 0001:0001eb65       ?__CxxUnhandledExceptionFilter@@YGJPAU_EXCEPTION_POINTERS@@@Z 0041fb65 f   MSVCRT:unhandld.obj
 0001:0001eba7       ___CxxSetUnhandledExceptionFilter 0041fba7 f   MSVCRT:unhandld.obj
 0001:0001ebb6       __amsg_exit                0041fbb6 f   MSVCRT:MSVCR90.dll
 0001:0001ebbc       __onexit                   0041fbbc f   MSVCRT:atonexit.obj
 0001:0001ec61       _atexit                    0041fc61 f   MSVCRT:atonexit.obj
 0001:0001ec78       __RTC_Initialize           0041fc78 f   MSVCRT:_initsect_.obj
 0001:0001ec9e       __RTC_Terminate            0041fc9e f   MSVCRT:_initsect_.obj
 0001:0001ecc4       __XcptFilter               0041fcc4 f   MSVCRT:MSVCR90.dll
 0001:0001ecd0       __ValidateImageBase        0041fcd0 f   MSVCRT:pesect.obj
 0001:0001ed10       __FindPESection            0041fd10 f   MSVCRT:pesect.obj
 0001:0001ed60       __IsNonwritableInCurrentImage 0041fd60 f   MSVCRT:pesect.obj
 0001:0001ee1e       __initterm                 0041fe1e f   MSVCRT:MSVCR90.dll
 0001:0001ee24       __initterm_e               0041fe24 f   MSVCRT:MSVCR90.dll
 0001:0001ee2c       __SEH_prolog4              0041fe2c f   MSVCRT:sehprolg4.obj
 0001:0001ee71       __SEH_epilog4              0041fe71 f   MSVCRT:sehprolg4.obj
 0001:0001ee85       __except_handler4          0041fe85 f   MSVCRT:chandler4gs.obj
 0001:0001eeaa       __setdefaultprecision      0041feaa f   MSVCRT:fp8.obj
 0001:0001eed5       __setargv                  0041fed5 f   MSVCRT:dllargv.obj
 0001:0001eed5       __matherr                  0041fed5 f   MSVCRT:merr.obj
 0001:0001eed8       ___security_init_cookie    0041fed8 f   MSVCRT:gs_support.obj
 0001:0001efbe       __get_sse2_info            0041ffbe f   MSVCRT:cpu_disp.obj
 0001:0001f020       ___sse2_available_init     00420020 f   MSVCRT:cpu_disp.obj
 0001:0001f02e       __crt_debugger_hook        0042002e f   MSVCRT:MSVCR90.dll
 0001:0001f034       ?terminate@@YAXXZ          00420034 f   MSVCRT:MSVCR90.dll
 0001:0001f03a       __unlock                   0042003a f   MSVCRT:MSVCR90.dll
 0001:0001f040       ___dllonexit               00420040 f   MSVCRT:MSVCR90.dll
 0001:0001f046       __lock                     00420046 f   MSVCRT:MSVCR90.dll
 0001:0001f04c       __except_handler4_common   0042004c f   MSVCRT:MSVCR90.dll
 0001:0001f052       __invoke_watson            00420052 f   MSVCRT:MSVCR90.dll
 0001:0001f058       __controlfp_s              00420058 f   MSVCRT:MSVCR90.dll
 0002:00000000       __imp__GetSystemTimeAsFileTime@4 00421000     kernel32:KERNEL32.dll
 0002:00000004       __imp__GetTickCount@0      00421004     kernel32:KERNEL32.dll
 0002:00000008       __imp__IsDebuggerPresent@0 00421008     kernel32:KERNEL32.dll
 0002:0000000c       __imp__SetUnhandledExceptionFilter@4 0042100c     kernel32:KERNEL32.dll
 0002:00000010       __imp__UnhandledExceptionFilter@4 00421010     kernel32:KERNEL32.dll
 0002:00000014       __imp__GetCurrentProcess@0 00421014     kernel32:KERNEL32.dll
 0002:00000018       __imp__TerminateProcess@8  00421018     kernel32:KERNEL32.dll
 0002:0000001c       __imp__InterlockedCompareExchange@12 0042101c     kernel32:KERNEL32.dll
 0002:00000020       __imp__GetFileSize@8       00421020     kernel32:KERNEL32.dll
 0002:00000024       __imp__CreateFileA@28      00421024     kernel32:KERNEL32.dll
 0002:00000028       __imp__SetFilePointer@16   00421028     kernel32:KERNEL32.dll
 0002:0000002c       __imp__ReadFile@20         0042102c     kernel32:KERNEL32.dll
 0002:00000030       __imp__WriteFile@20        00421030     kernel32:KERNEL32.dll
 0002:00000034       __imp__FileTimeToSystemTime@8 00421034     kernel32:KERNEL32.dll
 0002:00000038       __imp__GetLocalTime@4      00421038     kernel32:KERNEL32.dll
 0002:0000003c       __imp__SystemTimeToFileTime@8 0042103c     kernel32:KERNEL32.dll
 0002:00000040       __imp__FormatMessageA@28   00421040     kernel32:KERNEL32.dll
 0002:00000044       __imp__QueryPerformanceFrequency@4 00421044     kernel32:KERNEL32.dll
 0002:00000048       __imp__QueryPerformanceCounter@4 00421048     kernel32:KERNEL32.dll
 0002:0000004c       __imp__Sleep@4             0042104c     kernel32:KERNEL32.dll
 0002:00000050       __imp__CreateThread@24     00421050     kernel32:KERNEL32.dll
 0002:00000054       __imp__GetCurrentProcessId@0 00421054     kernel32:KERNEL32.dll
 0002:00000058       __imp__GetStdHandle@4      00421058     kernel32:KERNEL32.dll
 0002:0000005c       __imp__SetConsoleTextAttribute@8 0042105c     kernel32:KERNEL32.dll
 0002:00000060       __imp__CreateEventA@16     00421060     kernel32:KERNEL32.dll
 0002:00000064       __imp__SetThreadPriority@8 00421064     kernel32:KERNEL32.dll
 0002:00000068       __imp__GetCurrentThread@0  00421068     kernel32:KERNEL32.dll
 0002:0000006c       __imp__CloseHandle@4       0042106c     kernel32:KERNEL32.dll
 0002:00000070       __imp__SetEvent@4          00421070     kernel32:KERNEL32.dll
 0002:00000074       __imp__GetLastError@0      00421074     kernel32:KERNEL32.dll
 0002:00000078       __imp__TlsAlloc@0          00421078     kernel32:KERNEL32.dll
 0002:0000007c       __imp__TlsSetValue@8       0042107c     kernel32:KERNEL32.dll
 0002:00000080       __imp__TlsGetValue@4       00421080     kernel32:KERNEL32.dll
 0002:00000084       __imp__GetCurrentThreadId@0 00421084     kernel32:KERNEL32.dll
 0002:00000088       __imp__InterlockedExchange@8 00421088     kernel32:KERNEL32.dll
 0002:0000008c       __imp__InterlockedIncrement@4 0042108c     kernel32:KERNEL32.dll
 0002:00000090       __imp__InterlockedDecrement@4 00421090     kernel32:KERNEL32.dll
 0002:00000094       __imp__TlsFree@4           00421094     kernel32:KERNEL32.dll
 0002:00000098       __imp__InitializeCriticalSection@4 00421098     kernel32:KERNEL32.dll
 0002:0000009c       __imp__EnterCriticalSection@4 0042109c     kernel32:KERNEL32.dll
 0002:000000a0       __imp__LeaveCriticalSection@4 004210a0     kernel32:KERNEL32.dll
 0002:000000a4       __imp__TryEnterCriticalSection@4 004210a4     kernel32:KERNEL32.dll
 0002:000000a8       __imp__DeleteCriticalSection@4 004210a8     kernel32:KERNEL32.dll
 0002:000000ac       __imp__WaitForSingleObject@8 004210ac     kernel32:KERNEL32.dll
 0002:000000b0       __imp__ReleaseSemaphore@12 004210b0     kernel32:KERNEL32.dll
 0002:000000b4       __imp__WaitForMultipleObjects@16 004210b4     kernel32:KERNEL32.dll
 0002:000000b8       \177KERNEL32_NULL_THUNK_DATA 004210b8     kernel32:KERNEL32.dll
 0002:000000bc       __imp__printf              004210bc     MSVCRT:MSVCR90.dll
 0002:000000c0       __imp___CIsqrt             004210c0     MSVCRT:MSVCR90.dll
 0002:000000c4       __imp__floor               004210c4     MSVCRT:MSVCR90.dll
 0002:000000c8       __imp___CIexp              004210c8     MSVCRT:MSVCR90.dll
 0002:000000cc       __imp___CIpow              004210cc     MSVCRT:MSVCR90.dll
 0002:000000d0       __imp___CIlog              004210d0     MSVCRT:MSVCR90.dll
 0002:000000d4       __imp___CIatan             004210d4     MSVCRT:MSVCR90.dll
 0002:000000d8       __imp___CIsin              004210d8     MSVCRT:MSVCR90.dll
 0002:000000dc       __imp__exit                004210dc     MSVCRT:MSVCR90.dll
 0002:000000e0       __imp___amsg_exit          004210e0     MSVCRT:MSVCR90.dll
 0002:000000e4       __imp____getmainargs       004210e4     MSVCRT:MSVCR90.dll
 0002:000000e8       __imp___cexit              004210e8     MSVCRT:MSVCR90.dll
 0002:000000ec       __imp___exit               004210ec     MSVCRT:MSVCR90.dll
 0002:000000f0       __imp___XcptFilter         004210f0     MSVCRT:MSVCR90.dll
 0002:000000f4       __imp____initenv           004210f4     MSVCRT:MSVCR90.dll
 0002:000000f8       __imp___initterm           004210f8     MSVCRT:MSVCR90.dll
 0002:000000fc       __imp___initterm_e         004210fc     MSVCRT:MSVCR90.dll
 0002:00000100       __imp___configthreadlocale 00421100     MSVCRT:MSVCR90.dll
 0002:00000104       __imp____setusermatherr    00421104     MSVCRT:MSVCR90.dll
 0002:00000108       __imp___adjust_fdiv        00421108     MSVCRT:MSVCR90.dll
 0002:0000010c       __imp____p__commode        0042110c     MSVCRT:MSVCR90.dll
 0002:00000110       __imp____p__fmode          00421110     MSVCRT:MSVCR90.dll
 0002:00000114       __imp___encode_pointer     00421114     MSVCRT:MSVCR90.dll
 0002:00000118       __imp____set_app_type      00421118     MSVCRT:MSVCR90.dll
 0002:0000011c       __imp___crt_debugger_hook  0042111c     MSVCRT:MSVCR90.dll
 0002:00000120       __imp_?terminate@@YAXXZ    00421120     MSVCRT:MSVCR90.dll
 0002:00000124       __imp___unlock             00421124     MSVCRT:MSVCR90.dll
 0002:00000128       __imp____dllonexit         00421128     MSVCRT:MSVCR90.dll
 0002:0000012c       __imp___lock               0042112c     MSVCRT:MSVCR90.dll
 0002:00000130       __imp___onexit             00421130     MSVCRT:MSVCR90.dll
 0002:00000134       __imp___decode_pointer     00421134     MSVCRT:MSVCR90.dll
 0002:00000138       __imp___except_handler4_common 00421138     MSVCRT:MSVCR90.dll
 0002:0000013c       __imp___invoke_watson      0042113c     MSVCRT:MSVCR90.dll
 0002:00000140       __imp___controlfp_s        00421140     MSVCRT:MSVCR90.dll
 0002:00000144       __imp__longjmp             00421144     MSVCRT:MSVCR90.dll
 0002:00000148       __imp__free                00421148     MSVCRT:MSVCR90.dll
 0002:0000014c       __imp__malloc              0042114c     MSVCRT:MSVCR90.dll
 0002:00000150       __imp___CIfmod             00421150     MSVCRT:MSVCR90.dll
 0002:00000154       __imp___vsnprintf          00421154     MSVCRT:MSVCR90.dll
 0002:00000158       __imp___strnicmp           00421158     MSVCRT:MSVCR90.dll
 0002:0000015c       __imp__strchr              0042115c     MSVCRT:MSVCR90.dll
 0002:00000160       __imp__isxdigit            00421160     MSVCRT:MSVCR90.dll
 0002:00000164       __imp__strncmp             00421164     MSVCRT:MSVCR90.dll
 0002:00000168       __imp___CIcos              00421168     MSVCRT:MSVCR90.dll
 0002:0000016c       __imp__strtok              0042116c     MSVCRT:MSVCR90.dll
 0002:00000170       __imp__memmove             00421170     MSVCRT:MSVCR90.dll
 0002:00000174       __imp__isdigit             00421174     MSVCRT:MSVCR90.dll
 0002:00000178       __imp___stricmp            00421178     MSVCRT:MSVCR90.dll
 0002:0000017c       __imp__sprintf             0042117c     MSVCRT:MSVCR90.dll
 0002:00000180       __imp___snprintf           00421180     MSVCRT:MSVCR90.dll
 0002:00000184       __imp__strncpy             00421184     MSVCRT:MSVCR90.dll
 0002:00000188       __imp__memcpy              00421188     MSVCRT:MSVCR90.dll
 0002:0000018c       __imp__memset              0042118c     MSVCRT:MSVCR90.dll
 0002:00000190       __imp__atoi                00421190     MSVCRT:MSVCR90.dll
 0002:00000194       __imp__puts                00421194     MSVCRT:MSVCR90.dll
 0002:00000198       __imp____iob_func          00421198     MSVCRT:MSVCR90.dll
 0002:0000019c       __imp__fgets               0042119c     MSVCRT:MSVCR90.dll
 0002:000001a0       __imp__calloc              004211a0     MSVCRT:MSVCR90.dll
 0002:000001a4       \177MSVCR90_NULL_THUNK_DATA 004211a4     MSVCRT:MSVCR90.dll
 0002:000001a8       __imp__waveInGetErrorTextA@12 004211a8     winmm:WINMM.dll
 0002:000001ac       __imp__waveOutGetErrorTextA@12 004211ac     winmm:WINMM.dll
 0002:000001b0       __imp__waveOutReset@4      004211b0     winmm:WINMM.dll
 0002:000001b4       __imp__waveOutUnprepareHeader@12 004211b4     winmm:WINMM.dll
 0002:000001b8       __imp__waveOutClose@4      004211b8     winmm:WINMM.dll
 0002:000001bc       __imp__waveInReset@4       004211bc     winmm:WINMM.dll
 0002:000001c0       __imp__waveInUnprepareHeader@12 004211c0     winmm:WINMM.dll
 0002:000001c4       __imp__waveInClose@4       004211c4     winmm:WINMM.dll
 0002:000001c8       __imp__waveInStop@4        004211c8     winmm:WINMM.dll
 0002:000001cc       __imp__waveOutRestart@4    004211cc     winmm:WINMM.dll
 0002:000001d0       __imp__waveInStart@4       004211d0     winmm:WINMM.dll
 0002:000001d4       __imp__waveOutSetVolume@8  004211d4     winmm:WINMM.dll
 0002:000001d8       __imp__waveOutGetVolume@8  004211d8     winmm:WINMM.dll
 0002:000001dc       __imp__waveInOpen@24       004211dc     winmm:WINMM.dll
 0002:000001e0       __imp__waveInPrepareHeader@12 004211e0     winmm:WINMM.dll
 0002:000001e4       __imp__waveInAddBuffer@12  004211e4     winmm:WINMM.dll
 0002:000001e8       __imp__waveOutOpen@24      004211e8     winmm:WINMM.dll
 0002:000001ec       __imp__waveOutPause@4      004211ec     winmm:WINMM.dll
 0002:000001f0       __imp__waveOutPrepareHeader@12 004211f0     winmm:WINMM.dll
 0002:000001f4       __imp__waveOutWrite@12     004211f4     winmm:WINMM.dll
 0002:000001f8       __imp__waveInGetNumDevs@0  004211f8     winmm:WINMM.dll
 0002:000001fc       __imp__waveOutGetNumDevs@0 004211fc     winmm:WINMM.dll
 0002:00000200       __imp__waveInGetDevCapsA@12 00421200     winmm:WINMM.dll
 0002:00000204       __imp__waveOutGetDevCapsA@12 00421204     winmm:WINMM.dll
 0002:00000208       \177WINMM_NULL_THUNK_DATA  00421208     winmm:WINMM.dll
 0002:0000020c       __imp__select@20           0042120c     ws2_32:WS2_32.dll
 0002:00000210       __imp____WSAFDIsSet@8      00421210     ws2_32:WS2_32.dll
 0002:00000214       __imp__accept@12           00421214     ws2_32:WS2_32.dll
 0002:00000218       __imp__getsockopt@20       00421218     ws2_32:WS2_32.dll
 0002:0000021c       __imp__recvfrom@24         0042121c     ws2_32:WS2_32.dll
 0002:00000220       __imp__recv@16             00421220     ws2_32:WS2_32.dll
 0002:00000224       __imp__sendto@24           00421224     ws2_32:WS2_32.dll
 0002:00000228       __imp__send@16             00421228     ws2_32:WS2_32.dll
 0002:0000022c       __imp__getsockname@12      0042122c     ws2_32:WS2_32.dll
 0002:00000230       __imp__htonl@4             00421230     ws2_32:WS2_32.dll
 0002:00000234       __imp__ntohl@4             00421234     ws2_32:WS2_32.dll
 0002:00000238       __imp__htons@4             00421238     ws2_32:WS2_32.dll
 0002:0000023c       __imp__ntohs@4             0042123c     ws2_32:WS2_32.dll
 0002:00000240       __imp__WSACleanup@0        00421240     ws2_32:WS2_32.dll
 0002:00000244       __imp__WSAStartup@8        00421244     ws2_32:WS2_32.dll
 0002:00000248       __imp__WSAGetLastError@0   00421248     ws2_32:WS2_32.dll
 0002:0000024c       \177WS2_32_NULL_THUNK_DATA 0042124c     ws2_32:WS2_32.dll
 0002:00000250       __imp__CoCreateGuid@4      00421250     ole32:ole32.dll
 0002:00000254       \177ole32_NULL_THUNK_DATA  00421254     ole32:ole32.dll
 0002:00000258       ___xc_a                    00421258     MSVCRT:cinitexe.obj
 0002:00000260       ___xc_z                    00421260     MSVCRT:cinitexe.obj
 0002:00000264       ___xi_a                    00421264     MSVCRT:cinitexe.obj
 0002:00000274       ___xi_z                    00421274     MSVCRT:cinitexe.obj
 0002:00000278       ??_C@_09OFDCJLJM@WMME?5base?$AA@ 00421278     pjmedia-audiodev-i386-win32-vc8-release:wmme_dev.obj
 0002:00000284       ??_C@_04CPNMDOAK@WMME?$AA@ 00421284     pjmedia-audiodev-i386-win32-vc8-release:wmme_dev.obj
 0002:0000028c       ??_C@_0M@KBHHDDLP@Wave?5mapper?$AA@ 0042128c     pjmedia-audiodev-i386-win32-vc8-release:wmme_dev.obj
 0002:00000298       ??_C@_0CA@NLJGEGOG@?5dev_id?5?$CFd?3?5?$CFs?5?5?$CIin?$DN?$CFd?0?5out?$DN?$CFd?$CJ?$AA@ 00421298     pjmedia-audiodev-i386-win32-vc8-release:wmme_dev.obj
 0002:000002b8       ??_C@_0BH@GEMAAOCL@WMME?5found?5?$CFd?5devices?3?$AA@ 004212b8     pjmedia-audiodev-i386-win32-vc8-release:wmme_dev.obj
 0002:000002d0       ??_C@_11LOCGONAA@?$AA?$AA@ 004212d0     pjmedia-audiodev-i386-win32-vc8-release:wmme_dev.obj
 0002:000002d4       ??_C@_0L@HHCCMOGO@wmme_dev?4c?$AA@ 004212d4     pjmedia-audiodev-i386-win32-vc8-release:wmme_dev.obj
 0002:000002e0       ??_C@_0BM@OMJMEAMB@WMME?5found?5no?5sound?5devices?$AA@ 004212e0     pjmedia-audiodev-i386-win32-vc8-release:wmme_dev.obj
 0002:000002fc       ??_C@_03CCLNCNJA@PCM?$AA@  004212fc     pjmedia-audiodev-i386-win32-vc8-release:wmme_dev.obj
 0002:00000300       ??_C@_0HB@MKIBCFPJ@?5WaveAPI?5Sound?5player?5?$CC?$CFs?$CC?5initi@ 00421300     pjmedia-audiodev-i386-win32-vc8-release:wmme_dev.obj
 0002:00000378       ??_C@_0HD@PIICIPL@?5WaveAPI?5Sound?5recorder?5?$CC?$CFs?$CC?5ini@ 00421378     pjmedia-audiodev-i386-win32-vc8-release:wmme_dev.obj
 0002:000003ec       ??_C@_0BI@BEJPJEBJ@WMME?3?5thread?5stopping?4?4?$AA@ 004213ec     pjmedia-audiodev-i386-win32-vc8-release:wmme_dev.obj
 0002:00000404       ??_C@_0BM@NKDLICNM@WMME?5capture?5stream?5started?$AA@ 00421404     pjmedia-audiodev-i386-win32-vc8-release:wmme_dev.obj
 0002:00000420       ??_C@_0BN@MNACKNIN@WMME?5playback?5stream?5started?$AA@ 00421420     pjmedia-audiodev-i386-win32-vc8-release:wmme_dev.obj
 0002:00000440       ??_C@_0BM@KCHDOGNE@Stopped?5WMME?5capture?5stream?$AA@ 00421440     pjmedia-audiodev-i386-win32-vc8-release:wmme_dev.obj
 0002:0000045c       ??_C@_0BN@FMJNHCPG@Stopped?5WMME?5playback?5stream?$AA@ 0042145c     pjmedia-audiodev-i386-win32-vc8-release:wmme_dev.obj
 0002:0000047c       ??_C@_0BB@EOKKHGLD@WMME?5initialized?$AA@ 0042147c     pjmedia-audiodev-i386-win32-vc8-release:wmme_dev.obj
 0002:00000490       ??_C@_04ODOGNMHC@wmme?$AA@ 00421490     pjmedia-audiodev-i386-win32-vc8-release:wmme_dev.obj
 0002:00000498       ??_C@_08MOOOBPLB@wmme?9dev?$AA@ 00421498     pjmedia-audiodev-i386-win32-vc8-release:wmme_dev.obj
 0002:000004a4       ??_C@_0DE@LJJGJIEF@Bad?5audio?5latency?5setting?5?$CIPJMED@ 004214a4     pjmedia-audiodev-i386-win32-vc8-release:errno.obj
 0002:000004d8       ??_C@_0DN@BLAJILEA@Invalid?5audio?5device?5sample?5form@ 004214d8     pjmedia-audiodev-i386-win32-vc8-release:errno.obj
 0002:00000518       ??_C@_0DM@JKDJGBNG@Bad?5or?5invalid?5audio?5device?5form@ 00421518     pjmedia-audiodev-i386-win32-vc8-release:errno.obj
 0002:00000558       ??_C@_0ED@PLJALPOA@Invalid?5or?5unsupported?5audio?5dev@ 00421558     pjmedia-audiodev-i386-win32-vc8-release:errno.obj
 0002:0000059c       ??_C@_0DO@NMIGLFFA@Invalid?5or?5unsupported?5audio?5cap@ 0042159c     pjmedia-audiodev-i386-win32-vc8-release:errno.obj
 0002:000005dc       ??_C@_0CP@JIPJOIMB@Audio?5device?5not?5ready?5?$CIPJMEDIA_@ 004215dc     pjmedia-audiodev-i386-win32-vc8-release:errno.obj
 0002:0000060c       ??_C@_0DM@DPDKGMIE@Unable?5to?5find?5default?5audio?5dev@ 0042160c     pjmedia-audiodev-i386-win32-vc8-release:errno.obj
 0002:00000648       ??_C@_0CM@LOPLLMHO@Found?5no?5audio?5devices?5?$CIPJMEDIA_@ 00421648     pjmedia-audiodev-i386-win32-vc8-release:errno.obj
 0002:00000674       ??_C@_0CL@NCBJPCNF@Invalid?5audio?5device?5?$CIPJMEDIA_EA@ 00421674     pjmedia-audiodev-i386-win32-vc8-release:errno.obj
 0002:000006a0       ??_C@_0DE@DOHCBKFK@Audio?5subsystem?5not?5initialized?5@ 004216a0     pjmedia-audiodev-i386-win32-vc8-release:errno.obj
 0002:000006d4       ??_C@_0DG@FEDKLOFB@Unknown?5error?5from?5audio?5driver?5@ 004216d4     pjmedia-audiodev-i386-win32-vc8-release:errno.obj
 0002:0000070c       ??_C@_0DC@MHBBCDGM@Unspecified?5audio?5device?5error?5?$CI@ 0042170c     pjmedia-audiodev-i386-win32-vc8-release:errno.obj
 0002:000007a0       ??_C@_0CC@MFOJNIAN@Unknown?5pjmedia?9audiodev?5error?5?$CF@ 004217a0     pjmedia-audiodev-i386-win32-vc8-release:errno.obj
 0002:000007c4       ??_C@_0BJ@GMHLEOAL@MMSYSTEM?5native?5error?5?$CFd?$AA@ 004217c4     pjmedia-audiodev-i386-win32-vc8-release:errno.obj
 0002:000007e0       ??_C@_08LMCBNPPN@sendrecv?$AA@ 004217e0     pjmedia-i386-win32-vc8-release:endpoint.obj
 0002:000007ec       ??_C@_07HDFHIMAJ@pjmedia?$AA@ 004217ec     pjmedia-i386-win32-vc8-release:endpoint.obj
 0002:000007f4       ??_C@_07OEHJJJKF@RTP?1AVP?$AA@ 004217f4     pjmedia-i386-win32-vc8-release:endpoint.obj
 0002:000007fc       ??_C@_03NNAHIIJB@IP6?$AA@  004217fc     pjmedia-i386-win32-vc8-release:endpoint.obj
 0002:00000800       ??_C@_03OPDBOKBD@IP4?$AA@  00421800     pjmedia-i386-win32-vc8-release:endpoint.obj
 0002:00000804       ??_C@_02BBAPPCCJ@IN?$AA@   00421804     pjmedia-i386-win32-vc8-release:endpoint.obj
 0002:00000838       ??_C@_01CLKCMJKC@?5?$AA@   00421838     pjmedia-i386-win32-vc8-release:endpoint.obj
 0002:0000083a       ??_C@_00CNPNBAHC@?$AA@     0042183a     pjmedia-i386-win32-vc8-release:endpoint.obj
 0002:0000083c       ??_C@_0L@DLFDMOGF@endpoint?4c?$AA@ 0042183c     pjmedia-i386-win32-vc8-release:endpoint.obj
 0002:00000848       ??_C@_05CECBHAPI@media?$AA@ 00421848     pjmedia-i386-win32-vc8-release:endpoint.obj
 0002:00000850       ??_C@_0EL@BIFHLACC@Warning?3?5no?5worker?5thread?5is?5cre@ 00421850     pjmedia-i386-win32-vc8-release:endpoint.obj
 0002:0000089c       ??_C@_07LBNDIDNE@med?9ept?$AA@ 0042189c     pjmedia-i386-win32-vc8-release:endpoint.obj
 0002:000008a4       ??_C@_03FABGEMFG@AEC?$AA@  004218a4     pjmedia-i386-win32-vc8-release:echo_common.obj
 0002:000008a8       ??_C@_0BA@LPBIANE@Echo?5suppressor?$AA@ 004218a8     pjmedia-i386-win32-vc8-release:echo_common.obj
 0002:000008b8       ??_C@_0FO@FCNNBEFH@?$CFs?5created?0?5clock_rate?$DN?$CFd?0?5chann@ 004218b8     pjmedia-i386-win32-vc8-release:echo_common.obj
 0002:00000918       ??_C@_0M@KMDBLPFK@Creating?5?$CFs?$AA@ 00421918     pjmedia-i386-win32-vc8-release:echo_common.obj
 0002:00000924       ??_C@_04FACFFFMP@ec?$CFp?$AA@ 00421924     pjmedia-i386-win32-vc8-release:echo_common.obj
 0002:0000092c       ??_C@_0BM@HOHFIKPJ@Latency?5bufferring?5complete?$AA@ 0042192c     pjmedia-i386-win32-vc8-release:echo_common.obj
 0002:00000948       ??_C@_0DF@ENONGENO@No?5frame?5from?5delay?5buffer?4?5This@ 00421948     pjmedia-i386-win32-vc8-release:echo_common.obj
 0002:00000980       ??_C@_0O@DBBHABPM@Prefetching?4?4?$AA@ 00421980     pjmedia-i386-win32-vc8-release:echo_common.obj
 0002:00000990       ??_C@_0N@MCLOBLAH@wav_writer?4c?$AA@ 00421990     pjmedia-i386-win32-vc8-release:wav_writer.obj
 0002:000009a0       ??_C@_0DH@EDIEAILI@File?5writer?5?8?$CF?4?$CKs?8?5created?3?5samp@ 004219a0     pjmedia-i386-win32-vc8-release:wav_writer.obj
 0002:000009d8       ??_C@_0BL@OHCCHMIC@File?5port?5?$CF?4?$CKs?5rewinding?4?4?$AA@ 004219d8     pjmedia-i386-win32-vc8-release:wav_player.obj
 0002:000009f4       ??_C@_0N@EAJPAIGO@wav_player?4c?$AA@ 004219f4     pjmedia-i386-win32-vc8-release:wav_player.obj
 0002:00000a04       ??_C@_0BD@LPPPNKOC@File?5port?5?$CF?4?$CKs?5EOF?$AA@ 00421a04     pjmedia-i386-win32-vc8-release:wav_player.obj
 0002:00000a18       ??_C@_04DAMGJPCA@file?$AA@ 00421a18     pjmedia-i386-win32-vc8-release:wav_player.obj
 0002:00000a20       ??_C@_0DH@CJCCJAOK@actual?5value?$HMexpected?5riff?$DN?$CFx?$HM?$CFx@ 00421a20     pjmedia-i386-win32-vc8-release:wav_player.obj
 0002:00000a58       ??_C@_0EO@KJDBHFL@File?5player?5?8?$CF?4?$CKs?8?5created?3?5samp@ 00421a58     pjmedia-i386-win32-vc8-release:wav_player.obj
 0002:00000aa8       ??_C@_0BI@OMEMKBHH@Packet?5loss?5concealment?$AA@ 00421aa8     pjmedia-i386-win32-vc8-release:audiodev.obj
 0002:00000ac0       ??_C@_03NOPFEPFL@plg?$AA@  00421ac0     pjmedia-i386-win32-vc8-release:audiodev.obj
 0002:00000ac4       ??_C@_0BJ@MNDOFJGN@Comfort?5noise?5generation?$AA@ 00421ac4     pjmedia-i386-win32-vc8-release:audiodev.obj
 0002:00000ae0       ??_C@_03JPNNGDEE@cng?$AA@  00421ae0     pjmedia-i386-win32-vc8-release:audiodev.obj
 0002:00000ae4       ??_C@_0BJ@PEELNNPF@Voice?5activity?5detection?$AA@ 00421ae4     pjmedia-i386-win32-vc8-release:audiodev.obj
 0002:00000b00       ??_C@_03NIGLNABH@vad?$AA@  00421b00     pjmedia-i386-win32-vc8-release:audiodev.obj
 0002:00000b04       ??_C@_0BM@PBLLADJD@Tail?5length?5setting?5for?5AEC?$AA@ 00421b04     pjmedia-i386-win32-vc8-release:audiodev.obj
 0002:00000b20       ??_C@_08MKAPJCJE@aec?9tail?$AA@ 00421b20     pjmedia-i386-win32-vc8-release:audiodev.obj
 0002:00000b2c       ??_C@_0BM@HPDLGLFJ@Accoustic?5echo?5cancellation?$AA@ 00421b2c     pjmedia-i386-win32-vc8-release:audiodev.obj
 0002:00000b48       ??_C@_03FNONIBCK@aec?$AA@  00421b48     pjmedia-i386-win32-vc8-release:audiodev.obj
 0002:00000b4c       ??_C@_0P@JOFPIEJJ@Output?5routing?$AA@ 00421b4c     pjmedia-i386-win32-vc8-release:audiodev.obj
 0002:00000b5c       ??_C@_09IKMAGDNF@route?9out?$AA@ 00421b5c     pjmedia-i386-win32-vc8-release:audiodev.obj
 0002:00000b68       ??_C@_0O@JDPFDDM@Input?5routing?$AA@ 00421b68     pjmedia-i386-win32-vc8-release:audiodev.obj
 0002:00000b78       ??_C@_08FPHJDLBG@route?9in?$AA@ 00421b78     pjmedia-i386-win32-vc8-release:audiodev.obj
 0002:00000b84       ??_C@_0N@GBEOEOEP@Output?5meter?$AA@ 00421b84     pjmedia-i386-win32-vc8-release:audiodev.obj
 0002:00000b94       ??_C@_09NKJLJGOJ@meter?9out?$AA@ 00421b94     pjmedia-i386-win32-vc8-release:audiodev.obj
 0002:00000ba0       ??_C@_0M@NCGIGNPG@Input?5meter?$AA@ 00421ba0     pjmedia-i386-win32-vc8-release:audiodev.obj
 0002:00000bac       ??_C@_08BPNDLGG@meter?9in?$AA@ 00421bac     pjmedia-i386-win32-vc8-release:audiodev.obj
 0002:00000bb8       ??_C@_0BG@IBEHJHAD@Output?5volume?5setting?$AA@ 00421bb8     pjmedia-i386-win32-vc8-release:audiodev.obj
 0002:00000bd0       ??_C@_07LBFHFBAF@vol?9out?$AA@ 00421bd0     pjmedia-i386-win32-vc8-release:audiodev.obj
 0002:00000bd8       ??_C@_0BF@CCEKOJAN@Input?5volume?5setting?$AA@ 00421bd8     pjmedia-i386-win32-vc8-release:audiodev.obj
 0002:00000bf0       ??_C@_06KGGLCDDG@vol?9in?$AA@ 00421bf0     pjmedia-i386-win32-vc8-release:audiodev.obj
 0002:00000bf8       ??_C@_0CD@GAINMBC@Output?5latency?1buffer?5size?5setti@ 00421bf8     pjmedia-i386-win32-vc8-release:audiodev.obj
 0002:00000c1c       ??_C@_0M@MBBBBCLJ@latency?9out?$AA@ 00421c1c     pjmedia-i386-win32-vc8-release:audiodev.obj
 0002:00000c28       ??_C@_0CC@LIGOHOJN@Input?5latency?1buffer?5size?5settin@ 00421c28     pjmedia-i386-win32-vc8-release:audiodev.obj
 0002:00000c4c       ??_C@_0L@IKNMBADD@latency?9in?$AA@ 00421c4c     pjmedia-i386-win32-vc8-release:audiodev.obj
 0002:00000c58       ??_C@_0BI@GGHCECPI@Extended?1non?9PCM?5format?$AA@ 00421c58     pjmedia-i386-win32-vc8-release:audiodev.obj
 0002:00000c70       ??_C@_07GBKCPIDJ@ext?9fmt?$AA@ 00421c70     pjmedia-i386-win32-vc8-release:audiodev.obj
 0002:00000c78       ??_C@_0L@FGHHAHLM@audiodev?4c?$AA@ 00421c78     pjmedia-i386-win32-vc8-release:audiodev.obj
 0002:00000c88       ??_C@_0EF@NLCNMHAD@?$CFd?5device?$CIs?$CJ?5cannot?5be?5registere@ 00421c88     pjmedia-i386-win32-vc8-release:audiodev.obj
 0002:00000cd0       ??_C@_08MPIAKENM@RTP?1SAVP?$AA@ 00421cd0     pjmedia-i386-win32-vc8-release:sdp.obj
 0002:00000cec       ??_C@_08INHMCBAE@inactive?$AA@ 00421cec     pjmedia-i386-win32-vc8-release:sdp.obj
 0002:00000cf8       ??_C@_09GLMNEMC@codec?9mgr?$AA@ 00421cf8     pjmedia-i386-win32-vc8-release:codec.obj
 0002:00000d08       ??_C@_0EO@MOMMHEEA@Secure?5transport?5required?5in?5SDP@ 00421d08     pjmedia-i386-win32-vc8-release:errno.obj
 0002:00000d58       ??_C@_0DM@OPHJDJCK@SRTP?5crypto?5attribute?5required?5?$CI@ 00421d58     pjmedia-i386-win32-vc8-release:errno.obj
 0002:00000d98       ??_C@_0EE@HKDIFKLN@Invalid?5SDP?5media?5transport?5for?5@ 00421d98     pjmedia-i386-win32-vc8-release:errno.obj
 0002:00000ddc       ??_C@_0DH@JABOECDK@Invalid?5SRTP?5crypto?5tag?5?$CIPJMEDIA@ 00421ddc     pjmedia-i386-win32-vc8-release:errno.obj
 0002:00000e14       ??_C@_0DK@EIEPDNB@Invalid?5SRTP?5crypto?5attribute?5?$CIP@ 00421e14     pjmedia-i386-win32-vc8-release:errno.obj
 0002:00000e50       ??_C@_0DL@PPDCJAFI@Duplicated?5SRTP?5crypto?5tag?5?$CIPJME@ 00421e50     pjmedia-i386-win32-vc8-release:errno.obj
 0002:00000e8c       ??_C@_0DP@DNDEFJI@SRTP?5SDP?5contains?5ambigue?5answer@ 00421e8c     pjmedia-i386-win32-vc8-release:errno.obj
 0002:00000ecc       ??_C@_0DL@BINEGGLM@Unsupported?5SRTP?5crypto?9suite?5?$CIP@ 00421ecc     pjmedia-i386-win32-vc8-release:errno.obj
 0002:00000f08       ??_C@_0EF@DCMAHBDI@Invalid?5SRTP?5key?5length?5for?5spec@ 00421f08     pjmedia-i386-win32-vc8-release:errno.obj
 0002:00000f50       ??_C@_0FA@HAKEALMK@SRTP?5crypto?9suite?5name?5not?5match@ 00421f50     pjmedia-i386-win32-vc8-release:errno.obj
 0002:00000fa0       ??_C@_0EB@GAMOPGD@Invalid?5sample?5format?5for?5sound?5@ 00421fa0     pjmedia-i386-win32-vc8-release:errno.obj
 0002:00000fe4       ??_C@_0CO@FCJGKBG@Invalid?5sound?5device?5ID?5?$CIPJMEDIA@ 00421fe4     pjmedia-i386-win32-vc8-release:errno.obj
 0002:00001014       ??_C@_0DH@NACBPKOD@No?5suitable?5sound?5playback?5devic@ 00422014     pjmedia-i386-win32-vc8-release:errno.obj
 0002:0000104c       ??_C@_0DF@PKIKHNPA@No?5suitable?5sound?5capture?5device@ 0042204c     pjmedia-i386-win32-vc8-release:errno.obj
 0002:00001084       ??_C@_0CK@EMOCNCPF@Unsupported?5AVI?5file?5?$CIPJMEDIA_EA@ 00422084     pjmedia-i386-win32-vc8-release:errno.obj
 0002:000010b0       ??_C@_0DP@HHAKLPGE@Sound?5frame?5too?5large?5for?5file?5b@ 004220b0     pjmedia-i386-win32-vc8-release:errno.obj
 0002:000010f0       ??_C@_0CM@HKHLDPDN@WAVE?5file?5too?5short?5?$CIPJMEDIA_EWA@ 004220f0     pjmedia-i386-win32-vc8-release:errno.obj
 0002:0000111c       ??_C@_0DD@FKNCKLNB@Unsupported?5WAVE?5file?5format?5?$CIPJ@ 0042211c     pjmedia-i386-win32-vc8-release:errno.obj
 0002:00001150       ??_C@_0CO@CKCFJDML@Not?5a?5valid?5WAVE?5file?5?$CIPJMEDIA_E@ 00422150     pjmedia-i386-win32-vc8-release:errno.obj
 0002:00001180       ??_C@_0EG@FBPNENMF@Media?5ports?5have?5incompatible?5nu@ 00422180     pjmedia-i386-win32-vc8-release:errno.obj
 0002:000011c8       ??_C@_0EB@DHIDGGBD@Media?5ports?5have?5incompatible?5by@ 004221c8     pjmedia-i386-win32-vc8-release:errno.obj
 0002:00001210       ??_C@_0EA@CDICINEI@Media?5ports?5have?5incompatible?5bi@ 00422210     pjmedia-i386-win32-vc8-release:errno.obj
 0002:00001250       ??_C@_0DL@FLCJCEPI@Media?5ports?5have?5incompatible?5me@ 00422250     pjmedia-i386-win32-vc8-release:errno.obj
 0002:00001290       ??_C@_0EL@KOIIKBFP@Media?5ports?5have?5incompatible?5sa@ 00422290     pjmedia-i386-win32-vc8-release:errno.obj
 0002:000012e0       ??_C@_0EA@EJPEOGMK@Media?5ports?5have?5incompatible?5cl@ 004222e0     pjmedia-i386-win32-vc8-release:errno.obj
 0002:00001320       ??_C@_0DI@MEKDIPIO@Media?5ports?5are?5not?5compatible?5?$CI@ 00422320     pjmedia-i386-win32-vc8-release:errno.obj
 0002:00001358       ??_C@_0CO@BFKJOFNE@RTP?5is?5not?5configured?5?$CIPJMEDIA_R@ 00422358     pjmedia-i386-win32-vc8-release:errno.obj
 0002:00001388       ??_C@_0EE@PHAAOPAG@RTP?5media?5port?5destination?5is?5no@ 00422388     pjmedia-i386-win32-vc8-release:errno.obj
 0002:000013cc       ??_C@_0DI@LFLLIJCB@Bad?5sequence?5number?5in?5RTP?5packe@ 004223cc     pjmedia-i386-win32-vc8-release:errno.obj
 0002:00001404       ??_C@_0DG@OPPFJBGL@RTP?5session?5in?5probation?5?$CIPJMEDI@ 00422404     pjmedia-i386-win32-vc8-release:errno.obj
 0002:0000143c       ??_C@_0DB@HLHLKEBJ@RTP?5session?5restarted?5?$CIPJMEDIA_R@ 0042243c     pjmedia-i386-win32-vc8-release:errno.obj
 0002:00001470       ??_C@_0CP@OBFABIAL@Invalid?5RTP?5packet?5length?5?$CIPJMED@ 00422470     pjmedia-i386-win32-vc8-release:errno.obj
 0002:000014a0       ??_C@_0DF@KDOADJLK@RTP?5packet?5payload?5type?5mismatch@ 004224a0     pjmedia-i386-win32-vc8-release:errno.obj
 0002:000014d8       ??_C@_0DC@PFPAEINL@RTP?5packet?5SSRC?5id?5mismatch?5?$CIPJM@ 004224d8     pjmedia-i386-win32-vc8-release:errno.obj
 0002:0000150c       ??_C@_0CJ@NGKNCMFA@Invalid?5RTP?5version?5?$CIPJMEDIA_RTP@ 0042250c     pjmedia-i386-win32-vc8-release:errno.obj
 0002:00001538       ??_C@_0DL@KLDJIJLI@Invalid?5RTP?5packing?5?$CIinternal?5er@ 00422538     pjmedia-i386-win32-vc8-release:errno.obj
 0002:00001574       ??_C@_0CI@KDAMKHEL@Invalid?5RTP?5packet?5?$CIPJMEDIA_RTP_@ 00422574     pjmedia-i386-win32-vc8-release:errno.obj
 0002:0000159c       ??_C@_0BN@LMCOIKH@Bad?5format?5?$CIPJMEDIA_EBADFMT?$CJ?$AA@ 0042259c     pjmedia-i386-win32-vc8-release:errno.obj
 0002:000015bc       ??_C@_0DN@EHCPFJJN@Remote?5does?5not?5support?5RFC?52833@ 004225bc     pjmedia-i386-win32-vc8-release:errno.obj
 0002:000015fc       ??_C@_0CJ@ECIKMCPH@Invalid?5DTMF?5digit?5?$CIPJMEDIA_RTP_@ 004225fc     pjmedia-i386-win32-vc8-release:errno.obj
 0002:00001628       ??_C@_0DF@NNKPPHHC@Remote?5does?5not?5support?5DTMF?5?$CIPJ@ 00422628     pjmedia-i386-win32-vc8-release:errno.obj
 0002:00001660       ??_C@_0CO@MJBLNMMI@Invalid?5media?5type?5?$CIPJMEDIA_EINV@ 00422660     pjmedia-i386-win32-vc8-release:errno.obj
 0002:00001690       ??_C@_0DN@IGGOEBDI@Missing?5rtpmap?5in?5media?5descript@ 00422690     pjmedia-i386-win32-vc8-release:errno.obj
 0002:000016d0       ??_C@_0DA@DKJJFGPE@Invalid?5media?5payload?5type?5?$CIPJME@ 004226d0     pjmedia-i386-win32-vc8-release:errno.obj
 0002:00001700       ??_C@_0DM@GBJMMNCF@Asymetric?5media?5codec?5is?5not?5sup@ 00422700     pjmedia-i386-win32-vc8-release:errno.obj
 0002:0000173c       ??_C@_0DH@KOBKDDJI@Invalid?5remote?5media?5?$CIIP?$CJ?5addres@ 0042273c     pjmedia-i386-win32-vc8-release:errno.obj
 0002:00001774       ??_C@_0DJ@NJFBGAOC@Bad?5or?5corrupted?5bitstream?5?$CIPJME@ 00422774     pjmedia-i386-win32-vc8-release:errno.obj
 0002:000017b0       ??_C@_0DG@EKMGLMFL@Invalid?5codec?5mode?5?$CIno?5fmtp?$DP?$CJ?5?$CIP@ 004227b0     pjmedia-i386-win32-vc8-release:errno.obj
 0002:000017e8       ??_C@_0DG@LLBBCNCG@Invalid?5PCM?5frame?5length?5?$CIPJMEDI@ 004227e8     pjmedia-i386-win32-vc8-release:errno.obj
 0002:00001820       ??_C@_0DF@JDAOLAOM@Invalid?5codec?5frame?5length?5?$CIPJME@ 00422820     pjmedia-i386-win32-vc8-release:errno.obj
 0002:00001858       ??_C@_0DE@OLKJHMCL@PCM?5frame?5is?5too?5short?5?$CIPJMEDIA_@ 00422858     pjmedia-i386-win32-vc8-release:errno.obj
 0002:0000188c       ??_C@_0DG@FOGENKNL@Codec?5frame?5is?5too?5short?5?$CIPJMEDI@ 0042288c     pjmedia-i386-win32-vc8-release:errno.obj
 0002:000018c4       ??_C@_0DG@KJBEJCIE@Codec?5internal?5creation?5error?5?$CIP@ 004228c4     pjmedia-i386-win32-vc8-release:errno.obj
 0002:000018fc       ??_C@_0CP@ODMIIAEN@Unsupported?5media?5codec?5?$CIPJMEDIA@ 004228fc     pjmedia-i386-win32-vc8-release:errno.obj
 0002:0000192c       ??_C@_0DE@PFJJJNGL@SDP?5time?5line?5not?5equal?5?$CIPJMEDIA@ 0042292c     pjmedia-i386-win32-vc8-release:errno.obj
 0002:00001960       ??_C@_0DM@HCOBINN@SDP?5name?1subject?5line?5not?5equal?5@ 00422960     pjmedia-i386-win32-vc8-release:errno.obj
 0002:0000199c       ??_C@_0DI@BLKBMMGO@SDP?5origin?5line?5not?5equal?5?$CIPJMED@ 0042299c     pjmedia-i386-win32-vc8-release:errno.obj
 0002:000019d4       ??_C@_0DN@EALGPLFN@SDP?5session?5descriptor?5not?5equal@ 004229d4     pjmedia-i386-win32-vc8-release:errno.obj
 0002:00001a14       ??_C@_0DN@HLKACHFN@SDP?5rtpmap?5attribute?5not?5equal?5?$CI@ 00422a14     pjmedia-i386-win32-vc8-release:errno.obj
 0002:00001a54       ??_C@_0DJ@FFGHKCEG@SDP?5fmtp?5attribute?5not?5equal?5?$CIPJ@ 00422a54     pjmedia-i386-win32-vc8-release:errno.obj
 0002:00001a90       ??_C@_0DJ@GGABIHGL@SDP?5media?5direction?5not?5equal?5?$CIP@ 00422a90     pjmedia-i386-win32-vc8-release:errno.obj
 0002:00001acc       ??_C@_0DF@HHCJAGLJ@SDP?5attributes?5not?5equal?5?$CIPJMEDI@ 00422acc     pjmedia-i386-win32-vc8-release:errno.obj
 0002:00001b04       ??_C@_0DK@MAHAOAHF@SDP?5connection?5line?5not?5equal?5?$CIP@ 00422b04     pjmedia-i386-win32-vc8-release:errno.obj
 0002:00001b40       ??_C@_0EH@FMIFCFBA@Format?5in?5SDP?5media?5descriptor?5n@ 00422b40     pjmedia-i386-win32-vc8-release:errno.obj
 0002:00001b88       ??_C@_0EJ@FJOJLJDF@Transport?5in?5SDP?5media?5descripto@ 00422b88     pjmedia-i386-win32-vc8-release:errno.obj
 0002:00001bd8       ??_C@_0ED@KAALGBMF@Port?5in?5SDP?5media?5descriptor?5not@ 00422bd8     pjmedia-i386-win32-vc8-release:errno.obj
 0002:00001c1c       ??_C@_0DM@JMBBJEKO@SDP?5media?5descriptor?5not?5equal?5?$CI@ 00422c1c     pjmedia-i386-win32-vc8-release:errno.obj
 0002:00001c58       ??_C@_0EK@LPNBCGHG@No?5suitable?5answer?5for?5unknown?5r@ 00422c58     pjmedia-i386-win32-vc8-release:errno.obj
 0002:00001ca8       ??_C@_0EM@LLMPLGCO@No?5suitable?5telephone?9event?5for?5@ 00422ca8     pjmedia-i386-win32-vc8-release:errno.obj
 0002:00001cf4       ??_C@_0DP@KIMEPBPF@No?5suitable?5codec?5for?5remote?5off@ 00422cf4     pjmedia-i386-win32-vc8-release:errno.obj
 0002:00001d38       ??_C@_0ED@HELGJJGO@No?5active?5media?5stream?5after?5neg@ 00422d38     pjmedia-i386-win32-vc8-release:errno.obj
 0002:00001d80       ??_C@_0ED@NGHPALDD@No?5common?5SDP?5media?5payload?5in?5a@ 00422d80     pjmedia-i386-win32-vc8-release:errno.obj
 0002:00001dc8       ??_C@_0EN@OPFCIOMP@SDP?5media?5transport?5type?5mismatc@ 00422dc8     pjmedia-i386-win32-vc8-release:errno.obj
 0002:00001e18       ??_C@_0EG@MJOIPNIH@SDP?5media?5type?5mismatch?5in?5offer@ 00422e18     pjmedia-i386-win32-vc8-release:errno.obj
 0002:00001e60       ??_C@_0EE@BLNHOMNC@SDP?5media?5count?5mismatch?5in?5offe@ 00422e60     pjmedia-i386-win32-vc8-release:errno.obj
 0002:00001ea4       ??_C@_0DN@JGPGLEOH@No?5current?5local?1remote?5offer?1an@ 00422ea4     pjmedia-i386-win32-vc8-release:errno.obj
 0002:00001ee4       ??_C@_0DL@MFMHOMBE@No?5active?5SDP?5in?5SDP?5negotiator?5@ 00422ee4     pjmedia-i386-win32-vc8-release:errno.obj
 0002:00001f20       ??_C@_0ED@IFOJJHNO@No?5initial?5local?5SDP?5in?5SDP?5nego@ 00422f20     pjmedia-i386-win32-vc8-release:errno.obj
 0002:00001f68       ??_C@_0EF@CJNFLCEL@Invalid?5SDP?5negotiator?5state?5for@ 00422f68     pjmedia-i386-win32-vc8-release:errno.obj
 0002:00001fb0       ??_C@_0DH@PCNCDMKM@Invalid?5SDP?5bandwidth?5info?5line?5@ 00422fb0     pjmedia-i386-win32-vc8-release:errno.obj
 0002:00001fe8       ??_C@_0DM@JFGCNJLM@Invalid?5SDP?5media?5transport?5prot@ 00422fe8     pjmedia-i386-win32-vc8-release:errno.obj
 0002:00002024       ??_C@_0DB@BKKJGGKM@Invalid?5SDP?5rtcp?5attribyte?5?$CIPJME@ 00423024     pjmedia-i386-win32-vc8-release:errno.obj
 0002:00002058       ??_C@_0DB@BJCACDID@Invalid?5SDP?5fmtp?5attribute?5?$CIPJME@ 00423058     pjmedia-i386-win32-vc8-release:errno.obj
 0002:0000208c       ??_C@_0DL@KAILPDC@Invalid?5SDP?5payload?5type?5in?5medi@ 0042308c     pjmedia-i386-win32-vc8-release:errno.obj
 0002:000020c8       ??_C@_0DN@GADAENKO@No?5SDP?5payload?5format?5in?5the?5med@ 004230c8     pjmedia-i386-win32-vc8-release:errno.obj
 0002:00002108       ??_C@_0CO@DIKFNJOF@Invalid?5SDP?5media?5line?5?$CIPJMEDIA_@ 00423108     pjmedia-i386-win32-vc8-release:errno.obj
 0002:00002138       ??_C@_0EJ@IDNJACOO@Missing?5SDP?5rtpmap?5for?5dynamic?5p@ 00423138     pjmedia-i386-win32-vc8-release:errno.obj
 0002:00002184       ??_C@_0DL@HCOGNPAF@SDP?5rtpmap?5attribute?5too?5long?5?$CIP@ 00423184     pjmedia-i386-win32-vc8-release:errno.obj
 0002:000021c0       ??_C@_0DF@BJAALDOM@Invalid?5SDP?5rtpmap?5attribute?5?$CIPJ@ 004231c0     pjmedia-i386-win32-vc8-release:errno.obj
 0002:000021f8       ??_C@_0CN@JHLMEODJ@Invalid?5SDP?5attributes?5?$CIPJMEDIA_@ 004231f8     pjmedia-i386-win32-vc8-release:errno.obj
 0002:00002228       ??_C@_0DM@NEDHCJGL@Missing?5SDP?5connection?5info?5line@ 00423228     pjmedia-i386-win32-vc8-release:errno.obj
 0002:00002264       ??_C@_0DC@KNNPDHKA@Invalid?5SDP?5connection?5line?5?$CIPJM@ 00423264     pjmedia-i386-win32-vc8-release:errno.obj
 0002:00002298       ??_C@_0DF@HNDCDPJF@SDP?5name?1subject?5line?5is?5empty?5?$CI@ 00423298     pjmedia-i386-win32-vc8-release:errno.obj
 0002:000022d0       ??_C@_0CM@DLEAGODI@Invalid?5SDP?5time?5line?5?$CIPJMEDIA_S@ 004232d0     pjmedia-i386-win32-vc8-release:errno.obj
 0002:000022fc       ??_C@_0DA@DIKNJOEJ@Invalid?5SDP?5origin?5line?5?$CIPJMEDIA@ 004232fc     pjmedia-i386-win32-vc8-release:errno.obj
 0002:0000232c       ??_C@_0CO@ONPCFICA@Invalid?5SDP?5version?5line?5?$CIPJMEDI@ 0042332c     pjmedia-i386-win32-vc8-release:errno.obj
 0002:0000235c       ??_C@_0CM@KFAONKNJ@Invalid?5SDP?5descriptor?5?$CIPJMEDIA_@ 0042335c     pjmedia-i386-win32-vc8-release:errno.obj
 0002:00002388       ??_C@_0CK@HBHLALIF@Unspecified?5PJMEDIA?5error?5?$CIPJMED@ 00423388     pjmedia-i386-win32-vc8-release:errno.obj
 0002:000026c8       ??_C@_0BJ@JGEGOKIK@Unknown?5pjmedia?5error?5?$CFd?$AA@ 004236c8     pjmedia-i386-win32-vc8-release:errno.obj
 0002:000026e4       ??_C@_0N@MOFPDDJO@echo_speex?4c?$AA@ 004236e4     pjmedia-i386-win32-vc8-release:echo_speex.obj
 0002:000026f8       ??_C@_0EK@HDJKCMHE@Multichannel?5EC?5is?5not?5supported@ 004236f8     pjmedia-i386-win32-vc8-release:echo_speex.obj
 0002:00002744       __real@7efffff8            00423744     pjmedia-i386-win32-vc8-release:echo_suppress.obj
 0002:00002748       ??_C@_0BA@GIJBCBML@echo_suppress?4c?$AA@ 00423748     pjmedia-i386-win32-vc8-release:echo_suppress.obj
 0002:00002758       ??_C@_0CK@GILFEPIK@Echo?5suppressor?5soft?5reset?4?5Re?9l@ 00423758     pjmedia-i386-win32-vc8-release:echo_suppress.obj
 0002:00002788       ??_C@_0FK@NODMKGEL@Echo?5suppressor?5learning?5done?5at@ 00423788     pjmedia-i386-win32-vc8-release:echo_suppress.obj
 0002:000027e8       ??_C@_0FL@JMGHEEIK@Echo?5suppressor?5updated?5at?5t?$DN?$CF03@ 004237e8     pjmedia-i386-win32-vc8-release:echo_suppress.obj
 0002:00002848       __real@408f400000000000    00423848     pjmedia-i386-win32-vc8-release:echo_suppress.obj
 0002:00002850       __real@4000000000000000    00423850     pjmedia-i386-win32-vc8-release:echo_suppress.obj
 0002:00002858       __real@4f800000            00423858     pjmedia-i386-win32-vc8-release:echo_suppress.obj
 0002:0000285c       __real@40200000            0042385c     pjmedia-i386-win32-vc8-release:echo_suppress.obj
 0002:00002860       ??_C@_0CC@OBLDMFND@Echo?5suppressor?5residue?5?$DN?5?$CFd?4?$CF03@ 00423860     pjmedia-i386-win32-vc8-release:echo_suppress.obj
 0002:00002888       __real@4034000000000000    00423888     pjmedia-i386-win32-vc8-release:echo_suppress.obj
 0002:00002890       __real@4033000000000000    00423890     pjmedia-i386-win32-vc8-release:echo_suppress.obj
 0002:00002898       __real@4008000000000000    00423898     pjmedia-i386-win32-vc8-release:echo_suppress.obj
 0002:000028a0       __real@3fe0000000000000    004238a0     pjmedia-i386-win32-vc8-release:echo_suppress.obj
 0002:000028a8       ??_C@_0CA@BKBNPCON@Using?5simple?5FIFO?5delay?5buffer?4?$AA@ 004238a8     pjmedia-i386-win32-vc8-release:delaybuf.obj
[...]
 0003:0000138c       _aes_icm_test_case_0_key   0043138c     libsrtp-i386-win32-vc8-release:aes_icm.obj
 0003:000013ac       _aes_icm_test_case_0_ciphertext 004313ac     libsrtp-i386-win32-vc8-release:aes_icm.obj
 0003:000013cc       _aes_icm_test_case_0       004313cc     libsrtp-i386-win32-vc8-release:aes_icm.obj
 0003:000013f8       _aes_icm_test_case_1_key   004313f8     libsrtp-i386-win32-vc8-release:aes_icm.obj
 0003:00001428       _aes_icm_test_case_1_ciphertext 00431428     libsrtp-i386-win32-vc8-release:aes_icm.obj
 0003:00001448       _aes_icm_test_case_1       00431448     libsrtp-i386-win32-vc8-release:aes_icm.obj
 0003:00001474       _aes_icm                   00431474     libsrtp-i386-win32-vc8-release:aes_icm.obj
 0003:000014a8       _null_cipher_description   004314a8     libsrtp-i386-win32-vc8-release:null_cipher.obj
 0003:000014b4       _null_cipher               004314b4     libsrtp-i386-win32-vc8-release:null_cipher.obj
 0003:000036e8       _mod_sha1                  004336e8     libsrtp-i386-win32-vc8-release:sha1.obj
 0003:000036f0       _SHA_K0                    004336f0     libsrtp-i386-win32-vc8-release:sha1.obj
 0003:000036f4       _SHA_K1                    004336f4     libsrtp-i386-win32-vc8-release:sha1.obj
 0003:000036f8       _SHA_K2                    004336f8     libsrtp-i386-win32-vc8-release:sha1.obj
 0003:000036fc       _SHA_K3                    004336fc     libsrtp-i386-win32-vc8-release:sha1.obj
 0003:00003700       ___security_cookie         00433700     MSVCRT:gs_cookie.obj
 0003:00003704       ___security_cookie_complement 00433704     MSVCRT:gs_cookie.obj
 0003:00003710       ___native_dllmain_reason   00433710     MSVCRT:natstart.obj
 0003:00003714       ___native_vcclrit_reason   00433714     MSVCRT:natstart.obj
 0003:00003718       ___globallocalestatus      00433718     MSVCRT:xthdloc.obj
 0003:0000371c       ___defaultmatherr          0043371c     MSVCRT:merr.obj
 0003:00004050       _pj_optarg                 00434050     pjlib-util-i386-win32-vc8-release:getopt.obj
 0003:000043cc       _crypto_kernel             004343cc     libsrtp-i386-win32-vc8-release:crypto_kernel.obj
 0003:000043dc       _null_auth_test_case_0     004343dc     libsrtp-i386-win32-vc8-release:null_auth.obj
 0003:000043f8       _aes_cbc_test_case_0_iv    004343f8     libsrtp-i386-win32-vc8-release:aes_cbc.obj
 0003:00004408       _aes_cbc_test_case_2_iv    00434408     libsrtp-i386-win32-vc8-release:aes_cbc.obj
 0003:00004418       _aes_icm_test_case_0_nonce 00434418     libsrtp-i386-win32-vc8-release:aes_icm.obj
 0003:00004428       _aes_icm_test_case_0_plaintext 00434428     libsrtp-i386-win32-vc8-release:aes_icm.obj
 0003:00004448       _aes_icm_test_case_1_nonce 00434448     libsrtp-i386-win32-vc8-release:aes_icm.obj
 0003:00004458       _aes_icm_test_case_1_plaintext 00434458     libsrtp-i386-win32-vc8-release:aes_icm.obj
 0003:00004478       _null_cipher_test_0        00434478     libsrtp-i386-win32-vc8-release:null_cipher.obj
 0003:000047ec       __dowildcard               004347ec     MSVCRT:wildcard.obj
 0003:000047f0       __newmode                  004347f0     MSVCRT:_newmode.obj
 0003:000047f4       __commode                  004347f4     MSVCRT:xncommod.obj
 0003:000047f8       __fmode                    004347f8     MSVCRT:xtxtmode.obj
 0003:000047fc       _PJ_NO_MEMORY_EXCEPTION    004347fc     <common>
 0003:00004800       _ctr_prng                  00434800     <common>
 0003:00004940       _bit_string                00434940     <common>
 0003:00004d40       ___sse2_available          00434d40     <common>
 0003:00004d44       __adjust_fdiv              00434d44     <common>
 0003:00004d48       ___native_startup_state    00434d48     <common>
 0003:00004d4c       ___native_startup_lock     00434d4c     <common>
 0003:00004d50       ___onexitend               00434d50     <common>
 0003:00004d54       ___onexitbegin             00434d54     <common>
 0003:00004d58       ___dyn_tls_init_callback   00434d58     <common>

 entry point at        0001:0001e885

 Static symbols

 0001:00000000       _PJMEDIA_SPF               00401000 f   aectest.obj
 0001:00000020       _PJMEDIA_AFD_SPF           00401020 f   aectest.obj
 0001:00000050       _PJMEDIA_PIA_SRATE         00401050 f   aectest.obj
 0001:00000060       _PJMEDIA_PIA_CCNT          00401060 f   aectest.obj
 0001:00000070       _PJMEDIA_PIA_BITS          00401070 f   aectest.obj
 0001:00000080       _PJMEDIA_PIA_SPF           00401080 f   aectest.obj
 0001:000000b0       _pjmedia_endpt_create      004010b0 f   aectest.obj
 0001:000000f0       _pjmedia_endpt_destroy     004010f0 f   aectest.obj
 0001:00000110       _app_perror                00401110 f   aectest.obj
 0001:00000800       _pjmedia_frame_ext_append_subframe 00401800 f   pjmedia-audiodev-i386-win32-vc8-release:wmme_dev.obj
 0001:00000850       _pjmedia_frame_ext_copy_payload 00401850 f   pjmedia-audiodev-i386-win32-vc8-release:wmme_dev.obj
 0001:00000900       _build_dev_info            00401900 f   pjmedia-audiodev-i386-win32-vc8-release:wmme_dev.obj
 0001:00000a50       _factory_refresh           00401a50 f   pjmedia-audiodev-i386-win32-vc8-release:wmme_dev.obj
 0001:00000d30       _factory_destroy           00401d30 f   pjmedia-audiodev-i386-win32-vc8-release:wmme_dev.obj
 0001:00000d60       _factory_get_dev_count     00401d60 f   pjmedia-audiodev-i386-win32-vc8-release:wmme_dev.obj
 0001:00000d70       _factory_get_dev_info      00401d70 f   pjmedia-audiodev-i386-win32-vc8-release:wmme_dev.obj
 0001:00000db0       _factory_default_param     00401db0 f   pjmedia-audiodev-i386-win32-vc8-release:wmme_dev.obj
 0001:00000e90       _init_waveformatex         00401e90 f   pjmedia-audiodev-i386-win32-vc8-release:wmme_dev.obj
 0001:00000f70       _init_player_stream        00401f70 f   pjmedia-audiodev-i386-win32-vc8-release:wmme_dev.obj
 0001:00001160       _init_capture_stream       00402160 f   pjmedia-audiodev-i386-win32-vc8-release:wmme_dev.obj
 0001:00001340       _wmme_dev_thread           00402340 f   pjmedia-audiodev-i386-win32-vc8-release:wmme_dev.obj
 0001:00001790       _stream_get_cap            00402790 f   pjmedia-audiodev-i386-win32-vc8-release:wmme_dev.obj
 0001:00001820       _stream_set_cap            00402820 f   pjmedia-audiodev-i386-win32-vc8-release:wmme_dev.obj
 0001:000018a0       _stream_start              004028a0 f   pjmedia-audiodev-i386-win32-vc8-release:wmme_dev.obj
 0001:00001920       _stream_stop               00402920 f   pjmedia-audiodev-i386-win32-vc8-release:wmme_dev.obj
 0001:000019b0       _stream_destroy            004029b0 f   pjmedia-audiodev-i386-win32-vc8-release:wmme_dev.obj
 0001:00001b10       _factory_init              00402b10 f   pjmedia-audiodev-i386-win32-vc8-release:wmme_dev.obj
 0001:00001b40       _factory_create_stream     00402b40 f   pjmedia-audiodev-i386-win32-vc8-release:wmme_dev.obj
 0001:00001d90       _stream_get_param          00402d90 f   pjmedia-audiodev-i386-win32-vc8-release:wmme_dev.obj
 0001:00001ff0       _worker_proc               00402ff0 f   pjmedia-i386-win32-vc8-release:endpoint.obj
 0001:00002790       _file_put_frame            00403790 f   pjmedia-i386-win32-vc8-release:wav_writer.obj
 0001:00002890       _file_get_frame            00403890 f   pjmedia-i386-win32-vc8-release:wav_writer.obj
 0001:000028a0       _file_on_destroy           004038a0 f   pjmedia-i386-win32-vc8-release:wav_writer.obj
 0001:00002d50       _fill_buffer               00403d50 f   pjmedia-i386-win32-vc8-release:wav_player.obj
 0001:00002ef0       _file_get_frame            00403ef0 f   pjmedia-i386-win32-vc8-release:wav_player.obj
 0001:00003150       _file_on_destroy           00404150 f   pjmedia-i386-win32-vc8-release:wav_player.obj
 0001:00003170       _create_file_port          00404170 f   pjmedia-i386-win32-vc8-release:wav_player.obj
 0001:00004050       _echo_supp_update          00405050 f   pjmedia-i386-win32-vc8-release:echo_suppress.obj
 0001:00004a70       _pjmedia_circ_buf_get_write_regions 00405a70 f   pjmedia-i386-win32-vc8-release:delaybuf.obj
 0001:00004a70       _pjmedia_circ_buf_get_write_regions 00405a70 f   pjmedia-i386-win32-vc8-release:delaybuf.obj
 0001:00004ae0       _pjmedia_circ_buf_read     00405ae0 f   pjmedia-i386-win32-vc8-release:delaybuf.obj
 0001:00004d60       _shrink_buffer             00405d60 f   pjmedia-i386-win32-vc8-release:delaybuf.obj
 0001:00004df0       _update                    00405df0 f   pjmedia-i386-win32-vc8-release:delaybuf.obj
 0001:00005190       _get_crypto_idx            00406190 f   pjmedia-i386-win32-vc8-release:transport_srtp.obj
 0001:000051d0       _srtp_crypto_cmp           004061d0 f   pjmedia-i386-win32-vc8-release:transport_srtp.obj
 0001:00005350       _transport_get_info        00406350 f   pjmedia-i386-win32-vc8-release:transport_srtp.obj
 0001:00005480       _transport_detach          00406480 f   pjmedia-i386-win32-vc8-release:transport_srtp.obj
 0001:000054e0       _transport_send_rtp        004064e0 f   pjmedia-i386-win32-vc8-release:transport_srtp.obj
 0001:000055b0       _transport_send_rtcp2      004065b0 f   pjmedia-i386-win32-vc8-release:transport_srtp.obj
 0001:00005690       _transport_simulate_lost   00406690 f   pjmedia-i386-win32-vc8-release:transport_srtp.obj
 0001:000056b0       _transport_destroy         004066b0 f   pjmedia-i386-win32-vc8-release:transport_srtp.obj
 0001:00005720       _srtp_rtcp_cb              00406720 f   pjmedia-i386-win32-vc8-release:transport_srtp.obj
 0001:00005820       _generate_crypto_attr_value 00406820 f   pjmedia-i386-win32-vc8-release:transport_srtp.obj
 0001:00005aa0       _parse_attr_crypto         00406aa0 f   pjmedia-i386-win32-vc8-release:transport_srtp.obj
 0001:00005cf0       _transport_media_create    00406cf0 f   pjmedia-i386-win32-vc8-release:transport_srtp.obj
 0001:00005e10       _transport_encode_sdp      00406e10 f   pjmedia-i386-win32-vc8-release:transport_srtp.obj
 0001:000063e0       _transport_media_stop      004073e0 f   pjmedia-i386-win32-vc8-release:transport_srtp.obj
 0001:00006a70       _transport_send_rtcp       00407a70 f   pjmedia-i386-win32-vc8-release:transport_srtp.obj
 0001:00006a90       _srtp_rtp_cb               00407a90 f   pjmedia-i386-win32-vc8-release:transport_srtp.obj
 0001:00006c80       _transport_media_start     00407c80 f   pjmedia-i386-win32-vc8-release:transport_srtp.obj
 0001:00007050       _transport_attach          00408050 f   pjmedia-i386-win32-vc8-release:transport_srtp.obj
 0001:00007160       _pjmedia_circ_buf_create   00408160 f   pjmedia-i386-win32-vc8-release:wsola.obj
 0001:000071a0       _pjmedia_circ_buf_adv_read_ptr 004081a0 f   pjmedia-i386-win32-vc8-release:wsola.obj
 0001:000071a0       _pjmedia_circ_buf_adv_read_ptr 004081a0 f   pjmedia-i386-win32-vc8-release:wsola.obj
 0001:000071e0       _pjmedia_circ_buf_get_read_regions 004081e0 f   pjmedia-i386-win32-vc8-release:wsola.obj
 0001:000071e0       _pjmedia_circ_buf_get_read_regions 004081e0 f   pjmedia-i386-win32-vc8-release:wsola.obj
 0001:00007240       _pjmedia_circ_buf_write    00408240 f   pjmedia-i386-win32-vc8-release:wsola.obj
 0001:00007240       _pjmedia_circ_buf_write    00408240 f   pjmedia-i386-win32-vc8-release:wsola.obj
 0001:000072e0       _pjmedia_circ_buf_copy     004082e0 f   pjmedia-i386-win32-vc8-release:wsola.obj
 0001:00007390       _pjmedia_circ_buf_pack_buffer 00408390 f   pjmedia-i386-win32-vc8-release:wsola.obj
 0001:00007470       _find_pitch                00408470 f   pjmedia-i386-win32-vc8-release:wsola.obj
 0001:000076b0       _overlapp_add              004086b0 f   pjmedia-i386-win32-vc8-release:wsola.obj
 0001:00007730       _overlapp_add_simple       00408730 f   pjmedia-i386-win32-vc8-release:wsola.obj
 0001:000077c0       _create_win                004087c0 f   pjmedia-i386-win32-vc8-release:wsola.obj
 0001:00007840       _fade_in                   00408840 f   pjmedia-i386-win32-vc8-release:wsola.obj
 0001:00007910       _wsola_fade_out            00408910 f   pjmedia-i386-win32-vc8-release:wsola.obj
 0001:00007c60       _expand                    00408c60 f   pjmedia-i386-win32-vc8-release:wsola.obj
 0001:00007d70       _compress                  00408d70 f   pjmedia-i386-win32-vc8-release:wsola.obj
 0001:00008410       _my_index                  00409410 f   pjlib-util-i386-win32-vc8-release:getopt.obj
 0001:00008430       _exchange                  00409430 f   pjlib-util-i386-win32-vc8-release:getopt.obj
 0001:000084f0       __getopt_initialize        004094f0 f   pjlib-util-i386-win32-vc8-release:getopt.obj
 0001:00008540       __getopt_internal          00409540 f   pjlib-util-i386-win32-vc8-release:getopt.obj
 0001:00008fe0       _logging_shutdown          00409fe0 f   pjlib-i386-win32-vc8-release:log.obj
 0001:00009610       _pjlib_error               0040a610 f   pjlib-i386-win32-vc8-release:errno.obj
 0001:00009a60       _thread_main@4             0040aa60 f   pjlib-i386-win32-vc8-release:os_core_win32.obj
 0001:00009c30       _init_mutex                0040ac30 f   pjlib-i386-win32-vc8-release:os_core_win32.obj
 0001:00009f20       _pj_sem_wait_for           0040af20 f   pjlib-i386-win32-vc8-release:os_core_win32.obj
 0001:0000a8d0       _cpool_create_pool         0040b8d0 f   pjlib-i386-win32-vc8-release:pool_caching.obj
 0001:0000aa00       _cpool_release_pool        0040ba00 f   pjlib-i386-win32-vc8-release:pool_caching.obj
 0001:0000aad0       _cpool_dump_status         0040bad0 f   pjlib-i386-win32-vc8-release:pool_caching.obj
 0001:0000ac20       _cpool_on_block_alloc      0040bc20 f   pjlib-i386-win32-vc8-release:pool_caching.obj
 0001:0000ac40       _cpool_on_block_free       0040bc40 f   pjlib-i386-win32-vc8-release:pool_caching.obj
 0001:0000adc0       _pj_pool_create_block      0040bdc0 f   pjlib-i386-win32-vc8-release:pool.obj
 0001:0000aff0       _reset_pool                0040bff0 f   pjlib-i386-win32-vc8-release:pool.obj
 0001:0000b360       _default_block_alloc       0040c360 f   pjlib-i386-win32-vc8-release:pool_policy_malloc.obj
 0001:0000b3c0       _default_block_free        0040c3c0 f   pjlib-i386-win32-vc8-release:pool_policy_malloc.obj
 0001:0000b400       _default_pool_callback     0040c400 f   pjlib-i386-win32-vc8-release:pool_policy_malloc.obj
 0001:0000b550       _pj_memcmp                 0040c550 f   pjlib-i386-win32-vc8-release:string.obj
 0001:0000bd00       _increment_counter         0040cd00 f   pjlib-i386-win32-vc8-release:ioqueue_select.obj
 0001:0000bd30       _decrement_counter         0040cd30 f   pjlib-i386-win32-vc8-release:ioqueue_select.obj
 0001:0000bdc0       _scan_closing_keys         0040cdc0 f   pjlib-i386-win32-vc8-release:ioqueue_select.obj
 0001:0000cac0       _get_base_time             0040dac0 f   pjlib-i386-win32-vc8-release:os_time_win32.obj
 0001:0000d150       _create_mutex_lock         0040e150 f   pjlib-i386-win32-vc8-release:lock.obj
 0001:0000d2b0       _grp_lock_destroy          0040e2b0 f   pjlib-i386-win32-vc8-release:lock.obj
 0001:0000d380       _grp_lock_tryacquire       0040e380 f   pjlib-i386-win32-vc8-release:lock.obj
 0001:0000d460       _grp_lock_release          0040e460 f   pjlib-i386-win32-vc8-release:lock.obj
 0001:0000d540       _guid_to_str               0040e540 f   pjlib-i386-win32-vc8-release:guid_win32.obj
 0001:0000d680       _pool_buf_cleanup          0040e680 f   pjlib-i386-win32-vc8-release:pool_buf.obj
 0001:0000d6c0       _stack_alloc               0040e6c0 f   pjlib-i386-win32-vc8-release:pool_buf.obj
 0001:0000d9b0       _conj_window               0040e9b0 f   libspeex-i386-win32-vc8-release:preprocess.obj
 0001:0000dac0       _hypergeom_gain            0040eac0 f   libspeex-i386-win32-vc8-release:preprocess.obj
 0001:0000db60       _compute_gain_floor        0040eb60 f   libspeex-i386-win32-vc8-release:preprocess.obj
 0001:0000e400       _speex_compute_agc         0040f400 f   libspeex-i386-win32-vc8-release:preprocess.obj
 0001:0000e730       _preprocess_analysis       0040f730 f   libspeex-i386-win32-vc8-release:preprocess.obj
 0001:0000ea10       _update_noise_prob         0040fa10 f   libspeex-i386-win32-vc8-release:preprocess.obj
 0001:00010640       _filter_dc_notch16         00411640 f   libspeex-i386-win32-vc8-release:mdf.obj
 0001:00010800       _mdf_inner_prod            00411800 f   libspeex-i386-win32-vc8-release:mdf.obj
 0001:00010850       _spectral_mul_accum        00411850 f   libspeex-i386-win32-vc8-release:mdf.obj
 0001:00010950       _weighted_spectral_mul_conj 00411950 f   libspeex-i386-win32-vc8-release:mdf.obj
 0001:00010a50       _mdf_adjust_prop           00411a50 f   libspeex-i386-win32-vc8-release:mdf.obj
 0001:00012f40       _drfti1                    00413f40 f   libspeex-i386-win32-vc8-release:smallft.obj
 0001:000130f0       _dradf2                    004140f0 f   libspeex-i386-win32-vc8-release:smallft.obj
 0001:00013420       _dradf4                    00414420 f   libspeex-i386-win32-vc8-release:smallft.obj
 0001:00013d50       _dradfg                    00414d50 f   libspeex-i386-win32-vc8-release:smallft.obj
 0001:00015310       _drftf1                    00416310 f   libspeex-i386-win32-vc8-release:smallft.obj
 0001:000154f0       _dradb2                    004164f0 f   libspeex-i386-win32-vc8-release:smallft.obj
 0001:00015910       _dradb3                    00416910 f   libspeex-i386-win32-vc8-release:smallft.obj
 0001:00015e10       _dradb4                    00416e10 f   libspeex-i386-win32-vc8-release:smallft.obj
 0001:000169c0       _dradbg                    004179c0 f   libspeex-i386-win32-vc8-release:smallft.obj
 0001:00017f60       _drftb1                    00418f60 f   libspeex-i386-win32-vc8-release:smallft.obj
 0001:00018270       _be64_to_cpu               00419270 f   libsrtp-i386-win32-vc8-release:srtp.obj
 0001:00018740       _base_key_length           00419740 f   libsrtp-i386-win32-vc8-release:srtp.obj
 0001:00018e80       _srtp_calc_aead_iv         00419e80 f   libsrtp-i386-win32-vc8-release:srtp.obj
 0001:00018f90       _srtp_protect_aead         00419f90 f   libsrtp-i386-win32-vc8-release:srtp.obj
 0001:00019230       _srtp_unprotect_aead       0041a230 f   libsrtp-i386-win32-vc8-release:srtp.obj
 0001:000196d0       _srtp_calc_aead_iv_srtcp   0041a6d0 f   libsrtp-i386-win32-vc8-release:srtp.obj
 0001:000197e0       _srtp_protect_rtcp_aead    0041a7e0 f   libsrtp-i386-win32-vc8-release:srtp.obj
 0001:00019a50       _srtp_unprotect_rtcp_aead  0041aa50 f   libsrtp-i386-win32-vc8-release:srtp.obj
 0001:0001c1e0       _null_op                   0041d1e0 f   libsrtp-i386-win32-vc8-release:null_auth.obj
 0001:0001c9b0       _aes_icm_advance_ismacryp  0041d9b0 f   libsrtp-i386-win32-vc8-release:aes_icm.obj
 0001:0001cd50       _aes_128_expand_encryption_key 0041dd50 f   libsrtp-i386-win32-vc8-release:aes.obj
 0001:0001cf90       _aes_256_expand_encryption_key 0041df90 f   libsrtp-i386-win32-vc8-release:aes.obj
 0001:0001d2d0       _aes_round                 0041e2d0 f   libsrtp-i386-win32-vc8-release:aes.obj
 0001:0001d3b0       _aes_inv_round             0041e3b0 f   libsrtp-i386-win32-vc8-release:aes.obj
 0001:0001d490       _aes_final_round           0041e490 f   libsrtp-i386-win32-vc8-release:aes.obj
 0001:0001d590       _aes_inv_final_round       0041e590 f   libsrtp-i386-win32-vc8-release:aes.obj
 0001:0001e5e3       _pre_cpp_init              0041f5e3 f   MSVCRT:crtexe.obj
 0001:0001e62e       ___tmainCRTStartup         0041f62e f   MSVCRT:crtexe.obj
 0001:0001e7a4       _pre_c_init                0041f7a4 f   MSVCRT:crtexe.obj
 0001:0001ef6e       _has_osfxsr_set            0041ff6e f   MSVCRT:cpu_disp.obj
