 confbench

 Timestamp is 57d7f163 (Tue Sep 13 20:30:27 2016)

 Preferred load address is 00400000

 Start         Length     Name                   Class
 0001:00000000 0002095eH .text                   CODE
 0002:00000000 00000240H .idata$5                DATA
 0002:00000240 00000004H .CRT$XCA                DATA
 0002:00000244 00000004H .CRT$XCAA               DATA
 0002:00000248 00000004H .CRT$XCZ                DATA
 0002:0000024c 00000004H .CRT$XIA                DATA
 0002:00000250 00000004H .CRT$XIAA               DATA
 0002:00000254 00000004H .CRT$XIC                DATA
 0002:00000258 00000004H .CRT$XIY                DATA
 0002:0000025c 00000004H .CRT$XIZ                DATA
 0002:00000260 00017738H .rdata                  DATA
 0002:000179a0 00000004H .rdata$sxdata           DATA
 0002:000179a4 00000004H .rtc$IAA                DATA
 0002:000179a8 00000004H .rtc$IZZ                DATA
 0002:000179ac 00000004H .rtc$TAA                DATA
 0002:000179b0 00000004H .rtc$TZZ                DATA
 0002:000179b8 0000007cH .xdata$x                DATA
 0002:00017a34 00000064H .idata$2                DATA
 0002:00017a98 00000014H .idata$3                DATA
 0002:00017aac 00000240H .idata$4                DATA
 0002:00017cec 00000834H .idata$6                DATA
 0002:00018520 00000000H .edata                  DATA
 0003:00000000 000031a0H .data                   DATA
 0003:000031a0 0000161cH .bss                    DATA

  Address         Publics by Value              Rva+Base       Lib:Object

 0000:00000000       __except_list              00000000     <absolute>
 0000:00000001       ___safe_se_handler_count   00000001     <absolute>
 0000:00009876       __fltused                  00009876     <absolute>
 0000:00009876       __ldused                   00009876     <absolute>
 0000:00000000       ___ImageBase               00400000     <linker-defined>
 0001:000004a0       _main                      004014a0 f   confbench.obj
 0001:00000810       _pjmedia_aud_subsys_init   00401810 f   pjmedia-audiodev-i386-win32-vc8-release:audiodev.obj
 0001:000008b0       _pjmedia_aud_subsys_shutdown 004018b0 f   pjmedia-audiodev-i386-win32-vc8-release:audiodev.obj
 0001:000009b0       _pjmedia_wmme_factory      004019b0 f   pjmedia-audiodev-i386-win32-vc8-release:wmme_dev.obj
 0001:00001f10       _pjmedia_audiodev_strerror 00402f10 f   pjmedia-audiodev-i386-win32-vc8-release:errno.obj
 0001:000020d0       _pjmedia_endpt_create2     004030d0 f   pjmedia-i386-win32-vc8-release:endpoint.obj
 0001:00002290       _pjmedia_port_info_init    00403290 f   pjmedia-i386-win32-vc8-release:port.obj
 0001:00002320       _pjmedia_port_get_frame    00403320 f   pjmedia-i386-win32-vc8-release:port.obj
 0001:00002360       _pjmedia_port_put_frame    00403360 f   pjmedia-i386-win32-vc8-release:port.obj
 0001:000023c0       _pjmedia_master_port_start 004033c0 f   pjmedia-i386-win32-vc8-release:master_port.obj
 0001:000024f0       _pjmedia_master_port_create 004034f0 f   pjmedia-i386-win32-vc8-release:master_port.obj
 0001:00002c00       _pjmedia_conf_destroy      00403c00 f   pjmedia-i386-win32-vc8-release:conference.obj
 0001:00002c90       _pjmedia_conf_get_master_port 00403c90 f   pjmedia-i386-win32-vc8-release:conference.obj
 0001:00002cb0       _pjmedia_conf_add_port     00403cb0 f   pjmedia-i386-win32-vc8-release:conference.obj
 0001:00002da0       _pjmedia_conf_connect_port 00403da0 f   pjmedia-i386-win32-vc8-release:conference.obj
 0001:00003810       _pjmedia_conf_create       00404810 f   pjmedia-i386-win32-vc8-release:conference.obj
 0001:00003a30       _null_auth_update          00404a30 f   libsrtp-i386-win32-vc8-release:null_auth.obj
 0001:00003a30       _ekt_stream_init_from_policy 00404a30 f   libsrtp-i386-win32-vc8-release:ekt.obj
 0001:00003a30       _pjmedia_wsola_destroy     00404a30 f   pjmedia-i386-win32-vc8-release:wsola.obj
 0001:00003a30       _null_auth_start           00404a30 f   libsrtp-i386-win32-vc8-release:null_auth.obj
 0001:00003a30       _null_cipher_encrypt       00404a30 f   libsrtp-i386-win32-vc8-release:null_cipher.obj
 0001:00003a30       _null_auth_compute         00404a30 f   libsrtp-i386-win32-vc8-release:null_auth.obj
 0001:00003a30       _null_auth_init            00404a30 f   libsrtp-i386-win32-vc8-release:null_auth.obj
 0001:00003a30       _null_cipher_set_iv        00404a30 f   libsrtp-i386-win32-vc8-release:null_cipher.obj
 0001:00003a30       _echo_supp_destroy         00404a30 f   pjmedia-i386-win32-vc8-release:echo_suppress.obj
 0001:00003a40       _pjmedia_null_port_create  00404a40 f   pjmedia-i386-win32-vc8-release:null_port.obj
 0001:00003ae0       _pjmedia_get_aud_subsys    00404ae0 f   pjmedia-i386-win32-vc8-release:audiodev.obj
 0001:00003af0       _pjmedia_aud_driver_init   00404af0 f   pjmedia-i386-win32-vc8-release:audiodev.obj
 0001:00003d20       _pjmedia_aud_driver_deinit 00404d20 f   pjmedia-i386-win32-vc8-release:audiodev.obj
 0001:00003ea0       _pjmedia_aud_dev_get_info  00404ea0 f   pjmedia-i386-win32-vc8-release:audiodev.obj
 0001:00003f00       _pjmedia_aud_dev_default_param 00404f00 f   pjmedia-i386-win32-vc8-release:audiodev.obj
 0001:00003f80       _pjmedia_aud_stream_create 00404f80 f   pjmedia-i386-win32-vc8-release:audiodev.obj
 0001:00004120       _pjmedia_aud_stream_get_param 00405120 f   pjmedia-i386-win32-vc8-release:audiodev.obj
 0001:00004180       _pjmedia_aud_stream_get_cap 00405180 f   pjmedia-i386-win32-vc8-release:audiodev.obj
 0001:00004190       _pjmedia_aud_stream_set_cap 00405190 f   pjmedia-i386-win32-vc8-release:audiodev.obj
 0001:000041a0       _pjmedia_aud_stream_start  004051a0 f   pjmedia-i386-win32-vc8-release:audiodev.obj
 0001:000041b0       _pjmedia_aud_stream_stop   004051b0 f   pjmedia-i386-win32-vc8-release:audiodev.obj
 0001:000041c0       _pjmedia_aud_stream_destroy 004051c0 f   pjmedia-i386-win32-vc8-release:audiodev.obj
 0001:000041d0       _pjmedia_sdp_attr_create   004051d0 f   pjmedia-i386-win32-vc8-release:sdp.obj
 0001:00004230       _pjmedia_sdp_attr_find     00405230 f   pjmedia-i386-win32-vc8-release:sdp.obj
 0001:000042c0       _pjmedia_sdp_media_find_attr 004052c0 f   pjmedia-i386-win32-vc8-release:sdp.obj
 0001:000042f0       _pjmedia_sdp_media_deactivate 004052f0 f   pjmedia-i386-win32-vc8-release:sdp.obj
 0001:00004310       _pjmedia_codec_mgr_init    00405310 f   pjmedia-i386-win32-vc8-release:codec.obj
 0001:00004380       _pjmedia_codec_mgr_destroy 00405380 f   pjmedia-i386-win32-vc8-release:codec.obj
 0001:00004410       _pjmedia_strerror          00405410 f   pjmedia-i386-win32-vc8-release:errno.obj
 0001:00004540       _pjmedia_format_get_audio_format_detail 00405540 f   pjmedia-i386-win32-vc8-release:format.obj
 0001:00004560       _pjmedia_clock_src_init    00405560 f   pjmedia-i386-win32-vc8-release:clock_thread.obj
 0001:000045a0       _pjmedia_clock_src_update  004055a0 f   pjmedia-i386-win32-vc8-release:clock_thread.obj
 0001:000045d0       _pjmedia_clock_create2     004055d0 f   pjmedia-i386-win32-vc8-release:clock_thread.obj
 0001:00004840       _pjmedia_clock_create      00405840 f   pjmedia-i386-win32-vc8-release:clock_thread.obj
 0001:000048a0       _pjmedia_clock_start       004058a0 f   pjmedia-i386-win32-vc8-release:clock_thread.obj
 0001:00004930       _pjmedia_resample_create   00405930 f   pjmedia-i386-win32-vc8-release:resample_resample.obj
 0001:00004b70       _pjmedia_resample_run      00405b70 f   pjmedia-i386-win32-vc8-release:resample_resample.obj
 0001:00004e90       _pjmedia_delay_buf_create  00405e90 f   pjmedia-i386-win32-vc8-release:delaybuf.obj
 0001:00004ff0       _pjmedia_delay_buf_destroy 00405ff0 f   pjmedia-i386-win32-vc8-release:delaybuf.obj
 0001:000051b0       _pjmedia_delay_buf_put     004061b0 f   pjmedia-i386-win32-vc8-release:delaybuf.obj
 0001:000052c0       _pjmedia_delay_buf_get     004062c0 f   pjmedia-i386-win32-vc8-release:delaybuf.obj
 0001:00005670       _pjmedia_snd_port_destroy  00406670 f   pjmedia-i386-win32-vc8-release:sound_port.obj
 0001:000056d0       _pjmedia_snd_port_get_snd_stream 004066d0 f   pjmedia-i386-win32-vc8-release:sound_port.obj
 0001:000056e0       _pjmedia_snd_port_set_ec   004066e0 f   pjmedia-i386-win32-vc8-release:sound_port.obj
 0001:00005960       _pjmedia_snd_port_connect  00406960 f   pjmedia-i386-win32-vc8-release:sound_port.obj
 0001:00005c20       _pjmedia_snd_port_create2  00406c20 f   pjmedia-i386-win32-vc8-release:sound_port.obj
 0001:00005d60       _pjmedia_snd_port_create   00406d60 f   pjmedia-i386-win32-vc8-release:sound_port.obj
 0001:00005e50       _pjmedia_snd_port_create_player 00406e50 f   pjmedia-i386-win32-vc8-release:sound_port.obj
 0001:00005f30       _get_libsrtp_errstr        00406f30 f   pjmedia-i386-win32-vc8-release:transport_srtp.obj
 0001:00005fd0       _pjmedia_transport_srtp_stop 00406fd0 f   pjmedia-i386-win32-vc8-release:transport_srtp.obj
 0001:00007200       _pjmedia_transport_srtp_start 00408200 f   pjmedia-i386-win32-vc8-release:transport_srtp.obj
 0001:000087e0       _pjmedia_wsola_create      004097e0 f   pjmedia-i386-win32-vc8-release:wsola.obj
 0001:00008bf0       _pjmedia_wsola_save        00409bf0 f   pjmedia-i386-win32-vc8-release:wsola.obj
 0001:00008e90       _pjmedia_wsola_generate    00409e90 f   pjmedia-i386-win32-vc8-release:wsola.obj
 0001:00008f40       _pjmedia_wsola_discard     00409f40 f   pjmedia-i386-win32-vc8-release:wsola.obj
 0001:000091b0       _pjmedia_echo_create2      0040a1b0 f   pjmedia-i386-win32-vc8-release:echo_common.obj
 0001:000093b0       _pjmedia_echo_destroy      0040a3b0 f   pjmedia-i386-win32-vc8-release:echo_common.obj
 0001:000093f0       _pjmedia_echo_playback     0040a3f0 f   pjmedia-i386-win32-vc8-release:echo_common.obj
 0001:000094a0       _pjmedia_echo_capture      0040a4a0 f   pjmedia-i386-win32-vc8-release:echo_common.obj
 0001:00009570       _speex_aec_create          0040a570 f   pjmedia-i386-win32-vc8-release:echo_speex.obj
 0001:000096a0       _speex_aec_destroy         0040a6a0 f   pjmedia-i386-win32-vc8-release:echo_speex.obj
 0001:000096e0       _speex_aec_reset           0040a6e0 f   pjmedia-i386-win32-vc8-release:echo_speex.obj
 0001:000096f0       _speex_aec_cancel_echo     0040a6f0 f   pjmedia-i386-win32-vc8-release:echo_speex.obj
 0001:00009760       _speex_aec_playback        0040a760 f   pjmedia-i386-win32-vc8-release:echo_speex.obj
 0001:00009790       _speex_aec_capture         0040a790 f   pjmedia-i386-win32-vc8-release:echo_speex.obj
 0001:000097e0       _echo_supp_reset           0040a7e0 f   pjmedia-i386-win32-vc8-release:echo_suppress.obj
 0001:00009870       _echo_supp_soft_reset      0040a870 f   pjmedia-i386-win32-vc8-release:echo_suppress.obj
 0001:00009ee0       _echo_supp_cancel_echo     0040aee0 f   pjmedia-i386-win32-vc8-release:echo_suppress.obj
 0001:0000a1e0       _echo_supp_create          0040b1e0 f   pjmedia-i386-win32-vc8-release:echo_suppress.obj
 0001:0000a300       _pjmedia_calc_avg_signal   0040b300 f   pjmedia-i386-win32-vc8-release:silencedet.obj
 0001:0000a340       _pj_base64_encode          0040b340 f   pjlib-util-i386-win32-vc8-release:base64.obj
 0001:0000a4d0       _pj_base64_decode          0040b4d0 f   pjlib-util-i386-win32-vc8-release:base64.obj
 0001:0000a670       _pj_pool_get_capacity      0040b670 f   pjlib-i386-win32-vc8-release:pool.obj
 0001:0000a680       _pj_pool_get_used_size     0040b680 f   pjlib-i386-win32-vc8-release:pool.obj
 0001:0000a6b0       _pj_pool_alloc_from_block  0040b6b0 f   pjlib-i386-win32-vc8-release:pool.obj
 0001:0000a6e0       _pj_pool_getobjname        0040b6e0 f   pjlib-i386-win32-vc8-release:pool.obj
 0001:0000a6f0       _pj_pool_create            0040b6f0 f   pjlib-i386-win32-vc8-release:pool.obj
 0001:0000a700       _pj_pool_release           0040b700 f   pjlib-i386-win32-vc8-release:pool.obj
 0001:0000a790       _pj_pool_allocate_find     0040b790 f   pjlib-i386-win32-vc8-release:pool.obj
 0001:0000a840       _pj_pool_init_int          0040b840 f   pjlib-i386-win32-vc8-release:pool.obj
 0001:0000a8b0       _pj_pool_create_int        0040b8b0 f   pjlib-i386-win32-vc8-release:pool.obj
 0001:0000a9c0       _pj_pool_reset             0040b9c0 f   pjlib-i386-win32-vc8-release:pool.obj
 0001:0000a9d0       _pj_pool_destroy_int       0040b9d0 f   pjlib-i386-win32-vc8-release:pool.obj
 0001:0000aa10       _pj_pool_alloc             0040ba10 f   pjlib-i386-win32-vc8-release:pool.obj
 0001:0000aa50       _pj_pool_calloc            0040ba50 f   pjlib-i386-win32-vc8-release:pool.obj
 0001:0000aaf0       _pj_log_init               0040baf0 f   pjlib-i386-win32-vc8-release:log.obj
 0001:0000ab60       _pj_log_get_decor          0040bb60 f   pjlib-i386-win32-vc8-release:log.obj
 0001:0000ab70       _pj_log_get_color          0040bb70 f   pjlib-i386-win32-vc8-release:log.obj
 0001:0000abd0       _pj_log_set_level          0040bbd0 f   pjlib-i386-win32-vc8-release:log.obj
 0001:0000abe0       _pj_log_get_level          0040bbe0 f   pjlib-i386-win32-vc8-release:log.obj
 0001:0000abf0       _pj_log                    0040bbf0 f   pjlib-i386-win32-vc8-release:log.obj
 0001:0000b050       _pj_log_1                  0040c050 f   pjlib-i386-win32-vc8-release:log.obj
 0001:0000b070       _pj_log_2                  0040c070 f   pjlib-i386-win32-vc8-release:log.obj
 0001:0000b090       _pj_log_3                  0040c090 f   pjlib-i386-win32-vc8-release:log.obj
 0001:0000b0b0       _pj_log_4                  0040c0b0 f   pjlib-i386-win32-vc8-release:log.obj
 0001:0000b0d0       _pj_log_5                  0040c0d0 f   pjlib-i386-win32-vc8-release:log.obj
 0001:0000b160       _pj_register_strerror      0040c160 f   pjlib-i386-win32-vc8-release:errno.obj
 0001:0000b240       _pj_strerror               0040c240 f   pjlib-i386-win32-vc8-release:errno.obj
 0001:0000b310       _pj_atexit                 0040c310 f   pjlib-i386-win32-vc8-release:os_core_win32.obj
 0001:0000b340       _pj_thread_set_prio        0040c340 f   pjlib-i386-win32-vc8-release:os_core_win32.obj
 0001:0000b390       _pj_thread_get_prio_max    0040c390 f   pjlib-i386-win32-vc8-release:os_core_win32.obj
 0001:0000b3a0       _pj_atomic_destroy         0040c3a0 f   pjlib-i386-win32-vc8-release:os_core_win32.obj
 0001:0000b3c0       _pj_thread_local_alloc     0040c3c0 f   pjlib-i386-win32-vc8-release:os_core_win32.obj
 0001:0000b410       _pj_thread_local_set       0040c410 f   pjlib-i386-win32-vc8-release:os_core_win32.obj
 0001:0000b450       _pj_thread_local_get       0040c450 f   pjlib-i386-win32-vc8-release:os_core_win32.obj
 0001:0000b460       _pj_thread_register        0040c460 f   pjlib-i386-win32-vc8-release:os_core_win32.obj
 0001:0000b530       _pj_thread_init            0040c530 f   pjlib-i386-win32-vc8-release:os_core_win32.obj
 0001:0000b610       _pj_thread_this            0040c610 f   pjlib-i386-win32-vc8-release:os_core_win32.obj
 0001:0000b620       _pj_thread_check_stack     0040c620 f   pjlib-i386-win32-vc8-release:os_core_win32.obj
 0001:0000b660       _pj_atomic_inc             0040c660 f   pjlib-i386-win32-vc8-release:os_core_win32.obj
 0001:0000b6b0       _pj_atomic_dec_and_get     0040c6b0 f   pjlib-i386-win32-vc8-release:os_core_win32.obj
 0001:0000b700       _pj_thread_local_free      0040c700 f   pjlib-i386-win32-vc8-release:os_core_win32.obj
 0001:0000b7f0       _pj_mutex_create           0040c7f0 f   pjlib-i386-win32-vc8-release:os_core_win32.obj
 0001:0000b840       _pj_mutex_create_recursive 0040c840 f   pjlib-i386-win32-vc8-release:os_core_win32.obj
 0001:0000b840       _pj_mutex_create_simple    0040c840 f   pjlib-i386-win32-vc8-release:os_core_win32.obj
 0001:0000b890       _pj_mutex_lock             0040c890 f   pjlib-i386-win32-vc8-release:os_core_win32.obj
 0001:0000b8f0       _pj_mutex_unlock           0040c8f0 f   pjlib-i386-win32-vc8-release:os_core_win32.obj
 0001:0000b950       _pj_mutex_trylock          0040c950 f   pjlib-i386-win32-vc8-release:os_core_win32.obj
 0001:0000b9c0       _pj_mutex_destroy          0040c9c0 f   pjlib-i386-win32-vc8-release:os_core_win32.obj
 0001:0000ba20       _pj_enter_critical_section 0040ca20 f   pjlib-i386-win32-vc8-release:os_core_win32.obj
 0001:0000ba30       _pj_leave_critical_section 0040ca30 f   pjlib-i386-win32-vc8-release:os_core_win32.obj
 0001:0000bae0       _pj_sem_wait               0040cae0 f   pjlib-i386-win32-vc8-release:os_core_win32.obj
 0001:0000bb40       _pj_sem_trywait            0040cb40 f   pjlib-i386-win32-vc8-release:os_core_win32.obj
 0001:0000bba0       _pj_sem_post               0040cba0 f   pjlib-i386-win32-vc8-release:os_core_win32.obj
 0001:0000bc30       _pj_sem_destroy            0040cc30 f   pjlib-i386-win32-vc8-release:os_core_win32.obj
 0001:0000bcb0       _pj_term_set_color         0040ccb0 f   pjlib-i386-win32-vc8-release:os_core_win32.obj
 0001:0000bd50       _pj_init                   0040cd50 f   pjlib-i386-win32-vc8-release:os_core_win32.obj
 0001:0000beb0       _pj_thread_create          0040ceb0 f   pjlib-i386-win32-vc8-release:os_core_win32.obj
 0001:0000c010       _pj_thread_get_name        0040d010 f   pjlib-i386-win32-vc8-release:os_core_win32.obj
 0001:0000c060       _pj_thread_join            0040d060 f   pjlib-i386-win32-vc8-release:os_core_win32.obj
 0001:0000c110       _pj_thread_destroy         0040d110 f   pjlib-i386-win32-vc8-release:os_core_win32.obj
 0001:0000c190       _pj_thread_sleep           0040d190 f   pjlib-i386-win32-vc8-release:os_core_win32.obj
 0001:0000c260       _pj_str                    0040d260 f   pjlib-i386-win32-vc8-release:string.obj
 0001:0000c280       _pj_strdup_with_null       0040d280 f   pjlib-i386-win32-vc8-release:string.obj
 0001:0000c2d0       _pj_strdup2                0040d2d0 f   pjlib-i386-win32-vc8-release:string.obj
 0001:0000c330       _pj_strdup2_with_null      0040d330 f   pjlib-i386-win32-vc8-release:string.obj
 0001:0000c390       _pj_strncpy_with_null      0040d390 f   pjlib-i386-win32-vc8-release:string.obj
 0001:0000c3d0       _pj_strcmp                 0040d3d0 f   pjlib-i386-win32-vc8-release:string.obj
 0001:0000c430       _pj_stricmp                0040d430 f   pjlib-i386-win32-vc8-release:string.obj
 0001:0000c4a0       _pj_stricmp2               0040d4a0 f   pjlib-i386-win32-vc8-release:string.obj
 0001:0000c500       _pj_strtoul                0040d500 f   pjlib-i386-win32-vc8-release:string.obj
 0001:0000c560       _pj_strtoul2               0040d560 f   pjlib-i386-win32-vc8-release:string.obj
 0001:0000c620       _pj_utoa_pad               0040d620 f   pjlib-i386-win32-vc8-release:string.obj
 0001:0000c6a0       _pj_utoa                   0040d6a0 f   pjlib-i386-win32-vc8-release:string.obj
 0001:0000ca40       _pj_caching_pool_init      0040da40 f   pjlib-i386-win32-vc8-release:pool_caching.obj
 0001:0000cbc0       _pj_get_os_error           0040dbc0 f   pjlib-i386-win32-vc8-release:os_error_win32.obj
 0001:0000cbe0       _pj_get_netos_error        0040dbe0 f   pjlib-i386-win32-vc8-release:os_error_win32.obj
 0001:0000cc00       _platform_strerror         0040dc00 f   pjlib-i386-win32-vc8-release:os_error_win32.obj
 0001:0000ccf0       _pj_list_insert_after      0040dcf0 f   pjlib-i386-win32-vc8-release:list.obj
 0001:0000cd10       _pj_list_insert_before     0040dd10 f   pjlib-i386-win32-vc8-release:list.obj
 0001:0000cd30       _pj_list_erase             0040dd30 f   pjlib-i386-win32-vc8-release:list.obj
 0001:0000cd50       _pj_ioqueue_set_lock       0040dd50 f   pjlib-i386-win32-vc8-release:ioqueue_select.obj
 0001:0000cd90       _pj_ioqueue_unlock_key     0040dd90 f   pjlib-i386-win32-vc8-release:ioqueue_select.obj
 0001:0000cdb0       _pj_ioqueue_create         0040ddb0 f   pjlib-i386-win32-vc8-release:ioqueue_select.obj
 0001:0000cf60       _pj_ioqueue_destroy        0040df60 f   pjlib-i386-win32-vc8-release:ioqueue_select.obj
 0001:0000d160       _ioqueue_dispatch_write_event 0040e160 f   pjlib-i386-win32-vc8-release:ioqueue_select.obj
 0001:0000d440       _ioqueue_dispatch_read_event 0040e440 f   pjlib-i386-win32-vc8-release:ioqueue_select.obj
 0001:0000d670       _ioqueue_dispatch_exception_event 0040e670 f   pjlib-i386-win32-vc8-release:ioqueue_select.obj
 0001:0000d7d0       _pj_ioqueue_poll           0040e7d0 f   pjlib-i386-win32-vc8-release:ioqueue_select.obj
 0001:0000dab0       _pj_ntohs                  0040eab0 f   pjlib-i386-win32-vc8-release:sock_bsd.obj
 0001:0000dac0       _pj_ntohl                  0040eac0 f   pjlib-i386-win32-vc8-release:sock_bsd.obj
 0001:0000dad0       _pj_sock_getsockname       0040ead0 f   pjlib-i386-win32-vc8-release:sock_bsd.obj
 0001:0000db30       _pj_sock_send              0040eb30 f   pjlib-i386-win32-vc8-release:sock_bsd.obj
 0001:0000dba0       _pj_sock_sendto            0040eba0 f   pjlib-i386-win32-vc8-release:sock_bsd.obj
 0001:0000dc10       _pj_sock_recv              0040ec10 f   pjlib-i386-win32-vc8-release:sock_bsd.obj
 0001:0000dc80       _pj_sock_recvfrom          0040ec80 f   pjlib-i386-win32-vc8-release:sock_bsd.obj
 0001:0000dd00       _pj_sock_getsockopt        0040ed00 f   pjlib-i386-win32-vc8-release:sock_bsd.obj
 0001:0000dd70       _pj_sock_accept            0040ed70 f   pjlib-i386-win32-vc8-release:sock_bsd.obj
 0001:0000de50       _pj_gettimeofday           0040ee50 f   pjlib-i386-win32-vc8-release:os_time_win32.obj
 0001:0000dec0       _pj_time_decode            0040eec0 f   pjlib-i386-win32-vc8-release:os_time_win32.obj
 0001:0000dfd0       _pj_lock_create_simple_mutex 0040efd0 f   pjlib-i386-win32-vc8-release:lock.obj
 0001:0000dff0       _pj_lock_create_recursive_mutex 0040eff0 f   pjlib-i386-win32-vc8-release:lock.obj
 0001:0000e010       _pj_lock_create_null_mutex 0040f010 f   pjlib-i386-win32-vc8-release:lock.obj
 0001:0000e030       _pj_lock_acquire           0040f030 f   pjlib-i386-win32-vc8-release:lock.obj
 0001:0000e050       _pj_lock_tryacquire        0040f050 f   pjlib-i386-win32-vc8-release:lock.obj
 0001:0000e070       _pj_lock_release           0040f070 f   pjlib-i386-win32-vc8-release:lock.obj
 0001:0000e090       _pj_lock_destroy           0040f090 f   pjlib-i386-win32-vc8-release:lock.obj
 0001:0000e160       _pj_grp_lock_add_ref       0040f160 f   pjlib-i386-win32-vc8-release:lock.obj
 0001:0000e220       _pj_grp_lock_tryacquire    0040f220 f   pjlib-i386-win32-vc8-release:lock.obj
 0001:0000e230       _pj_grp_lock_dec_ref       0040f230 f   pjlib-i386-win32-vc8-release:lock.obj
 0001:0000e2d0       _pj_grp_lock_release       0040f2d0 f   pjlib-i386-win32-vc8-release:lock.obj
 0001:0000e2e0       _pj_array_erase            0040f2e0 f   pjlib-i386-win32-vc8-release:array.obj
 0001:0000e320       _pj_exception_id_alloc     0040f320 f   pjlib-i386-win32-vc8-release:except.obj
 0001:0000e370       _pj_throw_exception_       0040f370 f   pjlib-i386-win32-vc8-release:except.obj
 0001:0000e410       _pj_get_timestamp          0040f410 f   pjlib-i386-win32-vc8-release:os_timestamp_win32.obj
 0001:0000e470       _pj_get_timestamp_freq     0040f470 f   pjlib-i386-win32-vc8-release:os_timestamp_win32.obj
 0001:0000e4d0       _pj_elapsed_msec           0040f4d0 f   pjlib-i386-win32-vc8-release:os_timestamp_common.obj
 0001:0000e550       _pj_elapsed_time           0040f550 f   pjlib-i386-win32-vc8-release:os_timestamp_common.obj
 0001:0000e5e0       _pj_gettickcount           0040f5e0 f   pjlib-i386-win32-vc8-release:os_timestamp_common.obj
 0001:0000e620       _pj_log_write              0040f620 f   pjlib-i386-win32-vc8-release:log_writer_stdout.obj
 0001:0000e770       _pj_generate_unique_string 0040f770 f   pjlib-i386-win32-vc8-release:guid_win32.obj
 0001:0000e840       _pj_pool_create_on_buf     0040f840 f   pjlib-i386-win32-vc8-release:pool_buf.obj
 0001:0000e8e0       _PJ_FD_ZERO                0040f8e0 f   pjlib-i386-win32-vc8-release:sock_select.obj
 0001:0000e910       _PJ_FD_ISSET               0040f910 f   pjlib-i386-win32-vc8-release:sock_select.obj
 0001:0000e940       _PJ_FD_COUNT               0040f940 f   pjlib-i386-win32-vc8-release:sock_select.obj
 0001:0000e940       _rdb_get_value             0040f940 f   libsrtp-i386-win32-vc8-release:rdb.obj
 0001:0000e950       _pj_sock_select            0040f950 f   pjlib-i386-win32-vc8-release:sock_select.obj
 0001:0000e9e0       _PJ_FD_CLR                 0040f9e0 f   pjlib-i386-win32-vc8-release:sock_select.obj
 0001:0000ea60       _pj_time_val_normalize     0040fa60 f   pjlib-i386-win32-vc8-release:types.obj
 0001:0000f100       _res_SrcLinear             00410100 f   libresample-i386-win32-vc8-release:resamplesubs.obj
 0001:0000f120       _res_Resample              00410120 f   libresample-i386-win32-vc8-release:resamplesubs.obj
 0001:0000f260       _res_GetXOFF               00410260 f   libresample-i386-win32-vc8-release:resamplesubs.obj
 0001:0000f500       _speex_preprocess_state_init 00410500 f   libspeex-i386-win32-vc8-release:preprocess.obj
 0001:0000fc40       _speex_preprocess_state_destroy 00410c40 f   libspeex-i386-win32-vc8-release:preprocess.obj
 0001:00010970       _speex_preprocess_run      00411970 f   libspeex-i386-win32-vc8-release:preprocess.obj
 0001:000119d0       _speex_preprocess_ctl      004129d0 f   libspeex-i386-win32-vc8-release:preprocess.obj
 0001:000125a0       _speex_echo_state_init     004135a0 f   libspeex-i386-win32-vc8-release:mdf.obj
 0001:000129c0       _speex_echo_state_reset    004139c0 f   libspeex-i386-win32-vc8-release:mdf.obj
 0001:00012bd0       _speex_echo_state_destroy  00413bd0 f   libspeex-i386-win32-vc8-release:mdf.obj
 0001:00012c90       _speex_echo_playback       00413c90 f   libspeex-i386-win32-vc8-release:mdf.obj
 0001:00012da0       _speex_echo_cancellation   00413da0 f   libspeex-i386-win32-vc8-release:mdf.obj
 0001:00014040       _speex_echo_get_residual   00415040 f   libspeex-i386-win32-vc8-release:mdf.obj
 0001:000141b0       _speex_echo_ctl            004151b0 f   libspeex-i386-win32-vc8-release:mdf.obj
 0001:000142a0       _speex_echo_capture        004152a0 f   libspeex-i386-win32-vc8-release:mdf.obj
 0001:00014390       _spx_fft_init              00415390 f   libspeex-i386-win32-vc8-release:fftwrap.obj
 0001:000143b0       _spx_fft_destroy           004153b0 f   libspeex-i386-win32-vc8-release:fftwrap.obj
 0001:000143d0       _spx_fft                   004153d0 f   libspeex-i386-win32-vc8-release:fftwrap.obj
 0001:00014480       _spx_ifft                  00415480 f   libspeex-i386-win32-vc8-release:fftwrap.obj
 0001:000144f0       _filterbank_new            004154f0 f   libspeex-i386-win32-vc8-release:filterbank.obj
 0001:00014750       _filterbank_destroy        00415750 f   libspeex-i386-win32-vc8-release:filterbank.obj
 0001:00014790       _filterbank_compute_bank32 00415790 f   libspeex-i386-win32-vc8-release:filterbank.obj
 0001:00014800       _filterbank_compute_psd16  00415800 f   libspeex-i386-win32-vc8-release:filterbank.obj
 0001:00019aa0       _spx_drft_forward          0041aaa0 f   libspeex-i386-win32-vc8-release:smallft.obj
 0001:00019ad0       _spx_drft_backward         0041aad0 f   libspeex-i386-win32-vc8-release:smallft.obj
 0001:00019b00       _spx_drft_init             0041ab00 f   libspeex-i386-win32-vc8-release:smallft.obj
 0001:00019b50       _spx_drft_clear            0041ab50 f   libspeex-i386-win32-vc8-release:smallft.obj
 0001:00019bb0       _srtp_stream_alloc         0041abb0 f   libsrtp-i386-win32-vc8-release:srtp.obj
 0001:00019d90       _srtp_stream_dealloc       0041ad90 f   libsrtp-i386-win32-vc8-release:srtp.obj
 0001:00019e80       _srtp_stream_clone         0041ae80 f   libsrtp-i386-win32-vc8-release:srtp.obj
 0001:00019f90       _srtp_kdf_generate         0041af90 f   libsrtp-i386-win32-vc8-release:srtp.obj
 0001:0001a030       _srtp_kdf_clear            0041b030 f   libsrtp-i386-win32-vc8-release:srtp.obj
 0001:0001a090       _srtp_stream_init_keys     0041b090 f   libsrtp-i386-win32-vc8-release:srtp.obj
 0001:0001a5e0       _srtp_stream_init          0041b5e0 f   libsrtp-i386-win32-vc8-release:srtp.obj
 0001:0001a700       _srtp_event_reporter       0041b700 f   libsrtp-i386-win32-vc8-release:srtp.obj
 0001:0001add0       _srtp_dealloc              0041bdd0 f   libsrtp-i386-win32-vc8-release:srtp.obj
 0001:0001ae90       _srtp_add_stream           0041be90 f   libsrtp-i386-win32-vc8-release:srtp.obj
 0001:0001af60       _srtp_create               0041bf60 f   libsrtp-i386-win32-vc8-release:srtp.obj
 0001:0001b5f0       _srtp_protect_rtcp         0041c5f0 f   libsrtp-i386-win32-vc8-release:srtp.obj
 0001:0001b960       _srtp_unprotect_rtcp       0041c960 f   libsrtp-i386-win32-vc8-release:srtp.obj
 0001:0001be00       _srtp_protect              0041ce00 f   libsrtp-i386-win32-vc8-release:srtp.obj
 0001:0001c350       _srtp_unprotect            0041d350 f   libsrtp-i386-win32-vc8-release:srtp.obj
 0001:0001c910       _crypto_kernel_alloc_cipher 0041d910 f   libsrtp-i386-win32-vc8-release:crypto_kernel.obj
 0001:0001c970       _crypto_kernel_alloc_auth  0041d970 f   libsrtp-i386-win32-vc8-release:crypto_kernel.obj
 0001:0001c9d0       _crypto_get_random         0041d9d0 f   libsrtp-i386-win32-vc8-release:crypto_kernel.obj
 0001:0001c9f0       _ekt_octets_after_base_tag 0041d9f0 f   libsrtp-i386-win32-vc8-release:ekt.obj
 0001:0001ca10       _ekt_alloc                 0041da10 f   libsrtp-i386-win32-vc8-release:ekt.obj
 0001:0001ca40       _aes_decrypt_with_raw_key  0041da40 f   libsrtp-i386-win32-vc8-release:ekt.obj
 0001:0001caa0       _srtp_stream_init_from_ekt 0041daa0 f   libsrtp-i386-win32-vc8-release:ekt.obj
 0001:0001cb20       _ekt_write_data            0041db20 f   libsrtp-i386-win32-vc8-release:ekt.obj
 0001:0001cc70       _crypto_alloc              0041dc70 f   libsrtp-i386-win32-vc8-release:alloc.obj
 0001:0001ccd0       _crypto_free               0041dcd0 f   libsrtp-i386-win32-vc8-release:alloc.obj
 0001:0001cd00       _index_guess               0041dd00 f   libsrtp-i386-win32-vc8-release:rdbx.obj
 0001:0001cd80       _rdbx_init                 0041dd80 f   libsrtp-i386-win32-vc8-release:rdbx.obj
 0001:0001cdc0       _rdbx_dealloc              0041ddc0 f   libsrtp-i386-win32-vc8-release:rdbx.obj
 0001:0001cde0       _rdbx_set_roc              0041dde0 f   libsrtp-i386-win32-vc8-release:rdbx.obj
 0001:0001ce40       _rdbx_get_packet_index     0041de40 f   libsrtp-i386-win32-vc8-release:rdbx.obj
 0001:0001ce50       _rdbx_check                0041de50 f   libsrtp-i386-win32-vc8-release:rdbx.obj
 0001:0001cea0       _rdbx_add_index            0041dea0 f   libsrtp-i386-win32-vc8-release:rdbx.obj
 0001:0001cf10       _rdbx_estimate_index       0041df10 f   libsrtp-i386-win32-vc8-release:rdbx.obj
 0001:0001cf60       _rdb_init                  0041df60 f   libsrtp-i386-win32-vc8-release:rdb.obj
 0001:0001cf80       _rdb_check                 0041df80 f   libsrtp-i386-win32-vc8-release:rdb.obj
 0001:0001cfd0       _rdb_add_index             0041dfd0 f   libsrtp-i386-win32-vc8-release:rdb.obj
 0001:0001d020       _rdb_increment             0041e020 f   libsrtp-i386-win32-vc8-release:rdb.obj
 0001:0001d040       _key_limit_set             0041e040 f   libsrtp-i386-win32-vc8-release:key.obj
 0001:0001d070       _key_limit_clone           0041e070 f   libsrtp-i386-win32-vc8-release:key.obj
 0001:0001d090       _key_limit_update          0041e090 f   libsrtp-i386-win32-vc8-release:key.obj
 0001:0001d0e0       _err_report                0041e0e0 f   libsrtp-i386-win32-vc8-release:srtp_err.obj
 0001:0001d110       _nibble_to_hex_char        0041e110 f   libsrtp-i386-win32-vc8-release:datatypes.obj
 0001:0001d190       _octet_string_hex_string   0041e190 f   libsrtp-i386-win32-vc8-release:datatypes.obj
 0001:0001d210       _v128_hex_string           0041e210 f   libsrtp-i386-win32-vc8-release:datatypes.obj
 0001:0001d270       _v128_copy_octet_string    0041e270 f   libsrtp-i386-win32-vc8-release:datatypes.obj
 0001:0001d2f0       _v128_left_shift           0041e2f0 f   libsrtp-i386-win32-vc8-release:datatypes.obj
 0001:0001d3d0       _bitvector_dealloc         0041e3d0 f   libsrtp-i386-win32-vc8-release:datatypes.obj
 0001:0001d400       _bitvector_set_to_zero     0041e400 f   libsrtp-i386-win32-vc8-release:datatypes.obj
 0001:0001d420       _bitvector_left_shift      0041e420 f   libsrtp-i386-win32-vc8-release:datatypes.obj
 0001:0001d520       _octet_string_is_eq        0041e520 f   libsrtp-i386-win32-vc8-release:datatypes.obj
 0001:0001d550       _octet_string_set_to_zero  0041e550 f   libsrtp-i386-win32-vc8-release:datatypes.obj
 0001:0001d570       _bitvector_alloc           0041e570 f   libsrtp-i386-win32-vc8-release:datatypes.obj
 0001:0001d5d0       _auth_get_key_length       0041e5d0 f   libsrtp-i386-win32-vc8-release:auth.obj
 0001:0001d5e0       _auth_get_prefix_length    0041e5e0 f   libsrtp-i386-win32-vc8-release:auth.obj
 0001:0001d5f0       _cipher_output             0041e5f0 f   libsrtp-i386-win32-vc8-release:cipher.obj
 0001:0001d620       _auth_get_tag_length       0041e620 f   libsrtp-i386-win32-vc8-release:auth.obj
 0001:0001d620       _cipher_get_key_length     0041e620 f   libsrtp-i386-win32-vc8-release:cipher.obj
 0001:0001d620       _rdbx_get_window_size      0041e620 f   libsrtp-i386-win32-vc8-release:rdbx.obj
 0001:0001d630       _ctr_prng_init             0041e630 f   libsrtp-i386-win32-vc8-release:ctr_prng.obj
 0001:0001d690       _ctr_prng_get_octet_string 0041e690 f   libsrtp-i386-win32-vc8-release:ctr_prng.obj
 0001:0001d6e0       _hmac_alloc                0041e6e0 f   libsrtp-i386-win32-vc8-release:hmac.obj
 0001:0001d790       _hmac_dealloc              0041e790 f   libsrtp-i386-win32-vc8-release:hmac.obj
 0001:0001d7c0       _hmac_init                 0041e7c0 f   libsrtp-i386-win32-vc8-release:hmac.obj
 0001:0001d8c0       _hmac_start                0041e8c0 f   libsrtp-i386-win32-vc8-release:hmac.obj
 0001:0001d8e0       _hmac_update               0041e8e0 f   libsrtp-i386-win32-vc8-release:hmac.obj
 0001:0001d930       _hmac_compute              0041e930 f   libsrtp-i386-win32-vc8-release:hmac.obj
 0001:0001da40       _null_auth_alloc           0041ea40 f   libsrtp-i386-win32-vc8-release:null_auth.obj
 0001:0001dad0       _null_auth_dealloc         0041ead0 f   libsrtp-i386-win32-vc8-release:null_auth.obj
 0001:0001daf0       _aes_cbc_alloc             0041eaf0 f   libsrtp-i386-win32-vc8-release:aes_cbc.obj
 0001:0001db70       _aes_cbc_dealloc           0041eb70 f   libsrtp-i386-win32-vc8-release:aes_cbc.obj
 0001:0001dba0       _aes_cbc_context_init      0041eba0 f   libsrtp-i386-win32-vc8-release:aes_cbc.obj
 0001:0001dc00       _aes_cbc_set_iv            0041ec00 f   libsrtp-i386-win32-vc8-release:aes_cbc.obj
 0001:0001dcd0       _aes_cbc_encrypt           0041ecd0 f   libsrtp-i386-win32-vc8-release:aes_cbc.obj
 0001:0001ddd0       _aes_cbc_decrypt           0041edd0 f   libsrtp-i386-win32-vc8-release:aes_cbc.obj
 0001:0001df80       _aes_cbc_nist_encrypt      0041ef80 f   libsrtp-i386-win32-vc8-release:aes_cbc.obj
 0001:0001dfd0       _aes_cbc_nist_decrypt      0041efd0 f   libsrtp-i386-win32-vc8-release:aes_cbc.obj
 0001:0001e010       _aes_icm_alloc             0041f010 f   libsrtp-i386-win32-vc8-release:aes_icm.obj
 0001:0001e0b0       _aes_icm_dealloc           0041f0b0 f   libsrtp-i386-win32-vc8-release:aes_icm.obj
 0001:0001e0e0       _aes_icm_context_init      0041f0e0 f   libsrtp-i386-win32-vc8-release:aes_icm.obj
 0001:0001e1f0       _aes_icm_set_iv            0041f1f0 f   libsrtp-i386-win32-vc8-release:aes_icm.obj
 0001:0001e360       _aes_icm_encrypt           0041f360 f   libsrtp-i386-win32-vc8-release:aes_icm.obj
 0001:0001e550       _aes_icm_output            0041f550 f   libsrtp-i386-win32-vc8-release:aes_icm.obj
 0001:0001e580       _aes_icm_bytes_encrypted   0041f580 f   libsrtp-i386-win32-vc8-release:aes_icm.obj
 0001:0001e590       _null_cipher_alloc         0041f590 f   libsrtp-i386-win32-vc8-release:null_cipher.obj
 0001:0001e600       _null_cipher_dealloc       0041f600 f   libsrtp-i386-win32-vc8-release:null_cipher.obj
 0001:0001e620       _null_cipher_init          0041f620 f   libsrtp-i386-win32-vc8-release:null_cipher.obj
 0001:0001e990       _aes_expand_encryption_key 0041f990 f   libsrtp-i386-win32-vc8-release:aes.obj
 0001:0001e9d0       _aes_expand_decryption_key 0041f9d0 f   libsrtp-i386-win32-vc8-release:aes.obj
 0001:0001ef90       _aes_encrypt               0041ff90 f   libsrtp-i386-win32-vc8-release:aes.obj
 0001:0001f080       _aes_decrypt               00420080 f   libsrtp-i386-win32-vc8-release:aes.obj
 0001:0001f170       _sha1_core                 00420170 f   libsrtp-i386-win32-vc8-release:sha1.obj
 0001:0001f650       _sha1_init                 00420650 f   libsrtp-i386-win32-vc8-release:sha1.obj
 0001:0001f680       _sha1_update               00420680 f   libsrtp-i386-win32-vc8-release:sha1.obj
 0001:0001f750       _sha1_final                00420750 f   libsrtp-i386-win32-vc8-release:sha1.obj
 0001:0001fe28       ___WSAFDIsSet@8            00420e28 f   ws2_32:WS2_32.dll
 0001:0001fe30       __aulldiv                  00420e30 f   MSVCRT:ulldiv.obj
 0001:0001fea0       __allmul                   00420ea0 f   MSVCRT:llmul.obj
 0001:0001fed4       _memcpy                    00420ed4 f   MSVCRT:MSVCR90.dll
 0001:0001feda       @__security_check_cookie@4 00420eda f   MSVCRT:secchk.obj
 0001:0001fef0       __ftol2_sse                00420ef0 f   MSVCRT:ftol2.obj
 0001:0001fef9       __ftol2_pentium4           00420ef9 f   MSVCRT:ftol2.obj
 0001:0001ff0c       __ftol2_sse_excpt          00420f0c f   MSVCRT:ftol2.obj
 0001:0001ff26       __ftol2                    00420f26 f   MSVCRT:ftol2.obj
 0001:0001ff9c       __CIsin                    00420f9c f   MSVCRT:MSVCR90.dll
 0001:00020244       _mainCRTStartup            00421244 f   MSVCRT:crtexe.obj
 0001:0002024e       _memset                    0042124e f   MSVCRT:MSVCR90.dll
 0001:00020254       __CIcos                    00421254 f   MSVCRT:MSVCR90.dll
 0001:00020260       __alldiv                   00421260 f   MSVCRT:lldiv.obj
 0001:0002030a       __CIfmod                   0042130a f   MSVCRT:MSVCR90.dll
 0001:00020310       __CIsqrt                   00421310 f   MSVCRT:MSVCR90.dll
 0001:00020316       _floor                     00421316 f   MSVCRT:MSVCR90.dll
 0001:0002031c       __CIexp                    0042131c f   MSVCRT:MSVCR90.dll
 0001:00020322       __CIpow                    00421322 f   MSVCRT:MSVCR90.dll
 0001:00020328       __CIlog                    00421328 f   MSVCRT:MSVCR90.dll
 0001:0002032e       __CIatan                   0042132e f   MSVCRT:MSVCR90.dll
 0001:00020340       __allshl                   00421340 f   MSVCRT:llshl.obj
 0001:0002035f       ___report_gsfailure        0042135f f   MSVCRT:gs_report.obj
 0001:000204b5       __get_sse2_info            004214b5 f   MSVCRT:cpu_disp.obj
 0001:00020517       ___sse2_available_init     00421517 f   MSVCRT:cpu_disp.obj
 0001:00020524       ?__CxxUnhandledExceptionFilter@@YGJPAU_EXCEPTION_POINTERS@@@Z 00421524 f   MSVCRT:unhandld.obj
 0001:00020566       ___CxxSetUnhandledExceptionFilter 00421566 f   MSVCRT:unhandld.obj
 0001:00020574       __amsg_exit                00421574 f   MSVCRT:MSVCR90.dll
 0001:0002057a       __onexit                   0042157a f   MSVCRT:atonexit.obj
 0001:0002061f       _atexit                    0042161f f   MSVCRT:atonexit.obj
 0001:00020636       __RTC_Initialize           00421636 f   MSVCRT:_initsect_.obj
 0001:0002065c       __RTC_Terminate            0042165c f   MSVCRT:_initsect_.obj
 0001:00020682       __XcptFilter               00421682 f   MSVCRT:MSVCR90.dll
 0001:00020690       __ValidateImageBase        00421690 f   MSVCRT:pesect.obj
 0001:000206d0       __FindPESection            004216d0 f   MSVCRT:pesect.obj
 0001:00020720       __IsNonwritableInCurrentImage 00421720 f   MSVCRT:pesect.obj
 0001:000207de       __initterm                 004217de f   MSVCRT:MSVCR90.dll
 0001:000207e4       __initterm_e               004217e4 f   MSVCRT:MSVCR90.dll
 0001:000207ec       __SEH_prolog4              004217ec f   MSVCRT:sehprolg4.obj
 0001:00020831       __SEH_epilog4              00421831 f   MSVCRT:sehprolg4.obj
 0001:00020845       __except_handler4          00421845 f   MSVCRT:chandler4gs.obj
 0001:0002086a       __setdefaultprecision      0042186a f   MSVCRT:fp8.obj
 0001:00020895       __matherr                  00421895 f   MSVCRT:merr.obj
 0001:00020895       __setargv                  00421895 f   MSVCRT:dllargv.obj
 0001:00020898       ___security_init_cookie    00421898 f   MSVCRT:gs_support.obj
 0001:0002092e       __crt_debugger_hook        0042192e f   MSVCRT:MSVCR90.dll
 0001:00020934       ?terminate@@YAXXZ          00421934 f   MSVCRT:MSVCR90.dll
 0001:0002093a       __unlock                   0042193a f   MSVCRT:MSVCR90.dll
 0001:00020940       ___dllonexit               00421940 f   MSVCRT:MSVCR90.dll
 0001:00020946       __lock                     00421946 f   MSVCRT:MSVCR90.dll
 0001:0002094c       __except_handler4_common   0042194c f   MSVCRT:MSVCR90.dll
 0001:00020952       __invoke_watson            00421952 f   MSVCRT:MSVCR90.dll
 0001:00020958       __controlfp_s              00421958 f   MSVCRT:MSVCR90.dll
 0002:00000000       __imp__GetSystemTimeAsFileTime@4 00422000     kernel32:KERNEL32.dll
 0002:00000004       __imp__IsDebuggerPresent@0 00422004     kernel32:KERNEL32.dll
 0002:00000008       __imp__SetUnhandledExceptionFilter@4 00422008     kernel32:KERNEL32.dll
 0002:0000000c       __imp__UnhandledExceptionFilter@4 0042200c     kernel32:KERNEL32.dll
 0002:00000010       __imp__TerminateProcess@8  00422010     kernel32:KERNEL32.dll
 0002:00000014       __imp__InterlockedCompareExchange@12 00422014     kernel32:KERNEL32.dll
 0002:00000018       __imp__QueryPerformanceFrequency@4 00422018     kernel32:KERNEL32.dll
 0002:0000001c       __imp__QueryPerformanceCounter@4 0042201c     kernel32:KERNEL32.dll
 0002:00000020       __imp__FileTimeToSystemTime@8 00422020     kernel32:KERNEL32.dll
 0002:00000024       __imp__GetLocalTime@4      00422024     kernel32:KERNEL32.dll
 0002:00000028       __imp__SystemTimeToFileTime@8 00422028     kernel32:KERNEL32.dll
 0002:0000002c       __imp__FormatMessageA@28   0042202c     kernel32:KERNEL32.dll
 0002:00000030       __imp__Sleep@4             00422030     kernel32:KERNEL32.dll
 0002:00000034       __imp__CreateThread@24     00422034     kernel32:KERNEL32.dll
 0002:00000038       __imp__GetCurrentProcessId@0 00422038     kernel32:KERNEL32.dll
 0002:0000003c       __imp__GetStdHandle@4      0042203c     kernel32:KERNEL32.dll
 0002:00000040       __imp__SetConsoleTextAttribute@8 00422040     kernel32:KERNEL32.dll
 0002:00000044       __imp__ReleaseSemaphore@12 00422044     kernel32:KERNEL32.dll
 0002:00000048       __imp__WaitForSingleObject@8 00422048     kernel32:KERNEL32.dll
 0002:0000004c       __imp__DeleteCriticalSection@4 0042204c     kernel32:KERNEL32.dll
 0002:00000050       __imp__TryEnterCriticalSection@4 00422050     kernel32:KERNEL32.dll
 0002:00000054       __imp__LeaveCriticalSection@4 00422054     kernel32:KERNEL32.dll
 0002:00000058       __imp__EnterCriticalSection@4 00422058     kernel32:KERNEL32.dll
 0002:0000005c       __imp__InitializeCriticalSection@4 0042205c     kernel32:KERNEL32.dll
 0002:00000060       __imp__TlsFree@4           00422060     kernel32:KERNEL32.dll
 0002:00000064       __imp__InterlockedDecrement@4 00422064     kernel32:KERNEL32.dll
 0002:00000068       __imp__GetCurrentProcess@0 00422068     kernel32:KERNEL32.dll
 0002:0000006c       __imp__GetTickCount@0      0042206c     kernel32:KERNEL32.dll
 0002:00000070       __imp__CreateEventA@16     00422070     kernel32:KERNEL32.dll
 0002:00000074       __imp__WaitForMultipleObjects@16 00422074     kernel32:KERNEL32.dll
 0002:00000078       __imp__SetThreadPriority@8 00422078     kernel32:KERNEL32.dll
 0002:0000007c       __imp__GetCurrentThread@0  0042207c     kernel32:KERNEL32.dll
 0002:00000080       __imp__CloseHandle@4       00422080     kernel32:KERNEL32.dll
 0002:00000084       __imp__SetEvent@4          00422084     kernel32:KERNEL32.dll
 0002:00000088       __imp__GetLastError@0      00422088     kernel32:KERNEL32.dll
 0002:0000008c       __imp__TlsAlloc@0          0042208c     kernel32:KERNEL32.dll
 0002:00000090       __imp__TlsSetValue@8       00422090     kernel32:KERNEL32.dll
 0002:00000094       __imp__TlsGetValue@4       00422094     kernel32:KERNEL32.dll
 0002:00000098       __imp__GetCurrentThreadId@0 00422098     kernel32:KERNEL32.dll
 0002:0000009c       __imp__InterlockedExchange@8 0042209c     kernel32:KERNEL32.dll
 0002:000000a0       __imp__InterlockedIncrement@4 004220a0     kernel32:KERNEL32.dll
 0002:000000a4       __imp__GetProcessTimes@20  004220a4     kernel32:KERNEL32.dll
 0002:000000a8       \177KERNEL32_NULL_THUNK_DATA 004220a8     kernel32:KERNEL32.dll
 0002:000000ac       __imp__strchr              004220ac     MSVCRT:MSVCR90.dll
 0002:000000b0       __imp___strnicmp           004220b0     MSVCRT:MSVCR90.dll
 0002:000000b4       __imp___vsnprintf          004220b4     MSVCRT:MSVCR90.dll
 0002:000000b8       __imp__isxdigit            004220b8     MSVCRT:MSVCR90.dll
 0002:000000bc       __imp__free                004220bc     MSVCRT:MSVCR90.dll
 0002:000000c0       __imp__longjmp             004220c0     MSVCRT:MSVCR90.dll
 0002:000000c4       __imp___CIfmod             004220c4     MSVCRT:MSVCR90.dll
 0002:000000c8       __imp__calloc              004220c8     MSVCRT:MSVCR90.dll
 0002:000000cc       __imp___CIsqrt             004220cc     MSVCRT:MSVCR90.dll
 0002:000000d0       __imp__floor               004220d0     MSVCRT:MSVCR90.dll
 0002:000000d4       __imp___CIexp              004220d4     MSVCRT:MSVCR90.dll
 0002:000000d8       __imp___CIpow              004220d8     MSVCRT:MSVCR90.dll
 0002:000000dc       __imp___CIlog              004220dc     MSVCRT:MSVCR90.dll
 0002:000000e0       __imp___CIatan             004220e0     MSVCRT:MSVCR90.dll
 0002:000000e4       __imp__exit                004220e4     MSVCRT:MSVCR90.dll
 0002:000000e8       __imp___amsg_exit          004220e8     MSVCRT:MSVCR90.dll
 0002:000000ec       __imp____getmainargs       004220ec     MSVCRT:MSVCR90.dll
 0002:000000f0       __imp___cexit              004220f0     MSVCRT:MSVCR90.dll
 0002:000000f4       __imp___exit               004220f4     MSVCRT:MSVCR90.dll
 0002:000000f8       __imp___XcptFilter         004220f8     MSVCRT:MSVCR90.dll
 0002:000000fc       __imp____initenv           004220fc     MSVCRT:MSVCR90.dll
 0002:00000100       __imp___initterm           00422100     MSVCRT:MSVCR90.dll
 0002:00000104       __imp___initterm_e         00422104     MSVCRT:MSVCR90.dll
 0002:00000108       __imp___configthreadlocale 00422108     MSVCRT:MSVCR90.dll
 0002:0000010c       __imp____setusermatherr    0042210c     MSVCRT:MSVCR90.dll
 0002:00000110       __imp___adjust_fdiv        00422110     MSVCRT:MSVCR90.dll
 0002:00000114       __imp____p__commode        00422114     MSVCRT:MSVCR90.dll
 0002:00000118       __imp____p__fmode          00422118     MSVCRT:MSVCR90.dll
 0002:0000011c       __imp___encode_pointer     0042211c     MSVCRT:MSVCR90.dll
 0002:00000120       __imp____set_app_type      00422120     MSVCRT:MSVCR90.dll
 0002:00000124       __imp___crt_debugger_hook  00422124     MSVCRT:MSVCR90.dll
 0002:00000128       __imp_?terminate@@YAXXZ    00422128     MSVCRT:MSVCR90.dll
 0002:0000012c       __imp___unlock             0042212c     MSVCRT:MSVCR90.dll
 0002:00000130       __imp____dllonexit         00422130     MSVCRT:MSVCR90.dll
 0002:00000134       __imp___lock               00422134     MSVCRT:MSVCR90.dll
 0002:00000138       __imp___onexit             00422138     MSVCRT:MSVCR90.dll
 0002:0000013c       __imp___decode_pointer     0042213c     MSVCRT:MSVCR90.dll
 0002:00000140       __imp___except_handler4_common 00422140     MSVCRT:MSVCR90.dll
 0002:00000144       __imp___invoke_watson      00422144     MSVCRT:MSVCR90.dll
 0002:00000148       __imp___controlfp_s        00422148     MSVCRT:MSVCR90.dll
 0002:0000014c       __imp___CIcos              0042214c     MSVCRT:MSVCR90.dll
 0002:00000150       __imp__strtok              00422150     MSVCRT:MSVCR90.dll
 0002:00000154       __imp__atoi                00422154     MSVCRT:MSVCR90.dll
 0002:00000158       __imp__isdigit             00422158     MSVCRT:MSVCR90.dll
 0002:0000015c       __imp___stricmp            0042215c     MSVCRT:MSVCR90.dll
 0002:00000160       __imp__memmove             00422160     MSVCRT:MSVCR90.dll
 0002:00000164       __imp__sprintf             00422164     MSVCRT:MSVCR90.dll
 0002:00000168       __imp___snprintf           00422168     MSVCRT:MSVCR90.dll
 0002:0000016c       __imp__strncpy             0042216c     MSVCRT:MSVCR90.dll
 0002:00000170       __imp__memset              00422170     MSVCRT:MSVCR90.dll
 0002:00000174       __imp___CIsin              00422174     MSVCRT:MSVCR90.dll
 0002:00000178       __imp__puts                00422178     MSVCRT:MSVCR90.dll
 0002:0000017c       __imp____iob_func          0042217c     MSVCRT:MSVCR90.dll
 0002:00000180       __imp__fflush              00422180     MSVCRT:MSVCR90.dll
 0002:00000184       __imp__printf              00422184     MSVCRT:MSVCR90.dll
 0002:00000188       __imp__memcpy              00422188     MSVCRT:MSVCR90.dll
 0002:0000018c       __imp__malloc              0042218c     MSVCRT:MSVCR90.dll
 0002:00000190       \177MSVCR90_NULL_THUNK_DATA 00422190     MSVCRT:MSVCR90.dll
 0002:00000194       __imp__waveInReset@4       00422194     winmm:WINMM.dll
 0002:00000198       __imp__waveOutClose@4      00422198     winmm:WINMM.dll
 0002:0000019c       __imp__waveOutUnprepareHeader@12 0042219c     winmm:WINMM.dll
 0002:000001a0       __imp__waveOutReset@4      004221a0     winmm:WINMM.dll
 0002:000001a4       __imp__waveOutGetErrorTextA@12 004221a4     winmm:WINMM.dll
 0002:000001a8       __imp__waveInGetErrorTextA@12 004221a8     winmm:WINMM.dll
 0002:000001ac       __imp__waveInUnprepareHeader@12 004221ac     winmm:WINMM.dll
 0002:000001b0       __imp__waveInClose@4       004221b0     winmm:WINMM.dll
 0002:000001b4       __imp__waveInStop@4        004221b4     winmm:WINMM.dll
 0002:000001b8       __imp__waveOutRestart@4    004221b8     winmm:WINMM.dll
 0002:000001bc       __imp__waveInStart@4       004221bc     winmm:WINMM.dll
 0002:000001c0       __imp__waveOutSetVolume@8  004221c0     winmm:WINMM.dll
 0002:000001c4       __imp__waveOutGetVolume@8  004221c4     winmm:WINMM.dll
 0002:000001c8       __imp__waveInOpen@24       004221c8     winmm:WINMM.dll
 0002:000001cc       __imp__waveInPrepareHeader@12 004221cc     winmm:WINMM.dll
 0002:000001d0       __imp__waveInAddBuffer@12  004221d0     winmm:WINMM.dll
 0002:000001d4       __imp__waveOutOpen@24      004221d4     winmm:WINMM.dll
 0002:000001d8       __imp__waveOutPause@4      004221d8     winmm:WINMM.dll
 0002:000001dc       __imp__waveOutPrepareHeader@12 004221dc     winmm:WINMM.dll
 0002:000001e0       __imp__waveOutWrite@12     004221e0     winmm:WINMM.dll
 0002:000001e4       __imp__waveInGetNumDevs@0  004221e4     winmm:WINMM.dll
 0002:000001e8       __imp__waveOutGetNumDevs@0 004221e8     winmm:WINMM.dll
 0002:000001ec       __imp__waveInGetDevCapsA@12 004221ec     winmm:WINMM.dll
 0002:000001f0       __imp__waveOutGetDevCapsA@12 004221f0     winmm:WINMM.dll
 0002:000001f4       \177WINMM_NULL_THUNK_DATA  004221f4     winmm:WINMM.dll
 0002:000001f8       __imp__select@20           004221f8     ws2_32:WS2_32.dll
 0002:000001fc       __imp____WSAFDIsSet@8      004221fc     ws2_32:WS2_32.dll
 0002:00000200       __imp__accept@12           00422200     ws2_32:WS2_32.dll
 0002:00000204       __imp__getsockopt@20       00422204     ws2_32:WS2_32.dll
 0002:00000208       __imp__recvfrom@24         00422208     ws2_32:WS2_32.dll
 0002:0000020c       __imp__recv@16             0042220c     ws2_32:WS2_32.dll
 0002:00000210       __imp__sendto@24           00422210     ws2_32:WS2_32.dll
 0002:00000214       __imp__send@16             00422214     ws2_32:WS2_32.dll
 0002:00000218       __imp__getsockname@12      00422218     ws2_32:WS2_32.dll
 0002:0000021c       __imp__htonl@4             0042221c     ws2_32:WS2_32.dll
 0002:00000220       __imp__ntohl@4             00422220     ws2_32:WS2_32.dll
 0002:00000224       __imp__htons@4             00422224     ws2_32:WS2_32.dll
 0002:00000228       __imp__ntohs@4             00422228     ws2_32:WS2_32.dll
 0002:0000022c       __imp__WSAStartup@8        0042222c     ws2_32:WS2_32.dll
 0002:00000230       __imp__WSAGetLastError@0   00422230     ws2_32:WS2_32.dll
 0002:00000234       \177WS2_32_NULL_THUNK_DATA 00422234     ws2_32:WS2_32.dll
 0002:00000238       __imp__CoCreateGuid@4      00422238     ole32:ole32.dll
 0002:0000023c       \177ole32_NULL_THUNK_DATA  0042223c     ole32:ole32.dll
 0002:00000240       ___xc_a                    00422240     MSVCRT:cinitexe.obj
 0002:00000248       ___xc_z                    00422248     MSVCRT:cinitexe.obj
 0002:0000024c       ___xi_a                    0042224c     MSVCRT:cinitexe.obj
 0002:0000025c       ___xi_z                    0042225c     MSVCRT:cinitexe.obj
 0002:00000260       __real@40c3880000000000    00422260     confbench.obj
 0002:00000268       __real@41f0000000000000    00422268     confbench.obj
 0002:00000270       __real@4059000000000000    00422270     confbench.obj
 0002:00000278       __real@4020000000000000    00422278     confbench.obj
 0002:00000280       __real@400921fb53c8d4f1    00422280     confbench.obj
 0002:00000288       ??_C@_09OFDCJLJM@WMME?5base?$AA@ 00422288     pjmedia-audiodev-i386-win32-vc8-release:wmme_dev.obj
 0002:00000294       ??_C@_04CPNMDOAK@WMME?$AA@ 00422294     pjmedia-audiodev-i386-win32-vc8-release:wmme_dev.obj
 0002:0000029c       ??_C@_0M@KBHHDDLP@Wave?5mapper?$AA@ 0042229c     pjmedia-audiodev-i386-win32-vc8-release:wmme_dev.obj
 0002:000002a8       ??_C@_0CA@NLJGEGOG@?5dev_id?5?$CFd?3?5?$CFs?5?5?$CIin?$DN?$CFd?0?5out?$DN?$CFd?$CJ?$AA@ 004222a8     pjmedia-audiodev-i386-win32-vc8-release:wmme_dev.obj
 0002:000002c8       ??_C@_0BH@GEMAAOCL@WMME?5found?5?$CFd?5devices?3?$AA@ 004222c8     pjmedia-audiodev-i386-win32-vc8-release:wmme_dev.obj
 0002:000002e0       ??_C@_11LOCGONAA@?$AA?$AA@ 004222e0     pjmedia-audiodev-i386-win32-vc8-release:wmme_dev.obj
 0002:000002e4       ??_C@_0L@HHCCMOGO@wmme_dev?4c?$AA@ 004222e4     pjmedia-audiodev-i386-win32-vc8-release:wmme_dev.obj
 0002:000002f0       ??_C@_0BM@OMJMEAMB@WMME?5found?5no?5sound?5devices?$AA@ 004222f0     pjmedia-audiodev-i386-win32-vc8-release:wmme_dev.obj
 0002:0000030c       ??_C@_03CCLNCNJA@PCM?$AA@  0042230c     pjmedia-audiodev-i386-win32-vc8-release:wmme_dev.obj
 0002:00000310       ??_C@_0HB@MKIBCFPJ@?5WaveAPI?5Sound?5player?5?$CC?$CFs?$CC?5initi@ 00422310     pjmedia-audiodev-i386-win32-vc8-release:wmme_dev.obj
 0002:00000388       ??_C@_0HD@PIICIPL@?5WaveAPI?5Sound?5recorder?5?$CC?$CFs?$CC?5ini@ 00422388     pjmedia-audiodev-i386-win32-vc8-release:wmme_dev.obj
 0002:000003fc       ??_C@_0BI@BEJPJEBJ@WMME?3?5thread?5stopping?4?4?$AA@ 004223fc     pjmedia-audiodev-i386-win32-vc8-release:wmme_dev.obj
 0002:00000414       ??_C@_0BM@NKDLICNM@WMME?5capture?5stream?5started?$AA@ 00422414     pjmedia-audiodev-i386-win32-vc8-release:wmme_dev.obj
 0002:00000430       ??_C@_0BN@MNACKNIN@WMME?5playback?5stream?5started?$AA@ 00422430     pjmedia-audiodev-i386-win32-vc8-release:wmme_dev.obj
 0002:00000450       ??_C@_0BM@KCHDOGNE@Stopped?5WMME?5capture?5stream?$AA@ 00422450     pjmedia-audiodev-i386-win32-vc8-release:wmme_dev.obj
 0002:0000046c       ??_C@_0BN@FMJNHCPG@Stopped?5WMME?5playback?5stream?$AA@ 0042246c     pjmedia-audiodev-i386-win32-vc8-release:wmme_dev.obj
 0002:0000048c       ??_C@_0BB@EOKKHGLD@WMME?5initialized?$AA@ 0042248c     pjmedia-audiodev-i386-win32-vc8-release:wmme_dev.obj
 0002:000004a0       ??_C@_04ODOGNMHC@wmme?$AA@ 004224a0     pjmedia-audiodev-i386-win32-vc8-release:wmme_dev.obj
 0002:000004a8       ??_C@_08MOOOBPLB@wmme?9dev?$AA@ 004224a8     pjmedia-audiodev-i386-win32-vc8-release:wmme_dev.obj
 0002:000004b4       ??_C@_0DE@LJJGJIEF@Bad?5audio?5latency?5setting?5?$CIPJMED@ 004224b4     pjmedia-audiodev-i386-win32-vc8-release:errno.obj
 0002:000004e8       ??_C@_0DN@BLAJILEA@Invalid?5audio?5device?5sample?5form@ 004224e8     pjmedia-audiodev-i386-win32-vc8-release:errno.obj
 0002:00000528       ??_C@_0DM@JKDJGBNG@Bad?5or?5invalid?5audio?5device?5form@ 00422528     pjmedia-audiodev-i386-win32-vc8-release:errno.obj
 0002:00000568       ??_C@_0ED@PLJALPOA@Invalid?5or?5unsupported?5audio?5dev@ 00422568     pjmedia-audiodev-i386-win32-vc8-release:errno.obj
 0002:000005ac       ??_C@_0DO@NMIGLFFA@Invalid?5or?5unsupported?5audio?5cap@ 004225ac     pjmedia-audiodev-i386-win32-vc8-release:errno.obj
 0002:000005ec       ??_C@_0CP@JIPJOIMB@Audio?5device?5not?5ready?5?$CIPJMEDIA_@ 004225ec     pjmedia-audiodev-i386-win32-vc8-release:errno.obj
 0002:0000061c       ??_C@_0DM@DPDKGMIE@Unable?5to?5find?5default?5audio?5dev@ 0042261c     pjmedia-audiodev-i386-win32-vc8-release:errno.obj
 0002:00000658       ??_C@_0CM@LOPLLMHO@Found?5no?5audio?5devices?5?$CIPJMEDIA_@ 00422658     pjmedia-audiodev-i386-win32-vc8-release:errno.obj
 0002:00000684       ??_C@_0CL@NCBJPCNF@Invalid?5audio?5device?5?$CIPJMEDIA_EA@ 00422684     pjmedia-audiodev-i386-win32-vc8-release:errno.obj
 0002:000006b0       ??_C@_0DE@DOHCBKFK@Audio?5subsystem?5not?5initialized?5@ 004226b0     pjmedia-audiodev-i386-win32-vc8-release:errno.obj
 0002:000006e4       ??_C@_0DG@FEDKLOFB@Unknown?5error?5from?5audio?5driver?5@ 004226e4     pjmedia-audiodev-i386-win32-vc8-release:errno.obj
 0002:0000071c       ??_C@_0DC@MHBBCDGM@Unspecified?5audio?5device?5error?5?$CI@ 0042271c     pjmedia-audiodev-i386-win32-vc8-release:errno.obj
 0002:000007b0       ??_C@_0CC@MFOJNIAN@Unknown?5pjmedia?9audiodev?5error?5?$CF@ 004227b0     pjmedia-audiodev-i386-win32-vc8-release:errno.obj
 0002:000007d4       ??_C@_0BJ@GMHLEOAL@MMSYSTEM?5native?5error?5?$CFd?$AA@ 004227d4     pjmedia-audiodev-i386-win32-vc8-release:errno.obj
 0002:000007f0       ??_C@_08LMCBNPPN@sendrecv?$AA@ 004227f0     pjmedia-i386-win32-vc8-release:endpoint.obj
 0002:000007fc       ??_C@_07HDFHIMAJ@pjmedia?$AA@ 004227fc     pjmedia-i386-win32-vc8-release:endpoint.obj
 0002:00000804       ??_C@_07OEHJJJKF@RTP?1AVP?$AA@ 00422804     pjmedia-i386-win32-vc8-release:endpoint.obj
 0002:0000080c       ??_C@_03NNAHIIJB@IP6?$AA@  0042280c     pjmedia-i386-win32-vc8-release:endpoint.obj
 0002:00000810       ??_C@_03OPDBOKBD@IP4?$AA@  00422810     pjmedia-i386-win32-vc8-release:endpoint.obj
 0002:00000814       ??_C@_02BBAPPCCJ@IN?$AA@   00422814     pjmedia-i386-win32-vc8-release:endpoint.obj
 0002:00000848       ??_C@_01CLKCMJKC@?5?$AA@   00422848     pjmedia-i386-win32-vc8-release:endpoint.obj
 0002:0000084a       ??_C@_00CNPNBAHC@?$AA@     0042284a     pjmedia-i386-win32-vc8-release:endpoint.obj
 0002:0000084c       ??_C@_0L@DLFDMOGF@endpoint?4c?$AA@ 0042284c     pjmedia-i386-win32-vc8-release:endpoint.obj
 0002:00000858       ??_C@_05CECBHAPI@media?$AA@ 00422858     pjmedia-i386-win32-vc8-release:endpoint.obj
 0002:00000860       ??_C@_0EL@BIFHLACC@Warning?3?5no?5worker?5thread?5is?5cre@ 00422860     pjmedia-i386-win32-vc8-release:endpoint.obj
 0002:000008ac       ??_C@_07LBNDIDNE@med?9ept?$AA@ 004228ac     pjmedia-i386-win32-vc8-release:endpoint.obj
 0002:000008b4       ??_C@_05HMOGEFIO@mport?$AA@ 004228b4     pjmedia-i386-win32-vc8-release:master_port.obj
 0002:000008bc       ??_C@_0N@HKLHDDNB@conference?4c?$AA@ 004228bc     pjmedia-i386-win32-vc8-release:conference.obj
 0002:000008cc       ??_C@_0CN@NGHGIGLE@Sound?5device?5successfully?5create@ 004228cc     pjmedia-i386-win32-vc8-release:conference.obj
 0002:000008fc       ??_C@_0N@GJCGOFHI@Master?1sound?$AA@ 004228fc     pjmedia-i386-win32-vc8-release:conference.obj
 0002:0000090c       ??_C@_0CO@BCCAEBCC@Port?5?$CFd?5?$CI?$CF?4?$CKs?$CJ?5transmitting?5to?5p@ 0042290c     pjmedia-i386-win32-vc8-release:conference.obj
 0002:00000940       __real@3fe0000000000000    00422940     pjmedia-i386-win32-vc8-release:conference.obj
 0002:00000948       ??_C@_04PFOEMICB@conf?$AA@ 00422948     pjmedia-i386-win32-vc8-release:conference.obj
 0002:00000950       ??_C@_0CJ@CCNOOKCI@Creating?5conference?5bridge?5with?5@ 00422950     pjmedia-i386-win32-vc8-release:conference.obj
 0002:0000097c       ??_C@_04DECFOHCF@Conf?$AA@ 0042297c     pjmedia-i386-win32-vc8-release:conference.obj
 0002:00000984       ??_C@_09JPLOKHAL@null?9port?$AA@ 00422984     pjmedia-i386-win32-vc8-release:null_port.obj
 0002:00000990       ??_C@_0BI@OMEMKBHH@Packet?5loss?5concealment?$AA@ 00422990     pjmedia-i386-win32-vc8-release:audiodev.obj
 0002:000009a8       ??_C@_03NOPFEPFL@plg?$AA@  004229a8     pjmedia-i386-win32-vc8-release:audiodev.obj
 0002:000009ac       ??_C@_0BJ@MNDOFJGN@Comfort?5noise?5generation?$AA@ 004229ac     pjmedia-i386-win32-vc8-release:audiodev.obj
 0002:000009c8       ??_C@_03JPNNGDEE@cng?$AA@  004229c8     pjmedia-i386-win32-vc8-release:audiodev.obj
 0002:000009cc       ??_C@_0BJ@PEELNNPF@Voice?5activity?5detection?$AA@ 004229cc     pjmedia-i386-win32-vc8-release:audiodev.obj
 0002:000009e8       ??_C@_03NIGLNABH@vad?$AA@  004229e8     pjmedia-i386-win32-vc8-release:audiodev.obj
 0002:000009ec       ??_C@_0BM@PBLLADJD@Tail?5length?5setting?5for?5AEC?$AA@ 004229ec     pjmedia-i386-win32-vc8-release:audiodev.obj
 0002:00000a08       ??_C@_08MKAPJCJE@aec?9tail?$AA@ 00422a08     pjmedia-i386-win32-vc8-release:audiodev.obj
 0002:00000a14       ??_C@_0BM@HPDLGLFJ@Accoustic?5echo?5cancellation?$AA@ 00422a14     pjmedia-i386-win32-vc8-release:audiodev.obj
 0002:00000a30       ??_C@_03FNONIBCK@aec?$AA@  00422a30     pjmedia-i386-win32-vc8-release:audiodev.obj
 0002:00000a34       ??_C@_0P@JOFPIEJJ@Output?5routing?$AA@ 00422a34     pjmedia-i386-win32-vc8-release:audiodev.obj
 0002:00000a44       ??_C@_09IKMAGDNF@route?9out?$AA@ 00422a44     pjmedia-i386-win32-vc8-release:audiodev.obj
 0002:00000a50       ??_C@_0O@JDPFDDM@Input?5routing?$AA@ 00422a50     pjmedia-i386-win32-vc8-release:audiodev.obj
 0002:00000a60       ??_C@_08FPHJDLBG@route?9in?$AA@ 00422a60     pjmedia-i386-win32-vc8-release:audiodev.obj
 0002:00000a6c       ??_C@_0N@GBEOEOEP@Output?5meter?$AA@ 00422a6c     pjmedia-i386-win32-vc8-release:audiodev.obj
 0002:00000a7c       ??_C@_09NKJLJGOJ@meter?9out?$AA@ 00422a7c     pjmedia-i386-win32-vc8-release:audiodev.obj
 0002:00000a88       ??_C@_0M@NCGIGNPG@Input?5meter?$AA@ 00422a88     pjmedia-i386-win32-vc8-release:audiodev.obj
 0002:00000a94       ??_C@_08BPNDLGG@meter?9in?$AA@ 00422a94     pjmedia-i386-win32-vc8-release:audiodev.obj
 0002:00000aa0       ??_C@_0BG@IBEHJHAD@Output?5volume?5setting?$AA@ 00422aa0     pjmedia-i386-win32-vc8-release:audiodev.obj
 0002:00000ab8       ??_C@_07LBFHFBAF@vol?9out?$AA@ 00422ab8     pjmedia-i386-win32-vc8-release:audiodev.obj
 0002:00000ac0       ??_C@_0BF@CCEKOJAN@Input?5volume?5setting?$AA@ 00422ac0     pjmedia-i386-win32-vc8-release:audiodev.obj
 0002:00000ad8       ??_C@_06KGGLCDDG@vol?9in?$AA@ 00422ad8     pjmedia-i386-win32-vc8-release:audiodev.obj
 0002:00000ae0       ??_C@_0CD@GAINMBC@Output?5latency?1buffer?5size?5setti@ 00422ae0     pjmedia-i386-win32-vc8-release:audiodev.obj
 0002:00000b04       ??_C@_0M@MBBBBCLJ@latency?9out?$AA@ 00422b04     pjmedia-i386-win32-vc8-release:audiodev.obj
 0002:00000b10       ??_C@_0CC@LIGOHOJN@Input?5latency?1buffer?5size?5settin@ 00422b10     pjmedia-i386-win32-vc8-release:audiodev.obj
 0002:00000b34       ??_C@_0L@IKNMBADD@latency?9in?$AA@ 00422b34     pjmedia-i386-win32-vc8-release:audiodev.obj
 0002:00000b40       ??_C@_0BI@GGHCECPI@Extended?1non?9PCM?5format?$AA@ 00422b40     pjmedia-i386-win32-vc8-release:audiodev.obj
 0002:00000b58       ??_C@_07GBKCPIDJ@ext?9fmt?$AA@ 00422b58     pjmedia-i386-win32-vc8-release:audiodev.obj
 0002:00000b60       ??_C@_0L@FGHHAHLM@audiodev?4c?$AA@ 00422b60     pjmedia-i386-win32-vc8-release:audiodev.obj
 0002:00000b70       ??_C@_0EF@NLCNMHAD@?$CFd?5device?$CIs?$CJ?5cannot?5be?5registere@ 00422b70     pjmedia-i386-win32-vc8-release:audiodev.obj
 0002:00000bb8       ??_C@_08MPIAKENM@RTP?1SAVP?$AA@ 00422bb8     pjmedia-i386-win32-vc8-release:sdp.obj
 0002:00000bd4       ??_C@_08INHMCBAE@inactive?$AA@ 00422bd4     pjmedia-i386-win32-vc8-release:sdp.obj
 0002:00000be0       ??_C@_09GLMNEMC@codec?9mgr?$AA@ 00422be0     pjmedia-i386-win32-vc8-release:codec.obj
 0002:00000bf0       ??_C@_0EO@MOMMHEEA@Secure?5transport?5required?5in?5SDP@ 00422bf0     pjmedia-i386-win32-vc8-release:errno.obj
 0002:00000c40       ??_C@_0DM@OPHJDJCK@SRTP?5crypto?5attribute?5required?5?$CI@ 00422c40     pjmedia-i386-win32-vc8-release:errno.obj
 0002:00000c80       ??_C@_0EE@HKDIFKLN@Invalid?5SDP?5media?5transport?5for?5@ 00422c80     pjmedia-i386-win32-vc8-release:errno.obj
 0002:00000cc4       ??_C@_0DH@JABOECDK@Invalid?5SRTP?5crypto?5tag?5?$CIPJMEDIA@ 00422cc4     pjmedia-i386-win32-vc8-release:errno.obj
 0002:00000cfc       ??_C@_0DK@EIEPDNB@Invalid?5SRTP?5crypto?5attribute?5?$CIP@ 00422cfc     pjmedia-i386-win32-vc8-release:errno.obj
 0002:00000d38       ??_C@_0DL@PPDCJAFI@Duplicated?5SRTP?5crypto?5tag?5?$CIPJME@ 00422d38     pjmedia-i386-win32-vc8-release:errno.obj
 0002:00000d74       ??_C@_0DP@DNDEFJI@SRTP?5SDP?5contains?5ambigue?5answer@ 00422d74     pjmedia-i386-win32-vc8-release:errno.obj
 0002:00000db4       ??_C@_0DL@BINEGGLM@Unsupported?5SRTP?5crypto?9suite?5?$CIP@ 00422db4     pjmedia-i386-win32-vc8-release:errno.obj
 0002:00000df0       ??_C@_0EF@DCMAHBDI@Invalid?5SRTP?5key?5length?5for?5spec@ 00422df0     pjmedia-i386-win32-vc8-release:errno.obj
 0002:00000e38       ??_C@_0FA@HAKEALMK@SRTP?5crypto?9suite?5name?5not?5match@ 00422e38     pjmedia-i386-win32-vc8-release:errno.obj
 0002:00000e88       ??_C@_0EB@GAMOPGD@Invalid?5sample?5format?5for?5sound?5@ 00422e88     pjmedia-i386-win32-vc8-release:errno.obj
 0002:00000ecc       ??_C@_0CO@FCJGKBG@Invalid?5sound?5device?5ID?5?$CIPJMEDIA@ 00422ecc     pjmedia-i386-win32-vc8-release:errno.obj
 0002:00000efc       ??_C@_0DH@NACBPKOD@No?5suitable?5sound?5playback?5devic@ 00422efc     pjmedia-i386-win32-vc8-release:errno.obj
 0002:00000f34       ??_C@_0DF@PKIKHNPA@No?5suitable?5sound?5capture?5device@ 00422f34     pjmedia-i386-win32-vc8-release:errno.obj
 0002:00000f6c       ??_C@_0CK@EMOCNCPF@Unsupported?5AVI?5file?5?$CIPJMEDIA_EA@ 00422f6c     pjmedia-i386-win32-vc8-release:errno.obj
 0002:00000f98       ??_C@_0DP@HHAKLPGE@Sound?5frame?5too?5large?5for?5file?5b@ 00422f98     pjmedia-i386-win32-vc8-release:errno.obj
 0002:00000fd8       ??_C@_0CM@HKHLDPDN@WAVE?5file?5too?5short?5?$CIPJMEDIA_EWA@ 00422fd8     pjmedia-i386-win32-vc8-release:errno.obj
 0002:00001004       ??_C@_0DD@FKNCKLNB@Unsupported?5WAVE?5file?5format?5?$CIPJ@ 00423004     pjmedia-i386-win32-vc8-release:errno.obj
 0002:00001038       ??_C@_0CO@CKCFJDML@Not?5a?5valid?5WAVE?5file?5?$CIPJMEDIA_E@ 00423038     pjmedia-i386-win32-vc8-release:errno.obj
 0002:00001068       ??_C@_0EG@FBPNENMF@Media?5ports?5have?5incompatible?5nu@ 00423068     pjmedia-i386-win32-vc8-release:errno.obj
 0002:000010b0       ??_C@_0EB@DHIDGGBD@Media?5ports?5have?5incompatible?5by@ 004230b0     pjmedia-i386-win32-vc8-release:errno.obj
 0002:000010f8       ??_C@_0EA@CDICINEI@Media?5ports?5have?5incompatible?5bi@ 004230f8     pjmedia-i386-win32-vc8-release:errno.obj
 0002:00001138       ??_C@_0DL@FLCJCEPI@Media?5ports?5have?5incompatible?5me@ 00423138     pjmedia-i386-win32-vc8-release:errno.obj
 0002:00001178       ??_C@_0EL@KOIIKBFP@Media?5ports?5have?5incompatible?5sa@ 00423178     pjmedia-i386-win32-vc8-release:errno.obj
 0002:000011c8       ??_C@_0EA@EJPEOGMK@Media?5ports?5have?5incompatible?5cl@ 004231c8     pjmedia-i386-win32-vc8-release:errno.obj
 0002:00001208       ??_C@_0DI@MEKDIPIO@Media?5ports?5are?5not?5compatible?5?$CI@ 00423208     pjmedia-i386-win32-vc8-release:errno.obj
 0002:00001240       ??_C@_0CO@BFKJOFNE@RTP?5is?5not?5configured?5?$CIPJMEDIA_R@ 00423240     pjmedia-i386-win32-vc8-release:errno.obj
 0002:00001270       ??_C@_0EE@PHAAOPAG@RTP?5media?5port?5destination?5is?5no@ 00423270     pjmedia-i386-win32-vc8-release:errno.obj
 0002:000012b4       ??_C@_0DI@LFLLIJCB@Bad?5sequence?5number?5in?5RTP?5packe@ 004232b4     pjmedia-i386-win32-vc8-release:errno.obj
 0002:000012ec       ??_C@_0DG@OPPFJBGL@RTP?5session?5in?5probation?5?$CIPJMEDI@ 004232ec     pjmedia-i386-win32-vc8-release:errno.obj
 0002:00001324       ??_C@_0DB@HLHLKEBJ@RTP?5session?5restarted?5?$CIPJMEDIA_R@ 00423324     pjmedia-i386-win32-vc8-release:errno.obj
 0002:00001358       ??_C@_0CP@OBFABIAL@Invalid?5RTP?5packet?5length?5?$CIPJMED@ 00423358     pjmedia-i386-win32-vc8-release:errno.obj
 0002:00001388       ??_C@_0DF@KDOADJLK@RTP?5packet?5payload?5type?5mismatch@ 00423388     pjmedia-i386-win32-vc8-release:errno.obj
 0002:000013c0       ??_C@_0DC@PFPAEINL@RTP?5packet?5SSRC?5id?5mismatch?5?$CIPJM@ 004233c0     pjmedia-i386-win32-vc8-release:errno.obj
 0002:000013f4       ??_C@_0CJ@NGKNCMFA@Invalid?5RTP?5version?5?$CIPJMEDIA_RTP@ 004233f4     pjmedia-i386-win32-vc8-release:errno.obj
 0002:00001420       ??_C@_0DL@KLDJIJLI@Invalid?5RTP?5packing?5?$CIinternal?5er@ 00423420     pjmedia-i386-win32-vc8-release:errno.obj
 0002:0000145c       ??_C@_0CI@KDAMKHEL@Invalid?5RTP?5packet?5?$CIPJMEDIA_RTP_@ 0042345c     pjmedia-i386-win32-vc8-release:errno.obj
 0002:00001484       ??_C@_0BN@LMCOIKH@Bad?5format?5?$CIPJMEDIA_EBADFMT?$CJ?$AA@ 00423484     pjmedia-i386-win32-vc8-release:errno.obj
 0002:000014a4       ??_C@_0DN@EHCPFJJN@Remote?5does?5not?5support?5RFC?52833@ 004234a4     pjmedia-i386-win32-vc8-release:errno.obj
 0002:000014e4       ??_C@_0CJ@ECIKMCPH@Invalid?5DTMF?5digit?5?$CIPJMEDIA_RTP_@ 004234e4     pjmedia-i386-win32-vc8-release:errno.obj
 0002:00001510       ??_C@_0DF@NNKPPHHC@Remote?5does?5not?5support?5DTMF?5?$CIPJ@ 00423510     pjmedia-i386-win32-vc8-release:errno.obj
 0002:00001548       ??_C@_0CO@MJBLNMMI@Invalid?5media?5type?5?$CIPJMEDIA_EINV@ 00423548     pjmedia-i386-win32-vc8-release:errno.obj
 0002:00001578       ??_C@_0DN@IGGOEBDI@Missing?5rtpmap?5in?5media?5descript@ 00423578     pjmedia-i386-win32-vc8-release:errno.obj
 0002:000015b8       ??_C@_0DA@DKJJFGPE@Invalid?5media?5payload?5type?5?$CIPJME@ 004235b8     pjmedia-i386-win32-vc8-release:errno.obj
 0002:000015e8       ??_C@_0DM@GBJMMNCF@Asymetric?5media?5codec?5is?5not?5sup@ 004235e8     pjmedia-i386-win32-vc8-release:errno.obj
 0002:00001624       ??_C@_0DH@KOBKDDJI@Invalid?5remote?5media?5?$CIIP?$CJ?5addres@ 00423624     pjmedia-i386-win32-vc8-release:errno.obj
 0002:0000165c       ??_C@_0DJ@NJFBGAOC@Bad?5or?5corrupted?5bitstream?5?$CIPJME@ 0042365c     pjmedia-i386-win32-vc8-release:errno.obj
 0002:00001698       ??_C@_0DG@EKMGLMFL@Invalid?5codec?5mode?5?$CIno?5fmtp?$DP?$CJ?5?$CIP@ 00423698     pjmedia-i386-win32-vc8-release:errno.obj
 0002:000016d0       ??_C@_0DG@LLBBCNCG@Invalid?5PCM?5frame?5length?5?$CIPJMEDI@ 004236d0     pjmedia-i386-win32-vc8-release:errno.obj
 0002:00001708       ??_C@_0DF@JDAOLAOM@Invalid?5codec?5frame?5length?5?$CIPJME@ 00423708     pjmedia-i386-win32-vc8-release:errno.obj
 0002:00001740       ??_C@_0DE@OLKJHMCL@PCM?5frame?5is?5too?5short?5?$CIPJMEDIA_@ 00423740     pjmedia-i386-win32-vc8-release:errno.obj
 0002:00001774       ??_C@_0DG@FOGENKNL@Codec?5frame?5is?5too?5short?5?$CIPJMEDI@ 00423774     pjmedia-i386-win32-vc8-release:errno.obj
 0002:000017ac       ??_C@_0DG@KJBEJCIE@Codec?5internal?5creation?5error?5?$CIP@ 004237ac     pjmedia-i386-win32-vc8-release:errno.obj
 0002:000017e4       ??_C@_0CP@ODMIIAEN@Unsupported?5media?5codec?5?$CIPJMEDIA@ 004237e4     pjmedia-i386-win32-vc8-release:errno.obj
 0002:00001814       ??_C@_0DE@PFJJJNGL@SDP?5time?5line?5not?5equal?5?$CIPJMEDIA@ 00423814     pjmedia-i386-win32-vc8-release:errno.obj
 0002:00001848       ??_C@_0DM@HCOBINN@SDP?5name?1subject?5line?5not?5equal?5@ 00423848     pjmedia-i386-win32-vc8-release:errno.obj
 0002:00001884       ??_C@_0DI@BLKBMMGO@SDP?5origin?5line?5not?5equal?5?$CIPJMED@ 00423884     pjmedia-i386-win32-vc8-release:errno.obj
 0002:000018bc       ??_C@_0DN@EALGPLFN@SDP?5session?5descriptor?5not?5equal@ 004238bc     pjmedia-i386-win32-vc8-release:errno.obj
 0002:000018fc       ??_C@_0DN@HLKACHFN@SDP?5rtpmap?5attribute?5not?5equal?5?$CI@ 004238fc     pjmedia-i386-win32-vc8-release:errno.obj
 0002:0000193c       ??_C@_0DJ@FFGHKCEG@SDP?5fmtp?5attribute?5not?5equal?5?$CIPJ@ 0042393c     pjmedia-i386-win32-vc8-release:errno.obj
 0002:00001978       ??_C@_0DJ@GGABIHGL@SDP?5media?5direction?5not?5equal?5?$CIP@ 00423978     pjmedia-i386-win32-vc8-release:errno.obj
 0002:000019b4       ??_C@_0DF@HHCJAGLJ@SDP?5attributes?5not?5equal?5?$CIPJMEDI@ 004239b4     pjmedia-i386-win32-vc8-release:errno.obj
 0002:000019ec       ??_C@_0DK@MAHAOAHF@SDP?5connection?5line?5not?5equal?5?$CIP@ 004239ec     pjmedia-i386-win32-vc8-release:errno.obj
 0002:00001a28       ??_C@_0EH@FMIFCFBA@Format?5in?5SDP?5media?5descriptor?5n@ 00423a28     pjmedia-i386-win32-vc8-release:errno.obj
 0002:00001a70       ??_C@_0EJ@FJOJLJDF@Transport?5in?5SDP?5media?5descripto@ 00423a70     pjmedia-i386-win32-vc8-release:errno.obj
 0002:00001ac0       ??_C@_0ED@KAALGBMF@Port?5in?5SDP?5media?5descriptor?5not@ 00423ac0     pjmedia-i386-win32-vc8-release:errno.obj
 0002:00001b04       ??_C@_0DM@JMBBJEKO@SDP?5media?5descriptor?5not?5equal?5?$CI@ 00423b04     pjmedia-i386-win32-vc8-release:errno.obj
 0002:00001b40       ??_C@_0EK@LPNBCGHG@No?5suitable?5answer?5for?5unknown?5r@ 00423b40     pjmedia-i386-win32-vc8-release:errno.obj
 0002:00001b90       ??_C@_0EM@LLMPLGCO@No?5suitable?5telephone?9event?5for?5@ 00423b90     pjmedia-i386-win32-vc8-release:errno.obj
 0002:00001bdc       ??_C@_0DP@KIMEPBPF@No?5suitable?5codec?5for?5remote?5off@ 00423bdc     pjmedia-i386-win32-vc8-release:errno.obj
 0002:00001c20       ??_C@_0ED@HELGJJGO@No?5active?5media?5stream?5after?5neg@ 00423c20     pjmedia-i386-win32-vc8-release:errno.obj
 0002:00001c68       ??_C@_0ED@NGHPALDD@No?5common?5SDP?5media?5payload?5in?5a@ 00423c68     pjmedia-i386-win32-vc8-release:errno.obj
 0002:00001cb0       ??_C@_0EN@OPFCIOMP@SDP?5media?5transport?5type?5mismatc@ 00423cb0     pjmedia-i386-win32-vc8-release:errno.obj
 0002:00001d00       ??_C@_0EG@MJOIPNIH@SDP?5media?5type?5mismatch?5in?5offer@ 00423d00     pjmedia-i386-win32-vc8-release:errno.obj
 0002:00001d48       ??_C@_0EE@BLNHOMNC@SDP?5media?5count?5mismatch?5in?5offe@ 00423d48     pjmedia-i386-win32-vc8-release:errno.obj
 0002:00001d8c       ??_C@_0DN@JGPGLEOH@No?5current?5local?1remote?5offer?1an@ 00423d8c     pjmedia-i386-win32-vc8-release:errno.obj
 0002:00001dcc       ??_C@_0DL@MFMHOMBE@No?5active?5SDP?5in?5SDP?5negotiator?5@ 00423dcc     pjmedia-i386-win32-vc8-release:errno.obj
 0002:00001e08       ??_C@_0ED@IFOJJHNO@No?5initial?5local?5SDP?5in?5SDP?5nego@ 00423e08     pjmedia-i386-win32-vc8-release:errno.obj
 0002:00001e50       ??_C@_0EF@CJNFLCEL@Invalid?5SDP?5negotiator?5state?5for@ 00423e50     pjmedia-i386-win32-vc8-release:errno.obj
 0002:00001e98       ??_C@_0DH@PCNCDMKM@Invalid?5SDP?5bandwidth?5info?5line?5@ 00423e98     pjmedia-i386-win32-vc8-release:errno.obj
 0002:00001ed0       ??_C@_0DM@JFGCNJLM@Invalid?5SDP?5media?5transport?5prot@ 00423ed0     pjmedia-i386-win32-vc8-release:errno.obj
 0002:00001f0c       ??_C@_0DB@BKKJGGKM@Invalid?5SDP?5rtcp?5attribyte?5?$CIPJME@ 00423f0c     pjmedia-i386-win32-vc8-release:errno.obj
 0002:00001f40       ??_C@_0DB@BJCACDID@Invalid?5SDP?5fmtp?5attribute?5?$CIPJME@ 00423f40     pjmedia-i386-win32-vc8-release:errno.obj
 0002:00001f74       ??_C@_0DL@KAILPDC@Invalid?5SDP?5payload?5type?5in?5medi@ 00423f74     pjmedia-i386-win32-vc8-release:errno.obj
 0002:00001fb0       ??_C@_0DN@GADAENKO@No?5SDP?5payload?5format?5in?5the?5med@ 00423fb0     pjmedia-i386-win32-vc8-release:errno.obj
 0002:00001ff0       ??_C@_0CO@DIKFNJOF@Invalid?5SDP?5media?5line?5?$CIPJMEDIA_@ 00423ff0     pjmedia-i386-win32-vc8-release:errno.obj
 0002:00002020       ??_C@_0EJ@IDNJACOO@Missing?5SDP?5rtpmap?5for?5dynamic?5p@ 00424020     pjmedia-i386-win32-vc8-release:errno.obj
 0002:0000206c       ??_C@_0DL@HCOGNPAF@SDP?5rtpmap?5attribute?5too?5long?5?$CIP@ 0042406c     pjmedia-i386-win32-vc8-release:errno.obj
 0002:000020a8       ??_C@_0DF@BJAALDOM@Invalid?5SDP?5rtpmap?5attribute?5?$CIPJ@ 004240a8     pjmedia-i386-win32-vc8-release:errno.obj
 0002:000020e0       ??_C@_0CN@JHLMEODJ@Invalid?5SDP?5attributes?5?$CIPJMEDIA_@ 004240e0     pjmedia-i386-win32-vc8-release:errno.obj
 0002:00002110       ??_C@_0DM@NEDHCJGL@Missing?5SDP?5connection?5info?5line@ 00424110     pjmedia-i386-win32-vc8-release:errno.obj
 0002:0000214c       ??_C@_0DC@KNNPDHKA@Invalid?5SDP?5connection?5line?5?$CIPJM@ 0042414c     pjmedia-i386-win32-vc8-release:errno.obj
 0002:00002180       ??_C@_0DF@HNDCDPJF@SDP?5name?1subject?5line?5is?5empty?5?$CI@ 00424180     pjmedia-i386-win32-vc8-release:errno.obj
 0002:000021b8       ??_C@_0CM@DLEAGODI@Invalid?5SDP?5time?5line?5?$CIPJMEDIA_S@ 004241b8     pjmedia-i386-win32-vc8-release:errno.obj
 0002:000021e4       ??_C@_0DA@DIKNJOEJ@Invalid?5SDP?5origin?5line?5?$CIPJMEDIA@ 004241e4     pjmedia-i386-win32-vc8-release:errno.obj
 0002:00002214       ??_C@_0CO@ONPCFICA@Invalid?5SDP?5version?5line?5?$CIPJMEDI@ 00424214     pjmedia-i386-win32-vc8-release:errno.obj
 0002:00002244       ??_C@_0CM@KFAONKNJ@Invalid?5SDP?5descriptor?5?$CIPJMEDIA_@ 00424244     pjmedia-i386-win32-vc8-release:errno.obj
 0002:00002270       ??_C@_0CK@HBHLALIF@Unspecified?5PJMEDIA?5error?5?$CIPJMED@ 00424270     pjmedia-i386-win32-vc8-release:errno.obj
 0002:000025b0       ??_C@_0BJ@JGEGOKIK@Unknown?5pjmedia?5error?5?$CFd?$AA@ 004245b0     pjmedia-i386-win32-vc8-release:errno.obj
 0002:000025cc       ??_C@_05DDECJJKE@clock?$AA@ 004245cc     pjmedia-i386-win32-vc8-release:clock_thread.obj
 0002:000025d4       ??_C@_07FCABJMLC@clock?$CFp?$AA@ 004245d4     pjmedia-i386-win32-vc8-release:clock_thread.obj
 0002:000025dc       ??_C@_0L@BNONNLDH@resample?4c?$AA@ 004245dc     pjmedia-i386-win32-vc8-release:resample_resample.obj
 0002:000025e8       ??_C@_0DK@LBFHIBFM@resample?5created?3?5?$CFs?5qualiy?0?5?$CFs?5@ 004245e8     pjmedia-i386-win32-vc8-release:resample_resample.obj
 0002:00002624       ??_C@_03IMLOALHE@low?$AA@  00424624     pjmedia-i386-win32-vc8-release:resample_resample.obj
 0002:00002628       ??_C@_04DGANLAON@high?$AA@ 00424628     pjmedia-i386-win32-vc8-release:resample_resample.obj
 0002:00002630       ??_C@_05KJDGBEEG@small?$AA@ 00424630     pjmedia-i386-win32-vc8-release:resample_resample.obj
 0002:00002638       ??_C@_05BHNOFNA@large?$AA@ 00424638     pjmedia-i386-win32-vc8-release:resample_resample.obj
 0002:00002640       ??_C@_0CA@BKBNPCON@Using?5simple?5FIFO?5delay?5buffer?4?$AA@ 00424640     pjmedia-i386-win32-vc8-release:delaybuf.obj
 0002:00002660       ??_C@_0BP@CKANIKAH@Using?5delay?5buffer?5with?5WSOLA?4?$AA@ 00424660     pjmedia-i386-win32-vc8-release:delaybuf.obj
 0002:00002680       ??_C@_08LLMLEOE@delaybuf?$AA@ 00424680     pjmedia-i386-win32-vc8-release:delaybuf.obj
[...]
 0003:00003e2c       _crypto_kernel             0043ee2c     libsrtp-i386-win32-vc8-release:crypto_kernel.obj
 0003:00003e3c       _null_auth_test_case_0     0043ee3c     libsrtp-i386-win32-vc8-release:null_auth.obj
 0003:00003e58       _aes_cbc_test_case_0_iv    0043ee58     libsrtp-i386-win32-vc8-release:aes_cbc.obj
 0003:00003e68       _aes_cbc_test_case_2_iv    0043ee68     libsrtp-i386-win32-vc8-release:aes_cbc.obj
 0003:00003e78       _aes_icm_test_case_0_nonce 0043ee78     libsrtp-i386-win32-vc8-release:aes_icm.obj
 0003:00003e88       _aes_icm_test_case_0_plaintext 0043ee88     libsrtp-i386-win32-vc8-release:aes_icm.obj
 0003:00003ea8       _aes_icm_test_case_1_nonce 0043eea8     libsrtp-i386-win32-vc8-release:aes_icm.obj
 0003:00003eb8       _aes_icm_test_case_1_plaintext 0043eeb8     libsrtp-i386-win32-vc8-release:aes_icm.obj
 0003:00003ed8       _null_cipher_test_0        0043eed8     libsrtp-i386-win32-vc8-release:null_cipher.obj
 0003:0000424c       __dowildcard               0043f24c     MSVCRT:wildcard.obj
 0003:00004250       __newmode                  0043f250     MSVCRT:_newmode.obj
 0003:00004254       __commode                  0043f254     MSVCRT:xncommod.obj
 0003:00004258       __fmode                    0043f258     MSVCRT:xtxtmode.obj
 0003:0000425c       _PJ_NO_MEMORY_EXCEPTION    0043f25c     <common>
 0003:00004260       _ctr_prng                  0043f260     <common>
 0003:000043a0       _bit_string                0043f3a0     <common>
 0003:000047a0       __adjust_fdiv              0043f7a0     <common>
 0003:000047a4       ___native_startup_state    0043f7a4     <common>
 0003:000047a8       ___native_startup_lock     0043f7a8     <common>
 0003:000047ac       ___onexitend               0043f7ac     <common>
 0003:000047b0       ___onexitbegin             0043f7b0     <common>
 0003:000047b4       ___sse2_available          0043f7b4     <common>
 0003:000047b8       ___dyn_tls_init_callback   0043f7b8     <common>

 entry point at        0001:00020244

 Static symbols

 0001:00000000       _PJMEDIA_SPF               00401000 f   confbench.obj
 0001:00000020       _PJMEDIA_AFD_SPF           00401020 f   confbench.obj
 0001:00000050       _pj_memcpy                 00401050 f   confbench.obj
 0001:00000060       _PJMEDIA_PIA_CCNT          00401060 f   confbench.obj
 0001:00000070       _PJMEDIA_PIA_SPF           00401070 f   confbench.obj
 0001:000000a0       _pj_pool_zalloc            004010a0 f   confbench.obj
 0001:000000b0       _pjmedia_endpt_create      004010b0 f   confbench.obj
 0001:000000f0       _app_perror                004010f0 f   confbench.obj
 0001:00000140       _process                   00401140 f   confbench.obj
 0001:00000170       _benchmark                 00401170 f   confbench.obj
 0001:000002d0       _sine_get_frame            004012d0 f   confbench.obj
 0001:00000350       _create_sine_port          00401350 f   confbench.obj
 0001:000008f0       _pjmedia_frame_ext_append_subframe 004018f0 f   pjmedia-audiodev-i386-win32-vc8-release:wmme_dev.obj
 0001:00000940       _pjmedia_frame_ext_copy_payload 00401940 f   pjmedia-audiodev-i386-win32-vc8-release:wmme_dev.obj
 0001:000009f0       _build_dev_info            004019f0 f   pjmedia-audiodev-i386-win32-vc8-release:wmme_dev.obj
 0001:00000b40       _factory_refresh           00401b40 f   pjmedia-audiodev-i386-win32-vc8-release:wmme_dev.obj
 0001:00000e20       _factory_destroy           00401e20 f   pjmedia-audiodev-i386-win32-vc8-release:wmme_dev.obj
 0001:00000e50       _factory_get_dev_count     00401e50 f   pjmedia-audiodev-i386-win32-vc8-release:wmme_dev.obj
 0001:00000e60       _factory_get_dev_info      00401e60 f   pjmedia-audiodev-i386-win32-vc8-release:wmme_dev.obj
 0001:00000ea0       _factory_default_param     00401ea0 f   pjmedia-audiodev-i386-win32-vc8-release:wmme_dev.obj
 0001:00000f80       _init_waveformatex         00401f80 f   pjmedia-audiodev-i386-win32-vc8-release:wmme_dev.obj
 0001:00001060       _init_player_stream        00402060 f   pjmedia-audiodev-i386-win32-vc8-release:wmme_dev.obj
 0001:00001250       _init_capture_stream       00402250 f   pjmedia-audiodev-i386-win32-vc8-release:wmme_dev.obj
 0001:00001430       _wmme_dev_thread           00402430 f   pjmedia-audiodev-i386-win32-vc8-release:wmme_dev.obj
 0001:00001880       _stream_get_cap            00402880 f   pjmedia-audiodev-i386-win32-vc8-release:wmme_dev.obj
 0001:00001910       _stream_set_cap            00402910 f   pjmedia-audiodev-i386-win32-vc8-release:wmme_dev.obj
 0001:00001990       _stream_start              00402990 f   pjmedia-audiodev-i386-win32-vc8-release:wmme_dev.obj
 0001:00001a10       _stream_stop               00402a10 f   pjmedia-audiodev-i386-win32-vc8-release:wmme_dev.obj
 0001:00001aa0       _stream_destroy            00402aa0 f   pjmedia-audiodev-i386-win32-vc8-release:wmme_dev.obj
 0001:00001c00       _factory_init              00402c00 f   pjmedia-audiodev-i386-win32-vc8-release:wmme_dev.obj
 0001:00001c30       _factory_create_stream     00402c30 f   pjmedia-audiodev-i386-win32-vc8-release:wmme_dev.obj
 0001:00001e80       _stream_get_param          00402e80 f   pjmedia-audiodev-i386-win32-vc8-release:wmme_dev.obj
 0001:00002080       _worker_proc               00403080 f   pjmedia-i386-win32-vc8-release:endpoint.obj
 0001:00002390       _PJMEDIA_PIA_SPF           00403390 f   pjmedia-i386-win32-vc8-release:master_port.obj
 0001:000023f0       _clock_callback            004033f0 f   pjmedia-i386-win32-vc8-release:master_port.obj
 0001:000026c0       _pjmedia_convert_channel_nto1 004036c0 f   pjmedia-i386-win32-vc8-release:conference.obj
 0001:00002780       _pjmedia_convert_channel_1ton 00403780 f   pjmedia-i386-win32-vc8-release:conference.obj
 0001:000027f0       _create_conf_port          004037f0 f   pjmedia-i386-win32-vc8-release:conference.obj
 0001:00002a50       _create_pasv_port          00403a50 f   pjmedia-i386-win32-vc8-release:conference.obj
 0001:00002ac0       _create_sound_port         00403ac0 f   pjmedia-i386-win32-vc8-release:conference.obj
 0001:00002c80       _destroy_port              00403c80 f   pjmedia-i386-win32-vc8-release:conference.obj
 0001:00002e80       _read_port                 00403e80 f   pjmedia-i386-win32-vc8-release:conference.obj
 0001:000030e0       _write_port                004040e0 f   pjmedia-i386-win32-vc8-release:conference.obj
 0001:000034b0       _get_frame                 004044b0 f   pjmedia-i386-win32-vc8-release:conference.obj
 0001:000037b0       _put_frame                 004047b0 f   pjmedia-i386-win32-vc8-release:conference.obj
 0001:000039a0       _null_get_frame            004049a0 f   pjmedia-i386-win32-vc8-release:null_port.obj
 0001:00003a30       _null_on_destroy           00404a30 f   pjmedia-i386-win32-vc8-release:null_port.obj
 0001:00003a30       _null_put_frame            00404a30 f   pjmedia-i386-win32-vc8-release:null_port.obj
 0001:00003a30       _null_op                   00404a30 f   pjmedia-i386-win32-vc8-release:null_port.obj
 0001:00003d70       _make_global_index         00404d70 f   pjmedia-i386-win32-vc8-release:audiodev.obj
 0001:00003db0       _lookup_dev                00404db0 f   pjmedia-i386-win32-vc8-release:audiodev.obj
 0001:00004700       _clock_thread              00405700 f   pjmedia-i386-win32-vc8-release:clock_thread.obj
 0001:00004d70       _pjmedia_circ_buf_get_read_regions 00405d70 f   pjmedia-i386-win32-vc8-release:delaybuf.obj
 0001:00004d70       _pjmedia_circ_buf_get_read_regions 00405d70 f   pjmedia-i386-win32-vc8-release:delaybuf.obj
 0001:00004dd0       _pjmedia_circ_buf_read     00405dd0 f   pjmedia-i386-win32-vc8-release:delaybuf.obj
 0001:00005050       _shrink_buffer             00406050 f   pjmedia-i386-win32-vc8-release:delaybuf.obj
 0001:000050e0       _update                    004060e0 f   pjmedia-i386-win32-vc8-release:delaybuf.obj
 0001:00005420       _play_cb                   00406420 f   pjmedia-i386-win32-vc8-release:sound_port.obj
 0001:00005560       _rec_cb                    00406560 f   pjmedia-i386-win32-vc8-release:sound_port.obj
 0001:000055e0       _play_cb_ext               004065e0 f   pjmedia-i386-win32-vc8-release:sound_port.obj
 0001:00005630       _rec_cb_ext                00406630 f   pjmedia-i386-win32-vc8-release:sound_port.obj
 0001:00005a10       _start_sound_device        00406a10 f   pjmedia-i386-win32-vc8-release:sound_port.obj
 0001:00005f60       _get_crypto_idx            00406f60 f   pjmedia-i386-win32-vc8-release:transport_srtp.obj
 0001:00005fa0       _srtp_crypto_cmp           00406fa0 f   pjmedia-i386-win32-vc8-release:transport_srtp.obj
 0001:00006120       _transport_get_info        00407120 f   pjmedia-i386-win32-vc8-release:transport_srtp.obj
 0001:00006250       _transport_detach          00407250 f   pjmedia-i386-win32-vc8-release:transport_srtp.obj
 0001:000062b0       _transport_send_rtp        004072b0 f   pjmedia-i386-win32-vc8-release:transport_srtp.obj
 0001:00006380       _transport_send_rtcp2      00407380 f   pjmedia-i386-win32-vc8-release:transport_srtp.obj
 0001:00006460       _transport_simulate_lost   00407460 f   pjmedia-i386-win32-vc8-release:transport_srtp.obj
 0001:00006480       _transport_destroy         00407480 f   pjmedia-i386-win32-vc8-release:transport_srtp.obj
 0001:000064f0       _srtp_rtcp_cb              004074f0 f   pjmedia-i386-win32-vc8-release:transport_srtp.obj
 0001:000065f0       _generate_crypto_attr_value 004075f0 f   pjmedia-i386-win32-vc8-release:transport_srtp.obj
 0001:00006870       _parse_attr_crypto         00407870 f   pjmedia-i386-win32-vc8-release:transport_srtp.obj
 0001:00006ac0       _transport_media_create    00407ac0 f   pjmedia-i386-win32-vc8-release:transport_srtp.obj
 0001:00006be0       _transport_encode_sdp      00407be0 f   pjmedia-i386-win32-vc8-release:transport_srtp.obj
 0001:000071b0       _transport_media_stop      004081b0 f   pjmedia-i386-win32-vc8-release:transport_srtp.obj
 0001:00007840       _transport_send_rtcp       00408840 f   pjmedia-i386-win32-vc8-release:transport_srtp.obj
 0001:00007860       _srtp_rtp_cb               00408860 f   pjmedia-i386-win32-vc8-release:transport_srtp.obj
 0001:00007a50       _transport_media_start     00408a50 f   pjmedia-i386-win32-vc8-release:transport_srtp.obj
 0001:00007e20       _transport_attach          00408e20 f   pjmedia-i386-win32-vc8-release:transport_srtp.obj
 0001:00007ef0       _pjmedia_circ_buf_create   00408ef0 f   pjmedia-i386-win32-vc8-release:wsola.obj
 0001:00007f30       _pjmedia_circ_buf_adv_read_ptr 00408f30 f   pjmedia-i386-win32-vc8-release:wsola.obj
 0001:00007f30       _pjmedia_circ_buf_adv_read_ptr 00408f30 f   pjmedia-i386-win32-vc8-release:wsola.obj
 0001:00007f70       _pjmedia_circ_buf_get_write_regions 00408f70 f   pjmedia-i386-win32-vc8-release:wsola.obj
 0001:00007f70       _pjmedia_circ_buf_get_write_regions 00408f70 f   pjmedia-i386-win32-vc8-release:wsola.obj
 0001:00007fe0       _pjmedia_circ_buf_write    00408fe0 f   pjmedia-i386-win32-vc8-release:wsola.obj
 0001:00007fe0       _pjmedia_circ_buf_write    00408fe0 f   pjmedia-i386-win32-vc8-release:wsola.obj
 0001:00008080       _pjmedia_circ_buf_copy     00409080 f   pjmedia-i386-win32-vc8-release:wsola.obj
 0001:00008130       _pjmedia_circ_buf_pack_buffer 00409130 f   pjmedia-i386-win32-vc8-release:wsola.obj
 0001:00008210       _find_pitch                00409210 f   pjmedia-i386-win32-vc8-release:wsola.obj
 0001:00008450       _overlapp_add              00409450 f   pjmedia-i386-win32-vc8-release:wsola.obj
 0001:000084d0       _overlapp_add_simple       004094d0 f   pjmedia-i386-win32-vc8-release:wsola.obj
 0001:00008560       _create_win                00409560 f   pjmedia-i386-win32-vc8-release:wsola.obj
 0001:000085e0       _fade_in                   004095e0 f   pjmedia-i386-win32-vc8-release:wsola.obj
 0001:000086b0       _wsola_fade_out            004096b0 f   pjmedia-i386-win32-vc8-release:wsola.obj
 0001:00008a00       _expand                    00409a00 f   pjmedia-i386-win32-vc8-release:wsola.obj
 0001:00008b10       _compress                  00409b10 f   pjmedia-i386-win32-vc8-release:wsola.obj
 0001:000098e0       _echo_supp_update          0040a8e0 f   pjmedia-i386-win32-vc8-release:echo_suppress.obj
 0001:0000a720       _pj_pool_create_block      0040b720 f   pjlib-i386-win32-vc8-release:pool.obj
 0001:0000a950       _reset_pool                0040b950 f   pjlib-i386-win32-vc8-release:pool.obj
 0001:0000aab0       _logging_shutdown          0040bab0 f   pjlib-i386-win32-vc8-release:log.obj
 0001:0000b0f0       _pjlib_error               0040c0f0 f   pjlib-i386-win32-vc8-release:errno.obj
 0001:0000b580       _thread_main@4             0040c580 f   pjlib-i386-win32-vc8-release:os_core_win32.obj
 0001:0000b750       _init_mutex                0040c750 f   pjlib-i386-win32-vc8-release:os_core_win32.obj
 0001:0000ba40       _pj_sem_wait_for           0040ca40 f   pjlib-i386-win32-vc8-release:os_core_win32.obj
 0001:0000c1e0       _pj_memcmp                 0040d1e0 f   pjlib-i386-win32-vc8-release:string.obj
 0001:0000c6c0       _cpool_create_pool         0040d6c0 f   pjlib-i386-win32-vc8-release:pool_caching.obj
 0001:0000c7f0       _cpool_release_pool        0040d7f0 f   pjlib-i386-win32-vc8-release:pool_caching.obj
 0001:0000c8c0       _cpool_dump_status         0040d8c0 f   pjlib-i386-win32-vc8-release:pool_caching.obj
 0001:0000ca10       _cpool_on_block_alloc      0040da10 f   pjlib-i386-win32-vc8-release:pool_caching.obj
 0001:0000ca30       _cpool_on_block_free       0040da30 f   pjlib-i386-win32-vc8-release:pool_caching.obj
 0001:0000cb00       _default_block_alloc       0040db00 f   pjlib-i386-win32-vc8-release:pool_policy_malloc.obj
 0001:0000cb60       _default_block_free        0040db60 f   pjlib-i386-win32-vc8-release:pool_policy_malloc.obj
 0001:0000cba0       _default_pool_callback     0040dba0 f   pjlib-i386-win32-vc8-release:pool_policy_malloc.obj
 0001:0000d020       _increment_counter         0040e020 f   pjlib-i386-win32-vc8-release:ioqueue_select.obj
 0001:0000d050       _decrement_counter         0040e050 f   pjlib-i386-win32-vc8-release:ioqueue_select.obj
 0001:0000d0e0       _scan_closing_keys         0040e0e0 f   pjlib-i386-win32-vc8-release:ioqueue_select.obj
 0001:0000dde0       _get_base_time             0040ede0 f   pjlib-i386-win32-vc8-release:os_time_win32.obj
 0001:0000df50       _create_mutex_lock         0040ef50 f   pjlib-i386-win32-vc8-release:lock.obj
 0001:0000e0b0       _grp_lock_destroy          0040f0b0 f   pjlib-i386-win32-vc8-release:lock.obj
 0001:0000e180       _grp_lock_tryacquire       0040f180 f   pjlib-i386-win32-vc8-release:lock.obj
 0001:0000e260       _grp_lock_release          0040f260 f   pjlib-i386-win32-vc8-release:lock.obj
 0001:0000e680       _guid_to_str               0040f680 f   pjlib-i386-win32-vc8-release:guid_win32.obj
 0001:0000e7c0       _pool_buf_cleanup          0040f7c0 f   pjlib-i386-win32-vc8-release:pool_buf.obj
 0001:0000e800       _stack_alloc               0040f800 f   pjlib-i386-win32-vc8-release:pool_buf.obj
 0001:0000eaf0       _SrcLinear                 0040faf0 f   libresample-i386-win32-vc8-release:resamplesubs.obj
 0001:0000ebe0       _FilterUp                  0040fbe0 f   libresample-i386-win32-vc8-release:resamplesubs.obj
 0001:0000ece0       _FilterUD                  0040fce0 f   libresample-i386-win32-vc8-release:resamplesubs.obj
 0001:0000ee00       _SrcUp                     0040fe00 f   libresample-i386-win32-vc8-release:resamplesubs.obj
 0001:0000ef50       _SrcUD                     0040ff50 f   libresample-i386-win32-vc8-release:resamplesubs.obj
 0001:0000f2c0       _conj_window               004102c0 f   libspeex-i386-win32-vc8-release:preprocess.obj
 0001:0000f3d0       _hypergeom_gain            004103d0 f   libspeex-i386-win32-vc8-release:preprocess.obj
 0001:0000f470       _compute_gain_floor        00410470 f   libspeex-i386-win32-vc8-release:preprocess.obj
 0001:0000fd10       _speex_compute_agc         00410d10 f   libspeex-i386-win32-vc8-release:preprocess.obj
 0001:00010040       _preprocess_analysis       00411040 f   libspeex-i386-win32-vc8-release:preprocess.obj
 0001:00010320       _update_noise_prob         00411320 f   libspeex-i386-win32-vc8-release:preprocess.obj
 0001:00011f50       _filter_dc_notch16         00412f50 f   libspeex-i386-win32-vc8-release:mdf.obj
 0001:00012110       _mdf_inner_prod            00413110 f   libspeex-i386-win32-vc8-release:mdf.obj
 0001:00012160       _spectral_mul_accum        00413160 f   libspeex-i386-win32-vc8-release:mdf.obj
 0001:00012260       _weighted_spectral_mul_conj 00413260 f   libspeex-i386-win32-vc8-release:mdf.obj
 0001:00012360       _mdf_adjust_prop           00413360 f   libspeex-i386-win32-vc8-release:mdf.obj
 0001:00014850       _drfti1                    00415850 f   libspeex-i386-win32-vc8-release:smallft.obj
 0001:00014a00       _dradf2                    00415a00 f   libspeex-i386-win32-vc8-release:smallft.obj
 0001:00014d30       _dradf4                    00415d30 f   libspeex-i386-win32-vc8-release:smallft.obj
 0001:00015660       _dradfg                    00416660 f   libspeex-i386-win32-vc8-release:smallft.obj
 0001:00016c20       _drftf1                    00417c20 f   libspeex-i386-win32-vc8-release:smallft.obj
 0001:00016e00       _dradb2                    00417e00 f   libspeex-i386-win32-vc8-release:smallft.obj
 0001:00017220       _dradb3                    00418220 f   libspeex-i386-win32-vc8-release:smallft.obj
 0001:00017720       _dradb4                    00418720 f   libspeex-i386-win32-vc8-release:smallft.obj
 0001:000182d0       _dradbg                    004192d0 f   libspeex-i386-win32-vc8-release:smallft.obj
 0001:00019870       _drftb1                    0041a870 f   libspeex-i386-win32-vc8-release:smallft.obj
 0001:00019b80       _be64_to_cpu               0041ab80 f   libsrtp-i386-win32-vc8-release:srtp.obj
 0001:0001a050       _base_key_length           0041b050 f   libsrtp-i386-win32-vc8-release:srtp.obj
 0001:0001a790       _srtp_calc_aead_iv         0041b790 f   libsrtp-i386-win32-vc8-release:srtp.obj
 0001:0001a8a0       _srtp_protect_aead         0041b8a0 f   libsrtp-i386-win32-vc8-release:srtp.obj
 0001:0001ab40       _srtp_unprotect_aead       0041bb40 f   libsrtp-i386-win32-vc8-release:srtp.obj
 0001:0001afe0       _srtp_calc_aead_iv_srtcp   0041bfe0 f   libsrtp-i386-win32-vc8-release:srtp.obj
 0001:0001b0f0       _srtp_protect_rtcp_aead    0041c0f0 f   libsrtp-i386-win32-vc8-release:srtp.obj
 0001:0001b360       _srtp_unprotect_rtcp_aead  0041c360 f   libsrtp-i386-win32-vc8-release:srtp.obj
 0001:0001e2b0       _aes_icm_advance_ismacryp  0041f2b0 f   libsrtp-i386-win32-vc8-release:aes_icm.obj
 0001:0001e650       _aes_128_expand_encryption_key 0041f650 f   libsrtp-i386-win32-vc8-release:aes.obj
 0001:0001e890       _aes_256_expand_encryption_key 0041f890 f   libsrtp-i386-win32-vc8-release:aes.obj
 0001:0001ebd0       _aes_round                 0041fbd0 f   libsrtp-i386-win32-vc8-release:aes.obj
 0001:0001ecb0       _aes_inv_round             0041fcb0 f   libsrtp-i386-win32-vc8-release:aes.obj
 0001:0001ed90       _aes_final_round           0041fd90 f   libsrtp-i386-win32-vc8-release:aes.obj
 0001:0001ee90       _aes_inv_final_round       0041fe90 f   libsrtp-i386-win32-vc8-release:aes.obj
 0001:0001ffa2       _pre_cpp_init              00420fa2 f   MSVCRT:crtexe.obj
 0001:0001ffed       ___tmainCRTStartup         00420fed f   MSVCRT:crtexe.obj
 0001:00020163       _pre_c_init                00421163 f   MSVCRT:crtexe.obj
 0001:00020465       _has_osfxsr_set            00421465 f   MSVCRT:cpu_disp.obj
