 recfile

 Timestamp is 57d7f168 (Tue Sep 13 20:30:32 2016)

 Preferred load address is 00400000

 Start         Length     Name                   Class
 0001:00000000 0001e7deH .text                   CODE
 0002:00000000 0000024cH .idata$5                DATA
 0002:0000024c 00000004H .CRT$XCA                DATA
 0002:00000250 00000004H .CRT$XCAA               DATA
 0002:00000254 00000004H .CRT$XCZ                DATA
 0002:00000258 00000004H .CRT$XIA                DATA
 0002:0000025c 00000004H .CRT$XIAA               DATA
 0002:00000260 00000004H .CRT$XIC                DATA
 0002:00000264 00000004H .CRT$XIY                DATA
 0002:00000268 00000004H .CRT$XIZ                DATA
 0002:00000270 0000d248H .rdata                  DATA
 0002:0000d4c0 00000004H .rdata$sxdata           DATA
 0002:0000d4c4 00000004H .rtc$IAA                DATA
 0002:0000d4c8 00000004H .rtc$IZZ                DATA
 0002:0000d4cc 00000004H .rtc$TAA                DATA
 0002:0000d4d0 00000004H .rtc$TZZ                DATA
 0002:0000d4d8 0000007cH .xdata$x                DATA
 0002:0000d554 00000064H .idata$2                DATA
 0002:0000d5b8 00000014H .idata$3                DATA
 0002:0000d5cc 0000024cH .idata$4                DATA
 0002:0000d818 0000084cH .idata$6                DATA
 0002:0000e064 00000000H .edata                  DATA
 0003:00000000 000031e0H .data                   DATA
 0003:000031e0 0000163cH .bss                    DATA

  Address         Publics by Value              Rva+Base       Lib:Object

 0000:00000000       __except_list              00000000     <absolute>
 0000:00000001       ___safe_se_handler_count   00000001     <absolute>
 0000:00009876       __fltused                  00009876     <absolute>
 0000:00009876       __ldused                   00009876     <absolute>
 0000:00000000       ___ImageBase               00400000     <linker-defined>
 0001:00000160       _main                      00401160 f   recfile.obj
 0001:000003d0       _pjmedia_aud_subsys_init   004013d0 f   pjmedia-audiodev-i386-win32-vc8-release:audiodev.obj
 0001:00000470       _pjmedia_aud_subsys_shutdown 00401470 f   pjmedia-audiodev-i386-win32-vc8-release:audiodev.obj
 0001:00000570       _pjmedia_wmme_factory      00401570 f   pjmedia-audiodev-i386-win32-vc8-release:wmme_dev.obj
 0001:00001ad0       _pjmedia_audiodev_strerror 00402ad0 f   pjmedia-audiodev-i386-win32-vc8-release:errno.obj
 0001:00001c40       _pjmedia_endpt_stop_threads 00402c40 f   pjmedia-i386-win32-vc8-release:endpoint.obj
 0001:00001cf0       _pjmedia_endpt_create2     00402cf0 f   pjmedia-i386-win32-vc8-release:endpoint.obj
 0001:00001eb0       _pjmedia_endpt_destroy2    00402eb0 f   pjmedia-i386-win32-vc8-release:endpoint.obj
 0001:00001f30       _pjmedia_port_info_init    00402f30 f   pjmedia-i386-win32-vc8-release:port.obj
 0001:00001fc0       _pjmedia_port_get_frame    00402fc0 f   pjmedia-i386-win32-vc8-release:port.obj
 0001:00002000       _pjmedia_port_put_frame    00403000 f   pjmedia-i386-win32-vc8-release:port.obj
 0001:00002030       _pjmedia_port_destroy      00403030 f   pjmedia-i386-win32-vc8-release:port.obj
 0001:000022a0       _pjmedia_snd_port_destroy  004032a0 f   pjmedia-i386-win32-vc8-release:sound_port.obj
 0001:00002300       _pjmedia_snd_port_set_ec   00403300 f   pjmedia-i386-win32-vc8-release:sound_port.obj
 0001:00002580       _pjmedia_snd_port_connect  00403580 f   pjmedia-i386-win32-vc8-release:sound_port.obj
 0001:00002840       _pjmedia_snd_port_create2  00403840 f   pjmedia-i386-win32-vc8-release:sound_port.obj
 0001:00002980       _pjmedia_snd_port_create_rec 00403980 f   pjmedia-i386-win32-vc8-release:sound_port.obj
 0001:00002d00       _pjmedia_wav_writer_port_create 00403d00 f   pjmedia-i386-win32-vc8-release:wav_writer.obj
 0001:00003020       _pjmedia_get_aud_subsys    00404020 f   pjmedia-i386-win32-vc8-release:audiodev.obj
 0001:00003030       _pjmedia_aud_driver_init   00404030 f   pjmedia-i386-win32-vc8-release:audiodev.obj
 0001:00003260       _pjmedia_aud_driver_deinit 00404260 f   pjmedia-i386-win32-vc8-release:audiodev.obj
 0001:000033e0       _pjmedia_aud_dev_get_info  004043e0 f   pjmedia-i386-win32-vc8-release:audiodev.obj
 0001:00003440       _pjmedia_aud_dev_default_param 00404440 f   pjmedia-i386-win32-vc8-release:audiodev.obj
 0001:000034c0       _pjmedia_aud_stream_create 004044c0 f   pjmedia-i386-win32-vc8-release:audiodev.obj
 0001:00003660       _pjmedia_aud_stream_get_param 00404660 f   pjmedia-i386-win32-vc8-release:audiodev.obj
 0001:000036c0       _pjmedia_aud_stream_get_cap 004046c0 f   pjmedia-i386-win32-vc8-release:audiodev.obj
 0001:000036d0       _pjmedia_aud_stream_set_cap 004046d0 f   pjmedia-i386-win32-vc8-release:audiodev.obj
 0001:000036e0       _pjmedia_aud_stream_start  004046e0 f   pjmedia-i386-win32-vc8-release:audiodev.obj
 0001:000036f0       _pjmedia_aud_stream_stop   004046f0 f   pjmedia-i386-win32-vc8-release:audiodev.obj
 0001:00003700       _pjmedia_aud_stream_destroy 00404700 f   pjmedia-i386-win32-vc8-release:audiodev.obj
 0001:00003710       _pjmedia_sdp_attr_create   00404710 f   pjmedia-i386-win32-vc8-release:sdp.obj
 0001:00003770       _pjmedia_sdp_attr_find     00404770 f   pjmedia-i386-win32-vc8-release:sdp.obj
 0001:00003800       _pjmedia_sdp_media_find_attr 00404800 f   pjmedia-i386-win32-vc8-release:sdp.obj
 0001:00003830       _pjmedia_sdp_media_deactivate 00404830 f   pjmedia-i386-win32-vc8-release:sdp.obj
 0001:00003850       _pjmedia_codec_mgr_init    00404850 f   pjmedia-i386-win32-vc8-release:codec.obj
 0001:000038c0       _pjmedia_codec_mgr_destroy 004048c0 f   pjmedia-i386-win32-vc8-release:codec.obj
 0001:00003950       _pjmedia_strerror          00404950 f   pjmedia-i386-win32-vc8-release:errno.obj
 0001:00003a80       _pjmedia_format_get_audio_format_detail 00404a80 f   pjmedia-i386-win32-vc8-release:format.obj
 0001:00003aa0       _pjmedia_echo_create2      00404aa0 f   pjmedia-i386-win32-vc8-release:echo_common.obj
 0001:00003ca0       _pjmedia_echo_destroy      00404ca0 f   pjmedia-i386-win32-vc8-release:echo_common.obj
 0001:00003ce0       _pjmedia_echo_playback     00404ce0 f   pjmedia-i386-win32-vc8-release:echo_common.obj
 0001:00003d90       _pjmedia_echo_capture      00404d90 f   pjmedia-i386-win32-vc8-release:echo_common.obj
 0001:00003e60       _pjmedia_clock_src_init    00404e60 f   pjmedia-i386-win32-vc8-release:clock_thread.obj
 0001:00003ea0       _pjmedia_clock_src_update  00404ea0 f   pjmedia-i386-win32-vc8-release:clock_thread.obj
 0001:00003ed0       _pjmedia_wave_hdr_host_to_file 00404ed0 f   pjmedia-i386-win32-vc8-release:wave.obj
 0001:00003ee0       _get_libsrtp_errstr        00404ee0 f   pjmedia-i386-win32-vc8-release:transport_srtp.obj
 0001:00003f80       _pjmedia_transport_srtp_stop 00404f80 f   pjmedia-i386-win32-vc8-release:transport_srtp.obj
 0001:000051b0       _pjmedia_transport_srtp_start 004061b0 f   pjmedia-i386-win32-vc8-release:transport_srtp.obj
 0001:00005ea0       _speex_aec_create          00406ea0 f   pjmedia-i386-win32-vc8-release:echo_speex.obj
 0001:00005fd0       _speex_aec_destroy         00406fd0 f   pjmedia-i386-win32-vc8-release:echo_speex.obj
 0001:00006010       _speex_aec_reset           00407010 f   pjmedia-i386-win32-vc8-release:echo_speex.obj
 0001:00006020       _speex_aec_cancel_echo     00407020 f   pjmedia-i386-win32-vc8-release:echo_speex.obj
 0001:00006090       _speex_aec_playback        00407090 f   pjmedia-i386-win32-vc8-release:echo_speex.obj
 0001:000060c0       _speex_aec_capture         004070c0 f   pjmedia-i386-win32-vc8-release:echo_speex.obj
 0001:00006110       _echo_supp_reset           00407110 f   pjmedia-i386-win32-vc8-release:echo_suppress.obj
 0001:000061a0       _echo_supp_soft_reset      004071a0 f   pjmedia-i386-win32-vc8-release:echo_suppress.obj
 0001:00006810       _echo_supp_cancel_echo     00407810 f   pjmedia-i386-win32-vc8-release:echo_suppress.obj
 0001:00006b10       _echo_supp_create          00407b10 f   pjmedia-i386-win32-vc8-release:echo_suppress.obj
 0001:00006df0       _pjmedia_delay_buf_create  00407df0 f   pjmedia-i386-win32-vc8-release:delaybuf.obj
 0001:00006f50       _pjmedia_delay_buf_destroy 00407f50 f   pjmedia-i386-win32-vc8-release:delaybuf.obj
 0001:00007110       _pjmedia_delay_buf_put     00408110 f   pjmedia-i386-win32-vc8-release:delaybuf.obj
 0001:00007220       _pjmedia_delay_buf_get     00408220 f   pjmedia-i386-win32-vc8-release:delaybuf.obj
 0001:00007380       _pjmedia_calc_avg_signal   00408380 f   pjmedia-i386-win32-vc8-release:silencedet.obj
 0001:00007c10       _pjmedia_wsola_create      00408c10 f   pjmedia-i386-win32-vc8-release:wsola.obj
 0001:00008020       _pjmedia_wsola_save        00409020 f   pjmedia-i386-win32-vc8-release:wsola.obj
 0001:000082c0       _pjmedia_wsola_generate    004092c0 f   pjmedia-i386-win32-vc8-release:wsola.obj
 0001:00008370       _pjmedia_wsola_discard     00409370 f   pjmedia-i386-win32-vc8-release:wsola.obj
 0001:000085e0       _pj_base64_encode          004095e0 f   pjlib-util-i386-win32-vc8-release:base64.obj
 0001:00008770       _pj_base64_decode          00409770 f   pjlib-util-i386-win32-vc8-release:base64.obj
 0001:00008980       _pj_register_strerror      00409980 f   pjlib-i386-win32-vc8-release:errno.obj
 0001:00008a60       _pj_errno_clear_handlers   00409a60 f   pjlib-i386-win32-vc8-release:errno.obj
 0001:00008a80       _pj_strerror               00409a80 f   pjlib-i386-win32-vc8-release:errno.obj
 0001:00008b50       _pj_atexit                 00409b50 f   pjlib-i386-win32-vc8-release:os_core_win32.obj
 0001:00008b80       _pj_atomic_destroy         00409b80 f   pjlib-i386-win32-vc8-release:os_core_win32.obj
 0001:00008ba0       _pj_thread_local_alloc     00409ba0 f   pjlib-i386-win32-vc8-release:os_core_win32.obj
 0001:00008bf0       _pj_thread_local_set       00409bf0 f   pjlib-i386-win32-vc8-release:os_core_win32.obj
 0001:00008c30       _pj_thread_local_get       00409c30 f   pjlib-i386-win32-vc8-release:os_core_win32.obj
 0001:00008c40       _pj_thread_register        00409c40 f   pjlib-i386-win32-vc8-release:os_core_win32.obj
 0001:00008d10       _pj_thread_init            00409d10 f   pjlib-i386-win32-vc8-release:os_core_win32.obj
 0001:00008df0       _pj_thread_this            00409df0 f   pjlib-i386-win32-vc8-release:os_core_win32.obj
 0001:00008e00       _pj_thread_check_stack     00409e00 f   pjlib-i386-win32-vc8-release:os_core_win32.obj
 0001:00008e40       _pj_atomic_inc             00409e40 f   pjlib-i386-win32-vc8-release:os_core_win32.obj
 0001:00008e90       _pj_atomic_dec_and_get     00409e90 f   pjlib-i386-win32-vc8-release:os_core_win32.obj
 0001:00008ee0       _pj_thread_local_free      00409ee0 f   pjlib-i386-win32-vc8-release:os_core_win32.obj
 0001:00008fd0       _pj_mutex_create           00409fd0 f   pjlib-i386-win32-vc8-release:os_core_win32.obj
 0001:00009020       _pj_mutex_create_simple    0040a020 f   pjlib-i386-win32-vc8-release:os_core_win32.obj
 0001:00009020       _pj_mutex_create_recursive 0040a020 f   pjlib-i386-win32-vc8-release:os_core_win32.obj
 0001:00009070       _pj_mutex_lock             0040a070 f   pjlib-i386-win32-vc8-release:os_core_win32.obj
 0001:000090d0       _pj_mutex_unlock           0040a0d0 f   pjlib-i386-win32-vc8-release:os_core_win32.obj
 0001:00009130       _pj_mutex_trylock          0040a130 f   pjlib-i386-win32-vc8-release:os_core_win32.obj
 0001:000091a0       _pj_mutex_destroy          0040a1a0 f   pjlib-i386-win32-vc8-release:os_core_win32.obj
 0001:00009200       _pj_enter_critical_section 0040a200 f   pjlib-i386-win32-vc8-release:os_core_win32.obj
 0001:00009210       _pj_leave_critical_section 0040a210 f   pjlib-i386-win32-vc8-release:os_core_win32.obj
 0001:000092c0       _pj_sem_wait               0040a2c0 f   pjlib-i386-win32-vc8-release:os_core_win32.obj
 0001:00009320       _pj_sem_trywait            0040a320 f   pjlib-i386-win32-vc8-release:os_core_win32.obj
 0001:00009380       _pj_sem_post               0040a380 f   pjlib-i386-win32-vc8-release:os_core_win32.obj
 0001:00009410       _pj_sem_destroy            0040a410 f   pjlib-i386-win32-vc8-release:os_core_win32.obj
 0001:00009490       _pj_term_set_color         0040a490 f   pjlib-i386-win32-vc8-release:os_core_win32.obj
 0001:00009530       _pj_init                   0040a530 f   pjlib-i386-win32-vc8-release:os_core_win32.obj
 0001:00009690       _pj_shutdown               0040a690 f   pjlib-i386-win32-vc8-release:os_core_win32.obj
 0001:000097d0       _pj_thread_create          0040a7d0 f   pjlib-i386-win32-vc8-release:os_core_win32.obj
 0001:00009930       _pj_thread_get_name        0040a930 f   pjlib-i386-win32-vc8-release:os_core_win32.obj
 0001:00009980       _pj_thread_join            0040a980 f   pjlib-i386-win32-vc8-release:os_core_win32.obj
 0001:00009a30       _pj_thread_destroy         0040aa30 f   pjlib-i386-win32-vc8-release:os_core_win32.obj
 0001:00009ab0       _pj_thread_sleep           0040aab0 f   pjlib-i386-win32-vc8-release:os_core_win32.obj
 0001:00009b00       _pj_caching_pool_destroy   0040ab00 f   pjlib-i386-win32-vc8-release:pool_caching.obj
 0001:00009f50       _pj_caching_pool_init      0040af50 f   pjlib-i386-win32-vc8-release:pool_caching.obj
 0001:0000a010       _pj_pool_get_capacity      0040b010 f   pjlib-i386-win32-vc8-release:pool.obj
 0001:0000a020       _pj_pool_get_used_size     0040b020 f   pjlib-i386-win32-vc8-release:pool.obj
 0001:0000a050       _pj_pool_alloc_from_block  0040b050 f   pjlib-i386-win32-vc8-release:pool.obj
 0001:0000a080       _pj_pool_getobjname        0040b080 f   pjlib-i386-win32-vc8-release:pool.obj
 0001:0000a090       _pj_pool_create            0040b090 f   pjlib-i386-win32-vc8-release:pool.obj
 0001:0000a0a0       _pj_pool_release           0040b0a0 f   pjlib-i386-win32-vc8-release:pool.obj
 0001:0000a130       _pj_pool_allocate_find     0040b130 f   pjlib-i386-win32-vc8-release:pool.obj
 0001:0000a1e0       _pj_pool_init_int          0040b1e0 f   pjlib-i386-win32-vc8-release:pool.obj
 0001:0000a250       _pj_pool_create_int        0040b250 f   pjlib-i386-win32-vc8-release:pool.obj
 0001:0000a360       _pj_pool_reset             0040b360 f   pjlib-i386-win32-vc8-release:pool.obj
 0001:0000a370       _pj_pool_destroy_int       0040b370 f   pjlib-i386-win32-vc8-release:pool.obj
 0001:0000a3b0       _pj_pool_alloc             0040b3b0 f   pjlib-i386-win32-vc8-release:pool.obj
 0001:0000a3f0       _pj_pool_calloc            0040b3f0 f   pjlib-i386-win32-vc8-release:pool.obj
 0001:0000a550       _pj_log_init               0040b550 f   pjlib-i386-win32-vc8-release:log.obj
 0001:0000a5c0       _pj_log_get_decor          0040b5c0 f   pjlib-i386-win32-vc8-release:log.obj
 0001:0000a5d0       _pj_log_get_color          0040b5d0 f   pjlib-i386-win32-vc8-release:log.obj
 0001:0000a630       _pj_log_get_level          0040b630 f   pjlib-i386-win32-vc8-release:log.obj
 0001:0000a640       _pj_log                    0040b640 f   pjlib-i386-win32-vc8-release:log.obj
 0001:0000aaa0       _pj_log_1                  0040baa0 f   pjlib-i386-win32-vc8-release:log.obj
 0001:0000aac0       _pj_log_2                  0040bac0 f   pjlib-i386-win32-vc8-release:log.obj
 0001:0000aae0       _pj_log_3                  0040bae0 f   pjlib-i386-win32-vc8-release:log.obj
 0001:0000ab00       _pj_log_4                  0040bb00 f   pjlib-i386-win32-vc8-release:log.obj
 0001:0000ab20       _pj_log_5                  0040bb20 f   pjlib-i386-win32-vc8-release:log.obj
 0001:0000ab40       _pj_get_os_error           0040bb40 f   pjlib-i386-win32-vc8-release:os_error_win32.obj
 0001:0000ab60       _pj_get_netos_error        0040bb60 f   pjlib-i386-win32-vc8-release:os_error_win32.obj
 0001:0000ab80       _platform_strerror         0040bb80 f   pjlib-i386-win32-vc8-release:os_error_win32.obj
 0001:0000acf0       _pj_str                    0040bcf0 f   pjlib-i386-win32-vc8-release:string.obj
 0001:0000ad10       _pj_strdup_with_null       0040bd10 f   pjlib-i386-win32-vc8-release:string.obj
 0001:0000ad60       _pj_strdup2                0040bd60 f   pjlib-i386-win32-vc8-release:string.obj
 0001:0000adc0       _pj_strncpy_with_null      0040bdc0 f   pjlib-i386-win32-vc8-release:string.obj
 0001:0000ae00       _pj_strcmp                 0040be00 f   pjlib-i386-win32-vc8-release:string.obj
 0001:0000ae60       _pj_stricmp                0040be60 f   pjlib-i386-win32-vc8-release:string.obj
 0001:0000aed0       _pj_stricmp2               0040bed0 f   pjlib-i386-win32-vc8-release:string.obj
 0001:0000af30       _pj_strtoul                0040bf30 f   pjlib-i386-win32-vc8-release:string.obj
 0001:0000af90       _pj_strtoul2               0040bf90 f   pjlib-i386-win32-vc8-release:string.obj
 0001:0000b050       _pj_utoa_pad               0040c050 f   pjlib-i386-win32-vc8-release:string.obj
 0001:0000b0d0       _pj_utoa                   0040c0d0 f   pjlib-i386-win32-vc8-release:string.obj
 0001:0000b0f0       _pj_list_insert_after      0040c0f0 f   pjlib-i386-win32-vc8-release:list.obj
 0001:0000b110       _pj_list_insert_before     0040c110 f   pjlib-i386-win32-vc8-release:list.obj
 0001:0000b130       _pj_list_erase             0040c130 f   pjlib-i386-win32-vc8-release:list.obj
 0001:0000b150       _pj_ioqueue_set_lock       0040c150 f   pjlib-i386-win32-vc8-release:ioqueue_select.obj
 0001:0000b190       _pj_ioqueue_unlock_key     0040c190 f   pjlib-i386-win32-vc8-release:ioqueue_select.obj
 0001:0000b1b0       _pj_ioqueue_create         0040c1b0 f   pjlib-i386-win32-vc8-release:ioqueue_select.obj
 0001:0000b360       _pj_ioqueue_destroy        0040c360 f   pjlib-i386-win32-vc8-release:ioqueue_select.obj
 0001:0000b560       _ioqueue_dispatch_write_event 0040c560 f   pjlib-i386-win32-vc8-release:ioqueue_select.obj
 0001:0000b840       _ioqueue_dispatch_read_event 0040c840 f   pjlib-i386-win32-vc8-release:ioqueue_select.obj
 0001:0000ba70       _ioqueue_dispatch_exception_event 0040ca70 f   pjlib-i386-win32-vc8-release:ioqueue_select.obj
 0001:0000bbd0       _pj_ioqueue_poll           0040cbd0 f   pjlib-i386-win32-vc8-release:ioqueue_select.obj
 0001:0000beb0       _pj_ntohs                  0040ceb0 f   pjlib-i386-win32-vc8-release:sock_bsd.obj
 0001:0000bec0       _pj_ntohl                  0040cec0 f   pjlib-i386-win32-vc8-release:sock_bsd.obj
 0001:0000bed0       _pj_sock_getsockname       0040ced0 f   pjlib-i386-win32-vc8-release:sock_bsd.obj
 0001:0000bf30       _pj_sock_send              0040cf30 f   pjlib-i386-win32-vc8-release:sock_bsd.obj
 0001:0000bfa0       _pj_sock_sendto            0040cfa0 f   pjlib-i386-win32-vc8-release:sock_bsd.obj
 0001:0000c010       _pj_sock_recv              0040d010 f   pjlib-i386-win32-vc8-release:sock_bsd.obj
 0001:0000c080       _pj_sock_recvfrom          0040d080 f   pjlib-i386-win32-vc8-release:sock_bsd.obj
 0001:0000c100       _pj_sock_getsockopt        0040d100 f   pjlib-i386-win32-vc8-release:sock_bsd.obj
 0001:0000c170       _pj_sock_accept            0040d170 f   pjlib-i386-win32-vc8-release:sock_bsd.obj
 0001:0000c250       _pj_gettimeofday           0040d250 f   pjlib-i386-win32-vc8-release:os_time_win32.obj
 0001:0000c2c0       _pj_time_decode            0040d2c0 f   pjlib-i386-win32-vc8-release:os_time_win32.obj
 0001:0000c350       _pj_file_close             0040d350 f   pjlib-i386-win32-vc8-release:file_io_win32.obj
 0001:0000c390       _pj_file_write             0040d390 f   pjlib-i386-win32-vc8-release:file_io_win32.obj
 0001:0000c3f0       _pj_file_setpos            0040d3f0 f   pjlib-i386-win32-vc8-release:file_io_win32.obj
 0001:0000c460       _pj_file_getpos            0040d460 f   pjlib-i386-win32-vc8-release:file_io_win32.obj
 0001:0000c4c0       _pj_file_open              0040d4c0 f   pjlib-i386-win32-vc8-release:file_io_win32.obj
 0001:0000c5e0       _pj_array_erase            0040d5e0 f   pjlib-i386-win32-vc8-release:array.obj
 0001:0000c620       _pj_exception_id_alloc     0040d620 f   pjlib-i386-win32-vc8-release:except.obj
 0001:0000c670       _pj_exception_id_free      0040d670 f   pjlib-i386-win32-vc8-release:except.obj
 0001:0000c6a0       _pj_throw_exception_       0040d6a0 f   pjlib-i386-win32-vc8-release:except.obj
 0001:0000c740       _pj_get_timestamp          0040d740 f   pjlib-i386-win32-vc8-release:os_timestamp_win32.obj
 0001:0000c7a0       _pj_get_timestamp_freq     0040d7a0 f   pjlib-i386-win32-vc8-release:os_timestamp_win32.obj
 0001:0000c800       _pj_elapsed_time           0040d800 f   pjlib-i386-win32-vc8-release:os_timestamp_common.obj
 0001:0000c890       _pj_gettickcount           0040d890 f   pjlib-i386-win32-vc8-release:os_timestamp_common.obj
 0001:0000c950       _pj_lock_create_simple_mutex 0040d950 f   pjlib-i386-win32-vc8-release:lock.obj
 0001:0000c970       _pj_lock_create_recursive_mutex 0040d970 f   pjlib-i386-win32-vc8-release:lock.obj
 0001:0000c990       _pj_lock_create_null_mutex 0040d990 f   pjlib-i386-win32-vc8-release:lock.obj
 0001:0000c9b0       _pj_lock_acquire           0040d9b0 f   pjlib-i386-win32-vc8-release:lock.obj
 0001:0000c9d0       _pj_lock_tryacquire        0040d9d0 f   pjlib-i386-win32-vc8-release:lock.obj
 0001:0000c9f0       _pj_lock_release           0040d9f0 f   pjlib-i386-win32-vc8-release:lock.obj
 0001:0000ca10       _pj_lock_destroy           0040da10 f   pjlib-i386-win32-vc8-release:lock.obj
 0001:0000cae0       _pj_grp_lock_add_ref       0040dae0 f   pjlib-i386-win32-vc8-release:lock.obj
 0001:0000cba0       _pj_grp_lock_tryacquire    0040dba0 f   pjlib-i386-win32-vc8-release:lock.obj
 0001:0000cbb0       _pj_grp_lock_dec_ref       0040dbb0 f   pjlib-i386-win32-vc8-release:lock.obj
 0001:0000cc50       _pj_grp_lock_release       0040dc50 f   pjlib-i386-win32-vc8-release:lock.obj
 0001:0000cd50       _pj_generate_unique_string 0040dd50 f   pjlib-i386-win32-vc8-release:guid_win32.obj
 0001:0000ce20       _pj_pool_create_on_buf     0040de20 f   pjlib-i386-win32-vc8-release:pool_buf.obj
 0001:0000cec0       _pj_log_write              0040dec0 f   pjlib-i386-win32-vc8-release:log_writer_stdout.obj
 0001:0000cf20       _PJ_FD_ZERO                0040df20 f   pjlib-i386-win32-vc8-release:sock_select.obj
 0001:0000cf50       _PJ_FD_ISSET               0040df50 f   pjlib-i386-win32-vc8-release:sock_select.obj
 0001:0000cf80       _PJ_FD_COUNT               0040df80 f   pjlib-i386-win32-vc8-release:sock_select.obj
 0001:0000cf80       _rdb_get_value             0040df80 f   libsrtp-i386-win32-vc8-release:rdb.obj
 0001:0000cf90       _pj_sock_select            0040df90 f   pjlib-i386-win32-vc8-release:sock_select.obj
 0001:0000d020       _PJ_FD_CLR                 0040e020 f   pjlib-i386-win32-vc8-release:sock_select.obj
 0001:0000d0a0       _pj_time_val_normalize     0040e0a0 f   pjlib-i386-win32-vc8-release:types.obj
 0001:0000d370       _speex_preprocess_state_init 0040e370 f   libspeex-i386-win32-vc8-release:preprocess.obj
 0001:0000dab0       _speex_preprocess_state_destroy 0040eab0 f   libspeex-i386-win32-vc8-release:preprocess.obj
 0001:0000e7e0       _speex_preprocess_run      0040f7e0 f   libspeex-i386-win32-vc8-release:preprocess.obj
 0001:0000f840       _speex_preprocess_ctl      00410840 f   libspeex-i386-win32-vc8-release:preprocess.obj
 0001:00010410       _speex_echo_state_init     00411410 f   libspeex-i386-win32-vc8-release:mdf.obj
 0001:00010830       _speex_echo_state_reset    00411830 f   libspeex-i386-win32-vc8-release:mdf.obj
 0001:00010a40       _speex_echo_state_destroy  00411a40 f   libspeex-i386-win32-vc8-release:mdf.obj
 0001:00010b00       _speex_echo_playback       00411b00 f   libspeex-i386-win32-vc8-release:mdf.obj
 0001:00010c10       _speex_echo_cancellation   00411c10 f   libspeex-i386-win32-vc8-release:mdf.obj
 0001:00011eb0       _speex_echo_get_residual   00412eb0 f   libspeex-i386-win32-vc8-release:mdf.obj
 0001:00012020       _speex_echo_ctl            00413020 f   libspeex-i386-win32-vc8-release:mdf.obj
 0001:00012110       _speex_echo_capture        00413110 f   libspeex-i386-win32-vc8-release:mdf.obj
 0001:00012200       _spx_fft_init              00413200 f   libspeex-i386-win32-vc8-release:fftwrap.obj
 0001:00012220       _spx_fft_destroy           00413220 f   libspeex-i386-win32-vc8-release:fftwrap.obj
 0001:00012240       _spx_fft                   00413240 f   libspeex-i386-win32-vc8-release:fftwrap.obj
 0001:000122f0       _spx_ifft                  004132f0 f   libspeex-i386-win32-vc8-release:fftwrap.obj
 0001:00012360       _filterbank_new            00413360 f   libspeex-i386-win32-vc8-release:filterbank.obj
 0001:000125c0       _filterbank_destroy        004135c0 f   libspeex-i386-win32-vc8-release:filterbank.obj
 0001:00012600       _filterbank_compute_bank32 00413600 f   libspeex-i386-win32-vc8-release:filterbank.obj
 0001:00012670       _filterbank_compute_psd16  00413670 f   libspeex-i386-win32-vc8-release:filterbank.obj
 0001:00017910       _spx_drft_forward          00418910 f   libspeex-i386-win32-vc8-release:smallft.obj
 0001:00017940       _spx_drft_backward         00418940 f   libspeex-i386-win32-vc8-release:smallft.obj
 0001:00017970       _spx_drft_init             00418970 f   libspeex-i386-win32-vc8-release:smallft.obj
 0001:000179c0       _spx_drft_clear            004189c0 f   libspeex-i386-win32-vc8-release:smallft.obj
 0001:00017a20       _srtp_stream_alloc         00418a20 f   libsrtp-i386-win32-vc8-release:srtp.obj
 0001:00017c00       _srtp_stream_dealloc       00418c00 f   libsrtp-i386-win32-vc8-release:srtp.obj
 0001:00017cf0       _srtp_stream_clone         00418cf0 f   libsrtp-i386-win32-vc8-release:srtp.obj
 0001:00017e00       _srtp_kdf_generate         00418e00 f   libsrtp-i386-win32-vc8-release:srtp.obj
 0001:00017ea0       _srtp_kdf_clear            00418ea0 f   libsrtp-i386-win32-vc8-release:srtp.obj
 0001:00017f00       _srtp_stream_init_keys     00418f00 f   libsrtp-i386-win32-vc8-release:srtp.obj
 0001:00018450       _srtp_stream_init          00419450 f   libsrtp-i386-win32-vc8-release:srtp.obj
 0001:00018570       _srtp_event_reporter       00419570 f   libsrtp-i386-win32-vc8-release:srtp.obj
 0001:00018c40       _srtp_dealloc              00419c40 f   libsrtp-i386-win32-vc8-release:srtp.obj
 0001:00018d00       _srtp_add_stream           00419d00 f   libsrtp-i386-win32-vc8-release:srtp.obj
 0001:00018dd0       _srtp_create               00419dd0 f   libsrtp-i386-win32-vc8-release:srtp.obj
 0001:00019460       _srtp_protect_rtcp         0041a460 f   libsrtp-i386-win32-vc8-release:srtp.obj
 0001:000197d0       _srtp_unprotect_rtcp       0041a7d0 f   libsrtp-i386-win32-vc8-release:srtp.obj
 0001:00019c70       _srtp_protect              0041ac70 f   libsrtp-i386-win32-vc8-release:srtp.obj
 0001:0001a1c0       _srtp_unprotect            0041b1c0 f   libsrtp-i386-win32-vc8-release:srtp.obj
 0001:0001a780       _crypto_kernel_alloc_cipher 0041b780 f   libsrtp-i386-win32-vc8-release:crypto_kernel.obj
 0001:0001a7e0       _crypto_kernel_alloc_auth  0041b7e0 f   libsrtp-i386-win32-vc8-release:crypto_kernel.obj
 0001:0001a840       _crypto_get_random         0041b840 f   libsrtp-i386-win32-vc8-release:crypto_kernel.obj
 0001:0001a860       _ekt_octets_after_base_tag 0041b860 f   libsrtp-i386-win32-vc8-release:ekt.obj
 0001:0001a880       _ekt_alloc                 0041b880 f   libsrtp-i386-win32-vc8-release:ekt.obj
 0001:0001a8b0       _aes_decrypt_with_raw_key  0041b8b0 f   libsrtp-i386-win32-vc8-release:ekt.obj
 0001:0001a910       _srtp_stream_init_from_ekt 0041b910 f   libsrtp-i386-win32-vc8-release:ekt.obj
 0001:0001a990       _ekt_write_data            0041b990 f   libsrtp-i386-win32-vc8-release:ekt.obj
 0001:0001aae0       _crypto_alloc              0041bae0 f   libsrtp-i386-win32-vc8-release:alloc.obj
 0001:0001ab40       _crypto_free               0041bb40 f   libsrtp-i386-win32-vc8-release:alloc.obj
 0001:0001ab70       _index_guess               0041bb70 f   libsrtp-i386-win32-vc8-release:rdbx.obj
 0001:0001abf0       _rdbx_init                 0041bbf0 f   libsrtp-i386-win32-vc8-release:rdbx.obj
 0001:0001ac30       _rdbx_dealloc              0041bc30 f   libsrtp-i386-win32-vc8-release:rdbx.obj
 0001:0001ac50       _rdbx_set_roc              0041bc50 f   libsrtp-i386-win32-vc8-release:rdbx.obj
 0001:0001acb0       _rdbx_get_packet_index     0041bcb0 f   libsrtp-i386-win32-vc8-release:rdbx.obj
 0001:0001acc0       _cipher_get_key_length     0041bcc0 f   libsrtp-i386-win32-vc8-release:cipher.obj
 0001:0001acc0       _auth_get_tag_length       0041bcc0 f   libsrtp-i386-win32-vc8-release:auth.obj
 0001:0001acc0       _rdbx_get_window_size      0041bcc0 f   libsrtp-i386-win32-vc8-release:rdbx.obj
 0001:0001acd0       _rdbx_check                0041bcd0 f   libsrtp-i386-win32-vc8-release:rdbx.obj
 0001:0001ad20       _rdbx_add_index            0041bd20 f   libsrtp-i386-win32-vc8-release:rdbx.obj
 0001:0001ad90       _rdbx_estimate_index       0041bd90 f   libsrtp-i386-win32-vc8-release:rdbx.obj
 0001:0001ade0       _rdb_init                  0041bde0 f   libsrtp-i386-win32-vc8-release:rdb.obj
 0001:0001ae00       _rdb_check                 0041be00 f   libsrtp-i386-win32-vc8-release:rdb.obj
 0001:0001ae50       _rdb_add_index             0041be50 f   libsrtp-i386-win32-vc8-release:rdb.obj
 0001:0001aea0       _rdb_increment             0041bea0 f   libsrtp-i386-win32-vc8-release:rdb.obj
 0001:0001aec0       _key_limit_set             0041bec0 f   libsrtp-i386-win32-vc8-release:key.obj
 0001:0001aef0       _key_limit_clone           0041bef0 f   libsrtp-i386-win32-vc8-release:key.obj
 0001:0001af10       _key_limit_update          0041bf10 f   libsrtp-i386-win32-vc8-release:key.obj
 0001:0001af60       _err_report                0041bf60 f   libsrtp-i386-win32-vc8-release:srtp_err.obj
 0001:0001af90       _nibble_to_hex_char        0041bf90 f   libsrtp-i386-win32-vc8-release:datatypes.obj
 0001:0001b010       _octet_string_hex_string   0041c010 f   libsrtp-i386-win32-vc8-release:datatypes.obj
 0001:0001b090       _v128_hex_string           0041c090 f   libsrtp-i386-win32-vc8-release:datatypes.obj
 0001:0001b0f0       _v128_copy_octet_string    0041c0f0 f   libsrtp-i386-win32-vc8-release:datatypes.obj
 0001:0001b170       _v128_left_shift           0041c170 f   libsrtp-i386-win32-vc8-release:datatypes.obj
 0001:0001b250       _bitvector_dealloc         0041c250 f   libsrtp-i386-win32-vc8-release:datatypes.obj
 0001:0001b280       _bitvector_set_to_zero     0041c280 f   libsrtp-i386-win32-vc8-release:datatypes.obj
 0001:0001b2a0       _bitvector_left_shift      0041c2a0 f   libsrtp-i386-win32-vc8-release:datatypes.obj
 0001:0001b3a0       _octet_string_is_eq        0041c3a0 f   libsrtp-i386-win32-vc8-release:datatypes.obj
 0001:0001b3d0       _octet_string_set_to_zero  0041c3d0 f   libsrtp-i386-win32-vc8-release:datatypes.obj
 0001:0001b3f0       _bitvector_alloc           0041c3f0 f   libsrtp-i386-win32-vc8-release:datatypes.obj
 0001:0001b450       _auth_get_key_length       0041c450 f   libsrtp-i386-win32-vc8-release:auth.obj
 0001:0001b460       _auth_get_prefix_length    0041c460 f   libsrtp-i386-win32-vc8-release:auth.obj
 0001:0001b470       _cipher_output             0041c470 f   libsrtp-i386-win32-vc8-release:cipher.obj
 0001:0001b4a0       _ctr_prng_init             0041c4a0 f   libsrtp-i386-win32-vc8-release:ctr_prng.obj
 0001:0001b500       _ctr_prng_get_octet_string 0041c500 f   libsrtp-i386-win32-vc8-release:ctr_prng.obj
 0001:0001b550       _hmac_alloc                0041c550 f   libsrtp-i386-win32-vc8-release:hmac.obj
 0001:0001b600       _hmac_dealloc              0041c600 f   libsrtp-i386-win32-vc8-release:hmac.obj
 0001:0001b630       _hmac_init                 0041c630 f   libsrtp-i386-win32-vc8-release:hmac.obj
 0001:0001b730       _hmac_start                0041c730 f   libsrtp-i386-win32-vc8-release:hmac.obj
 0001:0001b750       _hmac_update               0041c750 f   libsrtp-i386-win32-vc8-release:hmac.obj
 0001:0001b7a0       _hmac_compute              0041c7a0 f   libsrtp-i386-win32-vc8-release:hmac.obj
 0001:0001b8b0       _null_auth_alloc           0041c8b0 f   libsrtp-i386-win32-vc8-release:null_auth.obj
 0001:0001b940       _null_auth_dealloc         0041c940 f   libsrtp-i386-win32-vc8-release:null_auth.obj
 0001:0001b960       _null_auth_update          0041c960 f   libsrtp-i386-win32-vc8-release:null_auth.obj
 0001:0001b960       _null_auth_start           0041c960 f   libsrtp-i386-win32-vc8-release:null_auth.obj
 0001:0001b960       _null_auth_init            0041c960 f   libsrtp-i386-win32-vc8-release:null_auth.obj
 0001:0001b960       _null_cipher_set_iv        0041c960 f   libsrtp-i386-win32-vc8-release:null_cipher.obj
 0001:0001b960       _ekt_stream_init_from_policy 0041c960 f   libsrtp-i386-win32-vc8-release:ekt.obj
 0001:0001b960       _null_auth_compute         0041c960 f   libsrtp-i386-win32-vc8-release:null_auth.obj
 0001:0001b960       _pjmedia_wsola_destroy     0041c960 f   pjmedia-i386-win32-vc8-release:wsola.obj
 0001:0001b960       _echo_supp_destroy         0041c960 f   pjmedia-i386-win32-vc8-release:echo_suppress.obj
 0001:0001b960       _null_cipher_encrypt       0041c960 f   libsrtp-i386-win32-vc8-release:null_cipher.obj
 0001:0001b970       _aes_cbc_alloc             0041c970 f   libsrtp-i386-win32-vc8-release:aes_cbc.obj
 0001:0001b9f0       _aes_cbc_dealloc           0041c9f0 f   libsrtp-i386-win32-vc8-release:aes_cbc.obj
 0001:0001ba20       _aes_cbc_context_init      0041ca20 f   libsrtp-i386-win32-vc8-release:aes_cbc.obj
 0001:0001ba80       _aes_cbc_set_iv            0041ca80 f   libsrtp-i386-win32-vc8-release:aes_cbc.obj
 0001:0001bb50       _aes_cbc_encrypt           0041cb50 f   libsrtp-i386-win32-vc8-release:aes_cbc.obj
 0001:0001bc50       _aes_cbc_decrypt           0041cc50 f   libsrtp-i386-win32-vc8-release:aes_cbc.obj
 0001:0001be00       _aes_cbc_nist_encrypt      0041ce00 f   libsrtp-i386-win32-vc8-release:aes_cbc.obj
 0001:0001be50       _aes_cbc_nist_decrypt      0041ce50 f   libsrtp-i386-win32-vc8-release:aes_cbc.obj
 0001:0001be90       _aes_icm_alloc             0041ce90 f   libsrtp-i386-win32-vc8-release:aes_icm.obj
 0001:0001bf30       _aes_icm_dealloc           0041cf30 f   libsrtp-i386-win32-vc8-release:aes_icm.obj
 0001:0001bf60       _aes_icm_context_init      0041cf60 f   libsrtp-i386-win32-vc8-release:aes_icm.obj
 0001:0001c070       _aes_icm_set_iv            0041d070 f   libsrtp-i386-win32-vc8-release:aes_icm.obj
 0001:0001c1e0       _aes_icm_encrypt           0041d1e0 f   libsrtp-i386-win32-vc8-release:aes_icm.obj
 0001:0001c3d0       _aes_icm_output            0041d3d0 f   libsrtp-i386-win32-vc8-release:aes_icm.obj
 0001:0001c400       _aes_icm_bytes_encrypted   0041d400 f   libsrtp-i386-win32-vc8-release:aes_icm.obj
 0001:0001c410       _null_cipher_alloc         0041d410 f   libsrtp-i386-win32-vc8-release:null_cipher.obj
 0001:0001c480       _null_cipher_dealloc       0041d480 f   libsrtp-i386-win32-vc8-release:null_cipher.obj
 0001:0001c4a0       _null_cipher_init          0041d4a0 f   libsrtp-i386-win32-vc8-release:null_cipher.obj
 0001:0001c810       _aes_expand_encryption_key 0041d810 f   libsrtp-i386-win32-vc8-release:aes.obj
 0001:0001c850       _aes_expand_decryption_key 0041d850 f   libsrtp-i386-win32-vc8-release:aes.obj
 0001:0001ce10       _aes_encrypt               0041de10 f   libsrtp-i386-win32-vc8-release:aes.obj
 0001:0001cf00       _aes_decrypt               0041df00 f   libsrtp-i386-win32-vc8-release:aes.obj
 0001:0001cff0       _sha1_core                 0041dff0 f   libsrtp-i386-win32-vc8-release:sha1.obj
 0001:0001d4d0       _sha1_init                 0041e4d0 f   libsrtp-i386-win32-vc8-release:sha1.obj
 0001:0001d500       _sha1_update               0041e500 f   libsrtp-i386-win32-vc8-release:sha1.obj
 0001:0001d5d0       _sha1_final                0041e5d0 f   libsrtp-i386-win32-vc8-release:sha1.obj
 0001:0001dca8       ___WSAFDIsSet@8            0041eca8 f   ws2_32:WS2_32.dll
 0001:0001dcb0       __aulldiv                  0041ecb0 f   MSVCRT:ulldiv.obj
 0001:0001dd20       __allmul                   0041ed20 f   MSVCRT:llmul.obj
 0001:0001dd54       @__security_check_cookie@4 0041ed54 f   MSVCRT:secchk.obj
 0001:0001e005       _mainCRTStartup            0041f005 f   MSVCRT:crtexe.obj
 0001:0001e010       _memset                    0041f010 f   MSVCRT:MSVCR90.dll
 0001:0001e016       _memcpy                    0041f016 f   MSVCRT:MSVCR90.dll
 0001:0001e020       __ftol2_sse                0041f020 f   MSVCRT:ftol2.obj
 0001:0001e029       __ftol2_pentium4           0041f029 f   MSVCRT:ftol2.obj
 0001:0001e03c       __ftol2_sse_excpt          0041f03c f   MSVCRT:ftol2.obj
 0001:0001e056       __ftol2                    0041f056 f   MSVCRT:ftol2.obj
 0001:0001e0cc       __CIcos                    0041f0cc f   MSVCRT:MSVCR90.dll
 0001:0001e0e0       __alldiv                   0041f0e0 f   MSVCRT:lldiv.obj
 0001:0001e18a       __CIfmod                   0041f18a f   MSVCRT:MSVCR90.dll
 0001:0001e190       __CIsqrt                   0041f190 f   MSVCRT:MSVCR90.dll
 0001:0001e196       _floor                     0041f196 f   MSVCRT:MSVCR90.dll
 0001:0001e19c       __CIexp                    0041f19c f   MSVCRT:MSVCR90.dll
 0001:0001e1a2       __CIpow                    0041f1a2 f   MSVCRT:MSVCR90.dll
 0001:0001e1a8       __CIlog                    0041f1a8 f   MSVCRT:MSVCR90.dll
 0001:0001e1ae       __CIatan                   0041f1ae f   MSVCRT:MSVCR90.dll
 0001:0001e1b4       __CIsin                    0041f1b4 f   MSVCRT:MSVCR90.dll
 0001:0001e1c0       __allshl                   0041f1c0 f   MSVCRT:llshl.obj
 0001:0001e1df       ___report_gsfailure        0041f1df f   MSVCRT:gs_report.obj
 0001:0001e2e5       ?__CxxUnhandledExceptionFilter@@YGJPAU_EXCEPTION_POINTERS@@@Z 0041f2e5 f   MSVCRT:unhandld.obj
 0001:0001e327       ___CxxSetUnhandledExceptionFilter 0041f327 f   MSVCRT:unhandld.obj
 0001:0001e336       __amsg_exit                0041f336 f   MSVCRT:MSVCR90.dll
 0001:0001e33c       __onexit                   0041f33c f   MSVCRT:atonexit.obj
 0001:0001e3e1       _atexit                    0041f3e1 f   MSVCRT:atonexit.obj
 0001:0001e3f8       __RTC_Initialize           0041f3f8 f   MSVCRT:_initsect_.obj
 0001:0001e41e       __RTC_Terminate            0041f41e f   MSVCRT:_initsect_.obj
 0001:0001e444       __XcptFilter               0041f444 f   MSVCRT:MSVCR90.dll
 0001:0001e450       __ValidateImageBase        0041f450 f   MSVCRT:pesect.obj
 0001:0001e490       __FindPESection            0041f490 f   MSVCRT:pesect.obj
 0001:0001e4e0       __IsNonwritableInCurrentImage 0041f4e0 f   MSVCRT:pesect.obj
 0001:0001e59e       __initterm                 0041f59e f   MSVCRT:MSVCR90.dll
 0001:0001e5a4       __initterm_e               0041f5a4 f   MSVCRT:MSVCR90.dll
 0001:0001e5ac       __SEH_prolog4              0041f5ac f   MSVCRT:sehprolg4.obj
 0001:0001e5f1       __SEH_epilog4              0041f5f1 f   MSVCRT:sehprolg4.obj
 0001:0001e605       __except_handler4          0041f605 f   MSVCRT:chandler4gs.obj
 0001:0001e62a       __setdefaultprecision      0041f62a f   MSVCRT:fp8.obj
 0001:0001e655       __matherr                  0041f655 f   MSVCRT:merr.obj
 0001:0001e655       __setargv                  0041f655 f   MSVCRT:dllargv.obj
 0001:0001e658       ___security_init_cookie    0041f658 f   MSVCRT:gs_support.obj
 0001:0001e73e       __get_sse2_info            0041f73e f   MSVCRT:cpu_disp.obj
 0001:0001e7a0       ___sse2_available_init     0041f7a0 f   MSVCRT:cpu_disp.obj
 0001:0001e7ae       __crt_debugger_hook        0041f7ae f   MSVCRT:MSVCR90.dll
 0001:0001e7b4       ?terminate@@YAXXZ          0041f7b4 f   MSVCRT:MSVCR90.dll
 0001:0001e7ba       __unlock                   0041f7ba f   MSVCRT:MSVCR90.dll
 0001:0001e7c0       ___dllonexit               0041f7c0 f   MSVCRT:MSVCR90.dll
 0001:0001e7c6       __lock                     0041f7c6 f   MSVCRT:MSVCR90.dll
 0001:0001e7cc       __except_handler4_common   0041f7cc f   MSVCRT:MSVCR90.dll
 0001:0001e7d2       __invoke_watson            0041f7d2 f   MSVCRT:MSVCR90.dll
 0001:0001e7d8       __controlfp_s              0041f7d8 f   MSVCRT:MSVCR90.dll
 0002:00000000       __imp__GetSystemTimeAsFileTime@4 00420000     kernel32:KERNEL32.dll
 0002:00000004       __imp__GetTickCount@0      00420004     kernel32:KERNEL32.dll
 0002:00000008       __imp__IsDebuggerPresent@0 00420008     kernel32:KERNEL32.dll
 0002:0000000c       __imp__SetUnhandledExceptionFilter@4 0042000c     kernel32:KERNEL32.dll
 0002:00000010       __imp__UnhandledExceptionFilter@4 00420010     kernel32:KERNEL32.dll
 0002:00000014       __imp__GetCurrentProcess@0 00420014     kernel32:KERNEL32.dll
 0002:00000018       __imp__TerminateProcess@8  00420018     kernel32:KERNEL32.dll
 0002:0000001c       __imp__InterlockedCompareExchange@12 0042001c     kernel32:KERNEL32.dll
 0002:00000020       __imp__QueryPerformanceFrequency@4 00420020     kernel32:KERNEL32.dll
 0002:00000024       __imp__QueryPerformanceCounter@4 00420024     kernel32:KERNEL32.dll
 0002:00000028       __imp__CreateFileA@28      00420028     kernel32:KERNEL32.dll
 0002:0000002c       __imp__SetFilePointer@16   0042002c     kernel32:KERNEL32.dll
 0002:00000030       __imp__WriteFile@20        00420030     kernel32:KERNEL32.dll
 0002:00000034       __imp__FileTimeToSystemTime@8 00420034     kernel32:KERNEL32.dll
 0002:00000038       __imp__GetLocalTime@4      00420038     kernel32:KERNEL32.dll
 0002:0000003c       __imp__SystemTimeToFileTime@8 0042003c     kernel32:KERNEL32.dll
 0002:00000040       __imp__FormatMessageA@28   00420040     kernel32:KERNEL32.dll
 0002:00000044       __imp__Sleep@4             00420044     kernel32:KERNEL32.dll
 0002:00000048       __imp__CreateThread@24     00420048     kernel32:KERNEL32.dll
 0002:0000004c       __imp__GetCurrentProcessId@0 0042004c     kernel32:KERNEL32.dll
 0002:00000050       __imp__GetStdHandle@4      00420050     kernel32:KERNEL32.dll
 0002:00000054       __imp__SetConsoleTextAttribute@8 00420054     kernel32:KERNEL32.dll
 0002:00000058       __imp__ReleaseSemaphore@12 00420058     kernel32:KERNEL32.dll
 0002:0000005c       __imp__WaitForSingleObject@8 0042005c     kernel32:KERNEL32.dll
 0002:00000060       __imp__WaitForMultipleObjects@16 00420060     kernel32:KERNEL32.dll
 0002:00000064       __imp__SetThreadPriority@8 00420064     kernel32:KERNEL32.dll
 0002:00000068       __imp__GetCurrentThread@0  00420068     kernel32:KERNEL32.dll
 0002:0000006c       __imp__CloseHandle@4       0042006c     kernel32:KERNEL32.dll
 0002:00000070       __imp__SetEvent@4          00420070     kernel32:KERNEL32.dll
 0002:00000074       __imp__GetLastError@0      00420074     kernel32:KERNEL32.dll
 0002:00000078       __imp__TlsAlloc@0          00420078     kernel32:KERNEL32.dll
 0002:0000007c       __imp__TlsSetValue@8       0042007c     kernel32:KERNEL32.dll
 0002:00000080       __imp__TlsGetValue@4       00420080     kernel32:KERNEL32.dll
 0002:00000084       __imp__GetCurrentThreadId@0 00420084     kernel32:KERNEL32.dll
 0002:00000088       __imp__InterlockedExchange@8 00420088     kernel32:KERNEL32.dll
 0002:0000008c       __imp__InterlockedIncrement@4 0042008c     kernel32:KERNEL32.dll
 0002:00000090       __imp__InterlockedDecrement@4 00420090     kernel32:KERNEL32.dll
 0002:00000094       __imp__TlsFree@4           00420094     kernel32:KERNEL32.dll
 0002:00000098       __imp__InitializeCriticalSection@4 00420098     kernel32:KERNEL32.dll
 0002:0000009c       __imp__EnterCriticalSection@4 0042009c     kernel32:KERNEL32.dll
 0002:000000a0       __imp__LeaveCriticalSection@4 004200a0     kernel32:KERNEL32.dll
 0002:000000a4       __imp__TryEnterCriticalSection@4 004200a4     kernel32:KERNEL32.dll
 0002:000000a8       __imp__DeleteCriticalSection@4 004200a8     kernel32:KERNEL32.dll
 0002:000000ac       __imp__CreateEventA@16     004200ac     kernel32:KERNEL32.dll
 0002:000000b0       \177KERNEL32_NULL_THUNK_DATA 004200b0     kernel32:KERNEL32.dll
 0002:000000b4       __imp__malloc              004200b4     MSVCRT:MSVCR90.dll
 0002:000000b8       __imp__free                004200b8     MSVCRT:MSVCR90.dll
 0002:000000bc       __imp__longjmp             004200bc     MSVCRT:MSVCR90.dll
 0002:000000c0       __imp___vsnprintf          004200c0     MSVCRT:MSVCR90.dll
 0002:000000c4       __imp__calloc              004200c4     MSVCRT:MSVCR90.dll
 0002:000000c8       __imp___CIsqrt             004200c8     MSVCRT:MSVCR90.dll
 0002:000000cc       __imp__floor               004200cc     MSVCRT:MSVCR90.dll
 0002:000000d0       __imp___CIexp              004200d0     MSVCRT:MSVCR90.dll
 0002:000000d4       __imp___CIpow              004200d4     MSVCRT:MSVCR90.dll
 0002:000000d8       __imp___CIlog              004200d8     MSVCRT:MSVCR90.dll
 0002:000000dc       __imp___CIatan             004200dc     MSVCRT:MSVCR90.dll
 0002:000000e0       __imp___CIsin              004200e0     MSVCRT:MSVCR90.dll
 0002:000000e4       __imp__exit                004200e4     MSVCRT:MSVCR90.dll
 0002:000000e8       __imp___amsg_exit          004200e8     MSVCRT:MSVCR90.dll
 0002:000000ec       __imp____getmainargs       004200ec     MSVCRT:MSVCR90.dll
 0002:000000f0       __imp___cexit              004200f0     MSVCRT:MSVCR90.dll
 0002:000000f4       __imp___exit               004200f4     MSVCRT:MSVCR90.dll
 0002:000000f8       __imp___XcptFilter         004200f8     MSVCRT:MSVCR90.dll
 0002:000000fc       __imp____initenv           004200fc     MSVCRT:MSVCR90.dll
 0002:00000100       __imp___initterm           00420100     MSVCRT:MSVCR90.dll
 0002:00000104       __imp___initterm_e         00420104     MSVCRT:MSVCR90.dll
 0002:00000108       __imp___configthreadlocale 00420108     MSVCRT:MSVCR90.dll
 0002:0000010c       __imp____setusermatherr    0042010c     MSVCRT:MSVCR90.dll
 0002:00000110       __imp___adjust_fdiv        00420110     MSVCRT:MSVCR90.dll
 0002:00000114       __imp____p__commode        00420114     MSVCRT:MSVCR90.dll
 0002:00000118       __imp____p__fmode          00420118     MSVCRT:MSVCR90.dll
 0002:0000011c       __imp___encode_pointer     0042011c     MSVCRT:MSVCR90.dll
 0002:00000120       __imp____set_app_type      00420120     MSVCRT:MSVCR90.dll
 0002:00000124       __imp___crt_debugger_hook  00420124     MSVCRT:MSVCR90.dll
 0002:00000128       __imp_?terminate@@YAXXZ    00420128     MSVCRT:MSVCR90.dll
 0002:0000012c       __imp___unlock             0042012c     MSVCRT:MSVCR90.dll
 0002:00000130       __imp____dllonexit         00420130     MSVCRT:MSVCR90.dll
 0002:00000134       __imp___lock               00420134     MSVCRT:MSVCR90.dll
 0002:00000138       __imp___onexit             00420138     MSVCRT:MSVCR90.dll
 0002:0000013c       __imp___decode_pointer     0042013c     MSVCRT:MSVCR90.dll
 0002:00000140       __imp___except_handler4_common 00420140     MSVCRT:MSVCR90.dll
 0002:00000144       __imp___invoke_watson      00420144     MSVCRT:MSVCR90.dll
 0002:00000148       __imp___controlfp_s        00420148     MSVCRT:MSVCR90.dll
 0002:0000014c       __imp___strnicmp           0042014c     MSVCRT:MSVCR90.dll
 0002:00000150       __imp__strchr              00420150     MSVCRT:MSVCR90.dll
 0002:00000154       __imp__isxdigit            00420154     MSVCRT:MSVCR90.dll
 0002:00000158       __imp___CIcos              00420158     MSVCRT:MSVCR90.dll
 0002:0000015c       __imp__strtok              0042015c     MSVCRT:MSVCR90.dll
 0002:00000160       __imp__atoi                00420160     MSVCRT:MSVCR90.dll
 0002:00000164       __imp__memmove             00420164     MSVCRT:MSVCR90.dll
 0002:00000168       __imp__isdigit             00420168     MSVCRT:MSVCR90.dll
 0002:0000016c       __imp___stricmp            0042016c     MSVCRT:MSVCR90.dll
 0002:00000170       __imp__sprintf             00420170     MSVCRT:MSVCR90.dll
 0002:00000174       __imp___snprintf           00420174     MSVCRT:MSVCR90.dll
 0002:00000178       __imp__strncpy             00420178     MSVCRT:MSVCR90.dll
 0002:0000017c       __imp__memcpy              0042017c     MSVCRT:MSVCR90.dll
 0002:00000180       __imp__memset              00420180     MSVCRT:MSVCR90.dll
 0002:00000184       __imp__puts                00420184     MSVCRT:MSVCR90.dll
 0002:00000188       __imp____iob_func          00420188     MSVCRT:MSVCR90.dll
 0002:0000018c       __imp__fgets               0042018c     MSVCRT:MSVCR90.dll
 0002:00000190       __imp__printf              00420190     MSVCRT:MSVCR90.dll
 0002:00000194       __imp___CIfmod             00420194     MSVCRT:MSVCR90.dll
 0002:00000198       \177MSVCR90_NULL_THUNK_DATA 00420198     MSVCRT:MSVCR90.dll
 0002:0000019c       __imp__waveOutGetErrorTextA@12 0042019c     winmm:WINMM.dll
 0002:000001a0       __imp__waveInGetErrorTextA@12 004201a0     winmm:WINMM.dll
 0002:000001a4       __imp__waveOutReset@4      004201a4     winmm:WINMM.dll
 0002:000001a8       __imp__waveOutUnprepareHeader@12 004201a8     winmm:WINMM.dll
 0002:000001ac       __imp__waveOutClose@4      004201ac     winmm:WINMM.dll
 0002:000001b0       __imp__waveInReset@4       004201b0     winmm:WINMM.dll
 0002:000001b4       __imp__waveInUnprepareHeader@12 004201b4     winmm:WINMM.dll
 0002:000001b8       __imp__waveInClose@4       004201b8     winmm:WINMM.dll
 0002:000001bc       __imp__waveInStop@4        004201bc     winmm:WINMM.dll
 0002:000001c0       __imp__waveOutRestart@4    004201c0     winmm:WINMM.dll
 0002:000001c4       __imp__waveInStart@4       004201c4     winmm:WINMM.dll
 0002:000001c8       __imp__waveOutSetVolume@8  004201c8     winmm:WINMM.dll
 0002:000001cc       __imp__waveOutGetVolume@8  004201cc     winmm:WINMM.dll
 0002:000001d0       __imp__waveInOpen@24       004201d0     winmm:WINMM.dll
 0002:000001d4       __imp__waveInPrepareHeader@12 004201d4     winmm:WINMM.dll
 0002:000001d8       __imp__waveInAddBuffer@12  004201d8     winmm:WINMM.dll
 0002:000001dc       __imp__waveOutOpen@24      004201dc     winmm:WINMM.dll
 0002:000001e0       __imp__waveOutPause@4      004201e0     winmm:WINMM.dll
 0002:000001e4       __imp__waveOutPrepareHeader@12 004201e4     winmm:WINMM.dll
 0002:000001e8       __imp__waveOutWrite@12     004201e8     winmm:WINMM.dll
 0002:000001ec       __imp__waveInGetNumDevs@0  004201ec     winmm:WINMM.dll
 0002:000001f0       __imp__waveOutGetNumDevs@0 004201f0     winmm:WINMM.dll
 0002:000001f4       __imp__waveInGetDevCapsA@12 004201f4     winmm:WINMM.dll
 0002:000001f8       __imp__waveOutGetDevCapsA@12 004201f8     winmm:WINMM.dll
 0002:000001fc       \177WINMM_NULL_THUNK_DATA  004201fc     winmm:WINMM.dll
 0002:00000200       __imp__select@20           00420200     ws2_32:WS2_32.dll
 0002:00000204       __imp____WSAFDIsSet@8      00420204     ws2_32:WS2_32.dll
 0002:00000208       __imp__accept@12           00420208     ws2_32:WS2_32.dll
 0002:0000020c       __imp__getsockopt@20       0042020c     ws2_32:WS2_32.dll
 0002:00000210       __imp__recvfrom@24         00420210     ws2_32:WS2_32.dll
 0002:00000214       __imp__recv@16             00420214     ws2_32:WS2_32.dll
 0002:00000218       __imp__sendto@24           00420218     ws2_32:WS2_32.dll
 0002:0000021c       __imp__send@16             0042021c     ws2_32:WS2_32.dll
 0002:00000220       __imp__getsockname@12      00420220     ws2_32:WS2_32.dll
 0002:00000224       __imp__htonl@4             00420224     ws2_32:WS2_32.dll
 0002:00000228       __imp__ntohl@4             00420228     ws2_32:WS2_32.dll
 0002:0000022c       __imp__htons@4             0042022c     ws2_32:WS2_32.dll
 0002:00000230       __imp__ntohs@4             00420230     ws2_32:WS2_32.dll
 0002:00000234       __imp__WSACleanup@0        00420234     ws2_32:WS2_32.dll
 0002:00000238       __imp__WSAStartup@8        00420238     ws2_32:WS2_32.dll
 0002:0000023c       __imp__WSAGetLastError@0   0042023c     ws2_32:WS2_32.dll
 0002:00000240       \177WS2_32_NULL_THUNK_DATA 00420240     ws2_32:WS2_32.dll
 0002:00000244       __imp__CoCreateGuid@4      00420244     ole32:ole32.dll
 0002:00000248       \177ole32_NULL_THUNK_DATA  00420248     ole32:ole32.dll
 0002:0000024c       ___xc_a                    0042024c     MSVCRT:cinitexe.obj
 0002:00000254       ___xc_z                    00420254     MSVCRT:cinitexe.obj
 0002:00000258       ___xi_a                    00420258     MSVCRT:cinitexe.obj
 0002:00000268       ___xi_z                    00420268     MSVCRT:cinitexe.obj
 0002:00000270       ??_C@_09OFDCJLJM@WMME?5base?$AA@ 00420270     pjmedia-audiodev-i386-win32-vc8-release:wmme_dev.obj
 0002:0000027c       ??_C@_04CPNMDOAK@WMME?$AA@ 0042027c     pjmedia-audiodev-i386-win32-vc8-release:wmme_dev.obj
 0002:00000284       ??_C@_0M@KBHHDDLP@Wave?5mapper?$AA@ 00420284     pjmedia-audiodev-i386-win32-vc8-release:wmme_dev.obj
 0002:00000290       ??_C@_0CA@NLJGEGOG@?5dev_id?5?$CFd?3?5?$CFs?5?5?$CIin?$DN?$CFd?0?5out?$DN?$CFd?$CJ?$AA@ 00420290     pjmedia-audiodev-i386-win32-vc8-release:wmme_dev.obj
 0002:000002b0       ??_C@_0BH@GEMAAOCL@WMME?5found?5?$CFd?5devices?3?$AA@ 004202b0     pjmedia-audiodev-i386-win32-vc8-release:wmme_dev.obj
 0002:000002c8       ??_C@_11LOCGONAA@?$AA?$AA@ 004202c8     pjmedia-audiodev-i386-win32-vc8-release:wmme_dev.obj
 0002:000002cc       ??_C@_0L@HHCCMOGO@wmme_dev?4c?$AA@ 004202cc     pjmedia-audiodev-i386-win32-vc8-release:wmme_dev.obj
 0002:000002d8       ??_C@_0BM@OMJMEAMB@WMME?5found?5no?5sound?5devices?$AA@ 004202d8     pjmedia-audiodev-i386-win32-vc8-release:wmme_dev.obj
 0002:000002f4       ??_C@_03CCLNCNJA@PCM?$AA@  004202f4     pjmedia-audiodev-i386-win32-vc8-release:wmme_dev.obj
 0002:000002f8       ??_C@_0HB@MKIBCFPJ@?5WaveAPI?5Sound?5player?5?$CC?$CFs?$CC?5initi@ 004202f8     pjmedia-audiodev-i386-win32-vc8-release:wmme_dev.obj
 0002:00000370       ??_C@_0HD@PIICIPL@?5WaveAPI?5Sound?5recorder?5?$CC?$CFs?$CC?5ini@ 00420370     pjmedia-audiodev-i386-win32-vc8-release:wmme_dev.obj
 0002:000003e4       ??_C@_0BI@BEJPJEBJ@WMME?3?5thread?5stopping?4?4?$AA@ 004203e4     pjmedia-audiodev-i386-win32-vc8-release:wmme_dev.obj
 0002:000003fc       ??_C@_0BM@NKDLICNM@WMME?5capture?5stream?5started?$AA@ 004203fc     pjmedia-audiodev-i386-win32-vc8-release:wmme_dev.obj
 0002:00000418       ??_C@_0BN@MNACKNIN@WMME?5playback?5stream?5started?$AA@ 00420418     pjmedia-audiodev-i386-win32-vc8-release:wmme_dev.obj
 0002:00000438       ??_C@_0BM@KCHDOGNE@Stopped?5WMME?5capture?5stream?$AA@ 00420438     pjmedia-audiodev-i386-win32-vc8-release:wmme_dev.obj
 0002:00000454       ??_C@_0BN@FMJNHCPG@Stopped?5WMME?5playback?5stream?$AA@ 00420454     pjmedia-audiodev-i386-win32-vc8-release:wmme_dev.obj
 0002:00000474       ??_C@_0BB@EOKKHGLD@WMME?5initialized?$AA@ 00420474     pjmedia-audiodev-i386-win32-vc8-release:wmme_dev.obj
 0002:00000488       ??_C@_04ODOGNMHC@wmme?$AA@ 00420488     pjmedia-audiodev-i386-win32-vc8-release:wmme_dev.obj
 0002:00000490       ??_C@_08MOOOBPLB@wmme?9dev?$AA@ 00420490     pjmedia-audiodev-i386-win32-vc8-release:wmme_dev.obj
 0002:0000049c       ??_C@_0DE@LJJGJIEF@Bad?5audio?5latency?5setting?5?$CIPJMED@ 0042049c     pjmedia-audiodev-i386-win32-vc8-release:errno.obj
 0002:000004d0       ??_C@_0DN@BLAJILEA@Invalid?5audio?5device?5sample?5form@ 004204d0     pjmedia-audiodev-i386-win32-vc8-release:errno.obj
 0002:00000510       ??_C@_0DM@JKDJGBNG@Bad?5or?5invalid?5audio?5device?5form@ 00420510     pjmedia-audiodev-i386-win32-vc8-release:errno.obj
 0002:00000550       ??_C@_0ED@PLJALPOA@Invalid?5or?5unsupported?5audio?5dev@ 00420550     pjmedia-audiodev-i386-win32-vc8-release:errno.obj
 0002:00000594       ??_C@_0DO@NMIGLFFA@Invalid?5or?5unsupported?5audio?5cap@ 00420594     pjmedia-audiodev-i386-win32-vc8-release:errno.obj
 0002:000005d4       ??_C@_0CP@JIPJOIMB@Audio?5device?5not?5ready?5?$CIPJMEDIA_@ 004205d4     pjmedia-audiodev-i386-win32-vc8-release:errno.obj
 0002:00000604       ??_C@_0DM@DPDKGMIE@Unable?5to?5find?5default?5audio?5dev@ 00420604     pjmedia-audiodev-i386-win32-vc8-release:errno.obj
 0002:00000640       ??_C@_0CM@LOPLLMHO@Found?5no?5audio?5devices?5?$CIPJMEDIA_@ 00420640     pjmedia-audiodev-i386-win32-vc8-release:errno.obj
 0002:0000066c       ??_C@_0CL@NCBJPCNF@Invalid?5audio?5device?5?$CIPJMEDIA_EA@ 0042066c     pjmedia-audiodev-i386-win32-vc8-release:errno.obj
 0002:00000698       ??_C@_0DE@DOHCBKFK@Audio?5subsystem?5not?5initialized?5@ 00420698     pjmedia-audiodev-i386-win32-vc8-release:errno.obj
 0002:000006cc       ??_C@_0DG@FEDKLOFB@Unknown?5error?5from?5audio?5driver?5@ 004206cc     pjmedia-audiodev-i386-win32-vc8-release:errno.obj
 0002:00000704       ??_C@_0DC@MHBBCDGM@Unspecified?5audio?5device?5error?5?$CI@ 00420704     pjmedia-audiodev-i386-win32-vc8-release:errno.obj
 0002:00000798       ??_C@_0CC@MFOJNIAN@Unknown?5pjmedia?9audiodev?5error?5?$CF@ 00420798     pjmedia-audiodev-i386-win32-vc8-release:errno.obj
 0002:000007bc       ??_C@_0BJ@GMHLEOAL@MMSYSTEM?5native?5error?5?$CFd?$AA@ 004207bc     pjmedia-audiodev-i386-win32-vc8-release:errno.obj
 0002:000007d8       ??_C@_08LMCBNPPN@sendrecv?$AA@ 004207d8     pjmedia-i386-win32-vc8-release:endpoint.obj
 0002:000007e4       ??_C@_07HDFHIMAJ@pjmedia?$AA@ 004207e4     pjmedia-i386-win32-vc8-release:endpoint.obj
 0002:000007ec       ??_C@_07OEHJJJKF@RTP?1AVP?$AA@ 004207ec     pjmedia-i386-win32-vc8-release:endpoint.obj
 0002:000007f4       ??_C@_03NNAHIIJB@IP6?$AA@  004207f4     pjmedia-i386-win32-vc8-release:endpoint.obj
 0002:000007f8       ??_C@_03OPDBOKBD@IP4?$AA@  004207f8     pjmedia-i386-win32-vc8-release:endpoint.obj
 0002:000007fc       ??_C@_02BBAPPCCJ@IN?$AA@   004207fc     pjmedia-i386-win32-vc8-release:endpoint.obj
 0002:00000830       ??_C@_01CLKCMJKC@?5?$AA@   00420830     pjmedia-i386-win32-vc8-release:endpoint.obj
 0002:00000832       ??_C@_00CNPNBAHC@?$AA@     00420832     pjmedia-i386-win32-vc8-release:endpoint.obj
 0002:00000834       ??_C@_0L@DLFDMOGF@endpoint?4c?$AA@ 00420834     pjmedia-i386-win32-vc8-release:endpoint.obj
 0002:00000840       ??_C@_05CECBHAPI@media?$AA@ 00420840     pjmedia-i386-win32-vc8-release:endpoint.obj
 0002:00000848       ??_C@_0EL@BIFHLACC@Warning?3?5no?5worker?5thread?5is?5cre@ 00420848     pjmedia-i386-win32-vc8-release:endpoint.obj
 0002:00000894       ??_C@_07LBNDIDNE@med?9ept?$AA@ 00420894     pjmedia-i386-win32-vc8-release:endpoint.obj
 0002:0000089c       ??_C@_0N@COEOBFOD@EC?5activated?$AA@ 0042089c     pjmedia-i386-win32-vc8-release:sound_port.obj
 0002:000008ac       ??_C@_0N@GOCHBLLA@sound_port?4c?$AA@ 004208ac     pjmedia-i386-win32-vc8-release:sound_port.obj
 0002:000008bc       ??_C@_0CD@IGHBIGGN@EC?5suspended?5because?5of?5inactivi@ 004208bc     pjmedia-i386-win32-vc8-release:sound_port.obj
 0002:000008e0       ??_C@_0DB@KDEIEFDK@Echo?5canceller?5is?5now?5disabled?5i@ 004208e0     pjmedia-i386-win32-vc8-release:sound_port.obj
 0002:00000914       ??_C@_0DJ@PNINHBGM@pjmedia_snd_port_set_ec?$CI?$CJ?5ignore@ 00420914     pjmedia-i386-win32-vc8-release:sound_port.obj
 0002:00000950       ??_C@_0CB@KICGINBD@AEC?5tail?5is?5set?5to?5default?5?$CFu?5ms@ 00420950     pjmedia-i386-win32-vc8-release:sound_port.obj
 0002:00000974       ??_C@_0N@MCLOBLAH@wav_writer?4c?$AA@ 00420974     pjmedia-i386-win32-vc8-release:wav_writer.obj
 0002:00000984       ??_C@_0DH@EDIEAILI@File?5writer?5?8?$CF?4?$CKs?8?5created?3?5samp@ 00420984     pjmedia-i386-win32-vc8-release:wav_writer.obj
 0002:000009bc       ??_C@_0BI@OMEMKBHH@Packet?5loss?5concealment?$AA@ 004209bc     pjmedia-i386-win32-vc8-release:audiodev.obj
 0002:000009d4       ??_C@_03NOPFEPFL@plg?$AA@  004209d4     pjmedia-i386-win32-vc8-release:audiodev.obj
 0002:000009d8       ??_C@_0BJ@MNDOFJGN@Comfort?5noise?5generation?$AA@ 004209d8     pjmedia-i386-win32-vc8-release:audiodev.obj
 0002:000009f4       ??_C@_03JPNNGDEE@cng?$AA@  004209f4     pjmedia-i386-win32-vc8-release:audiodev.obj
 0002:000009f8       ??_C@_0BJ@PEELNNPF@Voice?5activity?5detection?$AA@ 004209f8     pjmedia-i386-win32-vc8-release:audiodev.obj
 0002:00000a14       ??_C@_03NIGLNABH@vad?$AA@  00420a14     pjmedia-i386-win32-vc8-release:audiodev.obj
 0002:00000a18       ??_C@_0BM@PBLLADJD@Tail?5length?5setting?5for?5AEC?$AA@ 00420a18     pjmedia-i386-win32-vc8-release:audiodev.obj
 0002:00000a34       ??_C@_08MKAPJCJE@aec?9tail?$AA@ 00420a34     pjmedia-i386-win32-vc8-release:audiodev.obj
 0002:00000a40       ??_C@_0BM@HPDLGLFJ@Accoustic?5echo?5cancellation?$AA@ 00420a40     pjmedia-i386-win32-vc8-release:audiodev.obj
 0002:00000a5c       ??_C@_03FNONIBCK@aec?$AA@  00420a5c     pjmedia-i386-win32-vc8-release:audiodev.obj
 0002:00000a60       ??_C@_0P@JOFPIEJJ@Output?5routing?$AA@ 00420a60     pjmedia-i386-win32-vc8-release:audiodev.obj
 0002:00000a70       ??_C@_09IKMAGDNF@route?9out?$AA@ 00420a70     pjmedia-i386-win32-vc8-release:audiodev.obj
 0002:00000a7c       ??_C@_0O@JDPFDDM@Input?5routing?$AA@ 00420a7c     pjmedia-i386-win32-vc8-release:audiodev.obj
 0002:00000a8c       ??_C@_08FPHJDLBG@route?9in?$AA@ 00420a8c     pjmedia-i386-win32-vc8-release:audiodev.obj
 0002:00000a98       ??_C@_0N@GBEOEOEP@Output?5meter?$AA@ 00420a98     pjmedia-i386-win32-vc8-release:audiodev.obj
 0002:00000aa8       ??_C@_09NKJLJGOJ@meter?9out?$AA@ 00420aa8     pjmedia-i386-win32-vc8-release:audiodev.obj
 0002:00000ab4       ??_C@_0M@NCGIGNPG@Input?5meter?$AA@ 00420ab4     pjmedia-i386-win32-vc8-release:audiodev.obj
 0002:00000ac0       ??_C@_08BPNDLGG@meter?9in?$AA@ 00420ac0     pjmedia-i386-win32-vc8-release:audiodev.obj
 0002:00000acc       ??_C@_0BG@IBEHJHAD@Output?5volume?5setting?$AA@ 00420acc     pjmedia-i386-win32-vc8-release:audiodev.obj
 0002:00000ae4       ??_C@_07LBFHFBAF@vol?9out?$AA@ 00420ae4     pjmedia-i386-win32-vc8-release:audiodev.obj
 0002:00000aec       ??_C@_0BF@CCEKOJAN@Input?5volume?5setting?$AA@ 00420aec     pjmedia-i386-win32-vc8-release:audiodev.obj
 0002:00000b04       ??_C@_06KGGLCDDG@vol?9in?$AA@ 00420b04     pjmedia-i386-win32-vc8-release:audiodev.obj
 0002:00000b0c       ??_C@_0CD@GAINMBC@Output?5latency?1buffer?5size?5setti@ 00420b0c     pjmedia-i386-win32-vc8-release:audiodev.obj
 0002:00000b30       ??_C@_0M@MBBBBCLJ@latency?9out?$AA@ 00420b30     pjmedia-i386-win32-vc8-release:audiodev.obj
 0002:00000b3c       ??_C@_0CC@LIGOHOJN@Input?5latency?1buffer?5size?5settin@ 00420b3c     pjmedia-i386-win32-vc8-release:audiodev.obj
 0002:00000b60       ??_C@_0L@IKNMBADD@latency?9in?$AA@ 00420b60     pjmedia-i386-win32-vc8-release:audiodev.obj
 0002:00000b6c       ??_C@_0BI@GGHCECPI@Extended?1non?9PCM?5format?$AA@ 00420b6c     pjmedia-i386-win32-vc8-release:audiodev.obj
 0002:00000b84       ??_C@_07GBKCPIDJ@ext?9fmt?$AA@ 00420b84     pjmedia-i386-win32-vc8-release:audiodev.obj
 0002:00000b8c       ??_C@_0L@FGHHAHLM@audiodev?4c?$AA@ 00420b8c     pjmedia-i386-win32-vc8-release:audiodev.obj
 0002:00000b98       ??_C@_0EF@NLCNMHAD@?$CFd?5device?$CIs?$CJ?5cannot?5be?5registere@ 00420b98     pjmedia-i386-win32-vc8-release:audiodev.obj
 0002:00000be0       ??_C@_08MPIAKENM@RTP?1SAVP?$AA@ 00420be0     pjmedia-i386-win32-vc8-release:sdp.obj
 0002:00000bfc       ??_C@_08INHMCBAE@inactive?$AA@ 00420bfc     pjmedia-i386-win32-vc8-release:sdp.obj
 0002:00000c08       ??_C@_09GLMNEMC@codec?9mgr?$AA@ 00420c08     pjmedia-i386-win32-vc8-release:codec.obj
 0002:00000c18       ??_C@_0EO@MOMMHEEA@Secure?5transport?5required?5in?5SDP@ 00420c18     pjmedia-i386-win32-vc8-release:errno.obj
 0002:00000c68       ??_C@_0DM@OPHJDJCK@SRTP?5crypto?5attribute?5required?5?$CI@ 00420c68     pjmedia-i386-win32-vc8-release:errno.obj
 0002:00000ca8       ??_C@_0EE@HKDIFKLN@Invalid?5SDP?5media?5transport?5for?5@ 00420ca8     pjmedia-i386-win32-vc8-release:errno.obj
 0002:00000cec       ??_C@_0DH@JABOECDK@Invalid?5SRTP?5crypto?5tag?5?$CIPJMEDIA@ 00420cec     pjmedia-i386-win32-vc8-release:errno.obj
 0002:00000d24       ??_C@_0DK@EIEPDNB@Invalid?5SRTP?5crypto?5attribute?5?$CIP@ 00420d24     pjmedia-i386-win32-vc8-release:errno.obj
 0002:00000d60       ??_C@_0DL@PPDCJAFI@Duplicated?5SRTP?5crypto?5tag?5?$CIPJME@ 00420d60     pjmedia-i386-win32-vc8-release:errno.obj
 0002:00000d9c       ??_C@_0DP@DNDEFJI@SRTP?5SDP?5contains?5ambigue?5answer@ 00420d9c     pjmedia-i386-win32-vc8-release:errno.obj
 0002:00000ddc       ??_C@_0DL@BINEGGLM@Unsupported?5SRTP?5crypto?9suite?5?$CIP@ 00420ddc     pjmedia-i386-win32-vc8-release:errno.obj
 0002:00000e18       ??_C@_0EF@DCMAHBDI@Invalid?5SRTP?5key?5length?5for?5spec@ 00420e18     pjmedia-i386-win32-vc8-release:errno.obj
 0002:00000e60       ??_C@_0FA@HAKEALMK@SRTP?5crypto?9suite?5name?5not?5match@ 00420e60     pjmedia-i386-win32-vc8-release:errno.obj
 0002:00000eb0       ??_C@_0EB@GAMOPGD@Invalid?5sample?5format?5for?5sound?5@ 00420eb0     pjmedia-i386-win32-vc8-release:errno.obj
 0002:00000ef4       ??_C@_0CO@FCJGKBG@Invalid?5sound?5device?5ID?5?$CIPJMEDIA@ 00420ef4     pjmedia-i386-win32-vc8-release:errno.obj
 0002:00000f24       ??_C@_0DH@NACBPKOD@No?5suitable?5sound?5playback?5devic@ 00420f24     pjmedia-i386-win32-vc8-release:errno.obj
 0002:00000f5c       ??_C@_0DF@PKIKHNPA@No?5suitable?5sound?5capture?5device@ 00420f5c     pjmedia-i386-win32-vc8-release:errno.obj
 0002:00000f94       ??_C@_0CK@EMOCNCPF@Unsupported?5AVI?5file?5?$CIPJMEDIA_EA@ 00420f94     pjmedia-i386-win32-vc8-release:errno.obj
 0002:00000fc0       ??_C@_0DP@HHAKLPGE@Sound?5frame?5too?5large?5for?5file?5b@ 00420fc0     pjmedia-i386-win32-vc8-release:errno.obj
 0002:00001000       ??_C@_0CM@HKHLDPDN@WAVE?5file?5too?5short?5?$CIPJMEDIA_EWA@ 00421000     pjmedia-i386-win32-vc8-release:errno.obj
 0002:0000102c       ??_C@_0DD@FKNCKLNB@Unsupported?5WAVE?5file?5format?5?$CIPJ@ 0042102c     pjmedia-i386-win32-vc8-release:errno.obj
 0002:00001060       ??_C@_0CO@CKCFJDML@Not?5a?5valid?5WAVE?5file?5?$CIPJMEDIA_E@ 00421060     pjmedia-i386-win32-vc8-release:errno.obj
 0002:00001090       ??_C@_0EG@FBPNENMF@Media?5ports?5have?5incompatible?5nu@ 00421090     pjmedia-i386-win32-vc8-release:errno.obj
 0002:000010d8       ??_C@_0EB@DHIDGGBD@Media?5ports?5have?5incompatible?5by@ 004210d8     pjmedia-i386-win32-vc8-release:errno.obj
 0002:00001120       ??_C@_0EA@CDICINEI@Media?5ports?5have?5incompatible?5bi@ 00421120     pjmedia-i386-win32-vc8-release:errno.obj
 0002:00001160       ??_C@_0DL@FLCJCEPI@Media?5ports?5have?5incompatible?5me@ 00421160     pjmedia-i386-win32-vc8-release:errno.obj
 0002:000011a0       ??_C@_0EL@KOIIKBFP@Media?5ports?5have?5incompatible?5sa@ 004211a0     pjmedia-i386-win32-vc8-release:errno.obj
 0002:000011f0       ??_C@_0EA@EJPEOGMK@Media?5ports?5have?5incompatible?5cl@ 004211f0     pjmedia-i386-win32-vc8-release:errno.obj
 0002:00001230       ??_C@_0DI@MEKDIPIO@Media?5ports?5are?5not?5compatible?5?$CI@ 00421230     pjmedia-i386-win32-vc8-release:errno.obj
 0002:00001268       ??_C@_0CO@BFKJOFNE@RTP?5is?5not?5configured?5?$CIPJMEDIA_R@ 00421268     pjmedia-i386-win32-vc8-release:errno.obj
 0002:00001298       ??_C@_0EE@PHAAOPAG@RTP?5media?5port?5destination?5is?5no@ 00421298     pjmedia-i386-win32-vc8-release:errno.obj
 0002:000012dc       ??_C@_0DI@LFLLIJCB@Bad?5sequence?5number?5in?5RTP?5packe@ 004212dc     pjmedia-i386-win32-vc8-release:errno.obj
 0002:00001314       ??_C@_0DG@OPPFJBGL@RTP?5session?5in?5probation?5?$CIPJMEDI@ 00421314     pjmedia-i386-win32-vc8-release:errno.obj
 0002:0000134c       ??_C@_0DB@HLHLKEBJ@RTP?5session?5restarted?5?$CIPJMEDIA_R@ 0042134c     pjmedia-i386-win32-vc8-release:errno.obj
 0002:00001380       ??_C@_0CP@OBFABIAL@Invalid?5RTP?5packet?5length?5?$CIPJMED@ 00421380     pjmedia-i386-win32-vc8-release:errno.obj
 0002:000013b0       ??_C@_0DF@KDOADJLK@RTP?5packet?5payload?5type?5mismatch@ 004213b0     pjmedia-i386-win32-vc8-release:errno.obj
 0002:000013e8       ??_C@_0DC@PFPAEINL@RTP?5packet?5SSRC?5id?5mismatch?5?$CIPJM@ 004213e8     pjmedia-i386-win32-vc8-release:errno.obj
 0002:0000141c       ??_C@_0CJ@NGKNCMFA@Invalid?5RTP?5version?5?$CIPJMEDIA_RTP@ 0042141c     pjmedia-i386-win32-vc8-release:errno.obj
 0002:00001448       ??_C@_0DL@KLDJIJLI@Invalid?5RTP?5packing?5?$CIinternal?5er@ 00421448     pjmedia-i386-win32-vc8-release:errno.obj
 0002:00001484       ??_C@_0CI@KDAMKHEL@Invalid?5RTP?5packet?5?$CIPJMEDIA_RTP_@ 00421484     pjmedia-i386-win32-vc8-release:errno.obj
 0002:000014ac       ??_C@_0BN@LMCOIKH@Bad?5format?5?$CIPJMEDIA_EBADFMT?$CJ?$AA@ 004214ac     pjmedia-i386-win32-vc8-release:errno.obj
 0002:000014cc       ??_C@_0DN@EHCPFJJN@Remote?5does?5not?5support?5RFC?52833@ 004214cc     pjmedia-i386-win32-vc8-release:errno.obj
 0002:0000150c       ??_C@_0CJ@ECIKMCPH@Invalid?5DTMF?5digit?5?$CIPJMEDIA_RTP_@ 0042150c     pjmedia-i386-win32-vc8-release:errno.obj
 0002:00001538       ??_C@_0DF@NNKPPHHC@Remote?5does?5not?5support?5DTMF?5?$CIPJ@ 00421538     pjmedia-i386-win32-vc8-release:errno.obj
 0002:00001570       ??_C@_0CO@MJBLNMMI@Invalid?5media?5type?5?$CIPJMEDIA_EINV@ 00421570     pjmedia-i386-win32-vc8-release:errno.obj
 0002:000015a0       ??_C@_0DN@IGGOEBDI@Missing?5rtpmap?5in?5media?5descript@ 004215a0     pjmedia-i386-win32-vc8-release:errno.obj
 0002:000015e0       ??_C@_0DA@DKJJFGPE@Invalid?5media?5payload?5type?5?$CIPJME@ 004215e0     pjmedia-i386-win32-vc8-release:errno.obj
 0002:00001610       ??_C@_0DM@GBJMMNCF@Asymetric?5media?5codec?5is?5not?5sup@ 00421610     pjmedia-i386-win32-vc8-release:errno.obj
 0002:0000164c       ??_C@_0DH@KOBKDDJI@Invalid?5remote?5media?5?$CIIP?$CJ?5addres@ 0042164c     pjmedia-i386-win32-vc8-release:errno.obj
 0002:00001684       ??_C@_0DJ@NJFBGAOC@Bad?5or?5corrupted?5bitstream?5?$CIPJME@ 00421684     pjmedia-i386-win32-vc8-release:errno.obj
 0002:000016c0       ??_C@_0DG@EKMGLMFL@Invalid?5codec?5mode?5?$CIno?5fmtp?$DP?$CJ?5?$CIP@ 004216c0     pjmedia-i386-win32-vc8-release:errno.obj
 0002:000016f8       ??_C@_0DG@LLBBCNCG@Invalid?5PCM?5frame?5length?5?$CIPJMEDI@ 004216f8     pjmedia-i386-win32-vc8-release:errno.obj
 0002:00001730       ??_C@_0DF@JDAOLAOM@Invalid?5codec?5frame?5length?5?$CIPJME@ 00421730     pjmedia-i386-win32-vc8-release:errno.obj
 0002:00001768       ??_C@_0DE@OLKJHMCL@PCM?5frame?5is?5too?5short?5?$CIPJMEDIA_@ 00421768     pjmedia-i386-win32-vc8-release:errno.obj
 0002:0000179c       ??_C@_0DG@FOGENKNL@Codec?5frame?5is?5too?5short?5?$CIPJMEDI@ 0042179c     pjmedia-i386-win32-vc8-release:errno.obj
 0002:000017d4       ??_C@_0DG@KJBEJCIE@Codec?5internal?5creation?5error?5?$CIP@ 004217d4     pjmedia-i386-win32-vc8-release:errno.obj
 0002:0000180c       ??_C@_0CP@ODMIIAEN@Unsupported?5media?5codec?5?$CIPJMEDIA@ 0042180c     pjmedia-i386-win32-vc8-release:errno.obj
 0002:0000183c       ??_C@_0DE@PFJJJNGL@SDP?5time?5line?5not?5equal?5?$CIPJMEDIA@ 0042183c     pjmedia-i386-win32-vc8-release:errno.obj
 0002:00001870       ??_C@_0DM@HCOBINN@SDP?5name?1subject?5line?5not?5equal?5@ 00421870     pjmedia-i386-win32-vc8-release:errno.obj
 0002:000018ac       ??_C@_0DI@BLKBMMGO@SDP?5origin?5line?5not?5equal?5?$CIPJMED@ 004218ac     pjmedia-i386-win32-vc8-release:errno.obj
 0002:000018e4       ??_C@_0DN@EALGPLFN@SDP?5session?5descriptor?5not?5equal@ 004218e4     pjmedia-i386-win32-vc8-release:errno.obj
 0002:00001924       ??_C@_0DN@HLKACHFN@SDP?5rtpmap?5attribute?5not?5equal?5?$CI@ 00421924     pjmedia-i386-win32-vc8-release:errno.obj
 0002:00001964       ??_C@_0DJ@FFGHKCEG@SDP?5fmtp?5attribute?5not?5equal?5?$CIPJ@ 00421964     pjmedia-i386-win32-vc8-release:errno.obj
 0002:000019a0       ??_C@_0DJ@GGABIHGL@SDP?5media?5direction?5not?5equal?5?$CIP@ 004219a0     pjmedia-i386-win32-vc8-release:errno.obj
 0002:000019dc       ??_C@_0DF@HHCJAGLJ@SDP?5attributes?5not?5equal?5?$CIPJMEDI@ 004219dc     pjmedia-i386-win32-vc8-release:errno.obj
 0002:00001a14       ??_C@_0DK@MAHAOAHF@SDP?5connection?5line?5not?5equal?5?$CIP@ 00421a14     pjmedia-i386-win32-vc8-release:errno.obj
 0002:00001a50       ??_C@_0EH@FMIFCFBA@Format?5in?5SDP?5media?5descriptor?5n@ 00421a50     pjmedia-i386-win32-vc8-release:errno.obj
 0002:00001a98       ??_C@_0EJ@FJOJLJDF@Transport?5in?5SDP?5media?5descripto@ 00421a98     pjmedia-i386-win32-vc8-release:errno.obj
 0002:00001ae8       ??_C@_0ED@KAALGBMF@Port?5in?5SDP?5media?5descriptor?5not@ 00421ae8     pjmedia-i386-win32-vc8-release:errno.obj
 0002:00001b2c       ??_C@_0DM@JMBBJEKO@SDP?5media?5descriptor?5not?5equal?5?$CI@ 00421b2c     pjmedia-i386-win32-vc8-release:errno.obj
 0002:00001b68       ??_C@_0EK@LPNBCGHG@No?5suitable?5answer?5for?5unknown?5r@ 00421b68     pjmedia-i386-win32-vc8-release:errno.obj
 0002:00001bb8       ??_C@_0EM@LLMPLGCO@No?5suitable?5telephone?9event?5for?5@ 00421bb8     pjmedia-i386-win32-vc8-release:errno.obj
 0002:00001c04       ??_C@_0DP@KIMEPBPF@No?5suitable?5codec?5for?5remote?5off@ 00421c04     pjmedia-i386-win32-vc8-release:errno.obj
 0002:00001c48       ??_C@_0ED@HELGJJGO@No?5active?5media?5stream?5after?5neg@ 00421c48     pjmedia-i386-win32-vc8-release:errno.obj
 0002:00001c90       ??_C@_0ED@NGHPALDD@No?5common?5SDP?5media?5payload?5in?5a@ 00421c90     pjmedia-i386-win32-vc8-release:errno.obj
 0002:00001cd8       ??_C@_0EN@OPFCIOMP@SDP?5media?5transport?5type?5mismatc@ 00421cd8     pjmedia-i386-win32-vc8-release:errno.obj
 0002:00001d28       ??_C@_0EG@MJOIPNIH@SDP?5media?5type?5mismatch?5in?5offer@ 00421d28     pjmedia-i386-win32-vc8-release:errno.obj
 0002:00001d70       ??_C@_0EE@BLNHOMNC@SDP?5media?5count?5mismatch?5in?5offe@ 00421d70     pjmedia-i386-win32-vc8-release:errno.obj
 0002:00001db4       ??_C@_0DN@JGPGLEOH@No?5current?5local?1remote?5offer?1an@ 00421db4     pjmedia-i386-win32-vc8-release:errno.obj
 0002:00001df4       ??_C@_0DL@MFMHOMBE@No?5active?5SDP?5in?5SDP?5negotiator?5@ 00421df4     pjmedia-i386-win32-vc8-release:errno.obj
 0002:00001e30       ??_C@_0ED@IFOJJHNO@No?5initial?5local?5SDP?5in?5SDP?5nego@ 00421e30     pjmedia-i386-win32-vc8-release:errno.obj
 0002:00001e78       ??_C@_0EF@CJNFLCEL@Invalid?5SDP?5negotiator?5state?5for@ 00421e78     pjmedia-i386-win32-vc8-release:errno.obj
 0002:00001ec0       ??_C@_0DH@PCNCDMKM@Invalid?5SDP?5bandwidth?5info?5line?5@ 00421ec0     pjmedia-i386-win32-vc8-release:errno.obj
 0002:00001ef8       ??_C@_0DM@JFGCNJLM@Invalid?5SDP?5media?5transport?5prot@ 00421ef8     pjmedia-i386-win32-vc8-release:errno.obj
 0002:00001f34       ??_C@_0DB@BKKJGGKM@Invalid?5SDP?5rtcp?5attribyte?5?$CIPJME@ 00421f34     pjmedia-i386-win32-vc8-release:errno.obj
 0002:00001f68       ??_C@_0DB@BJCACDID@Invalid?5SDP?5fmtp?5attribute?5?$CIPJME@ 00421f68     pjmedia-i386-win32-vc8-release:errno.obj
 0002:00001f9c       ??_C@_0DL@KAILPDC@Invalid?5SDP?5payload?5type?5in?5medi@ 00421f9c     pjmedia-i386-win32-vc8-release:errno.obj
 0002:00001fd8       ??_C@_0DN@GADAENKO@No?5SDP?5payload?5format?5in?5the?5med@ 00421fd8     pjmedia-i386-win32-vc8-release:errno.obj
 0002:00002018       ??_C@_0CO@DIKFNJOF@Invalid?5SDP?5media?5line?5?$CIPJMEDIA_@ 00422018     pjmedia-i386-win32-vc8-release:errno.obj
 0002:00002048       ??_C@_0EJ@IDNJACOO@Missing?5SDP?5rtpmap?5for?5dynamic?5p@ 00422048     pjmedia-i386-win32-vc8-release:errno.obj
 0002:00002094       ??_C@_0DL@HCOGNPAF@SDP?5rtpmap?5attribute?5too?5long?5?$CIP@ 00422094     pjmedia-i386-win32-vc8-release:errno.obj
 0002:000020d0       ??_C@_0DF@BJAALDOM@Invalid?5SDP?5rtpmap?5attribute?5?$CIPJ@ 004220d0     pjmedia-i386-win32-vc8-release:errno.obj
 0002:00002108       ??_C@_0CN@JHLMEODJ@Invalid?5SDP?5attributes?5?$CIPJMEDIA_@ 00422108     pjmedia-i386-win32-vc8-release:errno.obj
 0002:00002138       ??_C@_0DM@NEDHCJGL@Missing?5SDP?5connection?5info?5line@ 00422138     pjmedia-i386-win32-vc8-release:errno.obj
 0002:00002174       ??_C@_0DC@KNNPDHKA@Invalid?5SDP?5connection?5line?5?$CIPJM@ 00422174     pjmedia-i386-win32-vc8-release:errno.obj
 0002:000021a8       ??_C@_0DF@HNDCDPJF@SDP?5name?1subject?5line?5is?5empty?5?$CI@ 004221a8     pjmedia-i386-win32-vc8-release:errno.obj
 0002:000021e0       ??_C@_0CM@DLEAGODI@Invalid?5SDP?5time?5line?5?$CIPJMEDIA_S@ 004221e0     pjmedia-i386-win32-vc8-release:errno.obj
 0002:0000220c       ??_C@_0DA@DIKNJOEJ@Invalid?5SDP?5origin?5line?5?$CIPJMEDIA@ 0042220c     pjmedia-i386-win32-vc8-release:errno.obj
 0002:0000223c       ??_C@_0CO@ONPCFICA@Invalid?5SDP?5version?5line?5?$CIPJMEDI@ 0042223c     pjmedia-i386-win32-vc8-release:errno.obj
 0002:0000226c       ??_C@_0CM@KFAONKNJ@Invalid?5SDP?5descriptor?5?$CIPJMEDIA_@ 0042226c     pjmedia-i386-win32-vc8-release:errno.obj
 0002:00002298       ??_C@_0CK@HBHLALIF@Unspecified?5PJMEDIA?5error?5?$CIPJMED@ 00422298     pjmedia-i386-win32-vc8-release:errno.obj
 0002:000025d8       ??_C@_0BJ@JGEGOKIK@Unknown?5pjmedia?5error?5?$CFd?$AA@ 004225d8     pjmedia-i386-win32-vc8-release:errno.obj
 0002:000025f4       ??_C@_03FABGEMFG@AEC?$AA@  004225f4     pjmedia-i386-win32-vc8-release:echo_common.obj
 0002:000025f8       ??_C@_0BA@LPBIANE@Echo?5suppressor?$AA@ 004225f8     pjmedia-i386-win32-vc8-release:echo_common.obj
 0002:00002608       ??_C@_0FO@FCNNBEFH@?$CFs?5created?0?5clock_rate?$DN?$CFd?0?5chann@ 00422608     pjmedia-i386-win32-vc8-release:echo_common.obj
 0002:00002668       ??_C@_0M@KMDBLPFK@Creating?5?$CFs?$AA@ 00422668     pjmedia-i386-win32-vc8-release:echo_common.obj
 0002:00002674       ??_C@_04FACFFFMP@ec?$CFp?$AA@ 00422674     pjmedia-i386-win32-vc8-release:echo_common.obj
 0002:0000267c       ??_C@_0BM@HOHFIKPJ@Latency?5bufferring?5complete?$AA@ 0042267c     pjmedia-i386-win32-vc8-release:echo_common.obj
 0002:00002698       ??_C@_0DF@ENONGENO@No?5frame?5from?5delay?5buffer?4?5This@ 00422698     pjmedia-i386-win32-vc8-release:echo_common.obj
 0002:000026d0       ??_C@_0O@DBBHABPM@Prefetching?4?4?$AA@ 004226d0     pjmedia-i386-win32-vc8-release:echo_common.obj
 0002:000026e0       _pjmedia_linear2ulaw_tab   004226e0     pjmedia-i386-win32-vc8-release:alaw_ulaw_table.obj
 0002:000066e0       _pjmedia_linear2alaw_tab   004266e0     pjmedia-i386-win32-vc8-release:alaw_ulaw_table.obj
 0002:0000a6e0       _pjmedia_ulaw2linear_tab   0042a6e0     pjmedia-i386-win32-vc8-release:alaw_ulaw_table.obj
 0002:0000a8e0       _pjmedia_alaw2linear_tab   0042a8e0     pjmedia-i386-win32-vc8-release:alaw_ulaw_table.obj
 0002:0000aae0       ??_C@_0BI@JNCDFEKK@error?5while?5using?5pfkey?$AA@ 0042aae0     pjmedia-i386-win32-vc8-release:transport_srtp.obj
 0002:0000aaf8       ??_C@_0BN@OEPMNKMP@error?5while?5using?5semaphores?$AA@ 0042aaf8     pjmedia-i386-win32-vc8-release:transport_srtp.obj
 0002:0000ab18       ??_C@_0BE@FFKLLGEP@error?5encoding?5data?$AA@ 0042ab18     pjmedia-i386-win32-vc8-release:transport_srtp.obj
 0002:0000ab2c       ??_C@_0BD@PIIFGNCP@error?5pasring?5data?$AA@ 0042ab2c     pjmedia-i386-win32-vc8-release:transport_srtp.obj
 0002:0000ab40       ??_C@_0BE@PIHIJLHG@couldn?8t?5write?5data?$AA@ 0042ab40     pjmedia-i386-win32-vc8-release:transport_srtp.obj
 0002:0000ab54       ??_C@_0BD@FCFDDPHP@couldn?8t?5read?5data?$AA@ 0042ab54     pjmedia-i386-win32-vc8-release:transport_srtp.obj
 0002:0000ab68       ??_C@_0BD@HFMCMINA@nonce?5check?5failed?$AA@ 0042ab68     pjmedia-i386-win32-vc8-release:transport_srtp.obj
 0002:0000ab7c       ??_C@_0BL@DJFHEKEC@error?5in?5use?5POSIX?5signals?$AA@ 0042ab7c     pjmedia-i386-win32-vc8-release:transport_srtp.obj
 0002:0000ab98       ??_C@_0BH@CDHGOGDE@error?5in?5use?5of?5socket?$AA@ 0042ab98     pjmedia-i386-win32-vc8-release:transport_srtp.obj
[...]
 0003:00000e28       _mod_aes_icm               0042fe28     libsrtp-i386-win32-vc8-release:aes_icm.obj
 0003:00000e30       _aes_icm_description       0042fe30     libsrtp-i386-win32-vc8-release:aes_icm.obj
 0003:00000e4c       _aes_icm_test_case_0_key   0042fe4c     libsrtp-i386-win32-vc8-release:aes_icm.obj
 0003:00000e6c       _aes_icm_test_case_0_ciphertext 0042fe6c     libsrtp-i386-win32-vc8-release:aes_icm.obj
 0003:00000e8c       _aes_icm_test_case_0       0042fe8c     libsrtp-i386-win32-vc8-release:aes_icm.obj
 0003:00000eb8       _aes_icm_test_case_1_key   0042feb8     libsrtp-i386-win32-vc8-release:aes_icm.obj
 0003:00000ee8       _aes_icm_test_case_1_ciphertext 0042fee8     libsrtp-i386-win32-vc8-release:aes_icm.obj
 0003:00000f08       _aes_icm_test_case_1       0042ff08     libsrtp-i386-win32-vc8-release:aes_icm.obj
 0003:00000f34       _aes_icm                   0042ff34     libsrtp-i386-win32-vc8-release:aes_icm.obj
 0003:00000f68       _null_cipher_description   0042ff68     libsrtp-i386-win32-vc8-release:null_cipher.obj
 0003:00000f74       _null_cipher               0042ff74     libsrtp-i386-win32-vc8-release:null_cipher.obj
 0003:000031a8       _mod_sha1                  004321a8     libsrtp-i386-win32-vc8-release:sha1.obj
 0003:000031b0       _SHA_K0                    004321b0     libsrtp-i386-win32-vc8-release:sha1.obj
 0003:000031b4       _SHA_K1                    004321b4     libsrtp-i386-win32-vc8-release:sha1.obj
 0003:000031b8       _SHA_K2                    004321b8     libsrtp-i386-win32-vc8-release:sha1.obj
 0003:000031bc       _SHA_K3                    004321bc     libsrtp-i386-win32-vc8-release:sha1.obj
 0003:000031c0       ___security_cookie         004321c0     MSVCRT:gs_cookie.obj
 0003:000031c4       ___security_cookie_complement 004321c4     MSVCRT:gs_cookie.obj
 0003:000031d0       ___native_dllmain_reason   004321d0     MSVCRT:natstart.obj
 0003:000031d4       ___native_vcclrit_reason   004321d4     MSVCRT:natstart.obj
 0003:000031d8       ___globallocalestatus      004321d8     MSVCRT:xthdloc.obj
 0003:000031dc       ___defaultmatherr          004321dc     MSVCRT:merr.obj
 0003:00003e7c       _crypto_kernel             00432e7c     libsrtp-i386-win32-vc8-release:crypto_kernel.obj
 0003:00003e8c       _null_auth_test_case_0     00432e8c     libsrtp-i386-win32-vc8-release:null_auth.obj
 0003:00003ea8       _aes_cbc_test_case_0_iv    00432ea8     libsrtp-i386-win32-vc8-release:aes_cbc.obj
 0003:00003eb8       _aes_cbc_test_case_2_iv    00432eb8     libsrtp-i386-win32-vc8-release:aes_cbc.obj
 0003:00003ec8       _aes_icm_test_case_0_nonce 00432ec8     libsrtp-i386-win32-vc8-release:aes_icm.obj
 0003:00003ed8       _aes_icm_test_case_0_plaintext 00432ed8     libsrtp-i386-win32-vc8-release:aes_icm.obj
 0003:00003ef8       _aes_icm_test_case_1_nonce 00432ef8     libsrtp-i386-win32-vc8-release:aes_icm.obj
 0003:00003f08       _aes_icm_test_case_1_plaintext 00432f08     libsrtp-i386-win32-vc8-release:aes_icm.obj
 0003:00003f28       _null_cipher_test_0        00432f28     libsrtp-i386-win32-vc8-release:null_cipher.obj
 0003:0000429c       __dowildcard               0043329c     MSVCRT:wildcard.obj
 0003:000042a0       __newmode                  004332a0     MSVCRT:_newmode.obj
 0003:000042a4       __commode                  004332a4     MSVCRT:xncommod.obj
 0003:000042a8       __fmode                    004332a8     MSVCRT:xtxtmode.obj
 0003:000042ac       _PJ_NO_MEMORY_EXCEPTION    004332ac     <common>
 0003:000042c0       _ctr_prng                  004332c0     <common>
 0003:00004400       _bit_string                00433400     <common>
 0003:00004800       ___sse2_available          00433800     <common>
 0003:00004804       __adjust_fdiv              00433804     <common>
 0003:00004808       ___native_startup_state    00433808     <common>
 0003:0000480c       ___native_startup_lock     0043380c     <common>
 0003:00004810       ___onexitend               00433810     <common>
 0003:00004814       ___onexitbegin             00433814     <common>
 0003:00004818       ___dyn_tls_init_callback   00433818     <common>

 entry point at        0001:0001e005

 Static symbols

 0001:00000000       _PJMEDIA_SPF               00401000 f   recfile.obj
 0001:00000020       _PJMEDIA_AFD_SPF           00401020 f   recfile.obj
 0001:00000050       _PJMEDIA_PIA_SRATE         00401050 f   recfile.obj
 0001:00000060       _PJMEDIA_PIA_CCNT          00401060 f   recfile.obj
 0001:00000070       _PJMEDIA_PIA_BITS          00401070 f   recfile.obj
 0001:00000080       _PJMEDIA_PIA_SPF           00401080 f   recfile.obj
 0001:000000b0       _pjmedia_endpt_create      004010b0 f   recfile.obj
 0001:000000f0       _pjmedia_endpt_destroy     004010f0 f   recfile.obj
 0001:00000110       _app_perror                00401110 f   recfile.obj
 0001:000004b0       _pjmedia_frame_ext_append_subframe 004014b0 f   pjmedia-audiodev-i386-win32-vc8-release:wmme_dev.obj
 0001:00000500       _pjmedia_frame_ext_copy_payload 00401500 f   pjmedia-audiodev-i386-win32-vc8-release:wmme_dev.obj
 0001:000005b0       _build_dev_info            004015b0 f   pjmedia-audiodev-i386-win32-vc8-release:wmme_dev.obj
 0001:00000700       _factory_refresh           00401700 f   pjmedia-audiodev-i386-win32-vc8-release:wmme_dev.obj
 0001:000009e0       _factory_destroy           004019e0 f   pjmedia-audiodev-i386-win32-vc8-release:wmme_dev.obj
 0001:00000a10       _factory_get_dev_count     00401a10 f   pjmedia-audiodev-i386-win32-vc8-release:wmme_dev.obj
 0001:00000a20       _factory_get_dev_info      00401a20 f   pjmedia-audiodev-i386-win32-vc8-release:wmme_dev.obj
 0001:00000a60       _factory_default_param     00401a60 f   pjmedia-audiodev-i386-win32-vc8-release:wmme_dev.obj
 0001:00000b40       _init_waveformatex         00401b40 f   pjmedia-audiodev-i386-win32-vc8-release:wmme_dev.obj
 0001:00000c20       _init_player_stream        00401c20 f   pjmedia-audiodev-i386-win32-vc8-release:wmme_dev.obj
 0001:00000e10       _init_capture_stream       00401e10 f   pjmedia-audiodev-i386-win32-vc8-release:wmme_dev.obj
 0001:00000ff0       _wmme_dev_thread           00401ff0 f   pjmedia-audiodev-i386-win32-vc8-release:wmme_dev.obj
 0001:00001440       _stream_get_cap            00402440 f   pjmedia-audiodev-i386-win32-vc8-release:wmme_dev.obj
 0001:000014d0       _stream_set_cap            004024d0 f   pjmedia-audiodev-i386-win32-vc8-release:wmme_dev.obj
 0001:00001550       _stream_start              00402550 f   pjmedia-audiodev-i386-win32-vc8-release:wmme_dev.obj
 0001:000015d0       _stream_stop               004025d0 f   pjmedia-audiodev-i386-win32-vc8-release:wmme_dev.obj
 0001:00001660       _stream_destroy            00402660 f   pjmedia-audiodev-i386-win32-vc8-release:wmme_dev.obj
 0001:000017c0       _factory_init              004027c0 f   pjmedia-audiodev-i386-win32-vc8-release:wmme_dev.obj
 0001:000017f0       _factory_create_stream     004027f0 f   pjmedia-audiodev-i386-win32-vc8-release:wmme_dev.obj
 0001:00001a40       _stream_get_param          00402a40 f   pjmedia-audiodev-i386-win32-vc8-release:wmme_dev.obj
 0001:00001ca0       _worker_proc               00402ca0 f   pjmedia-i386-win32-vc8-release:endpoint.obj
 0001:00002050       _play_cb                   00403050 f   pjmedia-i386-win32-vc8-release:sound_port.obj
 0001:00002190       _rec_cb                    00403190 f   pjmedia-i386-win32-vc8-release:sound_port.obj
 0001:00002210       _play_cb_ext               00403210 f   pjmedia-i386-win32-vc8-release:sound_port.obj
 0001:00002260       _rec_cb_ext                00403260 f   pjmedia-i386-win32-vc8-release:sound_port.obj
 0001:00002630       _start_sound_device        00403630 f   pjmedia-i386-win32-vc8-release:sound_port.obj
 0001:00002a60       _file_put_frame            00403a60 f   pjmedia-i386-win32-vc8-release:wav_writer.obj
 0001:00002b60       _file_get_frame            00403b60 f   pjmedia-i386-win32-vc8-release:wav_writer.obj
 0001:00002b70       _file_on_destroy           00403b70 f   pjmedia-i386-win32-vc8-release:wav_writer.obj
 0001:000032b0       _make_global_index         004042b0 f   pjmedia-i386-win32-vc8-release:audiodev.obj
 0001:000032f0       _lookup_dev                004042f0 f   pjmedia-i386-win32-vc8-release:audiodev.obj
 0001:00003f10       _get_crypto_idx            00404f10 f   pjmedia-i386-win32-vc8-release:transport_srtp.obj
 0001:00003f50       _srtp_crypto_cmp           00404f50 f   pjmedia-i386-win32-vc8-release:transport_srtp.obj
 0001:000040d0       _transport_get_info        004050d0 f   pjmedia-i386-win32-vc8-release:transport_srtp.obj
 0001:00004200       _transport_detach          00405200 f   pjmedia-i386-win32-vc8-release:transport_srtp.obj
 0001:00004260       _transport_send_rtp        00405260 f   pjmedia-i386-win32-vc8-release:transport_srtp.obj
 0001:00004330       _transport_send_rtcp2      00405330 f   pjmedia-i386-win32-vc8-release:transport_srtp.obj
 0001:00004410       _transport_simulate_lost   00405410 f   pjmedia-i386-win32-vc8-release:transport_srtp.obj
 0001:00004430       _transport_destroy         00405430 f   pjmedia-i386-win32-vc8-release:transport_srtp.obj
 0001:000044a0       _srtp_rtcp_cb              004054a0 f   pjmedia-i386-win32-vc8-release:transport_srtp.obj
 0001:000045a0       _generate_crypto_attr_value 004055a0 f   pjmedia-i386-win32-vc8-release:transport_srtp.obj
 0001:00004820       _parse_attr_crypto         00405820 f   pjmedia-i386-win32-vc8-release:transport_srtp.obj
 0001:00004a70       _transport_media_create    00405a70 f   pjmedia-i386-win32-vc8-release:transport_srtp.obj
 0001:00004b90       _transport_encode_sdp      00405b90 f   pjmedia-i386-win32-vc8-release:transport_srtp.obj
 0001:00005160       _transport_media_stop      00406160 f   pjmedia-i386-win32-vc8-release:transport_srtp.obj
 0001:000057f0       _transport_send_rtcp       004067f0 f   pjmedia-i386-win32-vc8-release:transport_srtp.obj
 0001:00005810       _srtp_rtp_cb               00406810 f   pjmedia-i386-win32-vc8-release:transport_srtp.obj
 0001:00005a00       _transport_media_start     00406a00 f   pjmedia-i386-win32-vc8-release:transport_srtp.obj
 0001:00005dd0       _transport_attach          00406dd0 f   pjmedia-i386-win32-vc8-release:transport_srtp.obj
 0001:00006210       _echo_supp_update          00407210 f   pjmedia-i386-win32-vc8-release:echo_suppress.obj
 0001:00006c30       _pjmedia_circ_buf_get_read_regions 00407c30 f   pjmedia-i386-win32-vc8-release:delaybuf.obj
 0001:00006c30       _pjmedia_circ_buf_get_read_regions 00407c30 f   pjmedia-i386-win32-vc8-release:delaybuf.obj
 0001:00006c90       _pjmedia_circ_buf_read     00407c90 f   pjmedia-i386-win32-vc8-release:delaybuf.obj
 0001:00006d50       _pjmedia_circ_buf_write    00407d50 f   pjmedia-i386-win32-vc8-release:delaybuf.obj
 0001:00006d50       _pjmedia_circ_buf_write    00407d50 f   pjmedia-i386-win32-vc8-release:delaybuf.obj
 0001:00006fb0       _shrink_buffer             00407fb0 f   pjmedia-i386-win32-vc8-release:delaybuf.obj
 0001:00007040       _update                    00408040 f   pjmedia-i386-win32-vc8-release:delaybuf.obj
 0001:000073c0       _pjmedia_circ_buf_create   004083c0 f   pjmedia-i386-win32-vc8-release:wsola.obj
 0001:00007400       _pjmedia_circ_buf_adv_read_ptr 00408400 f   pjmedia-i386-win32-vc8-release:wsola.obj
 0001:00007400       _pjmedia_circ_buf_adv_read_ptr 00408400 f   pjmedia-i386-win32-vc8-release:wsola.obj
 0001:00007440       _pjmedia_circ_buf_get_write_regions 00408440 f   pjmedia-i386-win32-vc8-release:wsola.obj
 0001:00007440       _pjmedia_circ_buf_get_write_regions 00408440 f   pjmedia-i386-win32-vc8-release:wsola.obj
 0001:000074b0       _pjmedia_circ_buf_copy     004084b0 f   pjmedia-i386-win32-vc8-release:wsola.obj
 0001:00007560       _pjmedia_circ_buf_pack_buffer 00408560 f   pjmedia-i386-win32-vc8-release:wsola.obj
 0001:00007640       _find_pitch                00408640 f   pjmedia-i386-win32-vc8-release:wsola.obj
 0001:00007880       _overlapp_add              00408880 f   pjmedia-i386-win32-vc8-release:wsola.obj
 0001:00007900       _overlapp_add_simple       00408900 f   pjmedia-i386-win32-vc8-release:wsola.obj
 0001:00007990       _create_win                00408990 f   pjmedia-i386-win32-vc8-release:wsola.obj
 0001:00007a10       _fade_in                   00408a10 f   pjmedia-i386-win32-vc8-release:wsola.obj
 0001:00007ae0       _wsola_fade_out            00408ae0 f   pjmedia-i386-win32-vc8-release:wsola.obj
 0001:00007e30       _expand                    00408e30 f   pjmedia-i386-win32-vc8-release:wsola.obj
 0001:00007f40       _compress                  00408f40 f   pjmedia-i386-win32-vc8-release:wsola.obj
 0001:00008910       _pjlib_error               00409910 f   pjlib-i386-win32-vc8-release:errno.obj
 0001:00008d60       _thread_main@4             00409d60 f   pjlib-i386-win32-vc8-release:os_core_win32.obj
 0001:00008f30       _init_mutex                00409f30 f   pjlib-i386-win32-vc8-release:os_core_win32.obj
 0001:00009220       _pj_sem_wait_for           0040a220 f   pjlib-i386-win32-vc8-release:os_core_win32.obj
 0001:00009bd0       _cpool_create_pool         0040abd0 f   pjlib-i386-win32-vc8-release:pool_caching.obj
 0001:00009d00       _cpool_release_pool        0040ad00 f   pjlib-i386-win32-vc8-release:pool_caching.obj
 0001:00009dd0       _cpool_dump_status         0040add0 f   pjlib-i386-win32-vc8-release:pool_caching.obj
 0001:00009f20       _cpool_on_block_alloc      0040af20 f   pjlib-i386-win32-vc8-release:pool_caching.obj
 0001:00009f40       _cpool_on_block_free       0040af40 f   pjlib-i386-win32-vc8-release:pool_caching.obj
 0001:0000a0c0       _pj_pool_create_block      0040b0c0 f   pjlib-i386-win32-vc8-release:pool.obj
 0001:0000a2f0       _reset_pool                0040b2f0 f   pjlib-i386-win32-vc8-release:pool.obj
 0001:0000a450       _default_block_alloc       0040b450 f   pjlib-i386-win32-vc8-release:pool_policy_malloc.obj
 0001:0000a4b0       _default_block_free        0040b4b0 f   pjlib-i386-win32-vc8-release:pool_policy_malloc.obj
 0001:0000a4f0       _default_pool_callback     0040b4f0 f   pjlib-i386-win32-vc8-release:pool_policy_malloc.obj
 0001:0000a510       _logging_shutdown          0040b510 f   pjlib-i386-win32-vc8-release:log.obj
 0001:0000ac70       _pj_memcmp                 0040bc70 f   pjlib-i386-win32-vc8-release:string.obj
 0001:0000b420       _increment_counter         0040c420 f   pjlib-i386-win32-vc8-release:ioqueue_select.obj
 0001:0000b450       _decrement_counter         0040c450 f   pjlib-i386-win32-vc8-release:ioqueue_select.obj
 0001:0000b4e0       _scan_closing_keys         0040c4e0 f   pjlib-i386-win32-vc8-release:ioqueue_select.obj
 0001:0000c1e0       _get_base_time             0040d1e0 f   pjlib-i386-win32-vc8-release:os_time_win32.obj
 0001:0000c8d0       _create_mutex_lock         0040d8d0 f   pjlib-i386-win32-vc8-release:lock.obj
 0001:0000ca30       _grp_lock_destroy          0040da30 f   pjlib-i386-win32-vc8-release:lock.obj
 0001:0000cb00       _grp_lock_tryacquire       0040db00 f   pjlib-i386-win32-vc8-release:lock.obj
 0001:0000cbe0       _grp_lock_release          0040dbe0 f   pjlib-i386-win32-vc8-release:lock.obj
 0001:0000cc60       _guid_to_str               0040dc60 f   pjlib-i386-win32-vc8-release:guid_win32.obj
 0001:0000cda0       _pool_buf_cleanup          0040dda0 f   pjlib-i386-win32-vc8-release:pool_buf.obj
 0001:0000cde0       _stack_alloc               0040dde0 f   pjlib-i386-win32-vc8-release:pool_buf.obj
 0001:0000d130       _conj_window               0040e130 f   libspeex-i386-win32-vc8-release:preprocess.obj
 0001:0000d240       _hypergeom_gain            0040e240 f   libspeex-i386-win32-vc8-release:preprocess.obj
 0001:0000d2e0       _compute_gain_floor        0040e2e0 f   libspeex-i386-win32-vc8-release:preprocess.obj
 0001:0000db80       _speex_compute_agc         0040eb80 f   libspeex-i386-win32-vc8-release:preprocess.obj
 0001:0000deb0       _preprocess_analysis       0040eeb0 f   libspeex-i386-win32-vc8-release:preprocess.obj
 0001:0000e190       _update_noise_prob         0040f190 f   libspeex-i386-win32-vc8-release:preprocess.obj
 0001:0000fdc0       _filter_dc_notch16         00410dc0 f   libspeex-i386-win32-vc8-release:mdf.obj
 0001:0000ff80       _mdf_inner_prod            00410f80 f   libspeex-i386-win32-vc8-release:mdf.obj
 0001:0000ffd0       _spectral_mul_accum        00410fd0 f   libspeex-i386-win32-vc8-release:mdf.obj
 0001:000100d0       _weighted_spectral_mul_conj 004110d0 f   libspeex-i386-win32-vc8-release:mdf.obj
 0001:000101d0       _mdf_adjust_prop           004111d0 f   libspeex-i386-win32-vc8-release:mdf.obj
 0001:000126c0       _drfti1                    004136c0 f   libspeex-i386-win32-vc8-release:smallft.obj
 0001:00012870       _dradf2                    00413870 f   libspeex-i386-win32-vc8-release:smallft.obj
 0001:00012ba0       _dradf4                    00413ba0 f   libspeex-i386-win32-vc8-release:smallft.obj
 0001:000134d0       _dradfg                    004144d0 f   libspeex-i386-win32-vc8-release:smallft.obj
 0001:00014a90       _drftf1                    00415a90 f   libspeex-i386-win32-vc8-release:smallft.obj
 0001:00014c70       _dradb2                    00415c70 f   libspeex-i386-win32-vc8-release:smallft.obj
 0001:00015090       _dradb3                    00416090 f   libspeex-i386-win32-vc8-release:smallft.obj
 0001:00015590       _dradb4                    00416590 f   libspeex-i386-win32-vc8-release:smallft.obj
 0001:00016140       _dradbg                    00417140 f   libspeex-i386-win32-vc8-release:smallft.obj
 0001:000176e0       _drftb1                    004186e0 f   libspeex-i386-win32-vc8-release:smallft.obj
 0001:000179f0       _be64_to_cpu               004189f0 f   libsrtp-i386-win32-vc8-release:srtp.obj
 0001:00017ec0       _base_key_length           00418ec0 f   libsrtp-i386-win32-vc8-release:srtp.obj
 0001:00018600       _srtp_calc_aead_iv         00419600 f   libsrtp-i386-win32-vc8-release:srtp.obj
 0001:00018710       _srtp_protect_aead         00419710 f   libsrtp-i386-win32-vc8-release:srtp.obj
 0001:000189b0       _srtp_unprotect_aead       004199b0 f   libsrtp-i386-win32-vc8-release:srtp.obj
 0001:00018e50       _srtp_calc_aead_iv_srtcp   00419e50 f   libsrtp-i386-win32-vc8-release:srtp.obj
 0001:00018f60       _srtp_protect_rtcp_aead    00419f60 f   libsrtp-i386-win32-vc8-release:srtp.obj
 0001:000191d0       _srtp_unprotect_rtcp_aead  0041a1d0 f   libsrtp-i386-win32-vc8-release:srtp.obj
 0001:0001b960       _null_op                   0041c960 f   libsrtp-i386-win32-vc8-release:null_auth.obj
 0001:0001c130       _aes_icm_advance_ismacryp  0041d130 f   libsrtp-i386-win32-vc8-release:aes_icm.obj
 0001:0001c4d0       _aes_128_expand_encryption_key 0041d4d0 f   libsrtp-i386-win32-vc8-release:aes.obj
 0001:0001c710       _aes_256_expand_encryption_key 0041d710 f   libsrtp-i386-win32-vc8-release:aes.obj
 0001:0001ca50       _aes_round                 0041da50 f   libsrtp-i386-win32-vc8-release:aes.obj
 0001:0001cb30       _aes_inv_round             0041db30 f   libsrtp-i386-win32-vc8-release:aes.obj
 0001:0001cc10       _aes_final_round           0041dc10 f   libsrtp-i386-win32-vc8-release:aes.obj
 0001:0001cd10       _aes_inv_final_round       0041dd10 f   libsrtp-i386-win32-vc8-release:aes.obj
 0001:0001dd63       _pre_cpp_init              0041ed63 f   MSVCRT:crtexe.obj
 0001:0001ddae       ___tmainCRTStartup         0041edae f   MSVCRT:crtexe.obj
 0001:0001df24       _pre_c_init                0041ef24 f   MSVCRT:crtexe.obj
 0001:0001e6ee       _has_osfxsr_set            0041f6ee f   MSVCRT:cpu_disp.obj
