 sipecho

 Timestamp is 57d7f16a (Tue Sep 13 20:30:34 2016)

 Preferred load address is 00400000

 Start         Length     Name                   Class
 0001:00000000 000313feH .text                   CODE
 0002:00000000 00000200H .idata$5                DATA
 0002:00000200 00000004H .CRT$XCA                DATA
 0002:00000204 00000004H .CRT$XCAA               DATA
 0002:00000208 00000004H .CRT$XCZ                DATA
 0002:0000020c 00000004H .CRT$XIA                DATA
 0002:00000210 00000004H .CRT$XIAA               DATA
 0002:00000214 00000004H .CRT$XIC                DATA
 0002:00000218 00000004H .CRT$XIY                DATA
 0002:0000021c 00000004H .CRT$XIZ                DATA
 0002:00000220 00006c78H .rdata                  DATA
 0002:00006ea0 00000004H .rdata$sxdata           DATA
 0002:00006ea4 00000004H .rtc$IAA                DATA
 0002:00006ea8 00000004H .rtc$IZZ                DATA
 0002:00006eac 00000004H .rtc$TAA                DATA
 0002:00006eb0 00000004H .rtc$TZZ                DATA
 0002:00006eb8 0000007cH .xdata$x                DATA
 0002:00006f34 00000050H .idata$2                DATA
 0002:00006f84 00000014H .idata$3                DATA
 0002:00006f98 00000200H .idata$4                DATA
 0002:00007198 00000678H .idata$6                DATA
 0002:00007810 00000000H .edata                  DATA
 0003:00000000 000011b0H .data                   DATA
 0003:000011b0 000042e0H .bss                    DATA

  Address         Publics by Value              Rva+Base       Lib:Object

 0000:00000000       __except_list              00000000     <absolute>
 0000:00000001       ___safe_se_handler_count   00000001     <absolute>
 0000:00009876       __fltused                  00009876     <absolute>
 0000:00009876       __ldused                   00009876     <absolute>
 0000:00000000       ___ImageBase               00400000     <linker-defined>
 0001:000000a0       _get_snd_options           004010a0 f   sipecho.obj
 0001:000003e0       _dump_pool_usage           004013e0 f   sipecho.obj
 0001:00001060       _main                      00402060 f   sipecho.obj
 0001:00001610       _pjsip_inv_usage_init      00402610 f   pjsip-ua-i386-win32-vc8-release:sip_inv.obj
 0001:00001670       _pjsip_inv_state_name      00402670 f   pjsip-ua-i386-win32-vc8-release:sip_inv.obj
 0001:00001690       _pjsip_inv_create_uac      00402690 f   pjsip-ua-i386-win32-vc8-release:sip_inv.obj
 0001:000017e0       _pjsip_rdata_get_sdp_info  004027e0 f   pjsip-ua-i386-win32-vc8-release:sip_inv.obj
 0001:00001950       _pjsip_inv_create_uas      00402950 f   pjsip-ua-i386-win32-vc8-release:sip_inv.obj
 0001:00001b50       _pjsip_inv_uac_restart     00402b50 f   pjsip-ua-i386-win32-vc8-release:sip_inv.obj
 0001:00001bf0       _pjsip_create_sdp_body     00402bf0 f   pjsip-ua-i386-win32-vc8-release:sip_inv.obj
 0001:00001de0       _pjsip_inv_invite          00402de0 f   pjsip-ua-i386-win32-vc8-release:sip_inv.obj
 0001:00002700       _pjsip_inv_initial_answer  00403700 f   pjsip-ua-i386-win32-vc8-release:sip_inv.obj
 0001:00002870       _pjsip_inv_answer          00403870 f   pjsip-ua-i386-win32-vc8-release:sip_inv.obj
 0001:00002950       _pjsip_inv_set_sdp_answer  00403950 f   pjsip-ua-i386-win32-vc8-release:sip_inv.obj
 0001:000029a0       _pjsip_inv_end_session     004039a0 f   pjsip-ua-i386-win32-vc8-release:sip_inv.obj
 0001:00002b30       _pjsip_inv_cancel_reinvite 00403b30 f   pjsip-ua-i386-win32-vc8-release:sip_inv.obj
 0001:00002bf0       _pjsip_inv_update          00403bf0 f   pjsip-ua-i386-win32-vc8-release:sip_inv.obj
 0001:00002e30       _pjsip_inv_send_msg        00403e30 f   pjsip-ua-i386-win32-vc8-release:sip_inv.obj
 0001:000038e0       _pjsip_inv_process_redirect 004048e0 f   pjsip-ua-i386-win32-vc8-release:sip_inv.obj
 0001:00003c20       _pjsip_inv_create_ack      00404c20 f   pjsip-ua-i386-win32-vc8-release:sip_inv.obj
 0001:00005d30       _pjsip_100rel_init_module  00406d30 f   pjsip-ua-i386-win32-vc8-release:sip_100rel.obj
 0001:00005d50       _pjsip_100rel_attach       00406d50 f   pjsip-ua-i386-win32-vc8-release:sip_100rel.obj
 0001:00005db0       _pjsip_100rel_is_reliable  00406db0 f   pjsip-ua-i386-win32-vc8-release:sip_100rel.obj
 0001:00005df0       _pjsip_100rel_create_prack 00406df0 f   pjsip-ua-i386-win32-vc8-release:sip_100rel.obj
 0001:00006100       _pjsip_100rel_send_prack   00407100 f   pjsip-ua-i386-win32-vc8-release:sip_100rel.obj
 0001:00006180       _pjsip_100rel_end_session  00407180 f   pjsip-ua-i386-win32-vc8-release:sip_100rel.obj
 0001:00006530       _pjsip_100rel_tx_response  00407530 f   pjsip-ua-i386-win32-vc8-release:sip_100rel.obj
 0001:00006970       _pjsip_100rel_on_rx_prack  00407970 f   pjsip-ua-i386-win32-vc8-release:sip_100rel.obj
 0001:00007080       _pjsip_timer_init_session  00408080 f   pjsip-ua-i386-win32-vc8-release:sip_timer.obj
 0001:00007100       _pjsip_sess_expires_hdr_create 00408100 f   pjsip-ua-i386-win32-vc8-release:sip_timer.obj
 0001:00007160       _pjsip_timer_handle_refresh_error 00408160 f   pjsip-ua-i386-win32-vc8-release:sip_timer.obj
 0001:00007250       _pjsip_timer_end_session   00408250 f   pjsip-ua-i386-win32-vc8-release:sip_timer.obj
 0001:00007510       _pjsip_timer_update_req    00408510 f   pjsip-ua-i386-win32-vc8-release:sip_timer.obj
 0001:000075a0       _pjsip_timer_process_resp  004085a0 f   pjsip-ua-i386-win32-vc8-release:sip_timer.obj
 0001:00007920       _pjsip_timer_process_req   00408920 f   pjsip-ua-i386-win32-vc8-release:sip_timer.obj
 0001:00007b30       _pjsip_timer_update_resp   00408b30 f   pjsip-ua-i386-win32-vc8-release:sip_timer.obj
 0001:00007cc0       _pjsip_transport_get_type_from_name 00408cc0 f   pjsip-core-i386-win32-vc8-release:sip_transport.obj
 0001:00007d20       _pjsip_transport_get_type_from_flag 00408d20 f   pjsip-core-i386-win32-vc8-release:sip_transport.obj
 0001:00007d50       _pjsip_transport_get_flag_from_type 00408d50 f   pjsip-core-i386-win32-vc8-release:sip_transport.obj
 0001:00007d80       _pjsip_transport_get_default_port_for_type 00408d80 f   pjsip-core-i386-win32-vc8-release:sip_transport.obj
 0001:00007dc0       _pjsip_transport_get_type_name 00408dc0 f   pjsip-core-i386-win32-vc8-release:sip_transport.obj
 0001:00007df0       _pjsip_transport_get_type_desc 00408df0 f   pjsip-core-i386-win32-vc8-release:sip_transport.obj
 0001:00007e20       _pjsip_tx_data_create      00408e20 f   pjsip-core-i386-win32-vc8-release:sip_transport.obj
 0001:00007f20       _pjsip_tx_data_add_ref     00408f20 f   pjsip-core-i386-win32-vc8-release:sip_transport.obj
 0001:00007f40       _pjsip_tx_data_invalidate_msg 00408f40 f   pjsip-core-i386-win32-vc8-release:sip_transport.obj
 0001:00008040       _pjsip_tx_data_get_info    00409040 f   pjsip-core-i386-win32-vc8-release:sip_transport.obj
 0001:000080a0       _pjsip_rx_data_get_info    004090a0 f   pjsip-core-i386-win32-vc8-release:sip_transport.obj
 0001:00008130       _pjsip_transport_add_ref   00409130 f   pjsip-core-i386-win32-vc8-release:sip_transport.obj
 0001:00008210       _pjsip_transport_dec_ref   00409210 f   pjsip-core-i386-win32-vc8-release:sip_transport.obj
 0001:000083f0       _pjsip_tpmgr_register_tpfactory 004093f0 f   pjsip-core-i386-win32-vc8-release:sip_transport.obj
 0001:00008470       _pjsip_tpmgr_unregister_tpfactory 00409470 f   pjsip-core-i386-win32-vc8-release:sip_transport.obj
 0001:000084f0       _pjsip_tpmgr_receive_packet 004094f0 f   pjsip-core-i386-win32-vc8-release:sip_transport.obj
 0001:00008910       _pjsip_tpmgr_acquire_transport2 00409910 f   pjsip-core-i386-win32-vc8-release:sip_transport.obj
 0001:00008c50       _pjsip_tpmgr_set_state_cb  00409c50 f   pjsip-core-i386-win32-vc8-release:sip_transport.obj
 0001:00008c70       _pjsip_tpmgr_get_state_cb  00409c70 f   pjsip-core-i386-win32-vc8-release:sip_transport.obj
 0001:00008d00       _pjsip_transport_add_state_listener 00409d00 f   pjsip-core-i386-win32-vc8-release:sip_transport.obj
 0001:00008dc0       _pjsip_transport_remove_state_listener 00409dc0 f   pjsip-core-i386-win32-vc8-release:sip_transport.obj
 0001:00008e60       _pjsip_tpselector_add_ref  00409e60 f   pjsip-core-i386-win32-vc8-release:sip_transport.obj
 0001:00008e80       _pjsip_tpselector_dec_ref  00409e80 f   pjsip-core-i386-win32-vc8-release:sip_transport.obj
 0001:00008f60       _pjsip_tx_data_dec_ref     00409f60 f   pjsip-core-i386-win32-vc8-release:sip_transport.obj
 0001:00008f90       _pjsip_tx_data_encode      00409f90 f   pjsip-core-i386-win32-vc8-release:sip_transport.obj
 0001:00009050       _pjsip_tx_data_set_transport 0040a050 f   pjsip-core-i386-win32-vc8-release:sip_transport.obj
 0001:00009140       _pjsip_transport_send      0040a140 f   pjsip-core-i386-win32-vc8-release:sip_transport.obj
 0001:000092a0       _pjsip_transport_shutdown  0040a2a0 f   pjsip-core-i386-win32-vc8-release:sip_transport.obj
 0001:00009380       _pjsip_transport_destroy   0040a380 f   pjsip-core-i386-win32-vc8-release:sip_transport.obj
 0001:000093f0       _pjsip_tpmgr_create        0040a3f0 f   pjsip-core-i386-win32-vc8-release:sip_transport.obj
 0001:000094f0       _pjsip_tpmgr_destroy       0040a4f0 f   pjsip-core-i386-win32-vc8-release:sip_transport.obj
 0001:00009650       _pjsip_transport_register  0040a650 f   pjsip-core-i386-win32-vc8-release:sip_transport.obj
 0001:00009750       _pjsip_endpt_register_module 0040a750 f   pjsip-core-i386-win32-vc8-release:sip_endpoint.obj
 0001:000098d0       _pjsip_endpt_get_capability 0040a8d0 f   pjsip-core-i386-win32-vc8-release:sip_endpoint.obj
 0001:00009900       _pjsip_endpt_add_capability 0040a900 f   pjsip-core-i386-win32-vc8-release:sip_endpoint.obj
 0001:000099f0       _pjsip_endpt_get_request_headers 0040a9f0 f   pjsip-core-i386-win32-vc8-release:sip_endpoint.obj
 0001:00009a00       _pjsip_endpt_destroy       0040aa00 f   pjsip-core-i386-win32-vc8-release:sip_endpoint.obj
 0001:00009b40       _pjsip_endpt_name          0040ab40 f   pjsip-core-i386-win32-vc8-release:sip_endpoint.obj
 0001:00009b50       _pjsip_endpt_create_pool   0040ab50 f   pjsip-core-i386-win32-vc8-release:sip_endpoint.obj
 0001:00009ba0       _pjsip_endpt_release_pool  0040aba0 f   pjsip-core-i386-win32-vc8-release:sip_endpoint.obj
 0001:00009bc0       _pjsip_endpt_handle_events2 0040abc0 f   pjsip-core-i386-win32-vc8-release:sip_endpoint.obj
 0001:00009cc0       _pjsip_endpt_handle_events 0040acc0 f   pjsip-core-i386-win32-vc8-release:sip_endpoint.obj
 0001:00009ce0       _pjsip_endpt_schedule_timer 0040ace0 f   pjsip-core-i386-win32-vc8-release:sip_endpoint.obj
 0001:00009d00       _pjsip_endpt_cancel_timer  0040ad00 f   pjsip-core-i386-win32-vc8-release:sip_endpoint.obj
 0001:00009d20       _pjsip_endpt_get_timer_heap 0040ad20 f   pjsip-core-i386-win32-vc8-release:sip_endpoint.obj
 0001:00009d30       _pjsip_endpt_process_rx_data 0040ad30 f   pjsip-core-i386-win32-vc8-release:sip_endpoint.obj
 0001:0000a170       _pjsip_endpt_create_tdata  0040b170 f   pjsip-core-i386-win32-vc8-release:sip_endpoint.obj
 0001:0000a180       _pjsip_endpt_resolve       0040b180 f   pjsip-core-i386-win32-vc8-release:sip_endpoint.obj
 0001:0000a190       _pjsip_endpt_get_tpmgr     0040b190 f   pjsip-core-i386-win32-vc8-release:sip_endpoint.obj
 0001:0000a1a0       _pjsip_endpt_get_ioqueue   0040b1a0 f   pjsip-core-i386-win32-vc8-release:sip_endpoint.obj
 0001:0000a1b0       _pjsip_endpt_acquire_transport2 0040b1b0 f   pjsip-core-i386-win32-vc8-release:sip_endpoint.obj
 0001:0000a1c0       _pjsip_endpt_log_error     0040b1c0 f   pjsip-core-i386-win32-vc8-release:sip_endpoint.obj
 0001:0000a2d0       _pjsip_endpt_atexit        0040b2d0 f   pjsip-core-i386-win32-vc8-release:sip_endpoint.obj
 0001:0000a330       _pjsip_endpt_unregister_module 0040b330 f   pjsip-core-i386-win32-vc8-release:sip_endpoint.obj
 0001:0000a400       _pjsip_endpt_create        0040b400 f   pjsip-core-i386-win32-vc8-release:sip_endpoint.obj
 0001:0000a7b0       _pjsip_get_invite_method   0040b7b0 f   pjsip-core-i386-win32-vc8-release:sip_msg.obj
 0001:0000a7c0       _pjsip_get_cancel_method   0040b7c0 f   pjsip-core-i386-win32-vc8-release:sip_msg.obj
 0001:0000a7d0       _pjsip_get_ack_method      0040b7d0 f   pjsip-core-i386-win32-vc8-release:sip_msg.obj
 0001:0000a7e0       _pjsip_get_bye_method      0040b7e0 f   pjsip-core-i386-win32-vc8-release:sip_msg.obj
 0001:0000ac40       _pjsip_method_init_np      0040bc40 f   pjsip-core-i386-win32-vc8-release:sip_msg.obj
 0001:0000acb0       _pjsip_method_copy         0040bcb0 f   pjsip-core-i386-win32-vc8-release:sip_msg.obj
 0001:0000acf0       _pjsip_method_cmp          0040bcf0 f   pjsip-core-i386-win32-vc8-release:sip_msg.obj
 0001:0000ad30       _pjsip_msg_create          0040bd30 f   pjsip-core-i386-win32-vc8-release:sip_msg.obj
 0001:0000ad60       _pjsip_msg_find_hdr        0040bd60 f   pjsip-core-i386-win32-vc8-release:sip_msg.obj
 0001:0000ad90       _pjsip_msg_find_hdr_by_name 0040bd90 f   pjsip-core-i386-win32-vc8-release:sip_msg.obj
 0001:0000ade0       _pjsip_msg_find_hdr_by_names 0040bde0 f   pjsip-core-i386-win32-vc8-release:sip_msg.obj
 0001:0000ae40       _pjsip_hdr_clone           0040be40 f   pjsip-core-i386-win32-vc8-release:sip_msg.obj
 0001:0000ae50       _pjsip_hdr_shallow_clone   0040be50 f   pjsip-core-i386-win32-vc8-release:sip_msg.obj
 0001:0000ae60       _pjsip_hdr_print_on        0040be60 f   pjsip-core-i386-win32-vc8-release:sip_msg.obj
 0001:0000ae70       _pjsip_get_status_text     0040be70 f   pjsip-core-i386-win32-vc8-release:sip_msg.obj
 0001:0000aeb0       _pjsip_media_type_init     0040beb0 f   pjsip-core-i386-win32-vc8-release:sip_msg.obj
 0001:0000af10       _pjsip_media_type_init2    0040bf10 f   pjsip-core-i386-win32-vc8-release:sip_msg.obj
 0001:0000af80       _pjsip_media_type_cmp      0040bf80 f   pjsip-core-i386-win32-vc8-release:sip_msg.obj
 0001:0000afe0       _pjsip_media_type_cp       0040bfe0 f   pjsip-core-i386-win32-vc8-release:sip_msg.obj
 0001:0000b030       _pjsip_generic_string_hdr_init2 0040c030 f   pjsip-core-i386-win32-vc8-release:sip_msg.obj
 0001:0000b0a0       _pjsip_generic_string_hdr_init 0040c0a0 f   pjsip-core-i386-win32-vc8-release:sip_msg.obj
 0001:0000b110       _pjsip_generic_string_hdr_create 0040c110 f   pjsip-core-i386-win32-vc8-release:sip_msg.obj
 0001:0000b2c0       _pjsip_generic_array_hdr_init 0040c2c0 f   pjsip-core-i386-win32-vc8-release:sip_msg.obj
 0001:0000b4b0       _pjsip_accept_hdr_create   0040c4b0 f   pjsip-core-i386-win32-vc8-release:sip_msg.obj
 0001:0000b4f0       _pjsip_allow_hdr_create    0040c4f0 f   pjsip-core-i386-win32-vc8-release:sip_msg.obj
 0001:0000b540       _pjsip_cid_hdr_init        0040c540 f   pjsip-core-i386-win32-vc8-release:sip_msg.obj
 0001:0000b5a0       _pjsip_cid_hdr_create      0040c5a0 f   pjsip-core-i386-win32-vc8-release:sip_msg.obj
 0001:0000b5c0       _pjsip_clen_hdr_init       0040c5c0 f   pjsip-core-i386-win32-vc8-release:sip_msg.obj
 0001:0000b630       _pjsip_clen_hdr_create     0040c630 f   pjsip-core-i386-win32-vc8-release:sip_msg.obj
 0001:0000b6e0       _pjsip_cseq_hdr_create     0040c6e0 f   pjsip-core-i386-win32-vc8-release:sip_msg.obj
 0001:0000b820       _pjsip_contact_hdr_init    0040c820 f   pjsip-core-i386-win32-vc8-release:sip_msg.obj
 0001:0000b890       _pjsip_contact_hdr_create  0040c890 f   pjsip-core-i386-win32-vc8-release:sip_msg.obj
 0001:0000bb00       _pjsip_ctype_hdr_init      0040cb00 f   pjsip-core-i386-win32-vc8-release:sip_msg.obj
 0001:0000bb70       _pjsip_ctype_hdr_create    0040cb70 f   pjsip-core-i386-win32-vc8-release:sip_msg.obj
 0001:0000bbf0       _pjsip_media_type_print    0040cbf0 f   pjsip-core-i386-win32-vc8-release:sip_msg.obj
 0001:0000bcd0       _pjsip_expires_hdr_create  0040ccd0 f   pjsip-core-i386-win32-vc8-release:sip_msg.obj
 0001:0000bd20       _pjsip_from_hdr_init       0040cd20 f   pjsip-core-i386-win32-vc8-release:sip_msg.obj
 0001:0000bd90       _pjsip_from_hdr_create     0040cd90 f   pjsip-core-i386-win32-vc8-release:sip_msg.obj
 0001:0000bdb0       _pjsip_to_hdr_init         0040cdb0 f   pjsip-core-i386-win32-vc8-release:sip_msg.obj
 0001:0000be20       _pjsip_to_hdr_create       0040ce20 f   pjsip-core-i386-win32-vc8-release:sip_msg.obj
 0001:0000be40       _pjsip_fromto_hdr_set_from 0040ce40 f   pjsip-core-i386-win32-vc8-release:sip_msg.obj
 0001:0000be70       _pjsip_fromto_hdr_set_to   0040ce70 f   pjsip-core-i386-win32-vc8-release:sip_msg.obj
 0001:0000c010       _pjsip_max_fwd_hdr_create  0040d010 f   pjsip-core-i386-win32-vc8-release:sip_msg.obj
 0001:0000c060       _pjsip_min_expires_hdr_create 0040d060 f   pjsip-core-i386-win32-vc8-release:sip_msg.obj
 0001:0000c0b0       _pjsip_rr_hdr_create       0040d0b0 f   pjsip-core-i386-win32-vc8-release:sip_msg.obj
 0001:0000c110       _pjsip_route_hdr_create    0040d110 f   pjsip-core-i386-win32-vc8-release:sip_msg.obj
 0001:0000c170       _pjsip_routing_hdr_set_route 0040d170 f   pjsip-core-i386-win32-vc8-release:sip_msg.obj
 0001:0000c360       _pjsip_require_hdr_create  0040d360 f   pjsip-core-i386-win32-vc8-release:sip_msg.obj
 0001:0000c3b0       _pjsip_retry_after_hdr_create 0040d3b0 f   pjsip-core-i386-win32-vc8-release:sip_msg.obj
 0001:0000c570       _pjsip_supported_hdr_init  0040d570 f   pjsip-core-i386-win32-vc8-release:sip_msg.obj
 0001:0000c5e0       _pjsip_supported_hdr_create 0040d5e0 f   pjsip-core-i386-win32-vc8-release:sip_msg.obj
 0001:0000c600       _pjsip_unsupported_hdr_create 0040d600 f   pjsip-core-i386-win32-vc8-release:sip_msg.obj
 0001:0000c650       _pjsip_via_hdr_init        0040d650 f   pjsip-core-i386-win32-vc8-release:sip_msg.obj
 0001:0000c6c0       _pjsip_via_hdr_create      0040d6c0 f   pjsip-core-i386-win32-vc8-release:sip_msg.obj
 0001:0000cb80       _pjsip_warning_hdr_create  0040db80 f   pjsip-core-i386-win32-vc8-release:sip_msg.obj
 0001:0000cc00       _pjsip_warning_hdr_create_from_status 0040dc00 f   pjsip-core-i386-win32-vc8-release:sip_msg.obj
 0001:0000cc60       _pjsip_print_text_body     0040dc60 f   pjsip-core-i386-win32-vc8-release:sip_msg.obj
 0001:0000cc90       _pjsip_clone_text_data     0040dc90 f   pjsip-core-i386-win32-vc8-release:sip_msg.obj
 0001:0000ccc0       _pjsip_msg_body_copy       0040dcc0 f   pjsip-core-i386-win32-vc8-release:sip_msg.obj
 0001:0000cd40       _pjsip_msg_body_clone      0040dd40 f   pjsip-core-i386-win32-vc8-release:sip_msg.obj
 0001:0000cd80       _pjsip_msg_print           0040dd80 f   pjsip-core-i386-win32-vc8-release:sip_msg.obj
 0001:0000d050       _pjsip_method_creates_dialog 0040e050 f   pjsip-core-i386-win32-vc8-release:sip_dialog.obj
 0001:0000d290       _pjsip_dlg_create_uac      0040e290 f   pjsip-core-i386-win32-vc8-release:sip_dialog.obj
 0001:0000d710       _pjsip_dlg_inc_lock        0040e710 f   pjsip-core-i386-win32-vc8-release:sip_dialog.obj
 0001:0000d740       _pjsip_dlg_try_inc_lock    0040e740 f   pjsip-core-i386-win32-vc8-release:sip_dialog.obj
 0001:0000d780       _pjsip_dlg_dec_lock        0040e780 f   pjsip-core-i386-win32-vc8-release:sip_dialog.obj
 0001:0000d7e0       _pjsip_dlg_dec_session     0040e7e0 f   pjsip-core-i386-win32-vc8-release:sip_dialog.obj
 0001:0000d860       _pjsip_dlg_add_usage       0040e860 f   pjsip-core-i386-win32-vc8-release:sip_dialog.obj
 0001:0000da70       _pjsip_dlg_create_request  0040ea70 f   pjsip-core-i386-win32-vc8-release:sip_dialog.obj
 0001:0000db50       _pjsip_dlg_send_request    0040eb50 f   pjsip-core-i386-win32-vc8-release:sip_dialog.obj
 0001:0000df00       _pjsip_dlg_create_response 0040ef00 f   pjsip-core-i386-win32-vc8-release:sip_dialog.obj
 0001:0000dfc0       _pjsip_dlg_modify_response 0040efc0 f   pjsip-core-i386-win32-vc8-release:sip_dialog.obj
 0001:0000e0d0       _pjsip_dlg_send_response   0040f0d0 f   pjsip-core-i386-win32-vc8-release:sip_dialog.obj
 0001:0000e1d0       _pjsip_dlg_on_rx_request   0040f1d0 f   pjsip-core-i386-win32-vc8-release:sip_dialog.obj
 0001:0000e620       _pjsip_dlg_on_tsx_state    0040f620 f   pjsip-core-i386-win32-vc8-release:sip_dialog.obj
 0001:0000e730       _pjsip_dlg_get_remote_cap_hdr 0040f730 f   pjsip-core-i386-win32-vc8-release:sip_dialog.obj
 0001:0000e7d0       _pjsip_dlg_set_remote_cap_hdr 0040f7d0 f   pjsip-core-i386-win32-vc8-release:sip_dialog.obj
 0001:0000e8f0       _pjsip_dlg_remove_remote_cap_hdr 0040f8f0 f   pjsip-core-i386-win32-vc8-release:sip_dialog.obj
 0001:0000e980       _pjsip_dlg_inc_session     0040f980 f   pjsip-core-i386-win32-vc8-release:sip_dialog.obj
 0001:0000ea00       _pjsip_dlg_remote_has_cap  0040fa00 f   pjsip-core-i386-win32-vc8-release:sip_dialog.obj
 0001:0000ead0       _pjsip_dlg_update_remote_cap 0040fad0 f   pjsip-core-i386-win32-vc8-release:sip_dialog.obj
 0001:0000ecf0       _create_uas_dialog         0040fcf0 f   pjsip-core-i386-win32-vc8-release:sip_dialog.obj
 0001:0000f230       _pjsip_dlg_create_uas_and_inc_lock 00410230 f   pjsip-core-i386-win32-vc8-release:sip_dialog.obj
 0001:0000f250       _pjsip_dlg_on_rx_response  00410250 f   pjsip-core-i386-win32-vc8-release:sip_dialog.obj
 0001:0000f740       _pjsip_ua_init_module      00410740 f   pjsip-core-i386-win32-vc8-release:sip_ua_layer.obj
 0001:0000f770       _pjsip_ua_instance         00410770 f   pjsip-core-i386-win32-vc8-release:sip_ua_layer.obj
 0001:0000f780       _pjsip_ua_get_endpt        00410780 f   pjsip-core-i386-win32-vc8-release:sip_ua_layer.obj
 0001:0000f7c0       _pjsip_ua_register_dlg     004107c0 f   pjsip-core-i386-win32-vc8-release:sip_ua_layer.obj
 0001:0000f8f0       _pjsip_ua_unregister_dlg   004108f0 f   pjsip-core-i386-win32-vc8-release:sip_ua_layer.obj
 0001:0000f9c0       _pjsip_rdata_get_dlg       004109c0 f   pjsip-core-i386-win32-vc8-release:sip_ua_layer.obj
 0001:0000f9e0       _pjsip_tsx_get_dlg         004109e0 f   pjsip-core-i386-win32-vc8-release:sip_ua_layer.obj
 0001:0000ff40       _pjsip_target_set_add_uri  00410f40 f   pjsip-core-i386-win32-vc8-release:sip_util.obj
 0001:00010010       _pjsip_target_set_add_from_msg 00411010 f   pjsip-core-i386-win32-vc8-release:sip_util.obj
 0001:00010090       _pjsip_target_set_get_next 00411090 f   pjsip-core-i386-win32-vc8-release:sip_util.obj
 0001:000100e0       _pjsip_target_set_set_current 004110e0 f   pjsip-core-i386-win32-vc8-release:sip_util.obj
 0001:00010120       _pjsip_target_assign_status 00411120 f   pjsip-core-i386-win32-vc8-release:sip_util.obj
 0001:00010360       _pjsip_endpt_create_request_from_hdr 00411360 f   pjsip-core-i386-win32-vc8-release:sip_util.obj
 0001:00010540       _pjsip_endpt_create_response 00411540 f   pjsip-core-i386-win32-vc8-release:sip_util.obj
 0001:000107c0       _pjsip_endpt_create_ack    004117c0 f   pjsip-core-i386-win32-vc8-release:sip_util.obj
 0001:00010980       _pjsip_endpt_create_cancel 00411980 f   pjsip-core-i386-win32-vc8-release:sip_util.obj
 0001:00010ba0       _pjsip_get_dest_info       00411ba0 f   pjsip-core-i386-win32-vc8-release:sip_util.obj
 0001:00010d50       _pjsip_get_request_dest    00411d50 f   pjsip-core-i386-win32-vc8-release:sip_util.obj
 0001:00010dc0       _pjsip_restore_strict_route_set 00411dc0 f   pjsip-core-i386-win32-vc8-release:sip_util.obj
 0001:000112f0       _pjsip_get_response_addr   004122f0 f   pjsip-core-i386-win32-vc8-release:sip_util.obj
 0001:000115c0       _pjsip_endpt_send_response 004125c0 f   pjsip-core-i386-win32-vc8-release:sip_util.obj
 0001:00011690       _pjsip_endpt_respond_stateless 00412690 f   pjsip-core-i386-win32-vc8-release:sip_util.obj
 0001:00011820       _pjsip_event_str           00412820 f   pjsip-core-i386-win32-vc8-release:sip_util.obj
 0001:00011830       _pjsip_process_route_set   00412830 f   pjsip-core-i386-win32-vc8-release:sip_util.obj
 0001:00011a30       _pjsip_endpt_send_request_stateless 00412a30 f   pjsip-core-i386-win32-vc8-release:sip_util.obj
 0001:00011b60       _pjsip_endpt_respond       00412b60 f   pjsip-core-i386-win32-vc8-release:sip_util_statefull.obj
 0001:00011cc0       _pjsip_tsx_state_str       00412cc0 f   pjsip-core-i386-win32-vc8-release:sip_transaction.obj
 0001:00011ea0       _pjsip_tsx_create_key      00412ea0 f   pjsip-core-i386-win32-vc8-release:sip_transaction.obj
 0001:00011f10       _pjsip_tsx_layer_init_module 00412f10 f   pjsip-core-i386-win32-vc8-release:sip_transaction.obj
 0001:00012160       _pjsip_tsx_layer_find_tsx  00413160 f   pjsip-core-i386-win32-vc8-release:sip_transaction.obj
 0001:000122a0       _pjsip_rdata_get_tsx       004132a0 f   pjsip-core-i386-win32-vc8-release:sip_transaction.obj
 0001:00012350       _pjsip_tsx_set_transport   00413350 f   pjsip-core-i386-win32-vc8-release:sip_transaction.obj
 0001:000123e0       _pjsip_tsx_set_timeout     004133e0 f   pjsip-core-i386-win32-vc8-release:sip_transaction.obj
 0001:000124b0       _pjsip_tsx_send_msg        004134b0 f   pjsip-core-i386-win32-vc8-release:sip_transaction.obj
 0001:00012570       _pjsip_tsx_recv_msg        00413570 f   pjsip-core-i386-win32-vc8-release:sip_transaction.obj
 0001:00012cb0       _pjsip_tsx_terminate       00413cb0 f   pjsip-core-i386-win32-vc8-release:sip_transaction.obj
 0001:00013400       _pjsip_tsx_retransmit_no_state 00414400 f   pjsip-core-i386-win32-vc8-release:sip_transaction.obj
 0001:00014d00       _pjsip_tsx_create_uac2     00415d00 f   pjsip-core-i386-win32-vc8-release:sip_transaction.obj
 0001:00014f60       _pjsip_tsx_create_uas2     00415f60 f   pjsip-core-i386-win32-vc8-release:sip_transaction.obj
 0001:000151a0       _pjsip_tsx_create_uac      004161a0 f   pjsip-core-i386-win32-vc8-release:sip_transaction.obj
 0001:000151c0       _pjsip_tsx_create_uas      004161c0 f   pjsip-core-i386-win32-vc8-release:sip_transaction.obj
 0001:00015d40       _pjsip_udp_transport_start2 00416d40 f   pjsip-core-i386-win32-vc8-release:sip_transport_udp.obj
 0001:00015e90       _pjsip_udp_transport_start 00416e90 f   pjsip-core-i386-win32-vc8-release:sip_transport_udp.obj
 0001:00015f60       _pjsip_udp_transport_start6 00416f60 f   pjsip-core-i386-win32-vc8-release:sip_transport_udp.obj
 0001:00017610       _pjsip_tcp_transport_start3 00418610 f   pjsip-core-i386-win32-vc8-release:sip_transport_tcp.obj
 0001:00017b60       _pjsip_tcp_transport_start2 00418b60 f   pjsip-core-i386-win32-vc8-release:sip_transport_tcp.obj
 0001:00017c50       _pjsip_tcp_transport_start 00418c50 f   pjsip-core-i386-win32-vc8-release:sip_transport_tcp.obj
 0001:00017f00       _pjsip_multipart_add_part  00418f00 f   pjsip-core-i386-win32-vc8-release:sip_multipart.obj
 0001:00017f50       _pjsip_multipart_find_part 00418f50 f   pjsip-core-i386-win32-vc8-release:sip_multipart.obj
 0001:00018250       _pjsip_multipart_create    00419250 f   pjsip-core-i386-win32-vc8-release:sip_multipart.obj
 0001:00018370       _pjsip_multipart_parse     00419370 f   pjsip-core-i386-win32-vc8-release:sip_multipart.obj
 0001:00018650       _pjsip_parser_const        00419650 f   pjsip-core-i386-win32-vc8-release:sip_parser.obj
 0001:00018660       _deinit_sip_parser         00419660 f   pjsip-core-i386-win32-vc8-release:sip_parser.obj
 0001:00018820       _pjsip_register_hdr_parser 00419820 f   pjsip-core-i386-win32-vc8-release:sip_parser.obj
 0001:00018a00       _pjsip_register_uri_parser 00419a00 f   pjsip-core-i386-win32-vc8-release:sip_parser.obj
 0001:00018a50       _pjsip_find_msg            00419a50 f   pjsip-core-i386-win32-vc8-release:sip_parser.obj
 0001:00018e00       _pjsip_parse_param_imp     00419e00 f   pjsip-core-i386-win32-vc8-release:sip_parser.obj
 0001:000193f0       _pjsip_parse_end_hdr_imp   0041a3f0 f   pjsip-core-i386-win32-vc8-release:sip_parser.obj
 0001:0001a210       _pjsip_parse_hdr           0041b210 f   pjsip-core-i386-win32-vc8-release:sip_parser.obj
 0001:0001a2e0       _pjsip_parse_headers       0041b2e0 f   pjsip-core-i386-win32-vc8-release:sip_parser.obj
 0001:0001b5f0       _init_sip_parser           0041c5f0 f   pjsip-core-i386-win32-vc8-release:sip_parser.obj
 0001:0001b610       _pjsip_parse_rdata         0041c610 f   pjsip-core-i386-win32-vc8-release:sip_parser.obj
 0001:0001b680       _pjsip_parse_uri           0041c680 f   pjsip-core-i386-win32-vc8-release:sip_parser.obj
 0001:0001b7d0       _pjsip_auth_create_digest  0041c7d0 f   pjsip-core-i386-win32-vc8-release:sip_auth_client.obj
 0001:0001bed0       _pjsip_auth_clt_init       0041ced0 f   pjsip-core-i386-win32-vc8-release:sip_auth_client.obj
 0001:0001bf20       _pjsip_auth_clt_deinit     0041cf20 f   pjsip-core-i386-win32-vc8-release:sip_auth_client.obj
 0001:0001c130       _pjsip_auth_clt_init_req   0041d130 f   pjsip-core-i386-win32-vc8-release:sip_auth_client.obj
 0001:0001c590       _pjsip_auth_clt_reinit_req 0041d590 f   pjsip-core-i386-win32-vc8-release:sip_auth_client.obj
 0001:0001c790       _pjsip_param_find          0041d790 f   pjsip-core-i386-win32-vc8-release:sip_uri.obj
 0001:0001c7d0       _pjsip_param_cmp           0041d7d0 f   pjsip-core-i386-win32-vc8-release:sip_uri.obj
 0001:0001c880       _pjsip_param_clone         0041d880 f   pjsip-core-i386-win32-vc8-release:sip_uri.obj
 0001:0001c8f0       _pjsip_param_shallow_clone 0041d8f0 f   pjsip-core-i386-win32-vc8-release:sip_uri.obj
 0001:0001c950       _pjsip_param_print_on      0041d950 f   pjsip-core-i386-win32-vc8-release:sip_uri.obj
 0001:0001ca70       _pjsip_sip_uri_create      0041da70 f   pjsip-core-i386-win32-vc8-release:sip_uri.obj
 0001:0001d160       _pjsip_sip_uri_assign      0041e160 f   pjsip-core-i386-win32-vc8-release:sip_uri.obj
 0001:0001d2a0       _pjsip_name_addr_init      0041e2a0 f   pjsip-core-i386-win32-vc8-release:sip_uri.obj
 0001:0001d2c0       _pjsip_name_addr_create    0041e2c0 f   pjsip-core-i386-win32-vc8-release:sip_uri.obj
 0001:0001d3d0       _pjsip_name_addr_assign    0041e3d0 f   pjsip-core-i386-win32-vc8-release:sip_uri.obj
 0001:0001d4c0       _pjsip_other_uri_create    0041e4c0 f   pjsip-core-i386-win32-vc8-release:sip_uri.obj
 0001:0001d600       _pjsip_resolver_create     0041e600 f   pjsip-core-i386-win32-vc8-release:sip_resolve.obj
 0001:0001d630       _pjsip_resolver_destroy    0041e630 f   pjsip-core-i386-win32-vc8-release:sip_resolve.obj
 0001:0001db50       _pjsip_resolve             0041eb50 f   pjsip-core-i386-win32-vc8-release:sip_resolve.obj
 0001:0001e240       _pjsip_tel_nb_cmp          0041f240 f   pjsip-core-i386-win32-vc8-release:sip_tel_uri.obj
 0001:0001e6e0       _pjsip_tel_uri_subsys_init 0041f6e0 f   pjsip-core-i386-win32-vc8-release:sip_tel_uri.obj
 0001:0001e8e0       _pjsip_strerror            0041f8e0 f   pjsip-core-i386-win32-vc8-release:sip_errno.obj
 0001:0001efc0       _pjsip_auth_init_parser    0041ffc0 f   pjsip-core-i386-win32-vc8-release:sip_auth_parser.obj
 0001:0001f020       _pjsip_authorization_hdr_create 00420020 f   pjsip-core-i386-win32-vc8-release:sip_auth_msg.obj
 0001:0001f080       _pjsip_proxy_authorization_hdr_create 00420080 f   pjsip-core-i386-win32-vc8-release:sip_auth_msg.obj
 0001:0001f7a0       _pjsip_www_authenticate_hdr_create 004207a0 f   pjsip-core-i386-win32-vc8-release:sip_auth_msg.obj
 0001:0001f800       _pjsip_proxy_authenticate_hdr_create 00420800 f   pjsip-core-i386-win32-vc8-release:sip_auth_msg.obj
 0001:0001fe00       _pjmedia_sdp_attr_create   00420e00 f   pjmedia-i386-win32-vc8-release:sdp.obj
 0001:0001fe60       _pjmedia_sdp_attr_find     00420e60 f   pjmedia-i386-win32-vc8-release:sdp.obj
 0001:0001fef0       _pjmedia_sdp_attr_remove_all 00420ef0 f   pjmedia-i386-win32-vc8-release:sdp.obj
 0001:0001ffa0       _pjmedia_sdp_attr_remove   00420fa0 f   pjmedia-i386-win32-vc8-release:sdp.obj
 0001:00020060       _pjmedia_sdp_conn_clone    00421060 f   pjmedia-i386-win32-vc8-release:sdp.obj
 0001:00020330       _pjmedia_sdp_media_clone   00421330 f   pjmedia-i386-win32-vc8-release:sdp.obj
 0001:00020520       _pjmedia_sdp_media_find_attr 00421520 f   pjmedia-i386-win32-vc8-release:sdp.obj
 0001:00020550       _pjmedia_sdp_media_find_attr2 00421550 f   pjmedia-i386-win32-vc8-release:sdp.obj
 0001:000205b0       _pjmedia_sdp_media_add_attr 004215b0 f   pjmedia-i386-win32-vc8-release:sdp.obj
 0001:000205f0       _pjmedia_sdp_session_add_attr 004215f0 f   pjmedia-i386-win32-vc8-release:sdp.obj
 0001:00020630       _pjmedia_sdp_media_remove_all_attr 00421630 f   pjmedia-i386-win32-vc8-release:sdp.obj
 0001:00020650       _pjmedia_sdp_media_remove_attr 00421650 f   pjmedia-i386-win32-vc8-release:sdp.obj
 0001:00020c30       _pjmedia_sdp_print         00421c30 f   pjmedia-i386-win32-vc8-release:sdp.obj
 0001:00020c50       _pjmedia_sdp_session_clone 00421c50 f   pjmedia-i386-win32-vc8-release:sdp.obj
 0001:00020ee0       _pjmedia_sdp_validate2     00421ee0 f   pjmedia-i386-win32-vc8-release:sdp.obj
 0001:000210d0       _pjmedia_sdp_transport_cmp 004220d0 f   pjmedia-i386-win32-vc8-release:sdp.obj
 0001:00021140       _pjmedia_sdp_media_deactivate 00422140 f   pjmedia-i386-win32-vc8-release:sdp.obj
 0001:00021160       _pjmedia_sdp_media_clone_deactivate 00422160 f   pjmedia-i386-win32-vc8-release:sdp.obj
 0001:000212d0       _pjmedia_sdp_attr_get_rtpmap 004222d0 f   pjmedia-i386-win32-vc8-release:sdp.obj
 0001:000216f0       _pjmedia_sdp_parse         004226f0 f   pjmedia-i386-win32-vc8-release:sdp.obj
 0001:00021b60       _pjmedia_sdp_validate      00422b60 f   pjmedia-i386-win32-vc8-release:sdp.obj
 0001:00021b70       _pjmedia_sdp_neg_state_str 00422b70 f   pjmedia-i386-win32-vc8-release:sdp_neg.obj
 0001:00021b90       _pjmedia_sdp_neg_create_w_local_offer 00422b90 f   pjmedia-i386-win32-vc8-release:sdp_neg.obj
 0001:00021c20       _pjmedia_sdp_neg_create_w_remote_offer 00422c20 f   pjmedia-i386-win32-vc8-release:sdp_neg.obj
 0001:00021cf0       _pjmedia_sdp_neg_get_state 00422cf0 f   pjmedia-i386-win32-vc8-release:sdp_neg.obj
 0001:00021d00       _pjmedia_sdp_neg_get_active_local 00422d00 f   pjmedia-i386-win32-vc8-release:sdp_neg.obj
 0001:00021d30       _pjmedia_sdp_neg_get_neg_local 00422d30 f   pjmedia-i386-win32-vc8-release:sdp_neg.obj
 0001:00021e10       _pjmedia_sdp_neg_modify_local_offer2 00422e10 f   pjmedia-i386-win32-vc8-release:sdp_neg.obj
 0001:00022070       _pjmedia_sdp_neg_send_local_offer 00423070 f   pjmedia-i386-win32-vc8-release:sdp_neg.obj
 0001:00022100       _pjmedia_sdp_neg_set_remote_answer 00423100 f   pjmedia-i386-win32-vc8-release:sdp_neg.obj
 0001:00022150       _pjmedia_sdp_neg_set_remote_offer 00423150 f   pjmedia-i386-win32-vc8-release:sdp_neg.obj
 0001:000221a0       _pjmedia_sdp_neg_set_local_answer 004231a0 f   pjmedia-i386-win32-vc8-release:sdp_neg.obj
 0001:00022220       _pjmedia_sdp_neg_has_local_answer 00423220 f   pjmedia-i386-win32-vc8-release:sdp_neg.obj
 0001:00022520       _pjmedia_sdp_neg_cancel_offer 00423520 f   pjmedia-i386-win32-vc8-release:sdp_neg.obj
 0001:000232b0       _pjmedia_sdp_neg_negotiate 004242b0 f   pjmedia-i386-win32-vc8-release:sdp_neg.obj
 0001:00023c00       _pj_getopt_long            00424c00 f   pjlib-util-i386-win32-vc8-release:getopt.obj
 0001:00023c30       _pjlib_util_strerror       00424c30 f   pjlib-util-i386-win32-vc8-release:errno.obj
 0001:00023d10       _pjlib_util_init           00424d10 f   pjlib-util-i386-win32-vc8-release:errno.obj
 0001:00023d30       _pj_cis_buf_init           00424d30 f   pjlib-util-i386-win32-vc8-release:scanner.obj
 0001:00023d60       _pj_cis_init               00424d60 f   pjlib-util-i386-win32-vc8-release:scanner.obj
 0001:00023db0       _pj_cis_dup                00424db0 f   pjlib-util-i386-win32-vc8-release:scanner.obj
 0001:00023ec0       _pj_cis_add_alpha          00424ec0 f   pjlib-util-i386-win32-vc8-release:scanner.obj
 0001:00023f10       _pj_cis_add_num            00424f10 f   pjlib-util-i386-win32-vc8-release:scanner.obj
 0001:00023f40       _pj_cis_add_str            00424f40 f   pjlib-util-i386-win32-vc8-release:scanner.obj
 0001:00023f70       _pj_cis_add_cis            00424f70 f   pjlib-util-i386-win32-vc8-release:scanner.obj
 0001:00024020       _pj_cis_del_str            00425020 f   pjlib-util-i386-win32-vc8-release:scanner.obj
 0001:00024050       _pj_cis_invert             00425050 f   pjlib-util-i386-win32-vc8-release:scanner.obj
 0001:00024120       _pj_scan_fini              00425120 f   pjlib-util-i386-win32-vc8-release:scanner.obj
 0001:00024140       _pj_scan_skip_whitespace   00425140 f   pjlib-util-i386-win32-vc8-release:scanner.obj
 0001:00024210       _pj_scan_skip_line         00425210 f   pjlib-util-i386-win32-vc8-release:scanner.obj
 0001:00024240       _pj_scan_peek              00425240 f   pjlib-util-i386-win32-vc8-release:scanner.obj
 0001:000242a0       _pj_scan_get               004252a0 f   pjlib-util-i386-win32-vc8-release:scanner.obj
 0001:00024310       _pj_scan_get_quotes        00425310 f   pjlib-util-i386-win32-vc8-release:scanner.obj
 0001:000243e0       _pj_scan_get_n             004253e0 f   pjlib-util-i386-win32-vc8-release:scanner.obj
 0001:00024430       _pj_scan_get_char          00425430 f   pjlib-util-i386-win32-vc8-release:scanner.obj
 0001:00024470       _pj_scan_get_newline       00425470 f   pjlib-util-i386-win32-vc8-release:scanner.obj
 0001:000244b0       _pj_scan_get_until_ch      004254b0 f   pjlib-util-i386-win32-vc8-release:scanner.obj
 0001:00024510       _pj_scan_get_until_chr     00425510 f   pjlib-util-i386-win32-vc8-release:scanner.obj
 0001:00024590       _pj_scan_advance_n         00425590 f   pjlib-util-i386-win32-vc8-release:scanner.obj
 0001:000245d0       _pj_scan_init              004255d0 f   pjlib-util-i386-win32-vc8-release:scanner.obj
 0001:00024620       _pj_scan_get_quote         00425620 f   pjlib-util-i386-win32-vc8-release:scanner.obj
 0001:000246a0       _pj_dns_resolver_destroy   004256a0 f   pjlib-util-i386-win32-vc8-release:resolver.obj
 0001:00024910       _pj_dns_resolver_cancel_query 00425910 f   pjlib-util-i386-win32-vc8-release:resolver.obj
 0001:00024970       _pj_dns_parse_addr_response 00425970 f   pjlib-util-i386-win32-vc8-release:resolver.obj
 0001:00025210       _pj_dns_resolver_start_query 00426210 f   pjlib-util-i386-win32-vc8-release:resolver.obj
 0001:00025730       _pj_str_unescape           00426730 f   pjlib-util-i386-win32-vc8-release:string.obj
 0001:00025820       _pj_strncpy2_escape        00426820 f   pjlib-util-i386-win32-vc8-release:string.obj
 0001:000258e0       _pj_md5_init               004268e0 f   pjlib-util-i386-win32-vc8-release:md5.obj
 0001:00025f90       _pj_md5_update             00426f90 f   pjlib-util-i386-win32-vc8-release:md5.obj
 0001:00026050       _pj_md5_final              00427050 f   pjlib-util-i386-win32-vc8-release:md5.obj
 0001:000260f0       _pj_dns_srv_cancel_query   004270f0 f   pjlib-util-i386-win32-vc8-release:srv_resolver.obj
 0001:00026f70       _pj_dns_srv_resolve        00427f70 f   pjlib-util-i386-win32-vc8-release:srv_resolver.obj
 0001:00027110       _pj_dns_get_type_name      00428110 f   pjlib-util-i386-win32-vc8-release:dns.obj
 0001:000271b0       _pj_dns_make_query         004281b0 f   pjlib-util-i386-win32-vc8-release:dns.obj
 0001:000272a0       _pj_list_insert_after      004282a0 f   pjlib-i386-win32-vc8-release:list.obj
 0001:000272c0       _pj_list_insert_before     004282c0 f   pjlib-i386-win32-vc8-release:list.obj
 0001:000272e0       _pj_list_insert_nodes_before 004282e0 f   pjlib-i386-win32-vc8-release:list.obj
 0001:00027300       _pj_list_erase             00428300 f   pjlib-i386-win32-vc8-release:list.obj
 0001:00027320       _pj_list_find_node         00428320 f   pjlib-i386-win32-vc8-release:list.obj
 0001:00027350       _pj_list_search            00428350 f   pjlib-i386-win32-vc8-release:list.obj
 0001:00027390       _pj_list_size              00428390 f   pjlib-i386-win32-vc8-release:list.obj
 0001:000273b0       _pj_pool_get_capacity      004283b0 f   pjlib-i386-win32-vc8-release:pool.obj
 0001:000273c0       _pj_pool_get_used_size     004283c0 f   pjlib-i386-win32-vc8-release:pool.obj
 0001:000273f0       _pj_pool_alloc_from_block  004283f0 f   pjlib-i386-win32-vc8-release:pool.obj
 0001:00027420       _pj_pool_getobjname        00428420 f   pjlib-i386-win32-vc8-release:pool.obj
 0001:00027430       _pj_pool_create            00428430 f   pjlib-i386-win32-vc8-release:pool.obj
 0001:00027440       _pj_pool_release           00428440 f   pjlib-i386-win32-vc8-release:pool.obj
 0001:00027460       _pj_NO_MEMORY_EXCEPTION    00428460 f   pjlib-i386-win32-vc8-release:pool.obj
 0001:000274e0       _pj_pool_allocate_find     004284e0 f   pjlib-i386-win32-vc8-release:pool.obj
 0001:00027590       _pj_pool_init_int          00428590 f   pjlib-i386-win32-vc8-release:pool.obj
 0001:00027600       _pj_pool_create_int        00428600 f   pjlib-i386-win32-vc8-release:pool.obj
 0001:00027710       _pj_pool_reset             00428710 f   pjlib-i386-win32-vc8-release:pool.obj
 0001:00027720       _pj_pool_destroy_int       00428720 f   pjlib-i386-win32-vc8-release:pool.obj
 0001:00027760       _pj_pool_alloc             00428760 f   pjlib-i386-win32-vc8-release:pool.obj
 0001:000277a0       _pj_pool_calloc            004287a0 f   pjlib-i386-win32-vc8-release:pool.obj
 0001:00027840       _pj_log_push_indent        00428840 f   pjlib-i386-win32-vc8-release:log.obj
 0001:00027870       _pj_log_pop_indent         00428870 f   pjlib-i386-win32-vc8-release:log.obj
 0001:000278a0       _pj_log_init               004288a0 f   pjlib-i386-win32-vc8-release:log.obj
 0001:00027910       _pj_log_get_decor          00428910 f   pjlib-i386-win32-vc8-release:log.obj
 0001:00027920       _pj_log_get_color          00428920 f   pjlib-i386-win32-vc8-release:log.obj
 0001:00027980       _pj_log_set_level          00428980 f   pjlib-i386-win32-vc8-release:log.obj
 0001:00027990       _pj_log_get_level          00428990 f   pjlib-i386-win32-vc8-release:log.obj
 0001:000279a0       _pj_log                    004289a0 f   pjlib-i386-win32-vc8-release:log.obj
 0001:00027e00       _pj_log_1                  00428e00 f   pjlib-i386-win32-vc8-release:log.obj
 0001:00027e20       _pj_log_2                  00428e20 f   pjlib-i386-win32-vc8-release:log.obj
 0001:00027e40       _pj_log_3                  00428e40 f   pjlib-i386-win32-vc8-release:log.obj
 0001:00027e60       _pj_log_4                  00428e60 f   pjlib-i386-win32-vc8-release:log.obj
 0001:00027e80       _pj_log_5                  00428e80 f   pjlib-i386-win32-vc8-release:log.obj
 0001:00027f10       _pj_register_strerror      00428f10 f   pjlib-i386-win32-vc8-release:errno.obj
 0001:00027ff0       _pj_strerror               00428ff0 f   pjlib-i386-win32-vc8-release:errno.obj
 0001:00028180       _pj_perror                 00429180 f   pjlib-i386-win32-vc8-release:errno.obj
 0001:000281b0       _pj_perror_1               004291b0 f   pjlib-i386-win32-vc8-release:errno.obj
 0001:000281d0       _pj_perror_2               004291d0 f   pjlib-i386-win32-vc8-release:errno.obj
 0001:000281f0       _pj_perror_3               004291f0 f   pjlib-i386-win32-vc8-release:errno.obj
 0001:00028210       _pj_perror_4               00429210 f   pjlib-i386-win32-vc8-release:errno.obj
 0001:00028230       _pj_caching_pool_destroy   00429230 f   pjlib-i386-win32-vc8-release:pool_caching.obj
 0001:00028680       _pj_caching_pool_init      00429680 f   pjlib-i386-win32-vc8-release:pool_caching.obj
 0001:00028740       _pj_atexit                 00429740 f   pjlib-i386-win32-vc8-release:os_core_win32.obj
 0001:00028770       _pj_atomic_create          00429770 f   pjlib-i386-win32-vc8-release:os_core_win32.obj
 0001:000287a0       _pj_atomic_destroy         004297a0 f   pjlib-i386-win32-vc8-release:os_core_win32.obj
 0001:000287c0       _pj_thread_local_alloc     004297c0 f   pjlib-i386-win32-vc8-release:os_core_win32.obj
 0001:00028810       _pj_thread_local_set       00429810 f   pjlib-i386-win32-vc8-release:os_core_win32.obj
 0001:00028850       _pj_thread_local_get       00429850 f   pjlib-i386-win32-vc8-release:os_core_win32.obj
 0001:00028860       _pj_thread_register        00429860 f   pjlib-i386-win32-vc8-release:os_core_win32.obj
 0001:00028930       _pj_thread_init            00429930 f   pjlib-i386-win32-vc8-release:os_core_win32.obj
 0001:00028a10       _pj_thread_this            00429a10 f   pjlib-i386-win32-vc8-release:os_core_win32.obj
 0001:00028a20       _pj_thread_check_stack     00429a20 f   pjlib-i386-win32-vc8-release:os_core_win32.obj
 0001:00028a60       _pj_atomic_set             00429a60 f   pjlib-i386-win32-vc8-release:os_core_win32.obj
 0001:00028ab0       _pj_atomic_get             00429ab0 f   pjlib-i386-win32-vc8-release:os_core_win32.obj
 0001:00028b00       _pj_atomic_inc_and_get     00429b00 f   pjlib-i386-win32-vc8-release:os_core_win32.obj
 0001:00028b00       _pj_atomic_inc             00429b00 f   pjlib-i386-win32-vc8-release:os_core_win32.obj
 0001:00028b50       _pj_atomic_dec_and_get     00429b50 f   pjlib-i386-win32-vc8-release:os_core_win32.obj
 0001:00028ba0       _pj_thread_local_free      00429ba0 f   pjlib-i386-win32-vc8-release:os_core_win32.obj
 0001:00028c90       _pj_mutex_create           00429c90 f   pjlib-i386-win32-vc8-release:os_core_win32.obj
 0001:00028ce0       _pj_mutex_create_recursive 00429ce0 f   pjlib-i386-win32-vc8-release:os_core_win32.obj
 0001:00028ce0       _pj_mutex_create_simple    00429ce0 f   pjlib-i386-win32-vc8-release:os_core_win32.obj
 0001:00028d30       _pj_mutex_lock             00429d30 f   pjlib-i386-win32-vc8-release:os_core_win32.obj
 0001:00028d90       _pj_mutex_unlock           00429d90 f   pjlib-i386-win32-vc8-release:os_core_win32.obj
 0001:00028df0       _pj_mutex_trylock          00429df0 f   pjlib-i386-win32-vc8-release:os_core_win32.obj
 0001:00028e60       _pj_mutex_destroy          00429e60 f   pjlib-i386-win32-vc8-release:os_core_win32.obj
 0001:00028ec0       _pj_enter_critical_section 00429ec0 f   pjlib-i386-win32-vc8-release:os_core_win32.obj
 0001:00028ed0       _pj_leave_critical_section 00429ed0 f   pjlib-i386-win32-vc8-release:os_core_win32.obj
 0001:00028ee0       _pj_sem_create             00429ee0 f   pjlib-i386-win32-vc8-release:os_core_win32.obj
 0001:00029090       _pj_sem_wait               0042a090 f   pjlib-i386-win32-vc8-release:os_core_win32.obj
 0001:000290f0       _pj_sem_trywait            0042a0f0 f   pjlib-i386-win32-vc8-release:os_core_win32.obj
 0001:00029150       _pj_sem_post               0042a150 f   pjlib-i386-win32-vc8-release:os_core_win32.obj
 0001:000291e0       _pj_sem_destroy            0042a1e0 f   pjlib-i386-win32-vc8-release:os_core_win32.obj
 0001:00029260       _pj_term_set_color         0042a260 f   pjlib-i386-win32-vc8-release:os_core_win32.obj
 0001:00029300       _pj_init                   0042a300 f   pjlib-i386-win32-vc8-release:os_core_win32.obj
 0001:00029460       _pj_thread_create          0042a460 f   pjlib-i386-win32-vc8-release:os_core_win32.obj
 0001:000295c0       _pj_thread_get_name        0042a5c0 f   pjlib-i386-win32-vc8-release:os_core_win32.obj
 0001:00029610       _pj_thread_join            0042a610 f   pjlib-i386-win32-vc8-release:os_core_win32.obj
 0001:000296c0       _pj_thread_sleep           0042a6c0 f   pjlib-i386-win32-vc8-release:os_core_win32.obj
 0001:00029710       _pj_rwmutex_create         0042a710 f   pjlib-i386-win32-vc8-release:os_core_win32.obj
 0001:00029790       _pj_rwmutex_lock_read      0042a790 f   pjlib-i386-win32-vc8-release:os_core_win32.obj
 0001:000297d0       _pj_rwmutex_lock_write     0042a7d0 f   pjlib-i386-win32-vc8-release:os_core_win32.obj
 0001:000297f0       _pj_rwmutex_unlock_read    0042a7f0 f   pjlib-i386-win32-vc8-release:os_core_win32.obj
 0001:00029830       _pj_rwmutex_unlock_write   0042a830 f   pjlib-i386-win32-vc8-release:os_core_win32.obj
 0001:00029850       _pj_rwmutex_destroy        0042a850 f   pjlib-i386-win32-vc8-release:os_core_win32.obj
 0001:00029880       _pj_array_insert           0042a880 f   pjlib-i386-win32-vc8-release:array.obj
 0001:000298e0       _pj_array_erase            0042a8e0 f   pjlib-i386-win32-vc8-release:array.obj
 0001:00029920       _pj_str                    0042a920 f   pjlib-i386-win32-vc8-release:string.obj
 0001:00029940       _pj_strdup                 0042a940 f   pjlib-i386-win32-vc8-release:string.obj
 0001:00029980       _pj_strdup_with_null       0042a980 f   pjlib-i386-win32-vc8-release:string.obj
 0001:000299d0       _pj_strdup2                0042a9d0 f   pjlib-i386-win32-vc8-release:string.obj
 0001:00029a30       _pj_strdup2_with_null      0042aa30 f   pjlib-i386-win32-vc8-release:string.obj
 0001:00029a90       _pj_strassign              0042aa90 f   pjlib-i386-win32-vc8-release:string.obj
 0001:00029ab0       _pj_strcpy                 0042aab0 f   pjlib-i386-win32-vc8-release:string.obj
 0001:00029ae0       _pj_strcpy2                0042aae0 f   pjlib-i386-win32-vc8-release:string.obj
 0001:00029b20       _pj_strncpy                0042ab20 f   pjlib-i386-win32-vc8-release:string.obj
 0001:00029b50       _pj_strncpy_with_null      0042ab50 f   pjlib-i386-win32-vc8-release:string.obj
 0001:00029b90       _pj_strcmp                 0042ab90 f   pjlib-i386-win32-vc8-release:string.obj
 0001:00029bf0       _pj_strcmp2                0042abf0 f   pjlib-i386-win32-vc8-release:string.obj
 0001:00029c50       _pj_stricmp                0042ac50 f   pjlib-i386-win32-vc8-release:string.obj
 0001:00029cc0       _pj_stricmp2               0042acc0 f   pjlib-i386-win32-vc8-release:string.obj
 0001:00029d20       _pj_strnicmp               0042ad20 f   pjlib-i386-win32-vc8-release:string.obj
 0001:00029d60       _pj_strcat                 0042ad60 f   pjlib-i386-win32-vc8-release:string.obj
 0001:00029d90       _pj_strcat2                0042ad90 f   pjlib-i386-win32-vc8-release:string.obj
 0001:00029dd0       _pj_strstr                 0042add0 f   pjlib-i386-win32-vc8-release:string.obj
 0001:00029e30       _pj_strltrim               0042ae30 f   pjlib-i386-win32-vc8-release:string.obj
 0001:00029e80       _pj_strrtrim               0042ae80 f   pjlib-i386-win32-vc8-release:string.obj
 0001:00029ec0       _pj_strtoul                0042aec0 f   pjlib-i386-win32-vc8-release:string.obj
 0001:00029f20       _pj_strtoul2               0042af20 f   pjlib-i386-win32-vc8-release:string.obj
 0001:00029fe0       _pj_utoa_pad               0042afe0 f   pjlib-i386-win32-vc8-release:string.obj
 0001:0002a060       _pj_strtrim                0042b060 f   pjlib-i386-win32-vc8-release:string.obj
 0001:0002a080       _pj_utoa                   0042b080 f   pjlib-i386-win32-vc8-release:string.obj
 0001:0002a0a0       _pj_sockaddr_in_set_str_addr 0042b0a0 f   pjlib-i386-win32-vc8-release:sock_common.obj
 0001:0002a150       _pj_sockaddr_set_str_addr  0042b150 f   pjlib-i386-win32-vc8-release:sock_common.obj
 0001:0002a280       _pj_sockaddr_get_addr      0042b280 f   pjlib-i386-win32-vc8-release:sock_common.obj
 0001:0002a2b0       _pj_sockaddr_has_addr      0042b2b0 f   pjlib-i386-win32-vc8-release:sock_common.obj
 0001:0002a350       _pj_sockaddr_get_port      0042b350 f   pjlib-i386-win32-vc8-release:sock_common.obj
 0001:0002a380       _pj_sockaddr_get_addr_len  0042b380 f   pjlib-i386-win32-vc8-release:sock_common.obj
 0001:0002a3c0       _pj_sockaddr_get_len       0042b3c0 f   pjlib-i386-win32-vc8-release:sock_common.obj
 0001:0002a400       _pj_sockaddr_copy_addr     0042b400 f   pjlib-i386-win32-vc8-release:sock_common.obj
 0001:0002a480       _pj_sockaddr_cp            0042b480 f   pjlib-i386-win32-vc8-release:sock_common.obj
 0001:0002a4e0       _pj_sockaddr_set_port      0042b4e0 f   pjlib-i386-win32-vc8-release:sock_common.obj
 0001:0002a540       _pj_sockaddr_print         0042b540 f   pjlib-i386-win32-vc8-release:sock_common.obj
 0001:0002a670       _pj_sockaddr_in_init       0042b670 f   pjlib-i386-win32-vc8-release:sock_common.obj
 0001:0002a6c0       _pj_sockaddr_init          0042b6c0 f   pjlib-i386-win32-vc8-release:sock_common.obj
 0001:0002a750       _pj_sockaddr_cmp           0042b750 f   pjlib-i386-win32-vc8-release:sock_common.obj
 0001:0002a820       _pj_getipinterface         0042b820 f   pjlib-i386-win32-vc8-release:sock_common.obj
 0001:0002aa10       _pj_gethostip              0042ba10 f   pjlib-i386-win32-vc8-release:sock_common.obj
 0001:0002b2e0       _pj_ntohs                  0042c2e0 f   pjlib-i386-win32-vc8-release:sock_bsd.obj
 0001:0002b2f0       _pj_htons                  0042c2f0 f   pjlib-i386-win32-vc8-release:sock_bsd.obj
 0001:0002b300       _pj_ntohl                  0042c300 f   pjlib-i386-win32-vc8-release:sock_bsd.obj
 0001:0002b310       _pj_htonl                  0042c310 f   pjlib-i386-win32-vc8-release:sock_bsd.obj
 0001:0002b320       _pj_inet_aton              0042c320 f   pjlib-i386-win32-vc8-release:sock_bsd.obj
 0001:0002b3a0       _pj_inet_pton              0042c3a0 f   pjlib-i386-win32-vc8-release:sock_bsd.obj
 0001:0002b510       _pj_inet_ntop              0042c510 f   pjlib-i386-win32-vc8-release:sock_bsd.obj
 0001:0002b650       _pj_gethostname            0042c650 f   pjlib-i386-win32-vc8-release:sock_bsd.obj
 0001:0002b6d0       _pj_sock_socket            0042c6d0 f   pjlib-i386-win32-vc8-release:sock_bsd.obj
 0001:0002b780       _pj_sock_bind              0042c780 f   pjlib-i386-win32-vc8-release:sock_bsd.obj
 0001:0002b7e0       _pj_sock_close             0042c7e0 f   pjlib-i386-win32-vc8-release:sock_bsd.obj
 0001:0002b830       _pj_sock_getsockname       0042c830 f   pjlib-i386-win32-vc8-release:sock_bsd.obj
 0001:0002b890       _pj_sock_send              0042c890 f   pjlib-i386-win32-vc8-release:sock_bsd.obj
 0001:0002b900       _pj_sock_sendto            0042c900 f   pjlib-i386-win32-vc8-release:sock_bsd.obj
 0001:0002b970       _pj_sock_recv              0042c970 f   pjlib-i386-win32-vc8-release:sock_bsd.obj
 0001:0002b9e0       _pj_sock_recvfrom          0042c9e0 f   pjlib-i386-win32-vc8-release:sock_bsd.obj
 0001:0002ba60       _pj_sock_getsockopt        0042ca60 f   pjlib-i386-win32-vc8-release:sock_bsd.obj
 0001:0002bad0       _pj_sock_setsockopt        0042cad0 f   pjlib-i386-win32-vc8-release:sock_bsd.obj
 0001:0002bb50       _pj_sock_setsockopt_params 0042cb50 f   pjlib-i386-win32-vc8-release:sock_bsd.obj
 0001:0002bbe0       _pj_sock_connect           0042cbe0 f   pjlib-i386-win32-vc8-release:sock_bsd.obj
 0001:0002bc40       _pj_sock_listen            0042cc40 f   pjlib-i386-win32-vc8-release:sock_bsd.obj
 0001:0002bc90       _pj_sock_accept            0042cc90 f   pjlib-i386-win32-vc8-release:sock_bsd.obj
 0001:0002bd80       _pj_lock_create_simple_mutex 0042cd80 f   pjlib-i386-win32-vc8-release:lock.obj
 0001:0002bda0       _pj_lock_create_recursive_mutex 0042cda0 f   pjlib-i386-win32-vc8-release:lock.obj
 0001:0002bdc0       _pj_lock_create_null_mutex 0042cdc0 f   pjlib-i386-win32-vc8-release:lock.obj
 0001:0002bde0       _pj_lock_acquire           0042cde0 f   pjlib-i386-win32-vc8-release:lock.obj
 0001:0002be00       _pj_lock_tryacquire        0042ce00 f   pjlib-i386-win32-vc8-release:lock.obj
 0001:0002be20       _pj_lock_release           0042ce20 f   pjlib-i386-win32-vc8-release:lock.obj
 0001:0002be40       _pj_lock_destroy           0042ce40 f   pjlib-i386-win32-vc8-release:lock.obj
 0001:0002bf10       _pj_grp_lock_add_ref       0042cf10 f   pjlib-i386-win32-vc8-release:lock.obj
 0001:0002c040       _pj_grp_lock_acquire       0042d040 f   pjlib-i386-win32-vc8-release:lock.obj
 0001:0002c050       _pj_grp_lock_tryacquire    0042d050 f   pjlib-i386-win32-vc8-release:lock.obj
 0001:0002c060       _pj_grp_lock_dec_ref       0042d060 f   pjlib-i386-win32-vc8-release:lock.obj
 0001:0002c100       _pj_grp_lock_create        0042d100 f   pjlib-i386-win32-vc8-release:lock.obj
 0001:0002c1f0       _pj_grp_lock_create_w_handler 0042d1f0 f   pjlib-i386-win32-vc8-release:lock.obj
 0001:0002c250       _pj_grp_lock_release       0042d250 f   pjlib-i386-win32-vc8-release:lock.obj
 0001:0002c260       _pj_grp_lock_add_handler   0042d260 f   pjlib-i386-win32-vc8-release:lock.obj
 0001:0002c2b0       _pj_rand                   0042d2b0 f   pjlib-i386-win32-vc8-release:rand.obj
 0001:0002c2e0       _pj_time_val_normalize     0042d2e0 f   pjlib-i386-win32-vc8-release:types.obj
 0001:0002c3e0       _pj_gettimeofday           0042d3e0 f   pjlib-i386-win32-vc8-release:os_time_win32.obj
 0001:0002c450       _pj_time_decode            0042d450 f   pjlib-i386-win32-vc8-release:os_time_win32.obj
 0001:0002c910       _pj_timer_heap_create      0042d910 f   pjlib-i386-win32-vc8-release:timer.obj
 0001:0002c9d0       _pj_timer_heap_destroy     0042d9d0 f   pjlib-i386-win32-vc8-release:timer.obj
 0001:0002ca00       _pj_timer_heap_set_lock    0042da00 f   pjlib-i386-win32-vc8-release:timer.obj
 0001:0002ca50       _pj_timer_heap_set_max_timed_out_per_poll 0042da50 f   pjlib-i386-win32-vc8-release:timer.obj
 0001:0002ca60       _pj_timer_entry_init       0042da60 f   pjlib-i386-win32-vc8-release:timer.obj
 0001:0002ca90       _pj_timer_entry_running    0042da90 f   pjlib-i386-win32-vc8-release:timer.obj
 0001:0002cb80       _pj_timer_heap_schedule    0042db80 f   pjlib-i386-win32-vc8-release:timer.obj
 0001:0002cba0       _pj_timer_heap_schedule_w_grp_lock 0042dba0 f   pjlib-i386-win32-vc8-release:timer.obj
 0001:0002cbd0       _pj_timer_heap_cancel      0042dbd0 f   pjlib-i386-win32-vc8-release:timer.obj
 0001:0002cc40       _pj_timer_heap_cancel_if_active 0042dc40 f   pjlib-i386-win32-vc8-release:timer.obj
 0001:0002ccb0       _pj_timer_heap_poll        0042dcb0 f   pjlib-i386-win32-vc8-release:timer.obj
 0001:0002ce30       _pj_ioqueue_set_lock       0042de30 f   pjlib-i386-win32-vc8-release:ioqueue_select.obj
 0001:0002ce70       _pj_ioqueue_get_user_data  0042de70 f   pjlib-i386-win32-vc8-release:ioqueue_select.obj
 0001:0002ce80       _pj_ioqueue_op_key_init    0042de80 f   pjlib-i386-win32-vc8-release:ioqueue_select.obj
 0001:0002cea0       _pj_ioqueue_is_pending     0042dea0 f   pjlib-i386-win32-vc8-release:ioqueue_select.obj
 0001:0002ceb0       _pj_ioqueue_set_concurrency 0042deb0 f   pjlib-i386-win32-vc8-release:ioqueue_select.obj
 0001:0002ced0       _pj_ioqueue_lock_key       0042ded0 f   pjlib-i386-win32-vc8-release:ioqueue_select.obj
 0001:0002cef0       _pj_ioqueue_unlock_key     0042def0 f   pjlib-i386-win32-vc8-release:ioqueue_select.obj
 0001:0002cf10       _pj_ioqueue_create         0042df10 f   pjlib-i386-win32-vc8-release:ioqueue_select.obj
 0001:0002d0c0       _pj_ioqueue_destroy        0042e0c0 f   pjlib-i386-win32-vc8-release:ioqueue_select.obj
 0001:0002d240       _pj_ioqueue_unregister     0042e240 f   pjlib-i386-win32-vc8-release:ioqueue_select.obj
 0001:0002d450       _ioqueue_dispatch_write_event 0042e450 f   pjlib-i386-win32-vc8-release:ioqueue_select.obj
 0001:0002d730       _ioqueue_dispatch_read_event 0042e730 f   pjlib-i386-win32-vc8-release:ioqueue_select.obj
 0001:0002d960       _ioqueue_dispatch_exception_event 0042e960 f   pjlib-i386-win32-vc8-release:ioqueue_select.obj
 0001:0002dac0       _pj_ioqueue_recv           0042eac0 f   pjlib-i386-win32-vc8-release:ioqueue_select.obj
 0001:0002dbf0       _pj_ioqueue_recvfrom       0042ebf0 f   pjlib-i386-win32-vc8-release:ioqueue_select.obj
 0001:0002dd40       _pj_ioqueue_send           0042ed40 f   pjlib-i386-win32-vc8-release:ioqueue_select.obj
 0001:0002def0       _pj_ioqueue_sendto         0042eef0 f   pjlib-i386-win32-vc8-release:ioqueue_select.obj
 0001:0002e0a0       _pj_ioqueue_accept         0042f0a0 f   pjlib-i386-win32-vc8-release:ioqueue_select.obj
 0001:0002e1e0       _pj_ioqueue_connect        0042f1e0 f   pjlib-i386-win32-vc8-release:ioqueue_select.obj
 0001:0002e2d0       _pj_ioqueue_register_sock2 0042f2d0 f   pjlib-i386-win32-vc8-release:ioqueue_select.obj
 0001:0002e3e0       _pj_ioqueue_poll           0042f3e0 f   pjlib-i386-win32-vc8-release:ioqueue_select.obj
 0001:0002e6c0       _pj_hash_calc              0042f6c0 f   pjlib-i386-win32-vc8-release:hash.obj
 0001:0002e730       _pj_hash_calc_tolower      0042f730 f   pjlib-i386-win32-vc8-release:hash.obj
 0001:0002e780       _pj_hash_create            0042f780 f   pjlib-i386-win32-vc8-release:hash.obj
 0001:0002e980       _pj_hash_get               0042f980 f   pjlib-i386-win32-vc8-release:hash.obj
 0001:0002e9b0       _pj_hash_get_lower         0042f9b0 f   pjlib-i386-win32-vc8-release:hash.obj
 0001:0002e9e0       _pj_hash_set               0042f9e0 f   pjlib-i386-win32-vc8-release:hash.obj
 0001:0002ea40       _pj_hash_set_lower         0042fa40 f   pjlib-i386-win32-vc8-release:hash.obj
 0001:0002eaa0       _pj_hash_set_np            0042faa0 f   pjlib-i386-win32-vc8-release:hash.obj
 0001:0002eb00       _pj_hash_set_np_lower      0042fb00 f   pjlib-i386-win32-vc8-release:hash.obj
 0001:0002eb60       _pj_hash_count             0042fb60 f   pjlib-i386-win32-vc8-release:hash.obj
 0001:0002eb70       _pj_hash_first             0042fb70 f   pjlib-i386-win32-vc8-release:hash.obj
 0001:0002ebb0       _pj_hash_next              0042fbb0 f   pjlib-i386-win32-vc8-release:hash.obj
 0001:0002ec00       _pj_hash_this              0042fc00 f   pjlib-i386-win32-vc8-release:hash.obj
 0001:0002ec90       _pj_push_exception_handler_ 0042fc90 f   pjlib-i386-win32-vc8-release:except.obj
 0001:0002ece0       _pj_pop_exception_handler_ 0042fce0 f   pjlib-i386-win32-vc8-release:except.obj
 0001:0002ed10       _pj_exception_id_alloc     0042fd10 f   pjlib-i386-win32-vc8-release:except.obj
 0001:0002ed60       _pj_exception_id_free      0042fd60 f   pjlib-i386-win32-vc8-release:except.obj
 0001:0002ed90       _pj_exception_id_name      0042fd90 f   pjlib-i386-win32-vc8-release:except.obj
 0001:0002edd0       _pj_throw_exception_       0042fdd0 f   pjlib-i386-win32-vc8-release:except.obj
 0001:0002ee70       _pj_get_timestamp          0042fe70 f   pjlib-i386-win32-vc8-release:os_timestamp_win32.obj
 0001:0002eed0       _pj_get_timestamp_freq     0042fed0 f   pjlib-i386-win32-vc8-release:os_timestamp_win32.obj
 0001:0002ef30       _pj_get_netos_error        0042ff30 f   pjlib-i386-win32-vc8-release:os_error_win32.obj
 0001:0002ef50       _platform_strerror         0042ff50 f   pjlib-i386-win32-vc8-release:os_error_win32.obj
 0001:0002f040       _pj_create_unique_string   00430040 f   pjlib-i386-win32-vc8-release:guid.obj
 0001:0002f060       _pj_GUID_STRING_LENGTH     00430060 f   pjlib-i386-win32-vc8-release:guid_win32.obj
 0001:0002f160       _pj_generate_unique_string 00430160 f   pjlib-i386-win32-vc8-release:guid_win32.obj
 0001:0002f1b0       _pj_qos_get_params         004301b0 f   pjlib-i386-win32-vc8-release:sock_qos_common.obj
 0001:0002f1e0       _pj_sock_apply_qos         004301e0 f   pjlib-i386-win32-vc8-release:sock_qos_common.obj
 0001:0002f2a0       _pj_sock_apply_qos2        004302a0 f   pjlib-i386-win32-vc8-release:sock_qos_common.obj
 0001:0002f2e0       _pj_activesock_cfg_default 004302e0 f   pjlib-i386-win32-vc8-release:activesock.obj
 0001:0002f300       _pj_activesock_close       00430300 f   pjlib-i386-win32-vc8-release:activesock.obj
 0001:0002f330       _pj_activesock_get_user_data 00430330 f   pjlib-i386-win32-vc8-release:activesock.obj
 0001:0002f340       _pj_activesock_start_read2 00430340 f   pjlib-i386-win32-vc8-release:activesock.obj
 0001:0002f6a0       _pj_activesock_send        004306a0 f   pjlib-i386-win32-vc8-release:activesock.obj
 0001:0002f7e0       _pj_activesock_start_accept 004307e0 f   pjlib-i386-win32-vc8-release:activesock.obj
 0001:0002f9f0       _pj_activesock_start_connect 004309f0 f   pjlib-i386-win32-vc8-release:activesock.obj
 0001:0002fa50       _pj_activesock_create      00430a50 f   pjlib-i386-win32-vc8-release:activesock.obj
 0001:0002fc20       _pj_elapsed_time           00430c20 f   pjlib-i386-win32-vc8-release:os_timestamp_common.obj
 0001:0002fcb0       _pj_gettickcount           00430cb0 f   pjlib-i386-win32-vc8-release:os_timestamp_common.obj
 0001:0002fcf0       _pj_gethostbyname          00430cf0 f   pjlib-i386-win32-vc8-release:addr_resolv_sock.obj
 0001:0002fdc0       _pj_getaddrinfo            00430dc0 f   pjlib-i386-win32-vc8-release:addr_resolv_sock.obj
 0001:0002ff80       _pj_pool_create_on_buf     00430f80 f   pjlib-i386-win32-vc8-release:pool_buf.obj
 0001:00030020       _pj_log_write              00431020 f   pjlib-i386-win32-vc8-release:log_writer_stdout.obj
 0001:00030650       _pj_enum_ip_interface      00431650 f   pjlib-i386-win32-vc8-release:ip_helper_win32.obj
 0001:000306d0       _PJ_FD_ZERO                004316d0 f   pjlib-i386-win32-vc8-release:sock_select.obj
 0001:00030700       _PJ_FD_ISSET               00431700 f   pjlib-i386-win32-vc8-release:sock_select.obj
 0001:00030730       _PJ_FD_COUNT               00431730 f   pjlib-i386-win32-vc8-release:sock_select.obj
 0001:00030740       _pj_sock_select            00431740 f   pjlib-i386-win32-vc8-release:sock_select.obj
 0001:000307d0       _PJ_FD_SET                 004317d0 f   pjlib-i386-win32-vc8-release:sock_select.obj
 0001:00030830       _PJ_FD_CLR                 00431830 f   pjlib-i386-win32-vc8-release:sock_select.obj
 0001:000308b0       _pj_sock_set_qos_params    004318b0 f   pjlib-i386-win32-vc8-release:sock_qos_bsd.obj
 0001:00030950       _pj_sock_set_qos_type      00431950 f   pjlib-i386-win32-vc8-release:sock_qos_bsd.obj
 0001:0003097e       ___WSAFDIsSet@8            0043197e f   ws2_32:WS2_32.dll
 0001:00030984       _memset                    00431984 f   MSVCRT:MSVCR90.dll
 0001:0003098a       @__security_check_cookie@4 0043198a f   MSVCRT:secchk.obj
 0001:00030c3b       _mainCRTStartup            00431c3b f   MSVCRT:crtexe.obj
 0001:00030c46       _memcpy                    00431c46 f   MSVCRT:MSVCR90.dll
 0001:00030c4c       __setjmp3                  00431c4c f   MSVCRT:MSVCR90.dll
 0001:00030c60       __alldiv                   00431c60 f   MSVCRT:lldiv.obj
 0001:00030d10       __allmul                   00431d10 f   MSVCRT:llmul.obj
 0001:00030d50       __ftol2_sse                00431d50 f   MSVCRT:ftol2.obj
 0001:00030d59       __ftol2_pentium4           00431d59 f   MSVCRT:ftol2.obj
 0001:00030d6c       __ftol2_sse_excpt          00431d6c f   MSVCRT:ftol2.obj
 0001:00030d86       __ftol2                    00431d86 f   MSVCRT:ftol2.obj
 0001:00030dfc       __CIfmod                   00431dfc f   MSVCRT:MSVCR90.dll
 0001:00030e02       ___report_gsfailure        00431e02 f   MSVCRT:gs_report.obj
 0001:00030f08       ?__CxxUnhandledExceptionFilter@@YGJPAU_EXCEPTION_POINTERS@@@Z 00431f08 f   MSVCRT:unhandld.obj
 0001:00030f4a       ___CxxSetUnhandledExceptionFilter 00431f4a f   MSVCRT:unhandld.obj
 0001:00030f58       __amsg_exit                00431f58 f   MSVCRT:MSVCR90.dll
 0001:00030f5e       __onexit                   00431f5e f   MSVCRT:atonexit.obj
 0001:00031003       _atexit                    00432003 f   MSVCRT:atonexit.obj
 0001:0003101a       __RTC_Initialize           0043201a f   MSVCRT:_initsect_.obj
 0001:00031040       __RTC_Terminate            00432040 f   MSVCRT:_initsect_.obj
 0001:00031066       __XcptFilter               00432066 f   MSVCRT:MSVCR90.dll
 0001:00031070       __ValidateImageBase        00432070 f   MSVCRT:pesect.obj
 0001:000310b0       __FindPESection            004320b0 f   MSVCRT:pesect.obj
 0001:00031100       __IsNonwritableInCurrentImage 00432100 f   MSVCRT:pesect.obj
 0001:000311be       __initterm                 004321be f   MSVCRT:MSVCR90.dll
 0001:000311c4       __initterm_e               004321c4 f   MSVCRT:MSVCR90.dll
 0001:000311cc       __SEH_prolog4              004321cc f   MSVCRT:sehprolg4.obj
 0001:00031211       __SEH_epilog4              00432211 f   MSVCRT:sehprolg4.obj
 0001:00031225       __except_handler4          00432225 f   MSVCRT:chandler4gs.obj
 0001:0003124a       __setdefaultprecision      0043224a f   MSVCRT:fp8.obj
 0001:00031275       __setargv                  00432275 f   MSVCRT:dllargv.obj
 0001:00031275       __matherr                  00432275 f   MSVCRT:merr.obj
 0001:00031278       ___security_init_cookie    00432278 f   MSVCRT:gs_support.obj
 0001:0003135e       __get_sse2_info            0043235e f   MSVCRT:cpu_disp.obj
 0001:000313c0       ___sse2_available_init     004323c0 f   MSVCRT:cpu_disp.obj
 0001:000313ce       __crt_debugger_hook        004323ce f   MSVCRT:MSVCR90.dll
 0001:000313d4       ?terminate@@YAXXZ          004323d4 f   MSVCRT:MSVCR90.dll
 0001:000313da       __unlock                   004323da f   MSVCRT:MSVCR90.dll
 0001:000313e0       ___dllonexit               004323e0 f   MSVCRT:MSVCR90.dll
 0001:000313e6       __lock                     004323e6 f   MSVCRT:MSVCR90.dll
 0001:000313ec       __except_handler4_common   004323ec f   MSVCRT:MSVCR90.dll
 0001:000313f2       __invoke_watson            004323f2 f   MSVCRT:MSVCR90.dll
 0001:000313f8       __controlfp_s              004323f8 f   MSVCRT:MSVCR90.dll
 0002:00000000       __imp__GetSystemTimeAsFileTime@4 00433000     kernel32:KERNEL32.dll
 0002:00000004       __imp__GetTickCount@0      00433004     kernel32:KERNEL32.dll
 0002:00000008       __imp__IsDebuggerPresent@0 00433008     kernel32:KERNEL32.dll
 0002:0000000c       __imp__SetUnhandledExceptionFilter@4 0043300c     kernel32:KERNEL32.dll
 0002:00000010       __imp__UnhandledExceptionFilter@4 00433010     kernel32:KERNEL32.dll
 0002:00000014       __imp__GetCurrentProcess@0 00433014     kernel32:KERNEL32.dll
 0002:00000018       __imp__TerminateProcess@8  00433018     kernel32:KERNEL32.dll
 0002:0000001c       __imp__InterlockedCompareExchange@12 0043301c     kernel32:KERNEL32.dll
 0002:00000020       __imp__LoadLibraryA@4      00433020     kernel32:KERNEL32.dll
 0002:00000024       __imp__GetProcAddress@8    00433024     kernel32:KERNEL32.dll
 0002:00000028       __imp__FreeLibrary@4       00433028     kernel32:KERNEL32.dll
 0002:0000002c       __imp__FormatMessageA@28   0043302c     kernel32:KERNEL32.dll
 0002:00000030       __imp__QueryPerformanceFrequency@4 00433030     kernel32:KERNEL32.dll
 0002:00000034       __imp__QueryPerformanceCounter@4 00433034     kernel32:KERNEL32.dll
 0002:00000038       __imp__FileTimeToSystemTime@8 00433038     kernel32:KERNEL32.dll
 0002:0000003c       __imp__GetLocalTime@4      0043303c     kernel32:KERNEL32.dll
 0002:00000040       __imp__SystemTimeToFileTime@8 00433040     kernel32:KERNEL32.dll
 0002:00000044       __imp__Sleep@4             00433044     kernel32:KERNEL32.dll
 0002:00000048       __imp__CreateThread@24     00433048     kernel32:KERNEL32.dll
 0002:0000004c       __imp__GetCurrentProcessId@0 0043304c     kernel32:KERNEL32.dll
 0002:00000050       __imp__GetStdHandle@4      00433050     kernel32:KERNEL32.dll
 0002:00000054       __imp__SetConsoleTextAttribute@8 00433054     kernel32:KERNEL32.dll
 0002:00000058       __imp__CloseHandle@4       00433058     kernel32:KERNEL32.dll
 0002:0000005c       __imp__ReleaseSemaphore@12 0043305c     kernel32:KERNEL32.dll
 0002:00000060       __imp__WaitForSingleObject@8 00433060     kernel32:KERNEL32.dll
 0002:00000064       __imp__CreateSemaphoreA@16 00433064     kernel32:KERNEL32.dll
 0002:00000068       __imp__DeleteCriticalSection@4 00433068     kernel32:KERNEL32.dll
 0002:0000006c       __imp__TryEnterCriticalSection@4 0043306c     kernel32:KERNEL32.dll
 0002:00000070       __imp__EnterCriticalSection@4 00433070     kernel32:KERNEL32.dll
 0002:00000074       __imp__InitializeCriticalSection@4 00433074     kernel32:KERNEL32.dll
 0002:00000078       __imp__TlsFree@4           00433078     kernel32:KERNEL32.dll
 0002:0000007c       __imp__InterlockedDecrement@4 0043307c     kernel32:KERNEL32.dll
 0002:00000080       __imp__InterlockedIncrement@4 00433080     kernel32:KERNEL32.dll
 0002:00000084       __imp__InterlockedExchange@8 00433084     kernel32:KERNEL32.dll
 0002:00000088       __imp__GetCurrentThread@0  00433088     kernel32:KERNEL32.dll
 0002:0000008c       __imp__GetCurrentThreadId@0 0043308c     kernel32:KERNEL32.dll
 0002:00000090       __imp__TlsGetValue@4       00433090     kernel32:KERNEL32.dll
 0002:00000094       __imp__TlsSetValue@8       00433094     kernel32:KERNEL32.dll
 0002:00000098       __imp__TlsAlloc@0          00433098     kernel32:KERNEL32.dll
 0002:0000009c       __imp__GetLastError@0      0043309c     kernel32:KERNEL32.dll
 0002:000000a0       __imp__LeaveCriticalSection@4 004330a0     kernel32:KERNEL32.dll
 0002:000000a4       \177KERNEL32_NULL_THUNK_DATA 004330a4     kernel32:KERNEL32.dll
 0002:000000a8       __imp__tolower             004330a8     MSVCRT:MSVCR90.dll
 0002:000000ac       __imp___strnicmp           004330ac     MSVCRT:MSVCR90.dll
 0002:000000b0       __imp__isspace             004330b0     MSVCRT:MSVCR90.dll
 0002:000000b4       __imp__isxdigit            004330b4     MSVCRT:MSVCR90.dll
 0002:000000b8       __imp__strchr              004330b8     MSVCRT:MSVCR90.dll
 0002:000000bc       __imp__strncpy             004330bc     MSVCRT:MSVCR90.dll
 0002:000000c0       __imp___vsnprintf          004330c0     MSVCRT:MSVCR90.dll
 0002:000000c4       __imp__rand                004330c4     MSVCRT:MSVCR90.dll
 0002:000000c8       __imp__longjmp             004330c8     MSVCRT:MSVCR90.dll
 0002:000000cc       __imp___CIfmod             004330cc     MSVCRT:MSVCR90.dll
 0002:000000d0       __imp__malloc              004330d0     MSVCRT:MSVCR90.dll
 0002:000000d4       __imp__free                004330d4     MSVCRT:MSVCR90.dll
 0002:000000d8       __imp___amsg_exit          004330d8     MSVCRT:MSVCR90.dll
 0002:000000dc       __imp____getmainargs       004330dc     MSVCRT:MSVCR90.dll
 0002:000000e0       __imp___cexit              004330e0     MSVCRT:MSVCR90.dll
 0002:000000e4       __imp___exit               004330e4     MSVCRT:MSVCR90.dll
 0002:000000e8       __imp___XcptFilter         004330e8     MSVCRT:MSVCR90.dll
 0002:000000ec       __imp__exit                004330ec     MSVCRT:MSVCR90.dll
 0002:000000f0       __imp____initenv           004330f0     MSVCRT:MSVCR90.dll
 0002:000000f4       __imp___initterm           004330f4     MSVCRT:MSVCR90.dll
 0002:000000f8       __imp___initterm_e         004330f8     MSVCRT:MSVCR90.dll
 0002:000000fc       __imp___configthreadlocale 004330fc     MSVCRT:MSVCR90.dll
 0002:00000100       __imp____setusermatherr    00433100     MSVCRT:MSVCR90.dll
 0002:00000104       __imp___adjust_fdiv        00433104     MSVCRT:MSVCR90.dll
 0002:00000108       __imp____p__commode        00433108     MSVCRT:MSVCR90.dll
 0002:0000010c       __imp____p__fmode          0043310c     MSVCRT:MSVCR90.dll
 0002:00000110       __imp___encode_pointer     00433110     MSVCRT:MSVCR90.dll
 0002:00000114       __imp____set_app_type      00433114     MSVCRT:MSVCR90.dll
 0002:00000118       __imp___crt_debugger_hook  00433118     MSVCRT:MSVCR90.dll
 0002:0000011c       __imp_?terminate@@YAXXZ    0043311c     MSVCRT:MSVCR90.dll
 0002:00000120       __imp___unlock             00433120     MSVCRT:MSVCR90.dll
 0002:00000124       __imp____dllonexit         00433124     MSVCRT:MSVCR90.dll
 0002:00000128       __imp___lock               00433128     MSVCRT:MSVCR90.dll
 0002:0000012c       __imp___onexit             0043312c     MSVCRT:MSVCR90.dll
 0002:00000130       __imp___decode_pointer     00433130     MSVCRT:MSVCR90.dll
 0002:00000134       __imp___except_handler4_common 00433134     MSVCRT:MSVCR90.dll
 0002:00000138       __imp___invoke_watson      00433138     MSVCRT:MSVCR90.dll
 0002:0000013c       __imp___controlfp_s        0043313c     MSVCRT:MSVCR90.dll
 0002:00000140       __imp__memmove             00433140     MSVCRT:MSVCR90.dll
 0002:00000144       __imp__memchr              00433144     MSVCRT:MSVCR90.dll
 0002:00000148       __imp__toupper             00433148     MSVCRT:MSVCR90.dll
 0002:0000014c       __imp___setjmp3            0043314c     MSVCRT:MSVCR90.dll
 0002:00000150       __imp__isdigit             00433150     MSVCRT:MSVCR90.dll
 0002:00000154       __imp___snprintf           00433154     MSVCRT:MSVCR90.dll
 0002:00000158       __imp__memcpy              00433158     MSVCRT:MSVCR90.dll
 0002:0000015c       __imp__atoi                0043315c     MSVCRT:MSVCR90.dll
 0002:00000160       __imp__puts                00433160     MSVCRT:MSVCR90.dll
 0002:00000164       __imp__fgets               00433164     MSVCRT:MSVCR90.dll
 0002:00000168       __imp____iob_func          00433168     MSVCRT:MSVCR90.dll
 0002:0000016c       __imp__printf              0043316c     MSVCRT:MSVCR90.dll
 0002:00000170       __imp__sprintf             00433170     MSVCRT:MSVCR90.dll
 0002:00000174       __imp__strtol              00433174     MSVCRT:MSVCR90.dll
 0002:00000178       __imp__memset              00433178     MSVCRT:MSVCR90.dll
 0002:0000017c       __imp__strncmp             0043317c     MSVCRT:MSVCR90.dll
 0002:00000180       \177MSVCR90_NULL_THUNK_DATA 00433180     MSVCRT:MSVCR90.dll
 0002:00000184       __imp__select@20           00433184     ws2_32:WS2_32.dll
 0002:00000188       __imp____WSAFDIsSet@8      00433188     ws2_32:WS2_32.dll
 0002:0000018c       __imp__gethostbyname@4     0043318c     ws2_32:WS2_32.dll
 0002:00000190       __imp__ioctlsocket@12      00433190     ws2_32:WS2_32.dll
 0002:00000194       __imp__accept@12           00433194     ws2_32:WS2_32.dll
 0002:00000198       __imp__listen@8            00433198     ws2_32:WS2_32.dll
 0002:0000019c       __imp__connect@12          0043319c     ws2_32:WS2_32.dll
 0002:000001a0       __imp__setsockopt@20       004331a0     ws2_32:WS2_32.dll
 0002:000001a4       __imp__getsockopt@20       004331a4     ws2_32:WS2_32.dll
 0002:000001a8       __imp__recvfrom@24         004331a8     ws2_32:WS2_32.dll
 0002:000001ac       __imp__recv@16             004331ac     ws2_32:WS2_32.dll
 0002:000001b0       __imp__sendto@24           004331b0     ws2_32:WS2_32.dll
 0002:000001b4       __imp__send@16             004331b4     ws2_32:WS2_32.dll
 0002:000001b8       __imp__getsockname@12      004331b8     ws2_32:WS2_32.dll
 0002:000001bc       __imp__closesocket@4       004331bc     ws2_32:WS2_32.dll
 0002:000001c0       __imp__bind@12             004331c0     ws2_32:WS2_32.dll
 0002:000001c4       __imp__WSASocketA@24       004331c4     ws2_32:WS2_32.dll
 0002:000001c8       __imp__WSAIoctl@36         004331c8     ws2_32:WS2_32.dll
 0002:000001cc       __imp__gethostname@8       004331cc     ws2_32:WS2_32.dll
 0002:000001d0       __imp__WSAAddressToStringA@20 004331d0     ws2_32:WS2_32.dll
 0002:000001d4       __imp__WSAStringToAddressA@20 004331d4     ws2_32:WS2_32.dll
 0002:000001d8       __imp__inet_addr@4         004331d8     ws2_32:WS2_32.dll
 0002:000001dc       __imp__htonl@4             004331dc     ws2_32:WS2_32.dll
 0002:000001e0       __imp__ntohl@4             004331e0     ws2_32:WS2_32.dll
 0002:000001e4       __imp__htons@4             004331e4     ws2_32:WS2_32.dll
 0002:000001e8       __imp__ntohs@4             004331e8     ws2_32:WS2_32.dll
 0002:000001ec       __imp__WSAStartup@8        004331ec     ws2_32:WS2_32.dll
 0002:000001f0       __imp__WSAGetLastError@0   004331f0     ws2_32:WS2_32.dll
 0002:000001f4       \177WS2_32_NULL_THUNK_DATA 004331f4     ws2_32:WS2_32.dll
[...]
 0001:00018d00       _is_next_sip_version       00419d00 f   pjsip-core-i386-win32-vc8-release:sip_parser.obj
 0001:00018d60       _parse_param_imp           00419d60 f   pjsip-core-i386-win32-vc8-release:sip_parser.obj
 0001:00018e30       _int_parse_hparam          00419e30 f   pjsip-core-i386-win32-vc8-release:sip_parser.obj
 0001:00018ec0       _int_parse_uri_host_port   00419ec0 f   pjsip-core-i386-win32-vc8-release:sip_parser.obj
 0001:00018f30       _int_parse_user_pass       00419f30 f   pjsip-core-i386-win32-vc8-release:sip_parser.obj
 0001:00018fa0       _int_parse_sip_url         00419fa0 f   pjsip-core-i386-win32-vc8-release:sip_parser.obj
 0001:00019300       _int_parse_other_uri       0041a300 f   pjsip-core-i386-win32-vc8-release:sip_parser.obj
 0001:00019370       _int_parse_status_line     0041a370 f   pjsip-core-i386-win32-vc8-release:sip_parser.obj
 0001:00019410       _parse_generic_array_hdr   0041a410 f   pjsip-core-i386-win32-vc8-release:sip_parser.obj
 0001:000194a0       _parse_generic_string_hdr  0041a4a0 f   pjsip-core-i386-win32-vc8-release:sip_parser.obj
 0001:000195e0       _parse_hdr_accept          0041a5e0 f   pjsip-core-i386-win32-vc8-release:sip_parser.obj
 0001:00019600       _parse_hdr_allow           0041a600 f   pjsip-core-i386-win32-vc8-release:sip_parser.obj
 0001:00019620       _parse_hdr_call_id         0041a620 f   pjsip-core-i386-win32-vc8-release:sip_parser.obj
 0001:00019680       _int_parse_contact_param   0041a680 f   pjsip-core-i386-win32-vc8-release:sip_parser.obj
 0001:000198a0       _parse_hdr_content_len     0041a8a0 f   pjsip-core-i386-win32-vc8-release:sip_parser.obj
 0001:00019910       _parse_hdr_content_type    0041a910 f   pjsip-core-i386-win32-vc8-release:sip_parser.obj
 0001:00019a80       _parse_hdr_cseq            0041aa80 f   pjsip-core-i386-win32-vc8-release:sip_parser.obj
 0001:00019b10       _parse_hdr_expires         0041ab10 f   pjsip-core-i386-win32-vc8-release:sip_parser.obj
 0001:00019b80       _parse_hdr_require         0041ab80 f   pjsip-core-i386-win32-vc8-release:sip_parser.obj
 0001:00019c00       _parse_hdr_retry_after     0041ac00 f   pjsip-core-i386-win32-vc8-release:sip_parser.obj
 0001:00019d10       _parse_hdr_supported       0041ad10 f   pjsip-core-i386-win32-vc8-release:sip_parser.obj
 0001:00019d90       _parse_hdr_unsupported     0041ad90 f   pjsip-core-i386-win32-vc8-release:sip_parser.obj
 0001:00019db0       _int_parse_via_param       0041adb0 f   pjsip-core-i386-win32-vc8-release:sip_parser.obj
 0001:00019fd0       _parse_hdr_max_forwards    0041afd0 f   pjsip-core-i386-win32-vc8-release:sip_parser.obj
 0001:0001a040       _parse_hdr_min_expires     0041b040 f   pjsip-core-i386-win32-vc8-release:sip_parser.obj
 0001:0001a0b0       _parse_hdr_via             0041b0b0 f   pjsip-core-i386-win32-vc8-release:sip_parser.obj
 0001:0001a4c0       _find_uri_handler          0041b4c0 f   pjsip-core-i386-win32-vc8-release:sip_parser.obj
 0001:0001a510       _int_parse_uri             0041b510 f   pjsip-core-i386-win32-vc8-release:sip_parser.obj
 0001:0001a570       _int_parse_name_addr       0041b570 f   pjsip-core-i386-win32-vc8-release:sip_parser.obj
 0001:0001a650       _int_parse_req_line        0041b650 f   pjsip-core-i386-win32-vc8-release:sip_parser.obj
 0001:0001a6a0       _parse_hdr_rr_route        0041b6a0 f   pjsip-core-i386-win32-vc8-release:sip_parser.obj
 0001:0001a7b0       _parse_hdr_rr              0041b7b0 f   pjsip-core-i386-win32-vc8-release:sip_parser.obj
 0001:0001a840       _parse_hdr_route           0041b840 f   pjsip-core-i386-win32-vc8-release:sip_parser.obj
 0001:0001a8d0       _int_parse_msg             0041b8d0 f   pjsip-core-i386-win32-vc8-release:sip_parser.obj
 0001:0001ac20       _int_parse_uri_or_name_addr 0041bc20 f   pjsip-core-i386-win32-vc8-release:sip_parser.obj
 0001:0001acc0       _parse_hdr_contact         0041bcc0 f   pjsip-core-i386-win32-vc8-release:sip_parser.obj
 0001:0001ad80       _parse_hdr_fromto          0041bd80 f   pjsip-core-i386-win32-vc8-release:sip_parser.obj
 0001:0001af00       _parse_hdr_from            0041bf00 f   pjsip-core-i386-win32-vc8-release:sip_parser.obj
 0001:0001af40       _parse_hdr_to              0041bf40 f   pjsip-core-i386-win32-vc8-release:sip_parser.obj
 0001:0001af80       _init_parser               0041bf80 f   pjsip-core-i386-win32-vc8-release:sip_parser.obj
 0001:0001b720       _digest2str                0041c720 f   pjsip-core-i386-win32-vc8-release:sip_auth_client.obj
 0001:0001ba90       _has_auth_qop              0041ca90 f   pjsip-core-i386-win32-vc8-release:sip_auth_client.obj
 0001:0001bb20       _respond_digest            0041cb20 f   pjsip-core-i386-win32-vc8-release:sip_auth_client.obj
 0001:0001bd60       _update_digest_session     0041cd60 f   pjsip-core-i386-win32-vc8-release:sip_auth_client.obj
 0001:0001be20       _find_cached_auth          0041ce20 f   pjsip-core-i386-win32-vc8-release:sip_auth_client.obj
 0001:0001be60       _auth_find_cred            0041ce60 f   pjsip-core-i386-win32-vc8-release:sip_auth_client.obj
 0001:0001bf70       _auth_respond              0041cf70 f   pjsip-core-i386-win32-vc8-release:sip_auth_client.obj
 0001:0001c340       _recreate_cached_auth_pool 0041d340 f   pjsip-core-i386-win32-vc8-release:sip_auth_client.obj
 0001:0001c3e0       _process_auth              0041d3e0 f   pjsip-core-i386-win32-vc8-release:sip_auth_client.obj
 0001:0001ca30       _pjsip_url_get_scheme      0041da30 f   pjsip-core-i386-win32-vc8-release:sip_uri.obj
 0001:0001ca40       _pjsips_url_get_scheme     0041da40 f   pjsip-core-i386-win32-vc8-release:sip_uri.obj
 0001:0001ca50       _pjsip_name_addr_get_uri   0041da50 f   pjsip-core-i386-win32-vc8-release:sip_uri.obj
 0001:0001cac0       _pjsip_url_print           0041dac0 f   pjsip-core-i386-win32-vc8-release:sip_uri.obj
 0001:0001cfd0       _pjsip_url_compare         0041dfd0 f   pjsip-core-i386-win32-vc8-release:sip_uri.obj
 0001:0001d210       _pjsip_url_clone           0041e210 f   pjsip-core-i386-win32-vc8-release:sip_uri.obj
 0001:0001d280       _pjsip_name_addr_get_scheme 0041e280 f   pjsip-core-i386-win32-vc8-release:sip_uri.obj
 0001:0001d2f0       _pjsip_name_addr_print     0041e2f0 f   pjsip-core-i386-win32-vc8-release:sip_uri.obj
 0001:0001d410       _pjsip_name_addr_clone     0041e410 f   pjsip-core-i386-win32-vc8-release:sip_uri.obj
 0001:0001d470       _pjsip_name_addr_compare   0041e470 f   pjsip-core-i386-win32-vc8-release:sip_uri.obj
 0001:0001d4e0       _other_uri_get_scheme      0041e4e0 f   pjsip-core-i386-win32-vc8-release:sip_uri.obj
 0001:0001d4f0       _other_uri_print           0041e4f0 f   pjsip-core-i386-win32-vc8-release:sip_uri.obj
 0001:0001d560       _other_uri_cmp             0041e560 f   pjsip-core-i386-win32-vc8-release:sip_uri.obj
 0001:0001d5b0       _other_uri_clone           0041e5b0 f   pjsip-core-i386-win32-vc8-release:sip_uri.obj
 0001:0001d650       _get_ip_addr_ver           0041e650 f   pjsip-core-i386-win32-vc8-release:sip_resolve.obj
 0001:0001d6c0       _dns_a_callback            0041e6c0 f   pjsip-core-i386-win32-vc8-release:sip_resolve.obj
 0001:0001d820       _dns_aaaa_callback         0041e820 f   pjsip-core-i386-win32-vc8-release:sip_resolve.obj
 0001:0001d9a0       _srv_resolver_cb           0041e9a0 f   pjsip-core-i386-win32-vc8-release:sip_resolve.obj
 0001:0001e090       _tel_uri_get_scheme        0041f090 f   pjsip-core-i386-win32-vc8-release:sip_tel_uri.obj
 0001:0001e0a0       _other_uri_get_uri         0041f0a0 f   pjsip-core-i386-win32-vc8-release:sip_tel_uri.obj
 0001:0001e0a0       _pjsip_get_uri             0041f0a0 f   pjsip-core-i386-win32-vc8-release:sip_tel_uri.obj
 0001:0001e0a0       _tel_uri_get_uri           0041f0a0 f   pjsip-core-i386-win32-vc8-release:sip_tel_uri.obj
 0001:0001e0b0       _tel_uri_print             0041f0b0 f   pjsip-core-i386-win32-vc8-release:sip_tel_uri.obj
 0001:0001e330       _tel_uri_cmp               0041f330 f   pjsip-core-i386-win32-vc8-release:sip_tel_uri.obj
 0001:0001e460       _tel_uri_clone             0041f460 f   pjsip-core-i386-win32-vc8-release:sip_tel_uri.obj
 0001:0001e4e0       _tel_uri_parse             0041f4e0 f   pjsip-core-i386-win32-vc8-release:sip_tel_uri.obj
 0001:0001ea10       _parse_digest_credential   0041fa10 f   pjsip-core-i386-win32-vc8-release:sip_auth_parser.obj
 0001:0001ec20       _parse_digest_challenge    0041fc20 f   pjsip-core-i386-win32-vc8-release:sip_auth_parser.obj
 0001:0001edd0       _int_parse_hdr_authorization 0041fdd0 f   pjsip-core-i386-win32-vc8-release:sip_auth_parser.obj
 0001:0001ee60       _int_parse_hdr_authenticate 0041fe60 f   pjsip-core-i386-win32-vc8-release:sip_auth_parser.obj
 0001:0001ef00       _parse_hdr_authorization   0041ff00 f   pjsip-core-i386-win32-vc8-release:sip_auth_parser.obj
 0001:0001ef30       _parse_hdr_proxy_authorization 0041ff30 f   pjsip-core-i386-win32-vc8-release:sip_auth_parser.obj
 0001:0001ef60       _parse_hdr_www_authenticate 0041ff60 f   pjsip-core-i386-win32-vc8-release:sip_auth_parser.obj
 0001:0001ef90       _parse_hdr_proxy_authenticate 0041ff90 f   pjsip-core-i386-win32-vc8-release:sip_auth_parser.obj
 0001:0001f0e0       _print_digest_credential   004200e0 f   pjsip-core-i386-win32-vc8-release:sip_auth_msg.obj
 0001:0001f5a0       _pjsip_authorization_hdr_print 004205a0 f   pjsip-core-i386-win32-vc8-release:sip_auth_msg.obj
 0001:0001f650       _pjsip_authorization_hdr_clone 00420650 f   pjsip-core-i386-win32-vc8-release:sip_auth_msg.obj
 0001:0001f760       _pjsip_authorization_hdr_shallow_clone 00420760 f   pjsip-core-i386-win32-vc8-release:sip_auth_msg.obj
 0001:0001f860       _print_digest_challenge    00420860 f   pjsip-core-i386-win32-vc8-release:sip_auth_msg.obj
 0001:0001fbb0       _pjsip_www_authenticate_hdr_print 00420bb0 f   pjsip-core-i386-win32-vc8-release:sip_auth_msg.obj
 0001:0001fc60       _pjsip_www_authenticate_hdr_clone 00420c60 f   pjsip-core-i386-win32-vc8-release:sip_auth_msg.obj
 0001:0001fd30       _pjsip_www_authenticate_hdr_shallow_clone 00420d30 f   pjsip-core-i386-win32-vc8-release:sip_auth_msg.obj
 0001:0001fd70       _init_sdp_parser           00420d70 f   pjmedia-i386-win32-vc8-release:sdp.obj
 0001:00020020       _print_connection_info     00421020 f   pjmedia-i386-win32-vc8-release:sdp.obj
 0001:000200d0       _print_media_desc          004210d0 f   pjmedia-i386-win32-vc8-release:sdp.obj
 0001:00020670       _print_session             00421670 f   pjmedia-i386-win32-vc8-release:sdp.obj
 0001:00020930       _parse_connection_info     00421930 f   pjmedia-i386-win32-vc8-release:sdp.obj
 0001:00020980       _parse_bandwidth_info      00421980 f   pjmedia-i386-win32-vc8-release:sdp.obj
 0001:000209d0       _on_scanner_error          004219d0 f   pjmedia-i386-win32-vc8-release:sdp.obj
 0001:000209e0       _parse_attr                004219e0 f   pjmedia-i386-win32-vc8-release:sdp.obj
 0001:00020a80       _apply_media_direction     00421a80 f   pjmedia-i386-win32-vc8-release:sdp.obj
 0001:00020e70       _validate_sdp_conn         00421e70 f   pjmedia-i386-win32-vc8-release:sdp.obj
 0001:00021440       _parse_origin              00422440 f   pjmedia-i386-win32-vc8-release:sdp.obj
 0001:00021500       _parse_time                00422500 f   pjmedia-i386-win32-vc8-release:sdp.obj
 0001:00021570       _parse_generic_line        00422570 f   pjmedia-i386-win32-vc8-release:sdp.obj
 0001:000215b0       _parse_media               004225b0 f   pjmedia-i386-win32-vc8-release:sdp.obj
 0001:00021d60       _sdp_media_clone_deactivate 00422d60 f   pjmedia-i386-win32-vc8-release:sdp_neg.obj
 0001:00022230       _update_media_direction    00423230 f   pjmedia-i386-win32-vc8-release:sdp_neg.obj
 0001:00022370       _rewrite_pt                00423370 f   pjmedia-i386-win32-vc8-release:sdp_neg.obj
 0001:000223f0       _apply_answer_symmetric_pt 004233f0 f   pjmedia-i386-win32-vc8-release:sdp_neg.obj
 0001:00022570       _custom_fmt_match          00423570 f   pjmedia-i386-win32-vc8-release:sdp_neg.obj
 0001:000225b0       _process_m_answer          004235b0 f   pjmedia-i386-win32-vc8-release:sdp_neg.obj
 0001:000229a0       _process_answer            004239a0 f   pjmedia-i386-win32-vc8-release:sdp_neg.obj
 0001:00022b00       _match_offer               00423b00 f   pjmedia-i386-win32-vc8-release:sdp_neg.obj
 0001:000230e0       _create_answer             004240e0 f   pjmedia-i386-win32-vc8-release:sdp_neg.obj
 0001:00023380       _my_index                  00424380 f   pjlib-util-i386-win32-vc8-release:getopt.obj
 0001:000233a0       _exchange                  004243a0 f   pjlib-util-i386-win32-vc8-release:getopt.obj
 0001:00023460       __getopt_initialize        00424460 f   pjlib-util-i386-win32-vc8-release:getopt.obj
 0001:000234b0       __getopt_internal          004244b0 f   pjlib-util-i386-win32-vc8-release:getopt.obj
 0001:00024650       _close_sock                00425650 f   pjlib-util-i386-win32-vc8-release:resolver.obj
 0001:00024830       _alloc_qnode               00425830 f   pjlib-util-i386-win32-vc8-release:resolver.obj
 0001:000248b0       _init_res_key              004258b0 f   pjlib-util-i386-win32-vc8-release:resolver.obj
 0001:00024c60       _set_nameserver_state      00425c60 f   pjlib-util-i386-win32-vc8-release:resolver.obj
 0001:00024d30       _select_nameservers        00425d30 f   pjlib-util-i386-win32-vc8-release:resolver.obj
 0001:00024f50       _transmit_query            00425f50 f   pjlib-util-i386-win32-vc8-release:resolver.obj
 0001:00025560       _on_timeout                00426560 f   pjlib-util-i386-win32-vc8-release:resolver.obj
 0001:00025910       _MD5Transform              00426910 f   pjlib-util-i386-win32-vc8-release:md5.obj
 0001:000261a0       _build_server_entries      004271a0 f   pjlib-util-i386-win32-vc8-release:srv_resolver.obj
 0001:00026840       _resolve_hostnames         00427840 f   pjlib-util-i386-win32-vc8-release:srv_resolver.obj
 0001:00026930       _dns_callback              00427930 f   pjlib-util-i386-win32-vc8-release:srv_resolver.obj
 0001:00027470       _pj_pool_create_block      00428470 f   pjlib-i386-win32-vc8-release:pool.obj
 0001:000276a0       _reset_pool                004286a0 f   pjlib-i386-win32-vc8-release:pool.obj
 0001:00027800       _logging_shutdown          00428800 f   pjlib-i386-win32-vc8-release:log.obj
 0001:00027ea0       _pjlib_error               00428ea0 f   pjlib-i386-win32-vc8-release:errno.obj
 0001:000280c0       _invoke_log                004290c0 f   pjlib-i386-win32-vc8-release:errno.obj
 0001:000280e0       _pj_perror_imp             004290e0 f   pjlib-i386-win32-vc8-release:errno.obj
 0001:00028300       _cpool_create_pool         00429300 f   pjlib-i386-win32-vc8-release:pool_caching.obj
 0001:00028430       _cpool_release_pool        00429430 f   pjlib-i386-win32-vc8-release:pool_caching.obj
 0001:00028500       _cpool_dump_status         00429500 f   pjlib-i386-win32-vc8-release:pool_caching.obj
 0001:00028650       _cpool_on_block_alloc      00429650 f   pjlib-i386-win32-vc8-release:pool_caching.obj
 0001:00028670       _cpool_on_block_free       00429670 f   pjlib-i386-win32-vc8-release:pool_caching.obj
 0001:00028980       _thread_main@4             00429980 f   pjlib-i386-win32-vc8-release:os_core_win32.obj
 0001:00028bf0       _init_mutex                00429bf0 f   pjlib-i386-win32-vc8-release:os_core_win32.obj
 0001:00028ff0       _pj_sem_wait_for           00429ff0 f   pjlib-i386-win32-vc8-release:os_core_win32.obj
 0001:0002bd00       _create_mutex_lock         0042cd00 f   pjlib-i386-win32-vc8-release:lock.obj
 0001:0002be60       _grp_lock_destroy          0042ce60 f   pjlib-i386-win32-vc8-release:lock.obj
 0001:0002bf30       _grp_lock_acquire          0042cf30 f   pjlib-i386-win32-vc8-release:lock.obj
 0001:0002bfa0       _grp_lock_tryacquire       0042cfa0 f   pjlib-i386-win32-vc8-release:lock.obj
 0001:0002c090       _grp_lock_release          0042d090 f   pjlib-i386-win32-vc8-release:lock.obj
 0001:0002c370       _get_base_time             0042d370 f   pjlib-i386-win32-vc8-release:os_time_win32.obj
 0001:0002c4e0       _reheap_down               0042d4e0 f   pjlib-i386-win32-vc8-release:timer.obj
 0001:0002c600       _reheap_up                 0042d600 f   pjlib-i386-win32-vc8-release:timer.obj
 0001:0002c6a0       _remove_node               0042d6a0 f   pjlib-i386-win32-vc8-release:timer.obj
 0001:0002c780       _grow_heap                 0042d780 f   pjlib-i386-win32-vc8-release:timer.obj
 0001:0002c800       _insert_node               0042d800 f   pjlib-i386-win32-vc8-release:timer.obj
 0001:0002c850       _schedule_entry            0042d850 f   pjlib-i386-win32-vc8-release:timer.obj
 0001:0002c8b0       _cancel                    0042d8b0 f   pjlib-i386-win32-vc8-release:timer.obj
 0001:0002caa0       _schedule_w_grp_lock       0042daa0 f   pjlib-i386-win32-vc8-release:timer.obj
 0001:0002d180       _increment_counter         0042e180 f   pjlib-i386-win32-vc8-release:ioqueue_select.obj
 0001:0002d1b0       _decrement_counter         0042e1b0 f   pjlib-i386-win32-vc8-release:ioqueue_select.obj
 0001:0002d310       _scan_closing_keys         0042e310 f   pjlib-i386-win32-vc8-release:ioqueue_select.obj
 0001:0002d390       _ioqueue_init_key          0042e390 f   pjlib-i386-win32-vc8-release:ioqueue_select.obj
 0001:0002e7d0       _find_entry                0042f7d0 f   pjlib-i386-win32-vc8-release:hash.obj
 0001:0002ec20       _exception_cleanup         0042fc20 f   pjlib-i386-win32-vc8-release:except.obj
 0001:0002f070       _guid_to_str               00430070 f   pjlib-i386-win32-vc8-release:guid_win32.obj
 0001:0002f430       _ioqueue_on_read_complete  00430430 f   pjlib-i386-win32-vc8-release:activesock.obj
 0001:0002f640       _send_remaining            00430640 f   pjlib-i386-win32-vc8-release:activesock.obj
 0001:0002f770       _ioqueue_on_write_complete 00430770 f   pjlib-i386-win32-vc8-release:activesock.obj
 0001:0002f8a0       _ioqueue_on_accept_complete 004308a0 f   pjlib-i386-win32-vc8-release:activesock.obj
 0001:0002fa20       _ioqueue_on_connect_complete 00430a20 f   pjlib-i386-win32-vc8-release:activesock.obj
 0001:0002ff00       _pool_buf_cleanup          00430f00 f   pjlib-i386-win32-vc8-release:pool_buf.obj
 0001:0002ff40       _stack_alloc               00430f40 f   pjlib-i386-win32-vc8-release:pool_buf.obj
 0001:00030080       _default_block_alloc       00431080 f   pjlib-i386-win32-vc8-release:pool_policy_malloc.obj
 0001:000300e0       _default_block_free        004310e0 f   pjlib-i386-win32-vc8-release:pool_policy_malloc.obj
 0001:00030120       _default_pool_callback     00431120 f   pjlib-i386-win32-vc8-release:pool_policy_malloc.obj
 0001:00030140       _unload_iphlp_module       00431140 f   pjlib-i386-win32-vc8-release:ip_helper_win32.obj
 0001:00030170       _MyGetIpAddrTable          00431170 f   pjlib-i386-win32-vc8-release:ip_helper_win32.obj
 0001:000301e0       _MyGetAdapterAddresses     004311e0 f   pjlib-i386-win32-vc8-release:ip_helper_win32.obj
 0001:00030260       _MyGetIfEntry              00431260 f   pjlib-i386-win32-vc8-release:ip_helper_win32.obj
 0001:000302d0       _enum_ipv4_interface       004312d0 f   pjlib-i386-win32-vc8-release:ip_helper_win32.obj
 0001:000304a0       _enum_ipv4_ipv6_interface  004314a0 f   pjlib-i386-win32-vc8-release:ip_helper_win32.obj
 0001:00030999       _pre_cpp_init              00431999 f   MSVCRT:crtexe.obj
 0001:000309e4       ___tmainCRTStartup         004319e4 f   MSVCRT:crtexe.obj
 0001:00030b5a       _pre_c_init                00431b5a f   MSVCRT:crtexe.obj
 0001:0003130e       _has_osfxsr_set            0043230e f   MSVCRT:cpu_disp.obj
