 strerror

 Timestamp is 57d7f16e (Tue Sep 13 20:30:38 2016)

 Preferred load address is 00400000

 Start         Length     Name                   Class
 0001:00000000 0002935eH .text                   CODE
 0002:00000000 00000244H .idata$5                DATA
 0002:00000244 00000004H .CRT$XCA                DATA
 0002:00000248 00000004H .CRT$XCAA               DATA
 0002:0000024c 00000004H .CRT$XCZ                DATA
 0002:00000250 00000004H .CRT$XIA                DATA
 0002:00000254 00000004H .CRT$XIAA               DATA
 0002:00000258 00000004H .CRT$XIC                DATA
 0002:0000025c 00000004H .CRT$XIY                DATA
 0002:00000260 00000004H .CRT$XIZ                DATA
 0002:00000268 00009b90H .rdata                  DATA
 0002:00009e00 00000004H .rdata$sxdata           DATA
 0002:00009e04 00000004H .rtc$IAA                DATA
 0002:00009e08 00000004H .rtc$IZZ                DATA
 0002:00009e0c 00000004H .rtc$TAA                DATA
 0002:00009e10 00000004H .rtc$TZZ                DATA
 0002:00009e18 0000007cH .xdata$x                DATA
 0002:00009e94 00000064H .idata$2                DATA
 0002:00009ef8 00000014H .idata$3                DATA
 0002:00009f0c 00000244H .idata$4                DATA
 0002:0000a150 0000082eH .idata$6                DATA
 0002:0000a97e 00000000H .edata                  DATA
 0003:00000000 00003ce0H .data                   DATA
 0003:00003ce0 00004b9cH .bss                    DATA

  Address         Publics by Value              Rva+Base       Lib:Object

 0000:00000000       __except_list              00000000     <absolute>
 0000:00000001       ___safe_se_handler_count   00000001     <absolute>
 0000:00009876       __fltused                  00009876     <absolute>
 0000:00009876       __ldused                   00009876     <absolute>
 0000:00000000       ___ImageBase               00400000     <linker-defined>
 0001:00000040       _main                      00401040 f   strerror.obj
 0001:00000180       _pjsip_evsub_init_module   00401180 f   pjsip-simple-i386-win32-vc8-release:evsub.obj
 0001:00001640       _pjsip_allow_events_hdr_create 00402640 f   pjsip-simple-i386-win32-vc8-release:evsub_msg.obj
 0001:00001680       _pjsip_sub_state_hdr_create 00402680 f   pjsip-simple-i386-win32-vc8-release:evsub_msg.obj
 0001:00001b40       _pjsip_evsub_init_parser   00402b40 f   pjsip-simple-i386-win32-vc8-release:evsub_msg.obj
 0001:00001b70       _pjsipsimple_strerror      00402b70 f   pjsip-simple-i386-win32-vc8-release:errno.obj
 0001:00001c70       _pjsip_endpt_register_module 00402c70 f   pjsip-core-i386-win32-vc8-release:sip_endpoint.obj
 0001:00001df0       _pjsip_endpt_get_capability 00402df0 f   pjsip-core-i386-win32-vc8-release:sip_endpoint.obj
 0001:00001e20       _pjsip_endpt_add_capability 00402e20 f   pjsip-core-i386-win32-vc8-release:sip_endpoint.obj
 0001:00001f10       _pjsip_endpt_get_request_headers 00402f10 f   pjsip-core-i386-win32-vc8-release:sip_endpoint.obj
 0001:00001f20       _pjsip_endpt_name          00402f20 f   pjsip-core-i386-win32-vc8-release:sip_endpoint.obj
 0001:00001f30       _pjsip_endpt_create_pool   00402f30 f   pjsip-core-i386-win32-vc8-release:sip_endpoint.obj
 0001:00001f80       _pjsip_endpt_release_pool  00402f80 f   pjsip-core-i386-win32-vc8-release:sip_endpoint.obj
 0001:00001fa0       _pjsip_endpt_schedule_timer 00402fa0 f   pjsip-core-i386-win32-vc8-release:sip_endpoint.obj
 0001:00001fc0       _pjsip_endpt_cancel_timer  00402fc0 f   pjsip-core-i386-win32-vc8-release:sip_endpoint.obj
 0001:00001fe0       _pjsip_endpt_get_timer_heap 00402fe0 f   pjsip-core-i386-win32-vc8-release:sip_endpoint.obj
 0001:00001ff0       _pjsip_endpt_process_rx_data 00402ff0 f   pjsip-core-i386-win32-vc8-release:sip_endpoint.obj
 0001:00002430       _pjsip_endpt_create_tdata  00403430 f   pjsip-core-i386-win32-vc8-release:sip_endpoint.obj
 0001:00002440       _pjsip_endpt_resolve       00403440 f   pjsip-core-i386-win32-vc8-release:sip_endpoint.obj
 0001:00002450       _pjsip_endpt_acquire_transport2 00403450 f   pjsip-core-i386-win32-vc8-release:sip_endpoint.obj
 0001:00002460       _pjsip_endpt_atexit        00403460 f   pjsip-core-i386-win32-vc8-release:sip_endpoint.obj
 0001:000024c0       _pjsip_endpt_unregister_module 004034c0 f   pjsip-core-i386-win32-vc8-release:sip_endpoint.obj
 0001:00002590       _pjsip_endpt_create        00403590 f   pjsip-core-i386-win32-vc8-release:sip_endpoint.obj
 0001:000028c0       _pjsip_get_invite_method   004038c0 f   pjsip-core-i386-win32-vc8-release:sip_msg.obj
 0001:000028d0       _pjsip_get_ack_method      004038d0 f   pjsip-core-i386-win32-vc8-release:sip_msg.obj
 0001:00002d30       _pjsip_method_init_np      00403d30 f   pjsip-core-i386-win32-vc8-release:sip_msg.obj
 0001:00002da0       _pjsip_method_copy         00403da0 f   pjsip-core-i386-win32-vc8-release:sip_msg.obj
 0001:00002de0       _pjsip_method_cmp          00403de0 f   pjsip-core-i386-win32-vc8-release:sip_msg.obj
 0001:00002e20       _pjsip_msg_create          00403e20 f   pjsip-core-i386-win32-vc8-release:sip_msg.obj
 0001:00002e50       _pjsip_msg_find_hdr        00403e50 f   pjsip-core-i386-win32-vc8-release:sip_msg.obj
 0001:00002e80       _pjsip_msg_find_hdr_by_name 00403e80 f   pjsip-core-i386-win32-vc8-release:sip_msg.obj
 0001:00002ed0       _pjsip_msg_find_hdr_by_names 00403ed0 f   pjsip-core-i386-win32-vc8-release:sip_msg.obj
 0001:00002f30       _pjsip_hdr_clone           00403f30 f   pjsip-core-i386-win32-vc8-release:sip_msg.obj
 0001:00002f40       _pjsip_hdr_shallow_clone   00403f40 f   pjsip-core-i386-win32-vc8-release:sip_msg.obj
 0001:00002f50       _pjsip_get_status_text     00403f50 f   pjsip-core-i386-win32-vc8-release:sip_msg.obj
 0001:00002f90       _pjsip_generic_string_hdr_init2 00403f90 f   pjsip-core-i386-win32-vc8-release:sip_msg.obj
 0001:00003000       _pjsip_generic_string_hdr_init 00404000 f   pjsip-core-i386-win32-vc8-release:sip_msg.obj
 0001:00003070       _pjsip_generic_string_hdr_create 00404070 f   pjsip-core-i386-win32-vc8-release:sip_msg.obj
 0001:00003220       _pjsip_generic_array_hdr_init 00404220 f   pjsip-core-i386-win32-vc8-release:sip_msg.obj
 0001:00003290       _pjsip_generic_array_hdr_create 00404290 f   pjsip-core-i386-win32-vc8-release:sip_msg.obj
 0001:00003440       _pjsip_accept_hdr_create   00404440 f   pjsip-core-i386-win32-vc8-release:sip_msg.obj
 0001:00003480       _pjsip_allow_hdr_create    00404480 f   pjsip-core-i386-win32-vc8-release:sip_msg.obj
 0001:000034d0       _pjsip_cid_hdr_init        004044d0 f   pjsip-core-i386-win32-vc8-release:sip_msg.obj
 0001:00003530       _pjsip_cid_hdr_create      00404530 f   pjsip-core-i386-win32-vc8-release:sip_msg.obj
 0001:00003550       _pjsip_clen_hdr_init       00404550 f   pjsip-core-i386-win32-vc8-release:sip_msg.obj
 0001:000035c0       _pjsip_clen_hdr_create     004045c0 f   pjsip-core-i386-win32-vc8-release:sip_msg.obj
 0001:00003670       _pjsip_cseq_hdr_create     00404670 f   pjsip-core-i386-win32-vc8-release:sip_msg.obj
 0001:000037b0       _pjsip_contact_hdr_init    004047b0 f   pjsip-core-i386-win32-vc8-release:sip_msg.obj
 0001:00003820       _pjsip_contact_hdr_create  00404820 f   pjsip-core-i386-win32-vc8-release:sip_msg.obj
 0001:00003a90       _pjsip_ctype_hdr_init      00404a90 f   pjsip-core-i386-win32-vc8-release:sip_msg.obj
 0001:00003b00       _pjsip_ctype_hdr_create    00404b00 f   pjsip-core-i386-win32-vc8-release:sip_msg.obj
 0001:00003c40       _pjsip_expires_hdr_create  00404c40 f   pjsip-core-i386-win32-vc8-release:sip_msg.obj
 0001:00003c90       _pjsip_from_hdr_init       00404c90 f   pjsip-core-i386-win32-vc8-release:sip_msg.obj
 0001:00003d00       _pjsip_from_hdr_create     00404d00 f   pjsip-core-i386-win32-vc8-release:sip_msg.obj
 0001:00003d20       _pjsip_to_hdr_init         00404d20 f   pjsip-core-i386-win32-vc8-release:sip_msg.obj
 0001:00003d90       _pjsip_to_hdr_create       00404d90 f   pjsip-core-i386-win32-vc8-release:sip_msg.obj
 0001:00003db0       _pjsip_fromto_hdr_set_from 00404db0 f   pjsip-core-i386-win32-vc8-release:sip_msg.obj
 0001:00003de0       _pjsip_fromto_hdr_set_to   00404de0 f   pjsip-core-i386-win32-vc8-release:sip_msg.obj
 0001:00003fc0       _pjsip_max_fwd_hdr_create  00404fc0 f   pjsip-core-i386-win32-vc8-release:sip_msg.obj
 0001:00004010       _pjsip_min_expires_hdr_create 00405010 f   pjsip-core-i386-win32-vc8-release:sip_msg.obj
 0001:00004060       _pjsip_rr_hdr_create       00405060 f   pjsip-core-i386-win32-vc8-release:sip_msg.obj
 0001:000040c0       _pjsip_route_hdr_create    004050c0 f   pjsip-core-i386-win32-vc8-release:sip_msg.obj
 0001:00004120       _pjsip_routing_hdr_set_route 00405120 f   pjsip-core-i386-win32-vc8-release:sip_msg.obj
 0001:000042d0       _pjsip_require_hdr_create  004052d0 f   pjsip-core-i386-win32-vc8-release:sip_msg.obj
 0001:00004320       _pjsip_retry_after_hdr_create 00405320 f   pjsip-core-i386-win32-vc8-release:sip_msg.obj
 0001:000044e0       _pjsip_supported_hdr_init  004054e0 f   pjsip-core-i386-win32-vc8-release:sip_msg.obj
 0001:00004550       _pjsip_supported_hdr_create 00405550 f   pjsip-core-i386-win32-vc8-release:sip_msg.obj
 0001:00004570       _pjsip_unsupported_hdr_create 00405570 f   pjsip-core-i386-win32-vc8-release:sip_msg.obj
 0001:000045c0       _pjsip_via_hdr_init        004055c0 f   pjsip-core-i386-win32-vc8-release:sip_msg.obj
 0001:00004630       _pjsip_via_hdr_create      00405630 f   pjsip-core-i386-win32-vc8-release:sip_msg.obj
 0001:00004af0       _pjsip_warning_hdr_create  00405af0 f   pjsip-core-i386-win32-vc8-release:sip_msg.obj
 0001:00004b70       _pjsip_print_text_body     00405b70 f   pjsip-core-i386-win32-vc8-release:sip_msg.obj
 0001:00004ba0       _pjsip_msg_body_copy       00405ba0 f   pjsip-core-i386-win32-vc8-release:sip_msg.obj
 0001:00004c20       _pjsip_msg_body_clone      00405c20 f   pjsip-core-i386-win32-vc8-release:sip_msg.obj
 0001:00004c60       _pjsip_msg_print           00405c60 f   pjsip-core-i386-win32-vc8-release:sip_msg.obj
 0001:00004f30       _pjsip_method_creates_dialog 00405f30 f   pjsip-core-i386-win32-vc8-release:sip_dialog.obj
 0001:000050c0       _pjsip_dlg_inc_lock        004060c0 f   pjsip-core-i386-win32-vc8-release:sip_dialog.obj
 0001:000050f0       _pjsip_dlg_try_inc_lock    004060f0 f   pjsip-core-i386-win32-vc8-release:sip_dialog.obj
 0001:00005130       _pjsip_dlg_dec_lock        00406130 f   pjsip-core-i386-win32-vc8-release:sip_dialog.obj
 0001:00005270       _pjsip_dlg_create_request  00406270 f   pjsip-core-i386-win32-vc8-release:sip_dialog.obj
 0001:00005350       _pjsip_dlg_send_request    00406350 f   pjsip-core-i386-win32-vc8-release:sip_dialog.obj
 0001:00005700       _pjsip_dlg_create_response 00406700 f   pjsip-core-i386-win32-vc8-release:sip_dialog.obj
 0001:000057c0       _pjsip_dlg_send_response   004067c0 f   pjsip-core-i386-win32-vc8-release:sip_dialog.obj
 0001:000058c0       _pjsip_dlg_on_rx_request   004068c0 f   pjsip-core-i386-win32-vc8-release:sip_dialog.obj
 0001:00005d10       _pjsip_dlg_on_tsx_state    00406d10 f   pjsip-core-i386-win32-vc8-release:sip_dialog.obj
 0001:00005e20       _pjsip_dlg_get_remote_cap_hdr 00406e20 f   pjsip-core-i386-win32-vc8-release:sip_dialog.obj
 0001:00005ec0       _pjsip_dlg_set_remote_cap_hdr 00406ec0 f   pjsip-core-i386-win32-vc8-release:sip_dialog.obj
 0001:00005fe0       _pjsip_dlg_remove_remote_cap_hdr 00406fe0 f   pjsip-core-i386-win32-vc8-release:sip_dialog.obj
 0001:00006070       _pjsip_dlg_update_remote_cap 00407070 f   pjsip-core-i386-win32-vc8-release:sip_dialog.obj
 0001:00006290       _pjsip_dlg_on_rx_response  00407290 f   pjsip-core-i386-win32-vc8-release:sip_dialog.obj
 0001:00006670       _pjsip_tsx_state_str       00407670 f   pjsip-core-i386-win32-vc8-release:sip_transaction.obj
 0001:00006850       _pjsip_tsx_create_key      00407850 f   pjsip-core-i386-win32-vc8-release:sip_transaction.obj
 0001:00006990       _pjsip_tsx_layer_find_tsx  00407990 f   pjsip-core-i386-win32-vc8-release:sip_transaction.obj
 0001:00006ac0       _pjsip_rdata_get_tsx       00407ac0 f   pjsip-core-i386-win32-vc8-release:sip_transaction.obj
 0001:00006b70       _pjsip_tsx_set_transport   00407b70 f   pjsip-core-i386-win32-vc8-release:sip_transaction.obj
 0001:00006c00       _pjsip_tsx_send_msg        00407c00 f   pjsip-core-i386-win32-vc8-release:sip_transaction.obj
 0001:00006cc0       _pjsip_tsx_recv_msg        00407cc0 f   pjsip-core-i386-win32-vc8-release:sip_transaction.obj
 0001:00007400       _pjsip_tsx_terminate       00408400 f   pjsip-core-i386-win32-vc8-release:sip_transaction.obj
 0001:000093f0       _pjsip_tsx_create_uac2     0040a3f0 f   pjsip-core-i386-win32-vc8-release:sip_transaction.obj
 0001:00009650       _pjsip_tsx_create_uas2     0040a650 f   pjsip-core-i386-win32-vc8-release:sip_transaction.obj
 0001:00009890       _pjsip_tsx_create_uac      0040a890 f   pjsip-core-i386-win32-vc8-release:sip_transaction.obj
 0001:000098b0       _pjsip_tsx_create_uas      0040a8b0 f   pjsip-core-i386-win32-vc8-release:sip_transaction.obj
 0001:00009980       _pjsip_auth_create_digest  0040a980 f   pjsip-core-i386-win32-vc8-release:sip_auth_client.obj
 0001:0000a080       _pjsip_auth_clt_deinit     0040b080 f   pjsip-core-i386-win32-vc8-release:sip_auth_client.obj
 0001:0000a290       _pjsip_auth_clt_init_req   0040b290 f   pjsip-core-i386-win32-vc8-release:sip_auth_client.obj
 0001:0000a6f0       _pjsip_auth_clt_reinit_req 0040b6f0 f   pjsip-core-i386-win32-vc8-release:sip_auth_client.obj
 0001:0000aa00       _pjsip_ua_unregister_dlg   0040ba00 f   pjsip-core-i386-win32-vc8-release:sip_ua_layer.obj
 0001:0000aad0       _pjsip_tsx_get_dlg         0040bad0 f   pjsip-core-i386-win32-vc8-release:sip_ua_layer.obj
 0001:0000b030       _pjsip_param_find          0040c030 f   pjsip-core-i386-win32-vc8-release:sip_uri.obj
 0001:0000b070       _pjsip_param_cmp           0040c070 f   pjsip-core-i386-win32-vc8-release:sip_uri.obj
 0001:0000b120       _pjsip_param_clone         0040c120 f   pjsip-core-i386-win32-vc8-release:sip_uri.obj
 0001:0000b190       _pjsip_param_shallow_clone 0040c190 f   pjsip-core-i386-win32-vc8-release:sip_uri.obj
 0001:0000b1f0       _pjsip_param_print_on      0040c1f0 f   pjsip-core-i386-win32-vc8-release:sip_uri.obj
 0001:0000b310       _pjsip_sip_uri_create      0040c310 f   pjsip-core-i386-win32-vc8-release:sip_uri.obj
 0001:0000ba00       _pjsip_sip_uri_assign      0040ca00 f   pjsip-core-i386-win32-vc8-release:sip_uri.obj
 0001:0000bb40       _pjsip_name_addr_init      0040cb40 f   pjsip-core-i386-win32-vc8-release:sip_uri.obj
 0001:0000bb60       _pjsip_name_addr_create    0040cb60 f   pjsip-core-i386-win32-vc8-release:sip_uri.obj
 0001:0000bc70       _pjsip_name_addr_assign    0040cc70 f   pjsip-core-i386-win32-vc8-release:sip_uri.obj
 0001:0000bd60       _pjsip_other_uri_create    0040cd60 f   pjsip-core-i386-win32-vc8-release:sip_uri.obj
 0001:0000bf60       _pjsip_parser_const        0040cf60 f   pjsip-core-i386-win32-vc8-release:sip_parser.obj
 0001:0000bf70       _deinit_sip_parser         0040cf70 f   pjsip-core-i386-win32-vc8-release:sip_parser.obj
 0001:0000c130       _pjsip_register_hdr_parser 0040d130 f   pjsip-core-i386-win32-vc8-release:sip_parser.obj
 0001:0000c200       _pjsip_register_uri_parser 0040d200 f   pjsip-core-i386-win32-vc8-release:sip_parser.obj
 0001:0000c390       _pjsip_parse_param_imp     0040d390 f   pjsip-core-i386-win32-vc8-release:sip_parser.obj
 0001:0000c900       _pjsip_parse_end_hdr_imp   0040d900 f   pjsip-core-i386-win32-vc8-release:sip_parser.obj
 0001:0000e370       _init_sip_parser           0040f370 f   pjsip-core-i386-win32-vc8-release:sip_parser.obj
 0001:0000e390       _pjsip_transport_get_type_from_name 0040f390 f   pjsip-core-i386-win32-vc8-release:sip_transport.obj
 0001:0000e3f0       _pjsip_transport_get_type_from_flag 0040f3f0 f   pjsip-core-i386-win32-vc8-release:sip_transport.obj
 0001:0000e420       _pjsip_transport_get_flag_from_type 0040f420 f   pjsip-core-i386-win32-vc8-release:sip_transport.obj
 0001:0000e450       _pjsip_transport_get_default_port_for_type 0040f450 f   pjsip-core-i386-win32-vc8-release:sip_transport.obj
 0001:0000e490       _pjsip_transport_get_type_name 0040f490 f   pjsip-core-i386-win32-vc8-release:sip_transport.obj
 0001:0000e4c0       _pjsip_transport_get_type_desc 0040f4c0 f   pjsip-core-i386-win32-vc8-release:sip_transport.obj
 0001:0000e4f0       _pjsip_tx_data_create      0040f4f0 f   pjsip-core-i386-win32-vc8-release:sip_transport.obj
 0001:0000e5f0       _pjsip_tx_data_add_ref     0040f5f0 f   pjsip-core-i386-win32-vc8-release:sip_transport.obj
 0001:0000e610       _pjsip_tx_data_invalidate_msg 0040f610 f   pjsip-core-i386-win32-vc8-release:sip_transport.obj
 0001:0000e710       _pjsip_tx_data_get_info    0040f710 f   pjsip-core-i386-win32-vc8-release:sip_transport.obj
 0001:0000e770       _pjsip_rx_data_get_info    0040f770 f   pjsip-core-i386-win32-vc8-release:sip_transport.obj
 0001:0000e800       _pjsip_transport_add_ref   0040f800 f   pjsip-core-i386-win32-vc8-release:sip_transport.obj
 0001:0000e8e0       _pjsip_transport_dec_ref   0040f8e0 f   pjsip-core-i386-win32-vc8-release:sip_transport.obj
 0001:0000eb10       _pjsip_tpmgr_acquire_transport2 0040fb10 f   pjsip-core-i386-win32-vc8-release:sip_transport.obj
 0001:0000ee50       _pjsip_tpmgr_set_state_cb  0040fe50 f   pjsip-core-i386-win32-vc8-release:sip_transport.obj
 0001:0000eef0       _pjsip_transport_add_state_listener 0040fef0 f   pjsip-core-i386-win32-vc8-release:sip_transport.obj
 0001:0000efb0       _pjsip_transport_remove_state_listener 0040ffb0 f   pjsip-core-i386-win32-vc8-release:sip_transport.obj
 0001:0000f050       _pjsip_tpselector_add_ref  00410050 f   pjsip-core-i386-win32-vc8-release:sip_transport.obj
 0001:0000f070       _pjsip_tpselector_dec_ref  00410070 f   pjsip-core-i386-win32-vc8-release:sip_transport.obj
 0001:0000f150       _pjsip_tx_data_dec_ref     00410150 f   pjsip-core-i386-win32-vc8-release:sip_transport.obj
 0001:0000f180       _pjsip_tx_data_encode      00410180 f   pjsip-core-i386-win32-vc8-release:sip_transport.obj
 0001:0000f240       _pjsip_tx_data_set_transport 00410240 f   pjsip-core-i386-win32-vc8-release:sip_transport.obj
 0001:0000f330       _pjsip_transport_send      00410330 f   pjsip-core-i386-win32-vc8-release:sip_transport.obj
 0001:0000f490       _pjsip_tpmgr_create        00410490 f   pjsip-core-i386-win32-vc8-release:sip_transport.obj
 0001:0000f590       _pjsip_tpmgr_destroy       00410590 f   pjsip-core-i386-win32-vc8-release:sip_transport.obj
 0001:0000f6d0       _pjsip_resolver_create     004106d0 f   pjsip-core-i386-win32-vc8-release:sip_resolve.obj
 0001:0000fc00       _pjsip_resolve             00410c00 f   pjsip-core-i386-win32-vc8-release:sip_resolve.obj
 0001:000102f0       _pjsip_tel_nb_cmp          004112f0 f   pjsip-core-i386-win32-vc8-release:sip_tel_uri.obj
 0001:00010790       _pjsip_tel_uri_subsys_init 00411790 f   pjsip-core-i386-win32-vc8-release:sip_tel_uri.obj
 0001:00010990       _pjsip_strerror            00411990 f   pjsip-core-i386-win32-vc8-release:sip_errno.obj
 0001:00010cc0       _pjsip_endpt_create_request_from_hdr 00411cc0 f   pjsip-core-i386-win32-vc8-release:sip_util.obj
 0001:00010ea0       _pjsip_endpt_create_response 00411ea0 f   pjsip-core-i386-win32-vc8-release:sip_util.obj
 0001:00011120       _pjsip_endpt_create_ack    00412120 f   pjsip-core-i386-win32-vc8-release:sip_util.obj
 0001:000112e0       _pjsip_get_dest_info       004122e0 f   pjsip-core-i386-win32-vc8-release:sip_util.obj
 0001:00011490       _pjsip_get_request_dest    00412490 f   pjsip-core-i386-win32-vc8-release:sip_util.obj
 0001:00011500       _pjsip_restore_strict_route_set 00412500 f   pjsip-core-i386-win32-vc8-release:sip_util.obj
 0001:00011a30       _pjsip_get_response_addr   00412a30 f   pjsip-core-i386-win32-vc8-release:sip_util.obj
 0001:00011d00       _pjsip_endpt_send_response 00412d00 f   pjsip-core-i386-win32-vc8-release:sip_util.obj
 0001:00011dd0       _pjsip_endpt_respond_stateless 00412dd0 f   pjsip-core-i386-win32-vc8-release:sip_util.obj
 0001:00011f60       _pjsip_event_str           00412f60 f   pjsip-core-i386-win32-vc8-release:sip_util.obj
 0001:00011f70       _pjsip_process_route_set   00412f70 f   pjsip-core-i386-win32-vc8-release:sip_util.obj
 0001:00012170       _pjsip_endpt_send_request_stateless 00413170 f   pjsip-core-i386-win32-vc8-release:sip_util.obj
 0001:00012850       _pjsip_auth_init_parser    00413850 f   pjsip-core-i386-win32-vc8-release:sip_auth_parser.obj
 0001:000128b0       _pjsip_authorization_hdr_create 004138b0 f   pjsip-core-i386-win32-vc8-release:sip_auth_msg.obj
 0001:00012910       _pjsip_proxy_authorization_hdr_create 00413910 f   pjsip-core-i386-win32-vc8-release:sip_auth_msg.obj
 0001:00013030       _pjsip_www_authenticate_hdr_create 00414030 f   pjsip-core-i386-win32-vc8-release:sip_auth_msg.obj
 0001:00013090       _pjsip_proxy_authenticate_hdr_create 00414090 f   pjsip-core-i386-win32-vc8-release:sip_auth_msg.obj
 0001:00013600       _pjmedia_aud_subsys_init   00414600 f   pjmedia-audiodev-i386-win32-vc8-release:audiodev.obj
 0001:000136a0       _pjmedia_aud_subsys_shutdown 004146a0 f   pjmedia-audiodev-i386-win32-vc8-release:audiodev.obj
 0001:000137a0       _pjmedia_wmme_factory      004147a0 f   pjmedia-audiodev-i386-win32-vc8-release:wmme_dev.obj
 0001:00014cf0       _pjmedia_audiodev_strerror 00415cf0 f   pjmedia-audiodev-i386-win32-vc8-release:errno.obj
 0001:00014eb0       _pjmedia_endpt_create2     00415eb0 f   pjmedia-i386-win32-vc8-release:endpoint.obj
 0001:00015070       _pjmedia_get_aud_subsys    00416070 f   pjmedia-i386-win32-vc8-release:audiodev.obj
 0001:00015080       _pjmedia_aud_driver_init   00416080 f   pjmedia-i386-win32-vc8-release:audiodev.obj
 0001:000152b0       _pjmedia_aud_driver_deinit 004162b0 f   pjmedia-i386-win32-vc8-release:audiodev.obj
 0001:00015300       _pjmedia_sdp_attr_create   00416300 f   pjmedia-i386-win32-vc8-release:sdp.obj
 0001:00015360       _pjmedia_sdp_attr_find     00416360 f   pjmedia-i386-win32-vc8-release:sdp.obj
 0001:000153f0       _pjmedia_sdp_media_find_attr 004163f0 f   pjmedia-i386-win32-vc8-release:sdp.obj
 0001:00015420       _pjmedia_sdp_media_deactivate 00416420 f   pjmedia-i386-win32-vc8-release:sdp.obj
 0001:00015440       _pjmedia_codec_mgr_init    00416440 f   pjmedia-i386-win32-vc8-release:codec.obj
 0001:000154b0       _pjmedia_codec_mgr_destroy 004164b0 f   pjmedia-i386-win32-vc8-release:codec.obj
 0001:00015540       _pjmedia_strerror          00416540 f   pjmedia-i386-win32-vc8-release:errno.obj
 0001:00015670       _get_libsrtp_errstr        00416670 f   pjmedia-i386-win32-vc8-release:transport_srtp.obj
 0001:00015710       _pjmedia_transport_srtp_stop 00416710 f   pjmedia-i386-win32-vc8-release:transport_srtp.obj
 0001:00016940       _pjmedia_transport_srtp_start 00417940 f   pjmedia-i386-win32-vc8-release:transport_srtp.obj
 0001:000177a0       _pjnath_init               004187a0 f   pjnath-i386-win32-vc8-release:errno.obj
 0001:000177d0       _pj_stun_get_err_reason    004187d0 f   pjnath-i386-win32-vc8-release:stun_msg.obj
 0001:00018620       _pjlib_util_strerror       00419620 f   pjlib-util-i386-win32-vc8-release:errno.obj
 0001:00018700       _pjlib_util_init           00419700 f   pjlib-util-i386-win32-vc8-release:errno.obj
 0001:00018720       _pj_str_unescape           00419720 f   pjlib-util-i386-win32-vc8-release:string.obj
 0001:00018810       _pj_strncpy2_escape        00419810 f   pjlib-util-i386-win32-vc8-release:string.obj
 0001:000188d0       _pj_cis_buf_init           004198d0 f   pjlib-util-i386-win32-vc8-release:scanner.obj
 0001:00018900       _pj_cis_init               00419900 f   pjlib-util-i386-win32-vc8-release:scanner.obj
 0001:00018950       _pj_cis_dup                00419950 f   pjlib-util-i386-win32-vc8-release:scanner.obj
 0001:00018a60       _pj_cis_add_alpha          00419a60 f   pjlib-util-i386-win32-vc8-release:scanner.obj
 0001:00018ab0       _pj_cis_add_num            00419ab0 f   pjlib-util-i386-win32-vc8-release:scanner.obj
 0001:00018ae0       _pj_cis_add_str            00419ae0 f   pjlib-util-i386-win32-vc8-release:scanner.obj
 0001:00018b10       _pj_cis_add_cis            00419b10 f   pjlib-util-i386-win32-vc8-release:scanner.obj
 0001:00018bc0       _pj_cis_del_str            00419bc0 f   pjlib-util-i386-win32-vc8-release:scanner.obj
 0001:00018bf0       _pj_cis_invert             00419bf0 f   pjlib-util-i386-win32-vc8-release:scanner.obj
 0001:00018cc0       _pj_scan_skip_whitespace   00419cc0 f   pjlib-util-i386-win32-vc8-release:scanner.obj
 0001:00018d90       _pj_scan_peek              00419d90 f   pjlib-util-i386-win32-vc8-release:scanner.obj
 0001:00018df0       _pj_scan_get               00419df0 f   pjlib-util-i386-win32-vc8-release:scanner.obj
 0001:00018e60       _pj_scan_get_quotes        00419e60 f   pjlib-util-i386-win32-vc8-release:scanner.obj
 0001:00018f30       _pj_scan_get_n             00419f30 f   pjlib-util-i386-win32-vc8-release:scanner.obj
 0001:00018f80       _pj_scan_get_char          00419f80 f   pjlib-util-i386-win32-vc8-release:scanner.obj
 0001:00018fc0       _pj_scan_get_newline       00419fc0 f   pjlib-util-i386-win32-vc8-release:scanner.obj
 0001:00019000       _pj_scan_get_until_ch      0041a000 f   pjlib-util-i386-win32-vc8-release:scanner.obj
 0001:00019060       _pj_scan_get_quote         0041a060 f   pjlib-util-i386-win32-vc8-release:scanner.obj
 0001:00019170       _pj_dns_resolver_cancel_query 0041a170 f   pjlib-util-i386-win32-vc8-release:resolver.obj
 0001:000191d0       _pj_dns_parse_addr_response 0041a1d0 f   pjlib-util-i386-win32-vc8-release:resolver.obj
 0001:00019a70       _pj_dns_resolver_start_query 0041aa70 f   pjlib-util-i386-win32-vc8-release:resolver.obj
 0001:00019f90       _pj_md5_init               0041af90 f   pjlib-util-i386-win32-vc8-release:md5.obj
 0001:0001a640       _pj_md5_update             0041b640 f   pjlib-util-i386-win32-vc8-release:md5.obj
 0001:0001a700       _pj_md5_final              0041b700 f   pjlib-util-i386-win32-vc8-release:md5.obj
 0001:0001a7a0       _pj_dns_srv_cancel_query   0041b7a0 f   pjlib-util-i386-win32-vc8-release:srv_resolver.obj
 0001:0001b620       _pj_dns_srv_resolve        0041c620 f   pjlib-util-i386-win32-vc8-release:srv_resolver.obj
 0001:0001b7c0       _pj_dns_get_type_name      0041c7c0 f   pjlib-util-i386-win32-vc8-release:dns.obj
 0001:0001b860       _pj_dns_make_query         0041c860 f   pjlib-util-i386-win32-vc8-release:dns.obj
 0001:0001b950       _pj_base64_encode          0041c950 f   pjlib-util-i386-win32-vc8-release:base64.obj
 0001:0001bae0       _pj_base64_decode          0041cae0 f   pjlib-util-i386-win32-vc8-release:base64.obj
 0001:0001bc80       _pj_atexit                 0041cc80 f   pjlib-i386-win32-vc8-release:os_core_win32.obj
 0001:0001bcb0       _pj_atomic_create          0041ccb0 f   pjlib-i386-win32-vc8-release:os_core_win32.obj
 0001:0001bce0       _pj_atomic_destroy         0041cce0 f   pjlib-i386-win32-vc8-release:os_core_win32.obj
 0001:0001bd00       _pj_thread_local_alloc     0041cd00 f   pjlib-i386-win32-vc8-release:os_core_win32.obj
 0001:0001bd50       _pj_thread_local_set       0041cd50 f   pjlib-i386-win32-vc8-release:os_core_win32.obj
 0001:0001bd90       _pj_thread_local_get       0041cd90 f   pjlib-i386-win32-vc8-release:os_core_win32.obj
 0001:0001bda0       _pj_thread_register        0041cda0 f   pjlib-i386-win32-vc8-release:os_core_win32.obj
 0001:0001be70       _pj_thread_init            0041ce70 f   pjlib-i386-win32-vc8-release:os_core_win32.obj
 0001:0001bf50       _pj_thread_this            0041cf50 f   pjlib-i386-win32-vc8-release:os_core_win32.obj
 0001:0001bf60       _pj_thread_check_stack     0041cf60 f   pjlib-i386-win32-vc8-release:os_core_win32.obj
 0001:0001bfa0       _pj_atomic_get             0041cfa0 f   pjlib-i386-win32-vc8-release:os_core_win32.obj
 0001:0001bff0       _pj_atomic_inc_and_get     0041cff0 f   pjlib-i386-win32-vc8-release:os_core_win32.obj
 0001:0001bff0       _pj_atomic_inc             0041cff0 f   pjlib-i386-win32-vc8-release:os_core_win32.obj
 0001:0001c040       _pj_atomic_dec_and_get     0041d040 f   pjlib-i386-win32-vc8-release:os_core_win32.obj
 0001:0001c090       _pj_thread_local_free      0041d090 f   pjlib-i386-win32-vc8-release:os_core_win32.obj
 0001:0001c180       _pj_mutex_create           0041d180 f   pjlib-i386-win32-vc8-release:os_core_win32.obj
 0001:0001c1d0       _pj_mutex_create_simple    0041d1d0 f   pjlib-i386-win32-vc8-release:os_core_win32.obj
 0001:0001c1d0       _pj_mutex_create_recursive 0041d1d0 f   pjlib-i386-win32-vc8-release:os_core_win32.obj
 0001:0001c220       _pj_mutex_lock             0041d220 f   pjlib-i386-win32-vc8-release:os_core_win32.obj
 0001:0001c280       _pj_mutex_unlock           0041d280 f   pjlib-i386-win32-vc8-release:os_core_win32.obj
 0001:0001c2e0       _pj_mutex_trylock          0041d2e0 f   pjlib-i386-win32-vc8-release:os_core_win32.obj
 0001:0001c350       _pj_mutex_destroy          0041d350 f   pjlib-i386-win32-vc8-release:os_core_win32.obj
 0001:0001c3b0       _pj_enter_critical_section 0041d3b0 f   pjlib-i386-win32-vc8-release:os_core_win32.obj
 0001:0001c3c0       _pj_leave_critical_section 0041d3c0 f   pjlib-i386-win32-vc8-release:os_core_win32.obj
 0001:0001c3d0       _pj_sem_create             0041d3d0 f   pjlib-i386-win32-vc8-release:os_core_win32.obj
 0001:0001c580       _pj_sem_wait               0041d580 f   pjlib-i386-win32-vc8-release:os_core_win32.obj
 0001:0001c5e0       _pj_sem_trywait            0041d5e0 f   pjlib-i386-win32-vc8-release:os_core_win32.obj
 0001:0001c640       _pj_sem_post               0041d640 f   pjlib-i386-win32-vc8-release:os_core_win32.obj
 0001:0001c6d0       _pj_sem_destroy            0041d6d0 f   pjlib-i386-win32-vc8-release:os_core_win32.obj
 0001:0001c750       _pj_term_set_color         0041d750 f   pjlib-i386-win32-vc8-release:os_core_win32.obj
 0001:0001c7f0       _pj_init                   0041d7f0 f   pjlib-i386-win32-vc8-release:os_core_win32.obj
 0001:0001c950       _pj_shutdown               0041d950 f   pjlib-i386-win32-vc8-release:os_core_win32.obj
 0001:0001ca90       _pj_thread_create          0041da90 f   pjlib-i386-win32-vc8-release:os_core_win32.obj
 0001:0001cbf0       _pj_thread_get_name        0041dbf0 f   pjlib-i386-win32-vc8-release:os_core_win32.obj
 0001:0001cc40       _pj_thread_join            0041dc40 f   pjlib-i386-win32-vc8-release:os_core_win32.obj
 0001:0001ccf0       _pj_thread_destroy         0041dcf0 f   pjlib-i386-win32-vc8-release:os_core_win32.obj
 0001:0001cd70       _pj_thread_sleep           0041dd70 f   pjlib-i386-win32-vc8-release:os_core_win32.obj
 0001:0001cdc0       _pj_rwmutex_create         0041ddc0 f   pjlib-i386-win32-vc8-release:os_core_win32.obj
 0001:0001ce40       _pj_rwmutex_lock_read      0041de40 f   pjlib-i386-win32-vc8-release:os_core_win32.obj
 0001:0001ce80       _pj_rwmutex_lock_write     0041de80 f   pjlib-i386-win32-vc8-release:os_core_win32.obj
 0001:0001cea0       _pj_rwmutex_unlock_read    0041dea0 f   pjlib-i386-win32-vc8-release:os_core_win32.obj
 0001:0001cee0       _pj_rwmutex_unlock_write   0041dee0 f   pjlib-i386-win32-vc8-release:os_core_win32.obj
 0001:0001cf00       _pj_rwmutex_destroy        0041df00 f   pjlib-i386-win32-vc8-release:os_core_win32.obj
 0001:0001cfa0       _pj_register_strerror      0041dfa0 f   pjlib-i386-win32-vc8-release:errno.obj
 0001:0001d080       _pj_errno_clear_handlers   0041e080 f   pjlib-i386-win32-vc8-release:errno.obj
 0001:0001d0a0       _pj_strerror               0041e0a0 f   pjlib-i386-win32-vc8-release:errno.obj
 0001:0001d230       _pj_perror_2               0041e230 f   pjlib-i386-win32-vc8-release:errno.obj
 0001:0001d250       _pj_perror_3               0041e250 f   pjlib-i386-win32-vc8-release:errno.obj
 0001:0001d270       _pj_perror_4               0041e270 f   pjlib-i386-win32-vc8-release:errno.obj
 0001:0001d610       _pj_caching_pool_init      0041e610 f   pjlib-i386-win32-vc8-release:pool_caching.obj
 0001:0001d710       _pj_log_push_indent        0041e710 f   pjlib-i386-win32-vc8-release:log.obj
 0001:0001d740       _pj_log_pop_indent         0041e740 f   pjlib-i386-win32-vc8-release:log.obj
 0001:0001d770       _pj_log_init               0041e770 f   pjlib-i386-win32-vc8-release:log.obj
 0001:0001d7e0       _pj_log_get_decor          0041e7e0 f   pjlib-i386-win32-vc8-release:log.obj
 0001:0001d7f0       _pj_log_get_color          0041e7f0 f   pjlib-i386-win32-vc8-release:log.obj
 0001:0001d850       _pj_log_set_level          0041e850 f   pjlib-i386-win32-vc8-release:log.obj
 0001:0001d860       _pj_log_get_level          0041e860 f   pjlib-i386-win32-vc8-release:log.obj
 0001:0001d870       _pj_log                    0041e870 f   pjlib-i386-win32-vc8-release:log.obj
 0001:0001dcd0       _pj_log_1                  0041ecd0 f   pjlib-i386-win32-vc8-release:log.obj
 0001:0001dcf0       _pj_log_2                  0041ecf0 f   pjlib-i386-win32-vc8-release:log.obj
 0001:0001dd10       _pj_log_3                  0041ed10 f   pjlib-i386-win32-vc8-release:log.obj
 0001:0001dd30       _pj_log_4                  0041ed30 f   pjlib-i386-win32-vc8-release:log.obj
 0001:0001dd50       _pj_log_5                  0041ed50 f   pjlib-i386-win32-vc8-release:log.obj
 0001:0001dd70       _pj_list_insert_after      0041ed70 f   pjlib-i386-win32-vc8-release:list.obj
 0001:0001dd90       _pj_list_insert_before     0041ed90 f   pjlib-i386-win32-vc8-release:list.obj
 0001:0001ddb0       _pj_list_erase             0041edb0 f   pjlib-i386-win32-vc8-release:list.obj
 0001:0001ddd0       _pj_list_find_node         0041edd0 f   pjlib-i386-win32-vc8-release:list.obj
 0001:0001de00       _pj_list_search            0041ee00 f   pjlib-i386-win32-vc8-release:list.obj
 0001:0001de40       _pj_list_size              0041ee40 f   pjlib-i386-win32-vc8-release:list.obj
 0001:0001de60       _pj_pool_get_capacity      0041ee60 f   pjlib-i386-win32-vc8-release:pool.obj
 0001:0001de70       _pj_pool_get_used_size     0041ee70 f   pjlib-i386-win32-vc8-release:pool.obj
 0001:0001dea0       _pj_pool_alloc_from_block  0041eea0 f   pjlib-i386-win32-vc8-release:pool.obj
 0001:0001ded0       _pj_pool_getobjname        0041eed0 f   pjlib-i386-win32-vc8-release:pool.obj
 0001:0001dee0       _pj_pool_create            0041eee0 f   pjlib-i386-win32-vc8-release:pool.obj
 0001:0001def0       _pj_pool_release           0041eef0 f   pjlib-i386-win32-vc8-release:pool.obj
 0001:0001df10       _pj_NO_MEMORY_EXCEPTION    0041ef10 f   pjlib-i386-win32-vc8-release:pool.obj
 0001:0001df90       _pj_pool_allocate_find     0041ef90 f   pjlib-i386-win32-vc8-release:pool.obj
 0001:0001e040       _pj_pool_init_int          0041f040 f   pjlib-i386-win32-vc8-release:pool.obj
 0001:0001e0b0       _pj_pool_create_int        0041f0b0 f   pjlib-i386-win32-vc8-release:pool.obj
 0001:0001e1c0       _pj_pool_reset             0041f1c0 f   pjlib-i386-win32-vc8-release:pool.obj
 0001:0001e1d0       _pj_pool_destroy_int       0041f1d0 f   pjlib-i386-win32-vc8-release:pool.obj
 0001:0001e210       _pj_pool_alloc             0041f210 f   pjlib-i386-win32-vc8-release:pool.obj
 0001:0001e250       _pj_pool_calloc            0041f250 f   pjlib-i386-win32-vc8-release:pool.obj
 0001:0001e2b0       _pj_str                    0041f2b0 f   pjlib-i386-win32-vc8-release:string.obj
 0001:0001e2d0       _pj_strdup                 0041f2d0 f   pjlib-i386-win32-vc8-release:string.obj
 0001:0001e310       _pj_strdup_with_null       0041f310 f   pjlib-i386-win32-vc8-release:string.obj
 0001:0001e360       _pj_strdup2                0041f360 f   pjlib-i386-win32-vc8-release:string.obj
 0001:0001e3c0       _pj_strassign              0041f3c0 f   pjlib-i386-win32-vc8-release:string.obj
 0001:0001e3e0       _pj_strcpy                 0041f3e0 f   pjlib-i386-win32-vc8-release:string.obj
 0001:0001e410       _pj_strcpy2                0041f410 f   pjlib-i386-win32-vc8-release:string.obj
 0001:0001e450       _pj_strncpy                0041f450 f   pjlib-i386-win32-vc8-release:string.obj
 0001:0001e480       _pj_strncpy_with_null      0041f480 f   pjlib-i386-win32-vc8-release:string.obj
 0001:0001e4c0       _pj_strcmp                 0041f4c0 f   pjlib-i386-win32-vc8-release:string.obj
 0001:0001e520       _pj_stricmp                0041f520 f   pjlib-i386-win32-vc8-release:string.obj
 0001:0001e590       _pj_stricmp2               0041f590 f   pjlib-i386-win32-vc8-release:string.obj
 0001:0001e5f0       _pj_strnicmp               0041f5f0 f   pjlib-i386-win32-vc8-release:string.obj
 0001:0001e630       _pj_strcat                 0041f630 f   pjlib-i386-win32-vc8-release:string.obj
 0001:0001e660       _pj_strcat2                0041f660 f   pjlib-i386-win32-vc8-release:string.obj
 0001:0001e6a0       _pj_strltrim               0041f6a0 f   pjlib-i386-win32-vc8-release:string.obj
 0001:0001e6f0       _pj_strrtrim               0041f6f0 f   pjlib-i386-win32-vc8-release:string.obj
 0001:0001e730       _pj_strtoul                0041f730 f   pjlib-i386-win32-vc8-release:string.obj
 0001:0001e790       _pj_strtoul2               0041f790 f   pjlib-i386-win32-vc8-release:string.obj
 0001:0001e850       _pj_utoa_pad               0041f850 f   pjlib-i386-win32-vc8-release:string.obj
 0001:0001e8d0       _pj_strtrim                0041f8d0 f   pjlib-i386-win32-vc8-release:string.obj
 0001:0001e8f0       _pj_utoa                   0041f8f0 f   pjlib-i386-win32-vc8-release:string.obj
 0001:0001e980       _pj_gettimeofday           0041f980 f   pjlib-i386-win32-vc8-release:os_time_win32.obj
 0001:0001e9f0       _pj_time_decode            0041f9f0 f   pjlib-i386-win32-vc8-release:os_time_win32.obj
 0001:0001eeb0       _pj_timer_heap_create      0041feb0 f   pjlib-i386-win32-vc8-release:timer.obj
 0001:0001ef70       _pj_timer_heap_destroy     0041ff70 f   pjlib-i386-win32-vc8-release:timer.obj
 0001:0001efa0       _pj_timer_heap_set_lock    0041ffa0 f   pjlib-i386-win32-vc8-release:timer.obj
 0001:0001eff0       _pj_timer_heap_set_max_timed_out_per_poll 0041fff0 f   pjlib-i386-win32-vc8-release:timer.obj
 0001:0001f000       _pj_timer_entry_running    00420000 f   pjlib-i386-win32-vc8-release:timer.obj
 0001:0001f0f0       _pj_timer_heap_schedule    004200f0 f   pjlib-i386-win32-vc8-release:timer.obj
 0001:0001f110       _pj_timer_heap_schedule_w_grp_lock 00420110 f   pjlib-i386-win32-vc8-release:timer.obj
 0001:0001f140       _pj_timer_heap_cancel      00420140 f   pjlib-i386-win32-vc8-release:timer.obj
 0001:0001f1b0       _pj_timer_heap_cancel_if_active 004201b0 f   pjlib-i386-win32-vc8-release:timer.obj
 0001:0001f2a0       _pj_lock_create_simple_mutex 004202a0 f   pjlib-i386-win32-vc8-release:lock.obj
 0001:0001f2c0       _pj_lock_create_recursive_mutex 004202c0 f   pjlib-i386-win32-vc8-release:lock.obj
 0001:0001f2e0       _pj_lock_create_null_mutex 004202e0 f   pjlib-i386-win32-vc8-release:lock.obj
 0001:0001f300       _pj_lock_acquire           00420300 f   pjlib-i386-win32-vc8-release:lock.obj
 0001:0001f320       _pj_lock_tryacquire        00420320 f   pjlib-i386-win32-vc8-release:lock.obj
 0001:0001f340       _pj_lock_release           00420340 f   pjlib-i386-win32-vc8-release:lock.obj
 0001:0001f360       _pj_lock_destroy           00420360 f   pjlib-i386-win32-vc8-release:lock.obj
 0001:0001f430       _pj_grp_lock_add_ref       00420430 f   pjlib-i386-win32-vc8-release:lock.obj
 0001:0001f560       _pj_grp_lock_acquire       00420560 f   pjlib-i386-win32-vc8-release:lock.obj
 0001:0001f570       _pj_grp_lock_tryacquire    00420570 f   pjlib-i386-win32-vc8-release:lock.obj
 0001:0001f580       _pj_grp_lock_dec_ref       00420580 f   pjlib-i386-win32-vc8-release:lock.obj
 0001:0001f620       _pj_grp_lock_create        00420620 f   pjlib-i386-win32-vc8-release:lock.obj
 0001:0001f710       _pj_grp_lock_create_w_handler 00420710 f   pjlib-i386-win32-vc8-release:lock.obj
 0001:0001f770       _pj_grp_lock_release       00420770 f   pjlib-i386-win32-vc8-release:lock.obj
 0001:0001f780       _pj_grp_lock_add_handler   00420780 f   pjlib-i386-win32-vc8-release:lock.obj
 0001:0001f7d0       _pj_time_val_normalize     004207d0 f   pjlib-i386-win32-vc8-release:types.obj
 0001:0001f860       _pj_rand                   00420860 f   pjlib-i386-win32-vc8-release:rand.obj
 0001:0001f890       _pj_create_unique_string   00420890 f   pjlib-i386-win32-vc8-release:guid.obj
 0001:0001f920       _pj_push_exception_handler_ 00420920 f   pjlib-i386-win32-vc8-release:except.obj
 0001:0001f970       _pj_pop_exception_handler_ 00420970 f   pjlib-i386-win32-vc8-release:except.obj
 0001:0001f9a0       _pj_exception_id_alloc     004209a0 f   pjlib-i386-win32-vc8-release:except.obj
 0001:0001f9f0       _pj_exception_id_free      004209f0 f   pjlib-i386-win32-vc8-release:except.obj
 0001:0001fa20       _pj_throw_exception_       00420a20 f   pjlib-i386-win32-vc8-release:except.obj
 0001:0001fac0       _pj_ioqueue_set_lock       00420ac0 f   pjlib-i386-win32-vc8-release:ioqueue_select.obj
 0001:0001fb00       _pj_ioqueue_op_key_init    00420b00 f   pjlib-i386-win32-vc8-release:ioqueue_select.obj
 0001:0001fb20       _pj_ioqueue_is_pending     00420b20 f   pjlib-i386-win32-vc8-release:ioqueue_select.obj
 0001:0001fb30       _pj_ioqueue_unlock_key     00420b30 f   pjlib-i386-win32-vc8-release:ioqueue_select.obj
 0001:0001fb50       _pj_ioqueue_create         00420b50 f   pjlib-i386-win32-vc8-release:ioqueue_select.obj
 0001:0001fd00       _pj_ioqueue_destroy        00420d00 f   pjlib-i386-win32-vc8-release:ioqueue_select.obj
 0001:0001ff00       _ioqueue_dispatch_write_event 00420f00 f   pjlib-i386-win32-vc8-release:ioqueue_select.obj
 0001:000201e0       _ioqueue_dispatch_read_event 004211e0 f   pjlib-i386-win32-vc8-release:ioqueue_select.obj
 0001:00020410       _ioqueue_dispatch_exception_event 00421410 f   pjlib-i386-win32-vc8-release:ioqueue_select.obj
 0001:00020570       _pj_ioqueue_sendto         00421570 f   pjlib-i386-win32-vc8-release:ioqueue_select.obj
 0001:00020720       _pj_ioqueue_poll           00421720 f   pjlib-i386-win32-vc8-release:ioqueue_select.obj
 0001:00020a00       _pj_get_os_error           00421a00 f   pjlib-i386-win32-vc8-release:os_error_win32.obj
 0001:00020a20       _pj_get_netos_error        00421a20 f   pjlib-i386-win32-vc8-release:os_error_win32.obj
 0001:00020a40       _platform_strerror         00421a40 f   pjlib-i386-win32-vc8-release:os_error_win32.obj
 0001:00020b30       _pj_ntohs                  00421b30 f   pjlib-i386-win32-vc8-release:sock_bsd.obj
 0001:00020b40       _pj_htons                  00421b40 f   pjlib-i386-win32-vc8-release:sock_bsd.obj
 0001:00020b50       _pj_ntohl                  00421b50 f   pjlib-i386-win32-vc8-release:sock_bsd.obj
 0001:00020b60       _pj_htonl                  00421b60 f   pjlib-i386-win32-vc8-release:sock_bsd.obj
 0001:00020b70       _pj_inet_aton              00421b70 f   pjlib-i386-win32-vc8-release:sock_bsd.obj
 0001:00020bf0       _pj_inet_pton              00421bf0 f   pjlib-i386-win32-vc8-release:sock_bsd.obj
 0001:00020d60       _pj_inet_ntop              00421d60 f   pjlib-i386-win32-vc8-release:sock_bsd.obj
 0001:00020ea0       _pj_gethostname            00421ea0 f   pjlib-i386-win32-vc8-release:sock_bsd.obj
 0001:00020f20       _pj_sock_getsockname       00421f20 f   pjlib-i386-win32-vc8-release:sock_bsd.obj
 0001:00020f80       _pj_sock_send              00421f80 f   pjlib-i386-win32-vc8-release:sock_bsd.obj
 0001:00020ff0       _pj_sock_sendto            00421ff0 f   pjlib-i386-win32-vc8-release:sock_bsd.obj
 0001:00021060       _pj_sock_recv              00422060 f   pjlib-i386-win32-vc8-release:sock_bsd.obj
 0001:000210d0       _pj_sock_recvfrom          004220d0 f   pjlib-i386-win32-vc8-release:sock_bsd.obj
 0001:00021150       _pj_sock_getsockopt        00422150 f   pjlib-i386-win32-vc8-release:sock_bsd.obj
 0001:000211c0       _pj_sock_accept            004221c0 f   pjlib-i386-win32-vc8-release:sock_bsd.obj
 0001:00021230       _pj_hash_calc              00422230 f   pjlib-i386-win32-vc8-release:hash.obj
 0001:000212a0       _pj_hash_calc_tolower      004222a0 f   pjlib-i386-win32-vc8-release:hash.obj
 0001:000212f0       _pj_hash_create            004222f0 f   pjlib-i386-win32-vc8-release:hash.obj
 0001:000214f0       _pj_hash_get               004224f0 f   pjlib-i386-win32-vc8-release:hash.obj
 0001:00021520       _pj_hash_get_lower         00422520 f   pjlib-i386-win32-vc8-release:hash.obj
 0001:00021550       _pj_hash_set               00422550 f   pjlib-i386-win32-vc8-release:hash.obj
 0001:000215b0       _pj_hash_set_lower         004225b0 f   pjlib-i386-win32-vc8-release:hash.obj
 0001:00021610       _pj_hash_set_np            00422610 f   pjlib-i386-win32-vc8-release:hash.obj
 0001:00021670       _pj_hash_count             00422670 f   pjlib-i386-win32-vc8-release:hash.obj
 0001:00021680       _pj_hash_first             00422680 f   pjlib-i386-win32-vc8-release:hash.obj
 0001:000216c0       _pj_hash_next              004226c0 f   pjlib-i386-win32-vc8-release:hash.obj
 0001:00021710       _pj_hash_this              00422710 f   pjlib-i386-win32-vc8-release:hash.obj
 0001:00021730       _pj_GUID_STRING_LENGTH     00422730 f   pjlib-i386-win32-vc8-release:guid_win32.obj
 0001:00021830       _pj_generate_unique_string 00422830 f   pjlib-i386-win32-vc8-release:guid_win32.obj
 0001:00021880       _pj_sockaddr_in_set_str_addr 00422880 f   pjlib-i386-win32-vc8-release:sock_common.obj
 0001:00021930       _pj_sockaddr_set_str_addr  00422930 f   pjlib-i386-win32-vc8-release:sock_common.obj
 0001:00021a60       _pj_sockaddr_get_addr      00422a60 f   pjlib-i386-win32-vc8-release:sock_common.obj
 0001:00021a90       _pj_sockaddr_get_port      00422a90 f   pjlib-i386-win32-vc8-release:sock_common.obj
 0001:00021ac0       _pj_sockaddr_get_len       00422ac0 f   pjlib-i386-win32-vc8-release:sock_common.obj
 0001:00021b00       _pj_sockaddr_cp            00422b00 f   pjlib-i386-win32-vc8-release:sock_common.obj
 0001:00021b60       _pj_sockaddr_set_port      00422b60 f   pjlib-i386-win32-vc8-release:sock_common.obj
 0001:00021bc0       _pj_sockaddr_print         00422bc0 f   pjlib-i386-win32-vc8-release:sock_common.obj
 0001:00021cf0       _pj_sockaddr_in_init       00422cf0 f   pjlib-i386-win32-vc8-release:sock_common.obj
 0001:00021d40       _pj_sockaddr_init          00422d40 f   pjlib-i386-win32-vc8-release:sock_common.obj
 0001:00021dd0       _pj_get_timestamp          00422dd0 f   pjlib-i386-win32-vc8-release:os_timestamp_win32.obj
 0001:00021e30       _pj_get_timestamp_freq     00422e30 f   pjlib-i386-win32-vc8-release:os_timestamp_win32.obj
 0001:00021e90       _pj_gethostbyname          00422e90 f   pjlib-i386-win32-vc8-release:addr_resolv_sock.obj
 0001:00021f60       _pj_getaddrinfo            00422f60 f   pjlib-i386-win32-vc8-release:addr_resolv_sock.obj
 0001:00022120       _pj_pool_create_on_buf     00423120 f   pjlib-i386-win32-vc8-release:pool_buf.obj
 0001:00022280       _pj_log_write              00423280 f   pjlib-i386-win32-vc8-release:log_writer_stdout.obj
 0001:000222e0       _pj_elapsed_time           004232e0 f   pjlib-i386-win32-vc8-release:os_timestamp_common.obj
 0001:00022370       _pj_gettickcount           00423370 f   pjlib-i386-win32-vc8-release:os_timestamp_common.obj
 0001:000223b0       _PJ_FD_ZERO                004233b0 f   pjlib-i386-win32-vc8-release:sock_select.obj
 0001:000223e0       _PJ_FD_ISSET               004233e0 f   pjlib-i386-win32-vc8-release:sock_select.obj
 0001:00022410       _PJ_FD_COUNT               00423410 f   pjlib-i386-win32-vc8-release:sock_select.obj
 0001:00022410       _rdb_get_value             00423410 f   libsrtp-i386-win32-vc8-release:rdb.obj
 0001:00022420       _pj_sock_select            00423420 f   pjlib-i386-win32-vc8-release:sock_select.obj
 0001:000224b0       _PJ_FD_SET                 004234b0 f   pjlib-i386-win32-vc8-release:sock_select.obj
 0001:00022510       _PJ_FD_CLR                 00423510 f   pjlib-i386-win32-vc8-release:sock_select.obj
 0001:000225c0       _srtp_stream_alloc         004235c0 f   libsrtp-i386-win32-vc8-release:srtp.obj
 0001:000227a0       _srtp_stream_dealloc       004237a0 f   libsrtp-i386-win32-vc8-release:srtp.obj
 0001:00022890       _srtp_stream_clone         00423890 f   libsrtp-i386-win32-vc8-release:srtp.obj
 0001:000229a0       _srtp_kdf_generate         004239a0 f   libsrtp-i386-win32-vc8-release:srtp.obj
 0001:00022a40       _srtp_kdf_clear            00423a40 f   libsrtp-i386-win32-vc8-release:srtp.obj
 0001:00022aa0       _srtp_stream_init_keys     00423aa0 f   libsrtp-i386-win32-vc8-release:srtp.obj
 0001:00022ff0       _srtp_stream_init          00423ff0 f   libsrtp-i386-win32-vc8-release:srtp.obj
 0001:00023110       _srtp_event_reporter       00424110 f   libsrtp-i386-win32-vc8-release:srtp.obj
 0001:000237e0       _srtp_dealloc              004247e0 f   libsrtp-i386-win32-vc8-release:srtp.obj
 0001:000238a0       _srtp_add_stream           004248a0 f   libsrtp-i386-win32-vc8-release:srtp.obj
 0001:00023970       _srtp_create               00424970 f   libsrtp-i386-win32-vc8-release:srtp.obj
 0001:00024000       _srtp_protect_rtcp         00425000 f   libsrtp-i386-win32-vc8-release:srtp.obj
 0001:00024370       _srtp_unprotect_rtcp       00425370 f   libsrtp-i386-win32-vc8-release:srtp.obj
 0001:00024810       _srtp_protect              00425810 f   libsrtp-i386-win32-vc8-release:srtp.obj
 0001:00024d60       _srtp_unprotect            00425d60 f   libsrtp-i386-win32-vc8-release:srtp.obj
 0001:00025320       _crypto_kernel_alloc_cipher 00426320 f   libsrtp-i386-win32-vc8-release:crypto_kernel.obj
 0001:00025380       _crypto_kernel_alloc_auth  00426380 f   libsrtp-i386-win32-vc8-release:crypto_kernel.obj
 0001:000253e0       _crypto_get_random         004263e0 f   libsrtp-i386-win32-vc8-release:crypto_kernel.obj
 0001:00025400       _ekt_octets_after_base_tag 00426400 f   libsrtp-i386-win32-vc8-release:ekt.obj
 0001:00025420       _ekt_alloc                 00426420 f   libsrtp-i386-win32-vc8-release:ekt.obj
 0001:00025450       _aes_decrypt_with_raw_key  00426450 f   libsrtp-i386-win32-vc8-release:ekt.obj
 0001:000254b0       _srtp_stream_init_from_ekt 004264b0 f   libsrtp-i386-win32-vc8-release:ekt.obj
 0001:00025530       _ekt_write_data            00426530 f   libsrtp-i386-win32-vc8-release:ekt.obj
 0001:00025680       _crypto_alloc              00426680 f   libsrtp-i386-win32-vc8-release:alloc.obj
 0001:000256e0       _crypto_free               004266e0 f   libsrtp-i386-win32-vc8-release:alloc.obj
 0001:00025710       _index_guess               00426710 f   libsrtp-i386-win32-vc8-release:rdbx.obj
 0001:00025790       _rdbx_init                 00426790 f   libsrtp-i386-win32-vc8-release:rdbx.obj
 0001:000257d0       _rdbx_dealloc              004267d0 f   libsrtp-i386-win32-vc8-release:rdbx.obj
 0001:000257f0       _rdbx_set_roc              004267f0 f   libsrtp-i386-win32-vc8-release:rdbx.obj
 0001:00025850       _rdbx_get_packet_index     00426850 f   libsrtp-i386-win32-vc8-release:rdbx.obj
 0001:00025860       _rdbx_check                00426860 f   libsrtp-i386-win32-vc8-release:rdbx.obj
 0001:000258b0       _rdbx_add_index            004268b0 f   libsrtp-i386-win32-vc8-release:rdbx.obj
 0001:00025920       _rdbx_estimate_index       00426920 f   libsrtp-i386-win32-vc8-release:rdbx.obj
 0001:00025970       _rdb_init                  00426970 f   libsrtp-i386-win32-vc8-release:rdb.obj
 0001:00025990       _rdb_check                 00426990 f   libsrtp-i386-win32-vc8-release:rdb.obj
 0001:000259e0       _rdb_add_index             004269e0 f   libsrtp-i386-win32-vc8-release:rdb.obj
 0001:00025a30       _rdb_increment             00426a30 f   libsrtp-i386-win32-vc8-release:rdb.obj
 0001:00025a50       _key_limit_set             00426a50 f   libsrtp-i386-win32-vc8-release:key.obj
 0001:00025a80       _key_limit_clone           00426a80 f   libsrtp-i386-win32-vc8-release:key.obj
 0001:00025aa0       _key_limit_update          00426aa0 f   libsrtp-i386-win32-vc8-release:key.obj
 0001:00025af0       _err_report                00426af0 f   libsrtp-i386-win32-vc8-release:srtp_err.obj
 0001:00025b20       _nibble_to_hex_char        00426b20 f   libsrtp-i386-win32-vc8-release:datatypes.obj
 0001:00025ba0       _octet_string_hex_string   00426ba0 f   libsrtp-i386-win32-vc8-release:datatypes.obj
 0001:00025c20       _v128_hex_string           00426c20 f   libsrtp-i386-win32-vc8-release:datatypes.obj
 0001:00025c80       _v128_copy_octet_string    00426c80 f   libsrtp-i386-win32-vc8-release:datatypes.obj
 0001:00025d00       _v128_left_shift           00426d00 f   libsrtp-i386-win32-vc8-release:datatypes.obj
 0001:00025de0       _bitvector_dealloc         00426de0 f   libsrtp-i386-win32-vc8-release:datatypes.obj
 0001:00025e10       _bitvector_set_to_zero     00426e10 f   libsrtp-i386-win32-vc8-release:datatypes.obj
 0001:00025e30       _bitvector_left_shift      00426e30 f   libsrtp-i386-win32-vc8-release:datatypes.obj
 0001:00025f30       _octet_string_is_eq        00426f30 f   libsrtp-i386-win32-vc8-release:datatypes.obj
 0001:00025f60       _octet_string_set_to_zero  00426f60 f   libsrtp-i386-win32-vc8-release:datatypes.obj
 0001:00025f80       _bitvector_alloc           00426f80 f   libsrtp-i386-win32-vc8-release:datatypes.obj
 0001:00025fe0       _auth_get_key_length       00426fe0 f   libsrtp-i386-win32-vc8-release:auth.obj
 0001:00025ff0       _auth_get_prefix_length    00426ff0 f   libsrtp-i386-win32-vc8-release:auth.obj
 0001:00026000       _cipher_output             00427000 f   libsrtp-i386-win32-vc8-release:cipher.obj
 0001:00026030       _auth_get_tag_length       00427030 f   libsrtp-i386-win32-vc8-release:auth.obj
 0001:00026030       _rdbx_get_window_size      00427030 f   libsrtp-i386-win32-vc8-release:rdbx.obj
 0001:00026030       _cipher_get_key_length     00427030 f   libsrtp-i386-win32-vc8-release:cipher.obj
 0001:00026040       _ctr_prng_init             00427040 f   libsrtp-i386-win32-vc8-release:ctr_prng.obj
 0001:000260a0       _ctr_prng_get_octet_string 004270a0 f   libsrtp-i386-win32-vc8-release:ctr_prng.obj
 0001:000260f0       _hmac_alloc                004270f0 f   libsrtp-i386-win32-vc8-release:hmac.obj
 0001:000261a0       _hmac_dealloc              004271a0 f   libsrtp-i386-win32-vc8-release:hmac.obj
 0001:000261d0       _hmac_init                 004271d0 f   libsrtp-i386-win32-vc8-release:hmac.obj
 0001:000262d0       _hmac_start                004272d0 f   libsrtp-i386-win32-vc8-release:hmac.obj
 0001:000262f0       _hmac_update               004272f0 f   libsrtp-i386-win32-vc8-release:hmac.obj
 0001:00026340       _hmac_compute              00427340 f   libsrtp-i386-win32-vc8-release:hmac.obj
 0001:00026450       _null_auth_alloc           00427450 f   libsrtp-i386-win32-vc8-release:null_auth.obj
 0001:000264e0       _null_auth_dealloc         004274e0 f   libsrtp-i386-win32-vc8-release:null_auth.obj
 0001:00026500       _null_auth_update          00427500 f   libsrtp-i386-win32-vc8-release:null_auth.obj
 0001:00026500       _null_cipher_encrypt       00427500 f   libsrtp-i386-win32-vc8-release:null_cipher.obj
 0001:00026500       _ekt_stream_init_from_policy 00427500 f   libsrtp-i386-win32-vc8-release:ekt.obj
 0001:00026500       _null_auth_start           00427500 f   libsrtp-i386-win32-vc8-release:null_auth.obj
 0001:00026500       _null_cipher_set_iv        00427500 f   libsrtp-i386-win32-vc8-release:null_cipher.obj
 0001:00026500       _null_auth_compute         00427500 f   libsrtp-i386-win32-vc8-release:null_auth.obj
 0001:00026500       _null_auth_init            00427500 f   libsrtp-i386-win32-vc8-release:null_auth.obj
 0001:00026510       _aes_cbc_alloc             00427510 f   libsrtp-i386-win32-vc8-release:aes_cbc.obj
 0001:00026590       _aes_cbc_dealloc           00427590 f   libsrtp-i386-win32-vc8-release:aes_cbc.obj
 0001:000265c0       _aes_cbc_context_init      004275c0 f   libsrtp-i386-win32-vc8-release:aes_cbc.obj
 0001:00026620       _aes_cbc_set_iv            00427620 f   libsrtp-i386-win32-vc8-release:aes_cbc.obj
 0001:000266f0       _aes_cbc_encrypt           004276f0 f   libsrtp-i386-win32-vc8-release:aes_cbc.obj
 0001:000267f0       _aes_cbc_decrypt           004277f0 f   libsrtp-i386-win32-vc8-release:aes_cbc.obj
 0001:000269a0       _aes_cbc_nist_encrypt      004279a0 f   libsrtp-i386-win32-vc8-release:aes_cbc.obj
 0001:000269f0       _aes_cbc_nist_decrypt      004279f0 f   libsrtp-i386-win32-vc8-release:aes_cbc.obj
 0001:00026a30       _aes_icm_alloc             00427a30 f   libsrtp-i386-win32-vc8-release:aes_icm.obj
 0001:00026ad0       _aes_icm_dealloc           00427ad0 f   libsrtp-i386-win32-vc8-release:aes_icm.obj
 0001:00026b00       _aes_icm_context_init      00427b00 f   libsrtp-i386-win32-vc8-release:aes_icm.obj
 0001:00026c10       _aes_icm_set_iv            00427c10 f   libsrtp-i386-win32-vc8-release:aes_icm.obj
 0001:00026d80       _aes_icm_encrypt           00427d80 f   libsrtp-i386-win32-vc8-release:aes_icm.obj
 0001:00026f70       _aes_icm_output            00427f70 f   libsrtp-i386-win32-vc8-release:aes_icm.obj
 0001:00026fa0       _aes_icm_bytes_encrypted   00427fa0 f   libsrtp-i386-win32-vc8-release:aes_icm.obj
 0001:00026fb0       _null_cipher_alloc         00427fb0 f   libsrtp-i386-win32-vc8-release:null_cipher.obj
 0001:00027020       _null_cipher_dealloc       00428020 f   libsrtp-i386-win32-vc8-release:null_cipher.obj
 0001:00027040       _null_cipher_init          00428040 f   libsrtp-i386-win32-vc8-release:null_cipher.obj
 0001:000273b0       _aes_expand_encryption_key 004283b0 f   libsrtp-i386-win32-vc8-release:aes.obj
 0001:000273f0       _aes_expand_decryption_key 004283f0 f   libsrtp-i386-win32-vc8-release:aes.obj
 0001:000279b0       _aes_encrypt               004289b0 f   libsrtp-i386-win32-vc8-release:aes.obj
 0001:00027aa0       _aes_decrypt               00428aa0 f   libsrtp-i386-win32-vc8-release:aes.obj
 0001:00027b90       _sha1_core                 00428b90 f   libsrtp-i386-win32-vc8-release:sha1.obj
 0001:00028070       _sha1_init                 00429070 f   libsrtp-i386-win32-vc8-release:sha1.obj
 0001:000280a0       _sha1_update               004290a0 f   libsrtp-i386-win32-vc8-release:sha1.obj
 0001:00028170       _sha1_final                00429170 f   libsrtp-i386-win32-vc8-release:sha1.obj
 0001:00028848       ___WSAFDIsSet@8            00429848 f   ws2_32:WS2_32.dll
 0001:0002884e       @__security_check_cookie@4 0042984e f   MSVCRT:secchk.obj
 0001:00028aff       _mainCRTStartup            00429aff f   MSVCRT:crtexe.obj
 0001:00028b0a       _memcpy                    00429b0a f   MSVCRT:MSVCR90.dll
 0001:00028b10       _memset                    00429b10 f   MSVCRT:MSVCR90.dll
 0001:00028b16       __setjmp3                  00429b16 f   MSVCRT:MSVCR90.dll
 0001:00028b20       __alldiv                   00429b20 f   MSVCRT:lldiv.obj
 0001:00028bd0       __allmul                   00429bd0 f   MSVCRT:llmul.obj
 0001:00028c10       __ftol2_sse                00429c10 f   MSVCRT:ftol2.obj
 0001:00028c19       __ftol2_pentium4           00429c19 f   MSVCRT:ftol2.obj
 0001:00028c2c       __ftol2_sse_excpt          00429c2c f   MSVCRT:ftol2.obj
 0001:00028c46       __ftol2                    00429c46 f   MSVCRT:ftol2.obj
 0001:00028cbc       __CIfmod                   00429cbc f   MSVCRT:MSVCR90.dll
 0001:00028cd0       __allshl                   00429cd0 f   MSVCRT:llshl.obj
 0001:00028cf0       __aulldiv                  00429cf0 f   MSVCRT:ulldiv.obj
 0001:00028d58       ___report_gsfailure        00429d58 f   MSVCRT:gs_report.obj
 0001:00028e5e       ?__CxxUnhandledExceptionFilter@@YGJPAU_EXCEPTION_POINTERS@@@Z 00429e5e f   MSVCRT:unhandld.obj
 0001:00028ea0       ___CxxSetUnhandledExceptionFilter 00429ea0 f   MSVCRT:unhandld.obj
 0001:00028eae       __amsg_exit                00429eae f   MSVCRT:MSVCR90.dll
 0001:00028eb4       __onexit                   00429eb4 f   MSVCRT:atonexit.obj
 0001:00028f59       _atexit                    00429f59 f   MSVCRT:atonexit.obj
 0001:00028f70       __RTC_Initialize           00429f70 f   MSVCRT:_initsect_.obj
 0001:00028f96       __RTC_Terminate            00429f96 f   MSVCRT:_initsect_.obj
 0001:00028fbc       __XcptFilter               00429fbc f   MSVCRT:MSVCR90.dll
 0001:00028fd0       __ValidateImageBase        00429fd0 f   MSVCRT:pesect.obj
 0001:00029010       __FindPESection            0042a010 f   MSVCRT:pesect.obj
 0001:00029060       __IsNonwritableInCurrentImage 0042a060 f   MSVCRT:pesect.obj
 0001:0002911e       __initterm                 0042a11e f   MSVCRT:MSVCR90.dll
 0001:00029124       __initterm_e               0042a124 f   MSVCRT:MSVCR90.dll
 0001:0002912c       __SEH_prolog4              0042a12c f   MSVCRT:sehprolg4.obj
 0001:00029171       __SEH_epilog4              0042a171 f   MSVCRT:sehprolg4.obj
 0001:00029185       __except_handler4          0042a185 f   MSVCRT:chandler4gs.obj
 0001:000291aa       __setdefaultprecision      0042a1aa f   MSVCRT:fp8.obj
 0001:000291d5       __setargv                  0042a1d5 f   MSVCRT:dllargv.obj
 0001:000291d5       __matherr                  0042a1d5 f   MSVCRT:merr.obj
 0001:000291d8       ___security_init_cookie    0042a1d8 f   MSVCRT:gs_support.obj
 0001:000292be       __get_sse2_info            0042a2be f   MSVCRT:cpu_disp.obj
 0001:00029320       ___sse2_available_init     0042a320 f   MSVCRT:cpu_disp.obj
 0001:0002932e       __crt_debugger_hook        0042a32e f   MSVCRT:MSVCR90.dll
 0001:00029334       ?terminate@@YAXXZ          0042a334 f   MSVCRT:MSVCR90.dll
 0001:0002933a       __unlock                   0042a33a f   MSVCRT:MSVCR90.dll
 0001:00029340       ___dllonexit               0042a340 f   MSVCRT:MSVCR90.dll
 0001:00029346       __lock                     0042a346 f   MSVCRT:MSVCR90.dll
 0001:0002934c       __except_handler4_common   0042a34c f   MSVCRT:MSVCR90.dll
 0001:00029352       __invoke_watson            0042a352 f   MSVCRT:MSVCR90.dll
 0001:00029358       __controlfp_s              0042a358 f   MSVCRT:MSVCR90.dll
 0002:00000000       __imp__GetSystemTimeAsFileTime@4 0042b000     kernel32:KERNEL32.dll
 0002:00000004       __imp__GetTickCount@0      0042b004     kernel32:KERNEL32.dll
 0002:00000008       __imp__IsDebuggerPresent@0 0042b008     kernel32:KERNEL32.dll
 0002:0000000c       __imp__SetUnhandledExceptionFilter@4 0042b00c     kernel32:KERNEL32.dll
 0002:00000010       __imp__UnhandledExceptionFilter@4 0042b010     kernel32:KERNEL32.dll
 0002:00000014       __imp__GetCurrentProcess@0 0042b014     kernel32:KERNEL32.dll
 0002:00000018       __imp__TerminateProcess@8  0042b018     kernel32:KERNEL32.dll
 0002:0000001c       __imp__InterlockedCompareExchange@12 0042b01c     kernel32:KERNEL32.dll
 0002:00000020       __imp__QueryPerformanceFrequency@4 0042b020     kernel32:KERNEL32.dll
 0002:00000024       __imp__QueryPerformanceCounter@4 0042b024     kernel32:KERNEL32.dll
 0002:00000028       __imp__FormatMessageA@28   0042b028     kernel32:KERNEL32.dll
 0002:0000002c       __imp__FileTimeToSystemTime@8 0042b02c     kernel32:KERNEL32.dll
 0002:00000030       __imp__GetLocalTime@4      0042b030     kernel32:KERNEL32.dll
 0002:00000034       __imp__SystemTimeToFileTime@8 0042b034     kernel32:KERNEL32.dll
 0002:00000038       __imp__Sleep@4             0042b038     kernel32:KERNEL32.dll
 0002:0000003c       __imp__CreateThread@24     0042b03c     kernel32:KERNEL32.dll
 0002:00000040       __imp__GetCurrentProcessId@0 0042b040     kernel32:KERNEL32.dll
 0002:00000044       __imp__GetStdHandle@4      0042b044     kernel32:KERNEL32.dll
 0002:00000048       __imp__SetConsoleTextAttribute@8 0042b048     kernel32:KERNEL32.dll
 0002:0000004c       __imp__ReleaseSemaphore@12 0042b04c     kernel32:KERNEL32.dll
 0002:00000050       __imp__WaitForSingleObject@8 0042b050     kernel32:KERNEL32.dll
 0002:00000054       __imp__CreateSemaphoreA@16 0042b054     kernel32:KERNEL32.dll
 0002:00000058       __imp__DeleteCriticalSection@4 0042b058     kernel32:KERNEL32.dll
 0002:0000005c       __imp__TryEnterCriticalSection@4 0042b05c     kernel32:KERNEL32.dll
 0002:00000060       __imp__LeaveCriticalSection@4 0042b060     kernel32:KERNEL32.dll
 0002:00000064       __imp__EnterCriticalSection@4 0042b064     kernel32:KERNEL32.dll
 0002:00000068       __imp__InitializeCriticalSection@4 0042b068     kernel32:KERNEL32.dll
 0002:0000006c       __imp__WaitForMultipleObjects@16 0042b06c     kernel32:KERNEL32.dll
 0002:00000070       __imp__SetThreadPriority@8 0042b070     kernel32:KERNEL32.dll
 0002:00000074       __imp__GetCurrentThread@0  0042b074     kernel32:KERNEL32.dll
 0002:00000078       __imp__CloseHandle@4       0042b078     kernel32:KERNEL32.dll
 0002:0000007c       __imp__SetEvent@4          0042b07c     kernel32:KERNEL32.dll
 0002:00000080       __imp__GetLastError@0      0042b080     kernel32:KERNEL32.dll
 0002:00000084       __imp__TlsAlloc@0          0042b084     kernel32:KERNEL32.dll
 0002:00000088       __imp__TlsSetValue@8       0042b088     kernel32:KERNEL32.dll
 0002:0000008c       __imp__TlsGetValue@4       0042b08c     kernel32:KERNEL32.dll
 0002:00000090       __imp__GetCurrentThreadId@0 0042b090     kernel32:KERNEL32.dll
 0002:00000094       __imp__InterlockedExchange@8 0042b094     kernel32:KERNEL32.dll
 0002:00000098       __imp__InterlockedIncrement@4 0042b098     kernel32:KERNEL32.dll
 0002:0000009c       __imp__InterlockedDecrement@4 0042b09c     kernel32:KERNEL32.dll
 0002:000000a0       __imp__TlsFree@4           0042b0a0     kernel32:KERNEL32.dll
 0002:000000a4       __imp__CreateEventA@16     0042b0a4     kernel32:KERNEL32.dll
 0002:000000a8       \177KERNEL32_NULL_THUNK_DATA 0042b0a8     kernel32:KERNEL32.dll
 0002:000000ac       __imp__strtok              0042b0ac     MSVCRT:MSVCR90.dll
 0002:000000b0       __imp__isxdigit            0042b0b0     MSVCRT:MSVCR90.dll
 0002:000000b4       __imp__strchr              0042b0b4     MSVCRT:MSVCR90.dll
 0002:000000b8       __imp__isdigit             0042b0b8     MSVCRT:MSVCR90.dll
 0002:000000bc       __imp___vsnprintf          0042b0bc     MSVCRT:MSVCR90.dll
 0002:000000c0       __imp__rand                0042b0c0     MSVCRT:MSVCR90.dll
 0002:000000c4       __imp__longjmp             0042b0c4     MSVCRT:MSVCR90.dll
 0002:000000c8       __imp__malloc              0042b0c8     MSVCRT:MSVCR90.dll
 0002:000000cc       __imp__free                0042b0cc     MSVCRT:MSVCR90.dll
 0002:000000d0       __imp___CIfmod             0042b0d0     MSVCRT:MSVCR90.dll
 0002:000000d4       __imp__exit                0042b0d4     MSVCRT:MSVCR90.dll
 0002:000000d8       __imp___amsg_exit          0042b0d8     MSVCRT:MSVCR90.dll
 0002:000000dc       __imp____getmainargs       0042b0dc     MSVCRT:MSVCR90.dll
 0002:000000e0       __imp___cexit              0042b0e0     MSVCRT:MSVCR90.dll
 0002:000000e4       __imp___exit               0042b0e4     MSVCRT:MSVCR90.dll
 0002:000000e8       __imp___XcptFilter         0042b0e8     MSVCRT:MSVCR90.dll
 0002:000000ec       __imp____initenv           0042b0ec     MSVCRT:MSVCR90.dll
 0002:000000f0       __imp___initterm           0042b0f0     MSVCRT:MSVCR90.dll
 0002:000000f4       __imp___initterm_e         0042b0f4     MSVCRT:MSVCR90.dll
 0002:000000f8       __imp___configthreadlocale 0042b0f8     MSVCRT:MSVCR90.dll
 0002:000000fc       __imp____setusermatherr    0042b0fc     MSVCRT:MSVCR90.dll
 0002:00000100       __imp___adjust_fdiv        0042b100     MSVCRT:MSVCR90.dll
 0002:00000104       __imp____p__commode        0042b104     MSVCRT:MSVCR90.dll
 0002:00000108       __imp____p__fmode          0042b108     MSVCRT:MSVCR90.dll
 0002:0000010c       __imp___encode_pointer     0042b10c     MSVCRT:MSVCR90.dll
 0002:00000110       __imp____set_app_type      0042b110     MSVCRT:MSVCR90.dll
 0002:00000114       __imp___crt_debugger_hook  0042b114     MSVCRT:MSVCR90.dll
 0002:00000118       __imp_?terminate@@YAXXZ    0042b118     MSVCRT:MSVCR90.dll
 0002:0000011c       __imp___unlock             0042b11c     MSVCRT:MSVCR90.dll
 0002:00000120       __imp____dllonexit         0042b120     MSVCRT:MSVCR90.dll
 0002:00000124       __imp___lock               0042b124     MSVCRT:MSVCR90.dll
 0002:00000128       __imp___onexit             0042b128     MSVCRT:MSVCR90.dll
 0002:0000012c       __imp___decode_pointer     0042b12c     MSVCRT:MSVCR90.dll
 0002:00000130       __imp___except_handler4_common 0042b130     MSVCRT:MSVCR90.dll
 0002:00000134       __imp___invoke_watson      0042b134     MSVCRT:MSVCR90.dll
 0002:00000138       __imp___controlfp_s        0042b138     MSVCRT:MSVCR90.dll
 0002:0000013c       __imp___stricmp            0042b13c     MSVCRT:MSVCR90.dll
 0002:00000140       __imp__strncpy             0042b140     MSVCRT:MSVCR90.dll
 0002:00000144       __imp__isspace             0042b144     MSVCRT:MSVCR90.dll
 0002:00000148       __imp___strnicmp           0042b148     MSVCRT:MSVCR90.dll
 0002:0000014c       __imp__memmove             0042b14c     MSVCRT:MSVCR90.dll
 0002:00000150       __imp__tolower             0042b150     MSVCRT:MSVCR90.dll
 0002:00000154       __imp___setjmp3            0042b154     MSVCRT:MSVCR90.dll
 0002:00000158       __imp__sprintf             0042b158     MSVCRT:MSVCR90.dll
 0002:0000015c       __imp__memchr              0042b15c     MSVCRT:MSVCR90.dll
 0002:00000160       __imp__toupper             0042b160     MSVCRT:MSVCR90.dll
 0002:00000164       __imp__memset              0042b164     MSVCRT:MSVCR90.dll
 0002:00000168       __imp___snprintf           0042b168     MSVCRT:MSVCR90.dll
 0002:0000016c       __imp__memcpy              0042b16c     MSVCRT:MSVCR90.dll
 0002:00000170       __imp__puts                0042b170     MSVCRT:MSVCR90.dll
 0002:00000174       __imp__atoi                0042b174     MSVCRT:MSVCR90.dll
 0002:00000178       __imp__printf              0042b178     MSVCRT:MSVCR90.dll
 0002:0000017c       \177MSVCR90_NULL_THUNK_DATA 0042b17c     MSVCRT:MSVCR90.dll
 0002:00000180       __imp__waveInUnprepareHeader@12 0042b180     winmm:WINMM.dll
 0002:00000184       __imp__waveInReset@4       0042b184     winmm:WINMM.dll
 0002:00000188       __imp__waveOutClose@4      0042b188     winmm:WINMM.dll
 0002:0000018c       __imp__waveOutUnprepareHeader@12 0042b18c     winmm:WINMM.dll
 0002:00000190       __imp__waveOutReset@4      0042b190     winmm:WINMM.dll
 0002:00000194       __imp__waveOutGetErrorTextA@12 0042b194     winmm:WINMM.dll
 0002:00000198       __imp__waveInGetErrorTextA@12 0042b198     winmm:WINMM.dll
 0002:0000019c       __imp__waveInClose@4       0042b19c     winmm:WINMM.dll
 0002:000001a0       __imp__waveInStop@4        0042b1a0     winmm:WINMM.dll
 0002:000001a4       __imp__waveOutRestart@4    0042b1a4     winmm:WINMM.dll
 0002:000001a8       __imp__waveInStart@4       0042b1a8     winmm:WINMM.dll
 0002:000001ac       __imp__waveOutSetVolume@8  0042b1ac     winmm:WINMM.dll
 0002:000001b0       __imp__waveOutGetVolume@8  0042b1b0     winmm:WINMM.dll
 0002:000001b4       __imp__waveInOpen@24       0042b1b4     winmm:WINMM.dll
 0002:000001b8       __imp__waveInPrepareHeader@12 0042b1b8     winmm:WINMM.dll
 0002:000001bc       __imp__waveInAddBuffer@12  0042b1bc     winmm:WINMM.dll
 0002:000001c0       __imp__waveOutOpen@24      0042b1c0     winmm:WINMM.dll
 0002:000001c4       __imp__waveOutPause@4      0042b1c4     winmm:WINMM.dll
 0002:000001c8       __imp__waveOutPrepareHeader@12 0042b1c8     winmm:WINMM.dll
 0002:000001cc       __imp__waveOutWrite@12     0042b1cc     winmm:WINMM.dll
 0002:000001d0       __imp__waveInGetNumDevs@0  0042b1d0     winmm:WINMM.dll
 0002:000001d4       __imp__waveOutGetNumDevs@0 0042b1d4     winmm:WINMM.dll
 0002:000001d8       __imp__waveInGetDevCapsA@12 0042b1d8     winmm:WINMM.dll
 0002:000001dc       __imp__waveOutGetDevCapsA@12 0042b1dc     winmm:WINMM.dll
 0002:000001e0       \177WINMM_NULL_THUNK_DATA  0042b1e0     winmm:WINMM.dll
 0002:000001e4       __imp__select@20           0042b1e4     ws2_32:WS2_32.dll
 0002:000001e8       __imp____WSAFDIsSet@8      0042b1e8     ws2_32:WS2_32.dll
 0002:000001ec       __imp__gethostbyname@4     0042b1ec     ws2_32:WS2_32.dll
 0002:000001f0       __imp__accept@12           0042b1f0     ws2_32:WS2_32.dll
 0002:000001f4       __imp__getsockopt@20       0042b1f4     ws2_32:WS2_32.dll
 0002:000001f8       __imp__recvfrom@24         0042b1f8     ws2_32:WS2_32.dll
 0002:000001fc       __imp__recv@16             0042b1fc     ws2_32:WS2_32.dll
 0002:00000200       __imp__sendto@24           0042b200     ws2_32:WS2_32.dll
 0002:00000204       __imp__send@16             0042b204     ws2_32:WS2_32.dll
 0002:00000208       __imp__getsockname@12      0042b208     ws2_32:WS2_32.dll
 0002:0000020c       __imp__gethostname@8       0042b20c     ws2_32:WS2_32.dll
 0002:00000210       __imp__WSAAddressToStringA@20 0042b210     ws2_32:WS2_32.dll
 0002:00000214       __imp__WSAStringToAddressA@20 0042b214     ws2_32:WS2_32.dll
 0002:00000218       __imp__inet_addr@4         0042b218     ws2_32:WS2_32.dll
 0002:0000021c       __imp__htonl@4             0042b21c     ws2_32:WS2_32.dll
 0002:00000220       __imp__ntohl@4             0042b220     ws2_32:WS2_32.dll
 0002:00000224       __imp__htons@4             0042b224     ws2_32:WS2_32.dll
 0002:00000228       __imp__ntohs@4             0042b228     ws2_32:WS2_32.dll
 0002:0000022c       __imp__WSACleanup@0        0042b22c     ws2_32:WS2_32.dll
 0002:00000230       __imp__WSAStartup@8        0042b230     ws2_32:WS2_32.dll
 0002:00000234       __imp__WSAGetLastError@0   0042b234     ws2_32:WS2_32.dll
 0002:00000238       \177WS2_32_NULL_THUNK_DATA 0042b238     ws2_32:WS2_32.dll
 0002:0000023c       __imp__CoCreateGuid@4      0042b23c     ole32:ole32.dll
 0002:00000240       \177ole32_NULL_THUNK_DATA  0042b240     ole32:ole32.dll
 0002:00000244       ___xc_a                    0042b244     MSVCRT:cinitexe.obj
 0002:0000024c       ___xc_z                    0042b24c     MSVCRT:cinitexe.obj
 0002:00000250       ___xi_a                    0042b250     MSVCRT:cinitexe.obj
 0002:00000260       ___xi_z                    0042b260     MSVCRT:cinitexe.obj
 0002:00000268       ??_C@_0M@CMFFKFHP@Retry?9After?$AA@ 0042b268     pjsip-simple-i386-win32-vc8-release:evsub.obj
 0002:00000274       ??_C@_07DDHNKDGP@timeout?$AA@ 0042b274     pjsip-simple-i386-win32-vc8-release:evsub.obj
 0002:0000027c       ??_C@_07JPJEMOCA@pending?$AA@ 0042b27c     pjsip-simple-i386-win32-vc8-release:evsub.obj
 0002:00000284       ??_C@_06MDLIGPKC@active?$AA@ 0042b284     pjsip-simple-i386-win32-vc8-release:evsub.obj
 0002:0000028c       ??_C@_0L@FLKEFHCN@terminated?$AA@ 0042b28c     pjsip-simple-i386-win32-vc8-release:evsub.obj
 0002:00000298       ??_C@_0BD@JEBIACJD@Subscription?9State?$AA@ 0042b298     pjsip-simple-i386-win32-vc8-release:evsub.obj
 0002:000002ac       ??_C@_01FMEDJKGI@o?$AA@    0042b2ac     pjsip-simple-i386-win32-vc8-release:evsub.obj
 0002:000002b0       ??_C@_05GCNIINAF@Event?$AA@ 0042b2b0     pjsip-simple-i386-win32-vc8-release:evsub.obj
 0002:000002b8       ??_C@_09BDKNIHEL@mod?9evsub?$AA@ 0042b2b8     pjsip-simple-i386-win32-vc8-release:evsub.obj
 0002:000002c4       ??_C@_0O@JJODKNKO@INVALID_TIMER?$AA@ 0042b2c4     pjsip-simple-i386-win32-vc8-release:evsub.obj
 0002:000002d4       ??_C@_0BA@IBIPEGLL@UAC_WAIT_NOTIFY?$AA@ 0042b2d4     pjsip-simple-i386-win32-vc8-release:evsub.obj
 0002:000002e4       ??_C@_0O@FNOOBIIE@UAC_TERMINATE?$AA@ 0042b2e4     pjsip-simple-i386-win32-vc8-release:evsub.obj
 0002:000002f4       ??_C@_0M@JMABFODC@UAS_TIMEOUT?$AA@ 0042b2f4     pjsip-simple-i386-win32-vc8-release:evsub.obj
 0002:00000300       ??_C@_0M@IPCAMGPD@UAC_REFRESH?$AA@ 0042b300     pjsip-simple-i386-win32-vc8-release:evsub.obj
 0002:0000030c       ??_C@_04OHJIHAFH@None?$AA@ 0042b30c     pjsip-simple-i386-win32-vc8-release:evsub.obj
 0002:00000314       ??_C@_07NFANNNEC@UNKNOWN?$AA@ 0042b314     pjsip-simple-i386-win32-vc8-release:evsub.obj
 0002:0000031c       ??_C@_0L@ONMJOFAN@TERMINATED?$AA@ 0042b31c     pjsip-simple-i386-win32-vc8-release:evsub.obj
 0002:00000328       ??_C@_06MHJDLBHA@ACTIVE?$AA@ 0042b328     pjsip-simple-i386-win32-vc8-release:evsub.obj
 0002:00000330       ??_C@_07GCMJHCKE@PENDING?$AA@ 0042b330     pjsip-simple-i386-win32-vc8-release:evsub.obj
 0002:00000338       ??_C@_08MDEDFPDE@ACCEPTED?$AA@ 0042b338     pjsip-simple-i386-win32-vc8-release:evsub.obj
 0002:00000344       ??_C@_04EOHHCNGM@SENT?$AA@ 0042b344     pjsip-simple-i386-win32-vc8-release:evsub.obj
 0002:0000034c       ??_C@_04HIBGFPH@NULL?$AA@  0042b34c     pjsip-simple-i386-win32-vc8-release:evsub.obj
 0002:00000354       ??_C@_06LMEIPPMP@NOTIFY?$AA@ 0042b354     pjsip-simple-i386-win32-vc8-release:evsub.obj
 0002:0000035c       ??_C@_09NMAFIJHB@SUBSCRIBE?$AA@ 0042b35c     pjsip-simple-i386-win32-vc8-release:evsub.obj
 0002:00000368       _pjsip_subscribe_method    0042b368     pjsip-simple-i386-win32-vc8-release:evsub.obj
 0002:00000374       _pjsip_notify_method       0042b374     pjsip-simple-i386-win32-vc8-release:evsub.obj
 0002:000003c0       ??_C@_05BMONHJDG@evsub?$AA@ 0042b3c0     pjsip-simple-i386-win32-vc8-release:evsub.obj
 0002:000003c8       ??_C@_07NMMGBHIO@evsub?4c?$AA@ 0042b3c8     pjsip-simple-i386-win32-vc8-release:evsub.obj
 0002:000003d0       ??_C@_0CB@ILOGDCCO@Timer?5?$CFs?5scheduled?5in?5?$CFd?5seconds@ 0042b3d0     pjsip-simple-i386-win32-vc8-release:evsub.obj
 0002:000003f4       ??_C@_0M@JHOJKNND@?$CFs?5?$CFs?5timer?$AA@ 0042b3f4     pjsip-simple-i386-win32-vc8-release:evsub.obj
 0002:00000400       ??_C@_0L@PLJDDGDB@Cancelling?$AA@ 0042b400     pjsip-simple-i386-win32-vc8-release:evsub.obj
 0002:0000040c       ??_C@_08BDLLCPDN@Updating?$AA@ 0042b40c     pjsip-simple-i386-win32-vc8-release:evsub.obj
 0002:00000418       ??_C@_0BH@EBJNHLMD@Subscription?5destroyed?$AA@ 0042b418     pjsip-simple-i386-win32-vc8-release:evsub.obj
 0002:00000430       ??_C@_0CJ@KIGJFEEK@Subscription?5state?5changed?5?$CF?4?$CKs?5@ 0042b430     pjsip-simple-i386-win32-vc8-release:evsub.obj
 0002:0000045c       ??_C@_0BK@NDOOFLIG@UAS?5timeout?5in?5?$CFd?5seconds?$AA@ 0042b45c     pjsip-simple-i386-win32-vc8-release:evsub.obj
 0002:00000478       ??_C@_0CA@KKKOIONP@?$CFs?5for?5?$CF?4?$CKs?0?5event?$DN?$CF?4?$CKs?$DLid?$DN?$CF?4?$CKs?$AA@ 0042b478     pjsip-simple-i386-win32-vc8-release:evsub.obj
 0002:00000498       ??_C@_0CA@KODNHPNK@Subscription?5already?5terminated?$AA@ 0042b498     pjsip-simple-i386-win32-vc8-release:evsub.obj
 0002:000004b8       ??_C@_0CI@JMCDKIKG@Cancelling?5pending?5subscription?5@ 0042b4b8     pjsip-simple-i386-win32-vc8-release:evsub.obj
 0002:000004e0       ??_C@_0BM@KGJFCBHA@Subscription?5Does?5Not?5Exist?$AA@ 0042b4e0     pjsip-simple-i386-win32-vc8-release:evsub.obj
[...]
 0001:0000d9a0       _int_parse_uri_or_name_addr 0040e9a0 f   pjsip-core-i386-win32-vc8-release:sip_parser.obj
 0001:0000da40       _parse_hdr_contact         0040ea40 f   pjsip-core-i386-win32-vc8-release:sip_parser.obj
 0001:0000db00       _parse_hdr_fromto          0040eb00 f   pjsip-core-i386-win32-vc8-release:sip_parser.obj
 0001:0000dc80       _parse_hdr_from            0040ec80 f   pjsip-core-i386-win32-vc8-release:sip_parser.obj
 0001:0000dcc0       _parse_hdr_to              0040ecc0 f   pjsip-core-i386-win32-vc8-release:sip_parser.obj
 0001:0000dd00       _init_parser               0040ed00 f   pjsip-core-i386-win32-vc8-release:sip_parser.obj
 0001:0000e630       _get_msg_info              0040f630 f   pjsip-core-i386-win32-vc8-release:sip_transport.obj
 0001:0000e9f0       _destroy_transport         0040f9f0 f   pjsip-core-i386-win32-vc8-release:sip_transport.obj
 0001:0000eac0       _pjsip_tpmgr_is_tpfactory_valid 0040fac0 f   pjsip-core-i386-win32-vc8-release:sip_transport.obj
 0001:0000ee70       _tp_state_callback         0040fe70 f   pjsip-core-i386-win32-vc8-release:sip_transport.obj
 0001:0000f090       _tx_data_destroy           00410090 f   pjsip-core-i386-win32-vc8-release:sip_transport.obj
 0001:0000f2d0       _transport_send_callback   004102d0 f   pjsip-core-i386-win32-vc8-release:sip_transport.obj
 0001:0000f320       _mod_on_tx_msg             00410320 f   pjsip-core-i386-win32-vc8-release:sip_transport.obj
 0001:0000f700       _get_ip_addr_ver           00410700 f   pjsip-core-i386-win32-vc8-release:sip_resolve.obj
 0001:0000f770       _dns_a_callback            00410770 f   pjsip-core-i386-win32-vc8-release:sip_resolve.obj
 0001:0000f8d0       _dns_aaaa_callback         004108d0 f   pjsip-core-i386-win32-vc8-release:sip_resolve.obj
 0001:0000fa50       _srv_resolver_cb           00410a50 f   pjsip-core-i386-win32-vc8-release:sip_resolve.obj
 0001:00010140       _tel_uri_get_scheme        00411140 f   pjsip-core-i386-win32-vc8-release:sip_tel_uri.obj
 0001:00010150       _tel_uri_get_uri           00411150 f   pjsip-core-i386-win32-vc8-release:sip_tel_uri.obj
 0001:00010150       _pjsip_get_uri             00411150 f   pjsip-core-i386-win32-vc8-release:sip_tel_uri.obj
 0001:00010150       _other_uri_get_uri         00411150 f   pjsip-core-i386-win32-vc8-release:sip_tel_uri.obj
 0001:00010160       _tel_uri_print             00411160 f   pjsip-core-i386-win32-vc8-release:sip_tel_uri.obj
 0001:000103e0       _tel_uri_cmp               004113e0 f   pjsip-core-i386-win32-vc8-release:sip_tel_uri.obj
 0001:00010510       _tel_uri_clone             00411510 f   pjsip-core-i386-win32-vc8-release:sip_tel_uri.obj
 0001:00010590       _tel_uri_parse             00411590 f   pjsip-core-i386-win32-vc8-release:sip_tel_uri.obj
 0001:00010ac0       _init_request_throw        00411ac0 f   pjsip-core-i386-win32-vc8-release:sip_util.obj
 0001:000115a0       _stateless_send_transport_cb 004125a0 f   pjsip-core-i386-win32-vc8-release:sip_util.obj
 0001:000118a0       _stateless_send_resolver_callback 004128a0 f   pjsip-core-i386-win32-vc8-release:sip_util.obj
 0001:00011bb0       _send_response_transport_cb 00412bb0 f   pjsip-core-i386-win32-vc8-release:sip_util.obj
 0001:00011bf0       _send_response_resolver_cb 00412bf0 f   pjsip-core-i386-win32-vc8-release:sip_util.obj
 0001:00012250       _mod_util_on_tsx_state     00413250 f   pjsip-core-i386-win32-vc8-release:sip_util_statefull.obj
 0001:000122a0       _parse_digest_credential   004132a0 f   pjsip-core-i386-win32-vc8-release:sip_auth_parser.obj
 0001:000124b0       _parse_digest_challenge    004134b0 f   pjsip-core-i386-win32-vc8-release:sip_auth_parser.obj
 0001:00012660       _int_parse_hdr_authorization 00413660 f   pjsip-core-i386-win32-vc8-release:sip_auth_parser.obj
 0001:000126f0       _int_parse_hdr_authenticate 004136f0 f   pjsip-core-i386-win32-vc8-release:sip_auth_parser.obj
 0001:00012790       _parse_hdr_authorization   00413790 f   pjsip-core-i386-win32-vc8-release:sip_auth_parser.obj
 0001:000127c0       _parse_hdr_proxy_authorization 004137c0 f   pjsip-core-i386-win32-vc8-release:sip_auth_parser.obj
 0001:000127f0       _parse_hdr_www_authenticate 004137f0 f   pjsip-core-i386-win32-vc8-release:sip_auth_parser.obj
 0001:00012820       _parse_hdr_proxy_authenticate 00413820 f   pjsip-core-i386-win32-vc8-release:sip_auth_parser.obj
 0001:00012970       _print_digest_credential   00413970 f   pjsip-core-i386-win32-vc8-release:sip_auth_msg.obj
 0001:00012e30       _pjsip_authorization_hdr_print 00413e30 f   pjsip-core-i386-win32-vc8-release:sip_auth_msg.obj
 0001:00012ee0       _pjsip_authorization_hdr_clone 00413ee0 f   pjsip-core-i386-win32-vc8-release:sip_auth_msg.obj
 0001:00012ff0       _pjsip_authorization_hdr_shallow_clone 00413ff0 f   pjsip-core-i386-win32-vc8-release:sip_auth_msg.obj
 0001:000130f0       _print_digest_challenge    004140f0 f   pjsip-core-i386-win32-vc8-release:sip_auth_msg.obj
 0001:00013440       _pjsip_www_authenticate_hdr_print 00414440 f   pjsip-core-i386-win32-vc8-release:sip_auth_msg.obj
 0001:000134f0       _pjsip_www_authenticate_hdr_clone 004144f0 f   pjsip-core-i386-win32-vc8-release:sip_auth_msg.obj
 0001:000135c0       _pjsip_www_authenticate_hdr_shallow_clone 004145c0 f   pjsip-core-i386-win32-vc8-release:sip_auth_msg.obj
 0001:000136e0       _pjmedia_frame_ext_append_subframe 004146e0 f   pjmedia-audiodev-i386-win32-vc8-release:wmme_dev.obj
 0001:00013730       _pjmedia_frame_ext_copy_payload 00414730 f   pjmedia-audiodev-i386-win32-vc8-release:wmme_dev.obj
 0001:000137e0       _build_dev_info            004147e0 f   pjmedia-audiodev-i386-win32-vc8-release:wmme_dev.obj
 0001:00013930       _factory_refresh           00414930 f   pjmedia-audiodev-i386-win32-vc8-release:wmme_dev.obj
 0001:00013c10       _factory_destroy           00414c10 f   pjmedia-audiodev-i386-win32-vc8-release:wmme_dev.obj
 0001:00013c40       _factory_get_dev_info      00414c40 f   pjmedia-audiodev-i386-win32-vc8-release:wmme_dev.obj
 0001:00013c80       _factory_default_param     00414c80 f   pjmedia-audiodev-i386-win32-vc8-release:wmme_dev.obj
 0001:00013d60       _init_waveformatex         00414d60 f   pjmedia-audiodev-i386-win32-vc8-release:wmme_dev.obj
 0001:00013e40       _init_player_stream        00414e40 f   pjmedia-audiodev-i386-win32-vc8-release:wmme_dev.obj
 0001:00014030       _init_capture_stream       00415030 f   pjmedia-audiodev-i386-win32-vc8-release:wmme_dev.obj
 0001:00014210       _wmme_dev_thread           00415210 f   pjmedia-audiodev-i386-win32-vc8-release:wmme_dev.obj
 0001:00014660       _stream_get_cap            00415660 f   pjmedia-audiodev-i386-win32-vc8-release:wmme_dev.obj
 0001:000146f0       _stream_set_cap            004156f0 f   pjmedia-audiodev-i386-win32-vc8-release:wmme_dev.obj
 0001:00014770       _stream_start              00415770 f   pjmedia-audiodev-i386-win32-vc8-release:wmme_dev.obj
 0001:000147f0       _stream_stop               004157f0 f   pjmedia-audiodev-i386-win32-vc8-release:wmme_dev.obj
 0001:00014880       _stream_destroy            00415880 f   pjmedia-audiodev-i386-win32-vc8-release:wmme_dev.obj
 0001:000149e0       _factory_init              004159e0 f   pjmedia-audiodev-i386-win32-vc8-release:wmme_dev.obj
 0001:00014a10       _factory_create_stream     00415a10 f   pjmedia-audiodev-i386-win32-vc8-release:wmme_dev.obj
 0001:00014c60       _stream_get_param          00415c60 f   pjmedia-audiodev-i386-win32-vc8-release:wmme_dev.obj
 0001:00014e60       _worker_proc               00415e60 f   pjmedia-i386-win32-vc8-release:endpoint.obj
 0001:000156a0       _get_crypto_idx            004166a0 f   pjmedia-i386-win32-vc8-release:transport_srtp.obj
 0001:000156e0       _srtp_crypto_cmp           004166e0 f   pjmedia-i386-win32-vc8-release:transport_srtp.obj
 0001:00015860       _transport_get_info        00416860 f   pjmedia-i386-win32-vc8-release:transport_srtp.obj
 0001:00015990       _transport_detach          00416990 f   pjmedia-i386-win32-vc8-release:transport_srtp.obj
 0001:000159f0       _transport_send_rtp        004169f0 f   pjmedia-i386-win32-vc8-release:transport_srtp.obj
 0001:00015ac0       _transport_send_rtcp2      00416ac0 f   pjmedia-i386-win32-vc8-release:transport_srtp.obj
 0001:00015ba0       _transport_simulate_lost   00416ba0 f   pjmedia-i386-win32-vc8-release:transport_srtp.obj
 0001:00015bc0       _transport_destroy         00416bc0 f   pjmedia-i386-win32-vc8-release:transport_srtp.obj
 0001:00015c30       _srtp_rtcp_cb              00416c30 f   pjmedia-i386-win32-vc8-release:transport_srtp.obj
 0001:00015d30       _generate_crypto_attr_value 00416d30 f   pjmedia-i386-win32-vc8-release:transport_srtp.obj
 0001:00015fb0       _parse_attr_crypto         00416fb0 f   pjmedia-i386-win32-vc8-release:transport_srtp.obj
 0001:00016200       _transport_media_create    00417200 f   pjmedia-i386-win32-vc8-release:transport_srtp.obj
 0001:00016320       _transport_encode_sdp      00417320 f   pjmedia-i386-win32-vc8-release:transport_srtp.obj
 0001:000168f0       _transport_media_stop      004178f0 f   pjmedia-i386-win32-vc8-release:transport_srtp.obj
 0001:00016f80       _transport_send_rtcp       00417f80 f   pjmedia-i386-win32-vc8-release:transport_srtp.obj
 0001:00016fa0       _srtp_rtp_cb               00417fa0 f   pjmedia-i386-win32-vc8-release:transport_srtp.obj
 0001:00017190       _transport_media_start     00418190 f   pjmedia-i386-win32-vc8-release:transport_srtp.obj
 0001:00017560       _transport_attach          00418560 f   pjmedia-i386-win32-vc8-release:transport_srtp.obj
 0001:00017630       _pjnath_strerror           00418630 f   pjnath-i386-win32-vc8-release:errno.obj
 0001:00017710       _pjnath_strerror2          00418710 f   pjnath-i386-win32-vc8-release:errno.obj
 0001:00017840       _decode_sockaddr_attr      00418840 f   pjnath-i386-win32-vc8-release:stun_msg.obj
 0001:00017940       _decode_xored_sockaddr_attr 00418940 f   pjnath-i386-win32-vc8-release:stun_msg.obj
 0001:00017a50       _encode_sockaddr_attr      00418a50 f   pjnath-i386-win32-vc8-release:stun_msg.obj
 0001:00017c80       _decode_string_attr        00418c80 f   pjnath-i386-win32-vc8-release:stun_msg.obj
 0001:00017cf0       _encode_string_attr        00418cf0 f   pjnath-i386-win32-vc8-release:stun_msg.obj
 0001:00017dd0       _clone_string_attr         00418dd0 f   pjnath-i386-win32-vc8-release:stun_msg.obj
 0001:00017e00       _decode_empty_attr         00418e00 f   pjnath-i386-win32-vc8-release:stun_msg.obj
 0001:00017e50       _encode_empty_attr         00418e50 f   pjnath-i386-win32-vc8-release:stun_msg.obj
 0001:00017e90       _clone_empty_attr          00418e90 f   pjnath-i386-win32-vc8-release:stun_msg.obj
 0001:00017eb0       _decode_uint_attr          00418eb0 f   pjnath-i386-win32-vc8-release:stun_msg.obj
 0001:00017f30       _encode_uint_attr          00418f30 f   pjnath-i386-win32-vc8-release:stun_msg.obj
 0001:00017fa0       _clone_uint_attr           00418fa0 f   pjnath-i386-win32-vc8-release:stun_msg.obj
 0001:00017fc0       _decode_uint64_attr        00418fc0 f   pjnath-i386-win32-vc8-release:stun_msg.obj
 0001:00018060       _encode_uint64_attr        00419060 f   pjnath-i386-win32-vc8-release:stun_msg.obj
 0001:000180f0       _clone_uint64_attr         004190f0 f   pjnath-i386-win32-vc8-release:stun_msg.obj
 0001:00018120       _decode_msgint_attr        00419120 f   pjnath-i386-win32-vc8-release:stun_msg.obj
 0001:00018190       _encode_msgint_attr        00419190 f   pjnath-i386-win32-vc8-release:stun_msg.obj
 0001:00018200       _clone_msgint_attr         00419200 f   pjnath-i386-win32-vc8-release:stun_msg.obj
 0001:00018240       _decode_errcode_attr       00419240 f   pjnath-i386-win32-vc8-release:stun_msg.obj
 0001:000182c0       _encode_errcode_attr       004192c0 f   pjnath-i386-win32-vc8-release:stun_msg.obj
 0001:00018370       _clone_errcode_attr        00419370 f   pjnath-i386-win32-vc8-release:stun_msg.obj
 0001:000183b0       _decode_unknown_attr       004193b0 f   pjnath-i386-win32-vc8-release:stun_msg.obj
 0001:00018440       _encode_unknown_attr       00419440 f   pjnath-i386-win32-vc8-release:stun_msg.obj
 0001:000184e0       _decode_binary_attr        004194e0 f   pjnath-i386-win32-vc8-release:stun_msg.obj
 0001:00018550       _encode_binary_attr        00419550 f   pjnath-i386-win32-vc8-release:stun_msg.obj
 0001:000185c0       _clone_binary_attr         004195c0 f   pjnath-i386-win32-vc8-release:stun_msg.obj
 0001:00019090       _alloc_qnode               0041a090 f   pjlib-util-i386-win32-vc8-release:resolver.obj
 0001:00019110       _init_res_key              0041a110 f   pjlib-util-i386-win32-vc8-release:resolver.obj
 0001:000194c0       _set_nameserver_state      0041a4c0 f   pjlib-util-i386-win32-vc8-release:resolver.obj
 0001:00019590       _select_nameservers        0041a590 f   pjlib-util-i386-win32-vc8-release:resolver.obj
 0001:000197b0       _transmit_query            0041a7b0 f   pjlib-util-i386-win32-vc8-release:resolver.obj
 0001:00019dc0       _on_timeout                0041adc0 f   pjlib-util-i386-win32-vc8-release:resolver.obj
 0001:00019fc0       _MD5Transform              0041afc0 f   pjlib-util-i386-win32-vc8-release:md5.obj
 0001:0001a850       _build_server_entries      0041b850 f   pjlib-util-i386-win32-vc8-release:srv_resolver.obj
 0001:0001aef0       _resolve_hostnames         0041bef0 f   pjlib-util-i386-win32-vc8-release:srv_resolver.obj
 0001:0001afe0       _dns_callback              0041bfe0 f   pjlib-util-i386-win32-vc8-release:srv_resolver.obj
 0001:0001bec0       _thread_main@4             0041cec0 f   pjlib-i386-win32-vc8-release:os_core_win32.obj
 0001:0001c0e0       _init_mutex                0041d0e0 f   pjlib-i386-win32-vc8-release:os_core_win32.obj
 0001:0001c4e0       _pj_sem_wait_for           0041d4e0 f   pjlib-i386-win32-vc8-release:os_core_win32.obj
 0001:0001cf30       _pjlib_error               0041df30 f   pjlib-i386-win32-vc8-release:errno.obj
 0001:0001d170       _invoke_log                0041e170 f   pjlib-i386-win32-vc8-release:errno.obj
 0001:0001d190       _pj_perror_imp             0041e190 f   pjlib-i386-win32-vc8-release:errno.obj
 0001:0001d290       _cpool_create_pool         0041e290 f   pjlib-i386-win32-vc8-release:pool_caching.obj
 0001:0001d3c0       _cpool_release_pool        0041e3c0 f   pjlib-i386-win32-vc8-release:pool_caching.obj
 0001:0001d490       _cpool_dump_status         0041e490 f   pjlib-i386-win32-vc8-release:pool_caching.obj
 0001:0001d5e0       _cpool_on_block_alloc      0041e5e0 f   pjlib-i386-win32-vc8-release:pool_caching.obj
 0001:0001d600       _cpool_on_block_free       0041e600 f   pjlib-i386-win32-vc8-release:pool_caching.obj
 0001:0001d6d0       _logging_shutdown          0041e6d0 f   pjlib-i386-win32-vc8-release:log.obj
 0001:0001df20       _pj_pool_create_block      0041ef20 f   pjlib-i386-win32-vc8-release:pool.obj
 0001:0001e150       _reset_pool                0041f150 f   pjlib-i386-win32-vc8-release:pool.obj
 0001:0001e910       _get_base_time             0041f910 f   pjlib-i386-win32-vc8-release:os_time_win32.obj
 0001:0001ea80       _reheap_down               0041fa80 f   pjlib-i386-win32-vc8-release:timer.obj
 0001:0001eba0       _reheap_up                 0041fba0 f   pjlib-i386-win32-vc8-release:timer.obj
 0001:0001ec40       _remove_node               0041fc40 f   pjlib-i386-win32-vc8-release:timer.obj
 0001:0001ed20       _grow_heap                 0041fd20 f   pjlib-i386-win32-vc8-release:timer.obj
 0001:0001eda0       _insert_node               0041fda0 f   pjlib-i386-win32-vc8-release:timer.obj
 0001:0001edf0       _schedule_entry            0041fdf0 f   pjlib-i386-win32-vc8-release:timer.obj
 0001:0001ee50       _cancel                    0041fe50 f   pjlib-i386-win32-vc8-release:timer.obj
 0001:0001f010       _schedule_w_grp_lock       00420010 f   pjlib-i386-win32-vc8-release:timer.obj
 0001:0001f220       _create_mutex_lock         00420220 f   pjlib-i386-win32-vc8-release:lock.obj
 0001:0001f380       _grp_lock_destroy          00420380 f   pjlib-i386-win32-vc8-release:lock.obj
 0001:0001f450       _grp_lock_acquire          00420450 f   pjlib-i386-win32-vc8-release:lock.obj
 0001:0001f4c0       _grp_lock_tryacquire       004204c0 f   pjlib-i386-win32-vc8-release:lock.obj
 0001:0001f5b0       _grp_lock_release          004205b0 f   pjlib-i386-win32-vc8-release:lock.obj
 0001:0001f8b0       _exception_cleanup         004208b0 f   pjlib-i386-win32-vc8-release:except.obj
 0001:0001fdc0       _increment_counter         00420dc0 f   pjlib-i386-win32-vc8-release:ioqueue_select.obj
 0001:0001fdf0       _decrement_counter         00420df0 f   pjlib-i386-win32-vc8-release:ioqueue_select.obj
 0001:0001fe80       _scan_closing_keys         00420e80 f   pjlib-i386-win32-vc8-release:ioqueue_select.obj
 0001:00021340       _find_entry                00422340 f   pjlib-i386-win32-vc8-release:hash.obj
 0001:00021740       _guid_to_str               00422740 f   pjlib-i386-win32-vc8-release:guid_win32.obj
 0001:000220a0       _pool_buf_cleanup          004230a0 f   pjlib-i386-win32-vc8-release:pool_buf.obj
 0001:000220e0       _stack_alloc               004230e0 f   pjlib-i386-win32-vc8-release:pool_buf.obj
 0001:000221c0       _default_block_alloc       004231c0 f   pjlib-i386-win32-vc8-release:pool_policy_malloc.obj
 0001:00022220       _default_block_free        00423220 f   pjlib-i386-win32-vc8-release:pool_policy_malloc.obj
 0001:00022260       _default_pool_callback     00423260 f   pjlib-i386-win32-vc8-release:pool_policy_malloc.obj
 0001:00022590       _be64_to_cpu               00423590 f   libsrtp-i386-win32-vc8-release:srtp.obj
 0001:00022a60       _base_key_length           00423a60 f   libsrtp-i386-win32-vc8-release:srtp.obj
 0001:000231a0       _srtp_calc_aead_iv         004241a0 f   libsrtp-i386-win32-vc8-release:srtp.obj
 0001:000232b0       _srtp_protect_aead         004242b0 f   libsrtp-i386-win32-vc8-release:srtp.obj
 0001:00023550       _srtp_unprotect_aead       00424550 f   libsrtp-i386-win32-vc8-release:srtp.obj
 0001:000239f0       _srtp_calc_aead_iv_srtcp   004249f0 f   libsrtp-i386-win32-vc8-release:srtp.obj
 0001:00023b00       _srtp_protect_rtcp_aead    00424b00 f   libsrtp-i386-win32-vc8-release:srtp.obj
 0001:00023d70       _srtp_unprotect_rtcp_aead  00424d70 f   libsrtp-i386-win32-vc8-release:srtp.obj
 0001:00026500       _mod_tsx_layer_load        00427500 f   libsrtp-i386-win32-vc8-release:null_auth.obj
 0001:00026500       _null_op                   00427500 f   libsrtp-i386-win32-vc8-release:null_auth.obj
 0001:00026500       _mod_tsx_layer_start       00427500 f   libsrtp-i386-win32-vc8-release:null_auth.obj
 0001:00026cd0       _aes_icm_advance_ismacryp  00427cd0 f   libsrtp-i386-win32-vc8-release:aes_icm.obj
 0001:00027070       _aes_128_expand_encryption_key 00428070 f   libsrtp-i386-win32-vc8-release:aes.obj
 0001:000272b0       _aes_256_expand_encryption_key 004282b0 f   libsrtp-i386-win32-vc8-release:aes.obj
 0001:000275f0       _aes_round                 004285f0 f   libsrtp-i386-win32-vc8-release:aes.obj
 0001:000276d0       _aes_inv_round             004286d0 f   libsrtp-i386-win32-vc8-release:aes.obj
 0001:000277b0       _aes_final_round           004287b0 f   libsrtp-i386-win32-vc8-release:aes.obj
 0001:000278b0       _aes_inv_final_round       004288b0 f   libsrtp-i386-win32-vc8-release:aes.obj
 0001:0002885d       _pre_cpp_init              0042985d f   MSVCRT:crtexe.obj
 0001:000288a8       ___tmainCRTStartup         004298a8 f   MSVCRT:crtexe.obj
 0001:00028a1e       _pre_c_init                00429a1e f   MSVCRT:crtexe.obj
 0001:0002926e       _has_osfxsr_set            0042a26e f   MSVCRT:cpu_disp.obj
